::ffff:192.168.0.1 - - [29/Sep/2019:13:09:06 +0000] "GET /rosemary/zone1/state/la HTTP/1.1" 200 - "http://114.71.220.111:3030/app/cam_kiosk.html" "Mozilla/5.0 (Linux; Android 9; SM-T510) AppleWebKit/537.36 (KHTML, like Gecko) Chrome/77.0.3865.92 Safari/537.36"
::ffff:192.168.0.33 - - [29/Sep/2019:13:09:06 +0000] "POST /rosemary/zone1 HTTP/1.1" 201 - "http://114.71.220.111:3030/app/cam_kiosk.html" "Mozilla/5.0 (Linux; Android 9; SM-T510) AppleWebKit/537.36 (KHTML, like Gecko) Chrome/77.0.3865.92 Safari/537.36"
::ffff:192.168.0.33 - - [29/Sep/2019:13:09:06 +0000] "POST /rosemary/zone1/currentUser HTTP/1.1" 201 - "http://114.71.220.111:3030/app/cam_kiosk.html" "Mozilla/5.0 (Linux; Android 9; SM-T510) AppleWebKit/537.36 (KHTML, like Gecko) Chrome/77.0.3865.92 Safari/537.36"
::ffff:192.168.0.6 - - [29/Sep/2019:13:09:07 +0000] "POST /rosemary/zone1/Y8CHND HTTP/1.1" 201 - "-" "-"
::ffff:192.168.0.2 - - [29/Sep/2019:13:09:22 +0000] "POST /rosemary/zone1/Y9K42J HTTP/1.1" - - "-" "-"
::ffff:192.168.0.2 - - [29/Sep/2019:13:09:22 +0000] "POST /rosemary/zone1/Y9K42J HTTP/1.1" 409 - "-" "-"
::ffff:192.168.0.2 - - [29/Sep/2019:13:09:22 +0000] "DELETE /rosemary/zone1/Y9K42J/mobiususer02.MOBIUS.BROWSER.APP_sub HTTP/1.1" 200 - "-" "-"
::ffff:192.168.0.2 - - [29/Sep/2019:13:09:23 +0000] "POST /rosemary/zone1/Y9K42J HTTP/1.1" 201 - "-" "-"
::ffff:192.168.0.2 - - [29/Sep/2019:13:09:23 +0000] "POST /rosemary/zone1/YACEA5 HTTP/1.1" 409 - "-" "-"
::ffff:192.168.0.2 - - [29/Sep/2019:13:09:23 +0000] "DELETE /rosemary/zone1/YACEA5/mobiususer02.MOBIUS.BROWSER.APP_sub HTTP/1.1" 200 - "-" "-"
::ffff:192.168.0.2 - - [29/Sep/2019:13:09:23 +0000] "POST /rosemary/zone1/YACEA5 HTTP/1.1" 201 - "-" "-"
::ffff:192.168.0.2 - - [29/Sep/2019:13:09:23 +0000] "POST /rosemary/zone1/YACEA5 HTTP/1.1" 409 - "-" "-"
::ffff:192.168.0.2 - - [29/Sep/2019:13:09:23 +0000] "DELETE /rosemary/zone1/YACEA5/mobiususer02.MOBIUS.BROWSER.APP_sub HTTP/1.1" 200 - "-" "-"
::ffff:192.168.0.2 - - [29/Sep/2019:13:09:23 +0000] "POST /rosemary/zone1/YACEA5 HTTP/1.1" 201 - "-" "-"
::ffff:192.168.0.2 - - [29/Sep/2019:13:09:23 +0000] "POST /rosemary/zone1/YACEA5 HTTP/1.1" 409 - "-" "-"
::ffff:192.168.0.2 - - [29/Sep/2019:13:09:23 +0000] "DELETE /rosemary/zone1/YACEA5/mobiususer02.MOBIUS.BROWSER.APP_sub HTTP/1.1" 200 - "-" "-"
::ffff:192.168.0.2 - - [29/Sep/2019:13:09:23 +0000] "POST /rosemary/zone1/YACEA5 HTTP/1.1" 201 - "-" "-"
::ffff:192.168.0.2 - - [29/Sep/2019:13:09:23 +0000] "POST /rosemary/zone1/YNMM76 HTTP/1.1" 409 - "-" "-"
::ffff:192.168.0.2 - - [29/Sep/2019:13:09:23 +0000] "DELETE /rosemary/zone1/YNMM76/mobiususer02.MOBIUS.BROWSER.APP_sub HTTP/1.1" 200 - "-" "-"
::ffff:192.168.0.2 - - [29/Sep/2019:13:09:23 +0000] "POST /rosemary/zone1/YNMM76 HTTP/1.1" 201 - "-" "-"
::ffff:192.168.0.2 - - [29/Sep/2019:13:09:23 +0000] "POST /rosemary/zone1/YNMM76 HTTP/1.1" 409 - "-" "-"
::ffff:192.168.0.2 - - [29/Sep/2019:13:09:23 +0000] "DELETE /rosemary/zone1/YNMM76/mobiususer02.MOBIUS.BROWSER.APP_sub HTTP/1.1" 200 - "-" "-"
::ffff:192.168.0.2 - - [29/Sep/2019:13:09:23 +0000] "POST /rosemary/zone1/YNMM76 HTTP/1.1" 201 - "-" "-"
::ffff:192.168.0.2 - - [29/Sep/2019:13:09:23 +0000] "POST /rosemary/zone1/YNMM76 HTTP/1.1" 409 - "-" "-"
::ffff:192.168.0.2 - - [29/Sep/2019:13:09:23 +0000] "DELETE /rosemary/zone1/YNMM76/mobiususer02.MOBIUS.BROWSER.APP_sub HTTP/1.1" 200 - "-" "-"
::ffff:192.168.0.2 - - [29/Sep/2019:13:09:24 +0000] "POST /rosemary/zone1/YNMM76 HTTP/1.1" 201 - "-" "-"
::ffff:192.168.0.2 - - [29/Sep/2019:13:09:24 +0000] "POST /rosemary/zone1/YF6OGC HTTP/1.1" 409 - "-" "-"
::ffff:192.168.0.2 - - [29/Sep/2019:13:09:24 +0000] "DELETE /rosemary/zone1/YF6OGC/mobiususer02.MOBIUS.BROWSER.APP_sub HTTP/1.1" 200 - "-" "-"
::ffff:192.168.0.33 - - [29/Sep/2019:13:09:24 +0000] "OPTIONS /rosemary/zone1/currentUser HTTP/1.1" 200 2 "http://114.71.220.111:3030/app/cam_kiosk.html" "Mozilla/5.0 (Linux; Android 9; SM-T510) AppleWebKit/537.36 (KHTML, like Gecko) Chrome/77.0.3865.92 Safari/537.36"
::ffff:192.168.0.33 - - [29/Sep/2019:13:09:24 +0000] "OPTIONS /rosemary/zone1 HTTP/1.1" 200 2 "http://114.71.220.111:3030/app/cam_kiosk.html" "Mozilla/5.0 (Linux; Android 9; SM-T510) AppleWebKit/537.36 (KHTML, like Gecko) Chrome/77.0.3865.92 Safari/537.36"
::ffff:192.168.0.1 - - [29/Sep/2019:13:09:24 +0000] "OPTIONS /rosemary/zone1/state/la HTTP/1.1" 200 2 "http://114.71.220.111:3030/app/cam_kiosk.html" "Mozilla/5.0 (Linux; Android 9; SM-T510) AppleWebKit/537.36 (KHTML, like Gecko) Chrome/77.0.3865.92 Safari/537.36"
::ffff:192.168.0.2 - - [29/Sep/2019:13:09:24 +0000] "POST /rosemary/zone1/YF6OGC HTTP/1.1" 201 - "-" "-"
::ffff:192.168.0.1 - - [29/Sep/2019:13:09:24 +0000] "GET /rosemary/zone1/state/la HTTP/1.1" 200 - "http://114.71.220.111:3030/app/cam_kiosk.html" "Mozilla/5.0 (Linux; Android 9; SM-T510) AppleWebKit/537.36 (KHTML, like Gecko) Chrome/77.0.3865.92 Safari/537.36"
::ffff:192.168.0.2 - - [29/Sep/2019:13:09:24 +0000] "POST /rosemary/zone1/YF6OGC HTTP/1.1" 409 - "-" "-"
::ffff:192.168.0.33 - - [29/Sep/2019:13:09:24 +0000] "POST /rosemary/zone1 HTTP/1.1" 201 - "http://114.71.220.111:3030/app/cam_kiosk.html" "Mozilla/5.0 (Linux; Android 9; SM-T510) AppleWebKit/537.36 (KHTML, like Gecko) Chrome/77.0.3865.92 Safari/537.36"
::ffff:192.168.0.2 - - [29/Sep/2019:13:09:24 +0000] "DELETE /rosemary/zone1/YF6OGC/mobiususer02.MOBIUS.BROWSER.APP_sub HTTP/1.1" 200 - "-" "-"
::ffff:192.168.0.33 - - [29/Sep/2019:13:09:24 +0000] "POST /rosemary/zone1/currentUser HTTP/1.1" 201 - "http://114.71.220.111:3030/app/cam_kiosk.html" "Mozilla/5.0 (Linux; Android 9; SM-T510) AppleWebKit/537.36 (KHTML, like Gecko) Chrome/77.0.3865.92 Safari/537.36"
::ffff:192.168.0.2 - - [29/Sep/2019:13:09:24 +0000] "POST /rosemary/zone1/YF6OGC HTTP/1.1" 201 - "-" "-"
::ffff:192.168.0.6 - - [29/Sep/2019:13:09:24 +0000] "POST /rosemary/zone1/Y58GEN HTTP/1.1" 201 - "-" "-"
::ffff:192.168.0.2 - - [29/Sep/2019:13:09:24 +0000] "POST /rosemary/zone1/YF6OGC HTTP/1.1" 409 - "-" "-"
::ffff:192.168.0.2 - - [29/Sep/2019:13:09:24 +0000] "DELETE /rosemary/zone1/YF6OGC/mobiususer02.MOBIUS.BROWSER.APP_sub HTTP/1.1" 200 - "-" "-"
::ffff:192.168.0.2 - - [29/Sep/2019:13:09:24 +0000] "POST /rosemary/zone1/YF6OGC HTTP/1.1" 201 - "-" "-"
::ffff:192.168.0.2 - - [29/Sep/2019:13:09:24 +0000] "POST /rosemary/zone1/YIOPQJ HTTP/1.1" 409 - "-" "-"
::ffff:192.168.0.2 - - [29/Sep/2019:13:09:24 +0000] "DELETE /rosemary/zone1/YIOPQJ/mobiususer02.MOBIUS.BROWSER.APP_sub HTTP/1.1" 200 - "-" "-"
::ffff:192.168.0.2 - - [29/Sep/2019:13:09:25 +0000] "POST /rosemary/zone1/YIOPQJ HTTP/1.1" 201 - "-" "-"
::ffff:192.168.0.2 - - [29/Sep/2019:13:09:25 +0000] "POST /rosemary/zone1/YIOPQJ HTTP/1.1" 409 - "-" "-"
::ffff:192.168.0.2 - - [29/Sep/2019:13:09:25 +0000] "DELETE /rosemary/zone1/YIOPQJ/mobiususer02.MOBIUS.BROWSER.APP_sub HTTP/1.1" 200 - "-" "-"
::ffff:192.168.0.2 - - [29/Sep/2019:13:09:25 +0000] "POST /rosemary/zone1/YIOPQJ HTTP/1.1" 201 - "-" "-"
::ffff:192.168.0.2 - - [29/Sep/2019:13:09:25 +0000] "POST /rosemary/zone1/YIOPQJ HTTP/1.1" 409 - "-" "-"
::ffff:192.168.0.2 - - [29/Sep/2019:13:09:25 +0000] "DELETE /rosemary/zone1/YIOPQJ/mobiususer02.MOBIUS.BROWSER.APP_sub HTTP/1.1" 200 - "-" "-"
::ffff:192.168.0.2 - - [29/Sep/2019:13:09:25 +0000] "POST /rosemary/zone1/YIOPQJ HTTP/1.1" 201 - "-" "-"
::ffff:192.168.0.2 - - [29/Sep/2019:13:09:25 +0000] "POST /rosemary/zone1/YQ7POH HTTP/1.1" 409 - "-" "-"
::ffff:192.168.0.2 - - [29/Sep/2019:13:09:25 +0000] "DELETE /rosemary/zone1/YQ7POH/mobiususer02.MOBIUS.BROWSER.APP_sub HTTP/1.1" 200 - "-" "-"
::ffff:192.168.0.2 - - [29/Sep/2019:13:09:25 +0000] "POST /rosemary/zone1/YQ7POH HTTP/1.1" 201 - "-" "-"
::ffff:192.168.0.2 - - [29/Sep/2019:13:09:25 +0000] "POST /rosemary/zone1/YQ7POH HTTP/1.1" 409 - "-" "-"
::ffff:192.168.0.2 - - [29/Sep/2019:13:09:25 +0000] "DELETE /rosemary/zone1/YQ7POH/mobiususer02.MOBIUS.BROWSER.APP_sub HTTP/1.1" 200 - "-" "-"
::ffff:192.168.0.2 - - [29/Sep/2019:13:09:25 +0000] "POST /rosemary/zone1/YQ7POH HTTP/1.1" 201 - "-" "-"
::ffff:192.168.0.2 - - [29/Sep/2019:13:09:25 +0000] "POST /rosemary/zone1/YQ7POH HTTP/1.1" 409 - "-" "-"
::ffff:192.168.0.2 - - [29/Sep/2019:13:09:25 +0000] "DELETE /rosemary/zone1/YQ7POH/mobiususer02.MOBIUS.BROWSER.APP_sub HTTP/1.1" 200 - "-" "-"
::ffff:192.168.0.2 - - [29/Sep/2019:13:09:25 +0000] "POST /rosemary/zone1/YQ7POH HTTP/1.1" 201 - "-" "-"
::ffff:192.168.0.2 - - [29/Sep/2019:13:09:25 +0000] "POST /rosemary/zone1/Y9KO9N HTTP/1.1" 409 - "-" "-"
::ffff:192.168.0.2 - - [29/Sep/2019:13:09:25 +0000] "DELETE /rosemary/zone1/Y9KO9N/mobiususer02.MOBIUS.BROWSER.APP_sub HTTP/1.1" 200 - "-" "-"
::ffff:192.168.0.2 - - [29/Sep/2019:13:09:26 +0000] "POST /rosemary/zone1/Y9KO9N HTTP/1.1" 201 - "-" "-"
::ffff:192.168.0.2 - - [29/Sep/2019:13:09:26 +0000] "POST /rosemary/zone1/Y9KO9N HTTP/1.1" 409 - "-" "-"
::ffff:192.168.0.2 - - [29/Sep/2019:13:09:26 +0000] "DELETE /rosemary/zone1/Y9KO9N/mobiususer02.MOBIUS.BROWSER.APP_sub HTTP/1.1" 200 - "-" "-"
::ffff:192.168.0.2 - - [29/Sep/2019:13:09:26 +0000] "POST /rosemary/zone1/Y9KO9N HTTP/1.1" 201 - "-" "-"
::ffff:192.168.0.2 - - [29/Sep/2019:13:09:26 +0000] "POST /rosemary/zone1/Y9KO9N HTTP/1.1" 409 - "-" "-"
::ffff:192.168.0.2 - - [29/Sep/2019:13:09:26 +0000] "DELETE /rosemary/zone1/Y9KO9N/mobiususer02.MOBIUS.BROWSER.APP_sub HTTP/1.1" 200 - "-" "-"
::ffff:192.168.0.2 - - [29/Sep/2019:13:09:26 +0000] "POST /rosemary/zone1/Y9KO9N HTTP/1.1" 201 - "-" "-"
::ffff:192.168.0.2 - - [29/Sep/2019:13:09:26 +0000] "POST /rosemary/zone1/Y8CHND HTTP/1.1" 409 - "-" "-"
::ffff:192.168.0.2 - - [29/Sep/2019:13:09:26 +0000] "DELETE /rosemary/zone1/Y8CHND/mobiususer02.MOBIUS.BROWSER.APP_sub HTTP/1.1" 200 - "-" "-"
::ffff:192.168.0.2 - - [29/Sep/2019:13:09:26 +0000] "POST /rosemary/zone1/Y8CHND HTTP/1.1" 201 - "-" "-"
::ffff:192.168.0.2 - - [29/Sep/2019:13:09:26 +0000] "POST /rosemary/zone1/Y8CHND HTTP/1.1" 409 - "-" "-"
::ffff:192.168.0.2 - - [29/Sep/2019:13:09:26 +0000] "DELETE /rosemary/zone1/Y8CHND/mobiususer02.MOBIUS.BROWSER.APP_sub HTTP/1.1" 200 - "-" "-"
::ffff:192.168.0.2 - - [29/Sep/2019:13:09:26 +0000] "POST /rosemary/zone1/Y8CHND HTTP/1.1" 201 - "-" "-"
::ffff:192.168.0.2 - - [29/Sep/2019:13:09:26 +0000] "POST /rosemary/zone1/Y8CHND HTTP/1.1" 409 - "-" "-"
::ffff:192.168.0.2 - - [29/Sep/2019:13:09:26 +0000] "DELETE /rosemary/zone1/Y8CHND/mobiususer02.MOBIUS.BROWSER.APP_sub HTTP/1.1" 200 - "-" "-"
::ffff:192.168.0.2 - - [29/Sep/2019:13:09:26 +0000] "POST /rosemary/zone1/Y8CHND HTTP/1.1" 201 - "-" "-"
::ffff:192.168.0.2 - - [29/Sep/2019:13:09:27 +0000] "POST /rosemary/zone1/Y58GEN HTTP/1.1" 409 - "-" "-"
::ffff:192.168.0.2 - - [29/Sep/2019:13:09:27 +0000] "DELETE /rosemary/zone1/Y58GEN/mobiususer02.MOBIUS.BROWSER.APP_sub HTTP/1.1" 200 - "-" "-"
::ffff:192.168.0.2 - - [29/Sep/2019:13:09:27 +0000] "POST /rosemary/zone1/Y58GEN HTTP/1.1" 201 - "-" "-"
::ffff:192.168.0.2 - - [29/Sep/2019:13:09:27 +0000] "POST /rosemary/zone1/Y58GEN HTTP/1.1" 409 - "-" "-"
::ffff:192.168.0.2 - - [29/Sep/2019:13:09:27 +0000] "DELETE /rosemary/zone1/Y58GEN/mobiususer02.MOBIUS.BROWSER.APP_sub HTTP/1.1" 200 - "-" "-"
::ffff:192.168.0.2 - - [29/Sep/2019:13:09:27 +0000] "POST /rosemary/zone1/Y58GEN HTTP/1.1" 201 - "-" "-"
::ffff:192.168.0.2 - - [29/Sep/2019:13:09:27 +0000] "POST /rosemary/zone1/Y58GEN HTTP/1.1" 409 - "-" "-"
::ffff:192.168.0.2 - - [29/Sep/2019:13:09:27 +0000] "DELETE /rosemary/zone1/Y58GEN/mobiususer02.MOBIUS.BROWSER.APP_sub HTTP/1.1" 200 - "-" "-"
::ffff:192.168.0.2 - - [29/Sep/2019:13:09:27 +0000] "POST /rosemary/zone1/Y58GEN HTTP/1.1" 201 - "-" "-"
::ffff:192.168.0.33 - - [29/Sep/2019:13:09:32 +0000] "OPTIONS /rosemary/zone1/currentUser HTTP/1.1" 200 2 "http://114.71.220.111:3030/app/camera.html" "Mozilla/5.0 (Linux; Android 9; SM-T510) AppleWebKit/537.36 (KHTML, like Gecko) Chrome/77.0.3865.92 Safari/537.36"
::ffff:192.168.0.33 - - [29/Sep/2019:13:09:32 +0000] "OPTIONS /rosemary/zone1 HTTP/1.1" 200 2 "http://114.71.220.111:3030/app/camera.html" "Mozilla/5.0 (Linux; Android 9; SM-T510) AppleWebKit/537.36 (KHTML, like Gecko) Chrome/77.0.3865.92 Safari/537.36"
::ffff:192.168.0.1 - - [29/Sep/2019:13:09:32 +0000] "OPTIONS /rosemary/zone1/state/la HTTP/1.1" 200 2 "http://114.71.220.111:3030/app/camera.html" "Mozilla/5.0 (Linux; Android 9; SM-T510) AppleWebKit/537.36 (KHTML, like Gecko) Chrome/77.0.3865.92 Safari/537.36"
::ffff:192.168.0.1 - - [29/Sep/2019:13:09:32 +0000] "GET /rosemary/zone1/state/la HTTP/1.1" 200 - "http://114.71.220.111:3030/app/camera.html" "Mozilla/5.0 (Linux; Android 9; SM-T510) AppleWebKit/537.36 (KHTML, like Gecko) Chrome/77.0.3865.92 Safari/537.36"
::ffff:192.168.0.33 - - [29/Sep/2019:13:09:32 +0000] "POST /rosemary/zone1/currentUser HTTP/1.1" 201 - "http://114.71.220.111:3030/app/camera.html" "Mozilla/5.0 (Linux; Android 9; SM-T510) AppleWebKit/537.36 (KHTML, like Gecko) Chrome/77.0.3865.92 Safari/537.36"
::ffff:192.168.0.33 - - [29/Sep/2019:13:09:32 +0000] "POST /rosemary/zone1 HTTP/1.1" 201 - "http://114.71.220.111:3030/app/camera.html" "Mozilla/5.0 (Linux; Android 9; SM-T510) AppleWebKit/537.36 (KHTML, like Gecko) Chrome/77.0.3865.92 Safari/537.36"
::ffff:192.168.0.2 - - [29/Sep/2019:13:09:32 +0000] "POST /rosemary/zone1/YI38E1 HTTP/1.1" 201 - "-" "-"
::ffff:192.168.0.2 - - [29/Sep/2019:13:09:32 +0000] "POST /rosemary/zone1/YI38E1 HTTP/1.1" 409 - "-" "-"
::ffff:192.168.0.6 - - [29/Sep/2019:13:09:32 +0000] "POST /rosemary/zone1/YI38E1 HTTP/1.1" 409 - "-" "-"
::ffff:192.168.0.2 - - [29/Sep/2019:13:09:32 +0000] "DELETE /rosemary/zone1/YI38E1/mobiususer02.MOBIUS.BROWSER.APP_sub HTTP/1.1" 200 - "-" "-"
::ffff:192.168.0.6 - - [29/Sep/2019:13:09:32 +0000] "DELETE /rosemary/zone1/YI38E1/mobiususer02.MOBIUS.BROWSER.APP_sub HTTP/1.1" 404 - "-" "-"
::ffff:192.168.0.2 - - [29/Sep/2019:13:09:32 +0000] "POST /rosemary/zone1/YI38E1 HTTP/1.1" 201 - "-" "-"
::ffff:192.168.0.2 - - [29/Sep/2019:13:09:32 +0000] "POST /rosemary/zone1/YI38E1 HTTP/1.1" 409 - "-" "-"
::ffff:192.168.0.2 - - [29/Sep/2019:13:09:32 +0000] "DELETE /rosemary/zone1/YI38E1/mobiususer02.MOBIUS.BROWSER.APP_sub HTTP/1.1" 200 - "-" "-"
::ffff:192.168.0.2 - - [29/Sep/2019:13:09:32 +0000] "POST /rosemary/zone1/YI38E1 HTTP/1.1" 201 - "-" "-"
::ffff:192.168.0.33 - - [29/Sep/2019:13:09:38 +0000] "OPTIONS /rosemary/zone1/currentUser HTTP/1.1" 200 2 "http://114.71.220.111:3030/app/cam_kiosk.html" "Mozilla/5.0 (Linux; Android 9; SM-T510) AppleWebKit/537.36 (KHTML, like Gecko) Chrome/77.0.3865.92 Safari/537.36"
::ffff:192.168.0.33 - - [29/Sep/2019:13:09:38 +0000] "OPTIONS /rosemary/zone1 HTTP/1.1" 200 2 "http://114.71.220.111:3030/app/cam_kiosk.html" "Mozilla/5.0 (Linux; Android 9; SM-T510) AppleWebKit/537.36 (KHTML, like Gecko) Chrome/77.0.3865.92 Safari/537.36"
::ffff:192.168.0.1 - - [29/Sep/2019:13:09:38 +0000] "OPTIONS /rosemary/zone1/state/la HTTP/1.1" 200 2 "http://114.71.220.111:3030/app/cam_kiosk.html" "Mozilla/5.0 (Linux; Android 9; SM-T510) AppleWebKit/537.36 (KHTML, like Gecko) Chrome/77.0.3865.92 Safari/537.36"
::ffff:192.168.0.33 - - [29/Sep/2019:13:09:38 +0000] "POST /rosemary/zone1 HTTP/1.1" 201 - "http://114.71.220.111:3030/app/cam_kiosk.html" "Mozilla/5.0 (Linux; Android 9; SM-T510) AppleWebKit/537.36 (KHTML, like Gecko) Chrome/77.0.3865.92 Safari/537.36"
::ffff:192.168.0.33 - - [29/Sep/2019:13:09:38 +0000] "POST /rosemary/zone1/currentUser HTTP/1.1" 201 - "http://114.71.220.111:3030/app/cam_kiosk.html" "Mozilla/5.0 (Linux; Android 9; SM-T510) AppleWebKit/537.36 (KHTML, like Gecko) Chrome/77.0.3865.92 Safari/537.36"
::ffff:192.168.0.6 - - [29/Sep/2019:13:09:38 +0000] "POST /rosemary/zone1/Y42KOO HTTP/1.1" 201 - "-" "-"
::ffff:192.168.0.33 - - [29/Sep/2019:13:10:09 +0000] "OPTIONS /rosemary/zone1/currentUser HTTP/1.1" 200 2 "http://114.71.220.111:3030/app/camera.html" "Mozilla/5.0 (Linux; Android 9; SM-T510) AppleWebKit/537.36 (KHTML, like Gecko) Chrome/77.0.3865.92 Safari/537.36"
::ffff:192.168.0.33 - - [29/Sep/2019:13:10:09 +0000] "OPTIONS /rosemary/zone1 HTTP/1.1" 200 2 "http://114.71.220.111:3030/app/camera.html" "Mozilla/5.0 (Linux; Android 9; SM-T510) AppleWebKit/537.36 (KHTML, like Gecko) Chrome/77.0.3865.92 Safari/537.36"
::ffff:192.168.0.1 - - [29/Sep/2019:13:10:09 +0000] "OPTIONS /rosemary/zone1/state/la HTTP/1.1" 200 2 "http://114.71.220.111:3030/app/camera.html" "Mozilla/5.0 (Linux; Android 9; SM-T510) AppleWebKit/537.36 (KHTML, like Gecko) Chrome/77.0.3865.92 Safari/537.36"
::ffff:192.168.0.1 - - [29/Sep/2019:13:10:09 +0000] "GET /rosemary/zone1/state/la HTTP/1.1" 200 - "http://114.71.220.111:3030/app/camera.html" "Mozilla/5.0 (Linux; Android 9; SM-T510) AppleWebKit/537.36 (KHTML, like Gecko) Chrome/77.0.3865.92 Safari/537.36"
::ffff:192.168.0.33 - - [29/Sep/2019:13:10:09 +0000] "POST /rosemary/zone1/currentUser HTTP/1.1" 201 - "http://114.71.220.111:3030/app/camera.html" "Mozilla/5.0 (Linux; Android 9; SM-T510) AppleWebKit/537.36 (KHTML, like Gecko) Chrome/77.0.3865.92 Safari/537.36"
::ffff:192.168.0.33 - - [29/Sep/2019:13:10:09 +0000] "POST /rosemary/zone1 HTTP/1.1" 201 - "http://114.71.220.111:3030/app/camera.html" "Mozilla/5.0 (Linux; Android 9; SM-T510) AppleWebKit/537.36 (KHTML, like Gecko) Chrome/77.0.3865.92 Safari/537.36"
::ffff:192.168.0.6 - - [29/Sep/2019:13:10:09 +0000] "POST /rosemary/zone1/YDP6I9 HTTP/1.1" 201 - "-" "-"
::ffff:192.168.0.33 - - [29/Sep/2019:13:10:18 +0000] "OPTIONS /rosemary/zone1/currentUser/la HTTP/1.1" 200 2 "http://114.71.220.111:3030/app/slide0.html" "Mozilla/5.0 (Linux; Android 9; SM-T510) AppleWebKit/537.36 (KHTML, like Gecko) Chrome/77.0.3865.92 Safari/537.36"
::ffff:192.168.0.33 - - [29/Sep/2019:13:10:18 +0000] "GET /rosemary/zone1/currentUser/la HTTP/1.1" 200 - "http://114.71.220.111:3030/app/slide0.html" "Mozilla/5.0 (Linux; Android 9; SM-T510) AppleWebKit/537.36 (KHTML, like Gecko) Chrome/77.0.3865.92 Safari/537.36"
::ffff:192.168.0.33 - - [29/Sep/2019:13:10:48 +0000] "OPTIONS /rosemary/zone1/currentUser HTTP/1.1" 200 2 "http://114.71.220.111:3030/app/camera.html" "Mozilla/5.0 (Linux; Android 9; SM-T510) AppleWebKit/537.36 (KHTML, like Gecko) Chrome/77.0.3865.92 Safari/537.36"
::ffff:192.168.0.33 - - [29/Sep/2019:13:10:48 +0000] "OPTIONS /rosemary/zone1 HTTP/1.1" 200 2 "http://114.71.220.111:3030/app/camera.html" "Mozilla/5.0 (Linux; Android 9; SM-T510) AppleWebKit/537.36 (KHTML, like Gecko) Chrome/77.0.3865.92 Safari/537.36"
::ffff:192.168.0.1 - - [29/Sep/2019:13:10:48 +0000] "OPTIONS /rosemary/zone1/state/la HTTP/1.1" 200 2 "http://114.71.220.111:3030/app/camera.html" "Mozilla/5.0 (Linux; Android 9; SM-T510) AppleWebKit/537.36 (KHTML, like Gecko) Chrome/77.0.3865.92 Safari/537.36"
::ffff:192.168.0.33 - - [29/Sep/2019:13:10:48 +0000] "POST /rosemary/zone1 HTTP/1.1" 201 - "http://114.71.220.111:3030/app/camera.html" "Mozilla/5.0 (Linux; Android 9; SM-T510) AppleWebKit/537.36 (KHTML, like Gecko) Chrome/77.0.3865.92 Safari/537.36"
::ffff:192.168.0.33 - - [29/Sep/2019:13:10:48 +0000] "POST /rosemary/zone1/currentUser HTTP/1.1" 201 - "http://114.71.220.111:3030/app/camera.html" "Mozilla/5.0 (Linux; Android 9; SM-T510) AppleWebKit/537.36 (KHTML, like Gecko) Chrome/77.0.3865.92 Safari/537.36"
::ffff:192.168.0.6 - - [29/Sep/2019:13:10:49 +0000] "POST /rosemary/zone1/Y52GB5 HTTP/1.1" 201 - "-" "-"
::ffff:192.168.0.33 - - [29/Sep/2019:13:10:49 +0000] "POST /rosemary/zone1 HTTP/1.1" 201 - "http://114.71.220.111:3030/app/cam_kiosk.html" "Mozilla/5.0 (Linux; Android 9; SM-T510) AppleWebKit/537.36 (KHTML, like Gecko) Chrome/77.0.3865.92 Safari/537.36"
::ffff:192.168.0.33 - - [29/Sep/2019:13:10:49 +0000] "POST /rosemary/zone1/currentUser HTTP/1.1" 201 - "http://114.71.220.111:3030/app/cam_kiosk.html" "Mozilla/5.0 (Linux; Android 9; SM-T510) AppleWebKit/537.36 (KHTML, like Gecko) Chrome/77.0.3865.92 Safari/537.36"
::ffff:192.168.0.6 - - [29/Sep/2019:13:10:50 +0000] "POST /rosemary/zone1/YDM39K HTTP/1.1" 201 - "-" "-"
::ffff:192.168.0.2 - - [29/Sep/2019:13:11:38 +0000] "POST /rosemary/zone1/Y42KOO HTTP/1.1" - - "-" "-"
::ffff:192.168.0.2 - - [29/Sep/2019:13:11:38 +0000] "POST /rosemary/zone1/Y42KOO HTTP/1.1" 409 - "-" "-"
::ffff:192.168.0.2 - - [29/Sep/2019:13:11:38 +0000] "DELETE /rosemary/zone1/Y42KOO/mobiususer02.MOBIUS.BROWSER.APP_sub HTTP/1.1" 200 - "-" "-"
::ffff:192.168.0.2 - - [29/Sep/2019:13:11:38 +0000] "POST /rosemary/zone1/Y42KOO HTTP/1.1" 201 - "-" "-"
::ffff:192.168.0.2 - - [29/Sep/2019:13:11:39 +0000] "POST /rosemary/zone1/Y42KOO HTTP/1.1" 409 - "-" "-"
::ffff:192.168.0.2 - - [29/Sep/2019:13:11:39 +0000] "DELETE /rosemary/zone1/Y42KOO/mobiususer02.MOBIUS.BROWSER.APP_sub HTTP/1.1" 200 - "-" "-"
::ffff:192.168.0.2 - - [29/Sep/2019:13:11:39 +0000] "POST /rosemary/zone1/Y42KOO HTTP/1.1" 201 - "-" "-"
::ffff:192.168.0.2 - - [29/Sep/2019:13:11:39 +0000] "POST /rosemary/zone1/YDP6I9 HTTP/1.1" 409 - "-" "-"
::ffff:192.168.0.2 - - [29/Sep/2019:13:11:39 +0000] "DELETE /rosemary/zone1/YDP6I9/mobiususer02.MOBIUS.BROWSER.APP_sub HTTP/1.1" 200 - "-" "-"
::ffff:192.168.0.2 - - [29/Sep/2019:13:11:39 +0000] "POST /rosemary/zone1/YDP6I9 HTTP/1.1" 201 - "-" "-"
::ffff:192.168.0.2 - - [29/Sep/2019:13:11:39 +0000] "POST /rosemary/zone1/YDP6I9 HTTP/1.1" 409 - "-" "-"
::ffff:192.168.0.2 - - [29/Sep/2019:13:11:39 +0000] "DELETE /rosemary/zone1/YDP6I9/mobiususer02.MOBIUS.BROWSER.APP_sub HTTP/1.1" 200 - "-" "-"
::ffff:192.168.0.2 - - [29/Sep/2019:13:11:39 +0000] "POST /rosemary/zone1/YDP6I9 HTTP/1.1" 201 - "-" "-"
::ffff:192.168.0.2 - - [29/Sep/2019:13:11:39 +0000] "POST /rosemary/zone1/YDP6I9 HTTP/1.1" 409 - "-" "-"
::ffff:192.168.0.2 - - [29/Sep/2019:13:11:39 +0000] "DELETE /rosemary/zone1/YDP6I9/mobiususer02.MOBIUS.BROWSER.APP_sub HTTP/1.1" 200 - "-" "-"
::ffff:192.168.0.2 - - [29/Sep/2019:13:11:39 +0000] "POST /rosemary/zone1/YDP6I9 HTTP/1.1" 201 - "-" "-"
::ffff:192.168.0.2 - - [29/Sep/2019:13:11:39 +0000] "POST /rosemary/zone1/Y52GB5 HTTP/1.1" 409 - "-" "-"
::ffff:192.168.0.2 - - [29/Sep/2019:13:11:39 +0000] "DELETE /rosemary/zone1/Y52GB5/mobiususer02.MOBIUS.BROWSER.APP_sub HTTP/1.1" 200 - "-" "-"
::ffff:192.168.0.2 - - [29/Sep/2019:13:11:39 +0000] "POST /rosemary/zone1/Y52GB5 HTTP/1.1" 201 - "-" "-"
::ffff:192.168.0.2 - - [29/Sep/2019:13:11:39 +0000] "POST /rosemary/zone1/Y52GB5 HTTP/1.1" 409 - "-" "-"
::ffff:192.168.0.2 - - [29/Sep/2019:13:11:39 +0000] "DELETE /rosemary/zone1/Y52GB5/mobiususer02.MOBIUS.BROWSER.APP_sub HTTP/1.1" 200 - "-" "-"
::ffff:192.168.0.2 - - [29/Sep/2019:13:11:39 +0000] "POST /rosemary/zone1/Y52GB5 HTTP/1.1" 201 - "-" "-"
::ffff:192.168.0.2 - - [29/Sep/2019:13:11:40 +0000] "POST /rosemary/zone1/Y52GB5 HTTP/1.1" 409 - "-" "-"
::ffff:192.168.0.2 - - [29/Sep/2019:13:11:40 +0000] "DELETE /rosemary/zone1/Y52GB5/mobiususer02.MOBIUS.BROWSER.APP_sub HTTP/1.1" 200 - "-" "-"
::ffff:192.168.0.2 - - [29/Sep/2019:13:11:40 +0000] "POST /rosemary/zone1/Y52GB5 HTTP/1.1" 201 - "-" "-"
::ffff:192.168.0.2 - - [29/Sep/2019:13:11:40 +0000] "POST /rosemary/zone1/YDM39K HTTP/1.1" 409 - "-" "-"
::ffff:192.168.0.2 - - [29/Sep/2019:13:11:40 +0000] "DELETE /rosemary/zone1/YDM39K/mobiususer02.MOBIUS.BROWSER.APP_sub HTTP/1.1" 200 - "-" "-"
::ffff:192.168.0.2 - - [29/Sep/2019:13:11:40 +0000] "POST /rosemary/zone1/YDM39K HTTP/1.1" 201 - "-" "-"
::ffff:192.168.0.2 - - [29/Sep/2019:13:11:40 +0000] "POST /rosemary/zone1/YDM39K HTTP/1.1" 409 - "-" "-"
::ffff:192.168.0.2 - - [29/Sep/2019:13:11:40 +0000] "DELETE /rosemary/zone1/YDM39K/mobiususer02.MOBIUS.BROWSER.APP_sub HTTP/1.1" 200 - "-" "-"
::ffff:192.168.0.2 - - [29/Sep/2019:13:11:40 +0000] "POST /rosemary/zone1/YDM39K HTTP/1.1" 201 - "-" "-"
::ffff:192.168.0.2 - - [29/Sep/2019:13:11:40 +0000] "POST /rosemary/zone1/YDM39K HTTP/1.1" 409 - "-" "-"
::ffff:192.168.0.2 - - [29/Sep/2019:13:11:40 +0000] "DELETE /rosemary/zone1/YDM39K/mobiususer02.MOBIUS.BROWSER.APP_sub HTTP/1.1" 200 - "-" "-"
::ffff:192.168.0.2 - - [29/Sep/2019:13:11:40 +0000] "POST /rosemary/zone1/YDM39K HTTP/1.1" 201 - "-" "-"
::ffff:192.168.0.33 - - [29/Sep/2019:13:12:02 +0000] "OPTIONS /rosemary/zone1/currentUser HTTP/1.1" 200 2 "http://114.71.220.111:3030/app/camera.html" "Mozilla/5.0 (Linux; Android 9; SM-T510) AppleWebKit/537.36 (KHTML, like Gecko) Chrome/77.0.3865.92 Safari/537.36"
::ffff:192.168.0.33 - - [29/Sep/2019:13:12:02 +0000] "OPTIONS /rosemary/zone1 HTTP/1.1" 200 2 "http://114.71.220.111:3030/app/camera.html" "Mozilla/5.0 (Linux; Android 9; SM-T510) AppleWebKit/537.36 (KHTML, like Gecko) Chrome/77.0.3865.92 Safari/537.36"
::ffff:192.168.0.1 - - [29/Sep/2019:13:12:02 +0000] "OPTIONS /rosemary/zone1/state/la HTTP/1.1" 200 2 "http://114.71.220.111:3030/app/camera.html" "Mozilla/5.0 (Linux; Android 9; SM-T510) AppleWebKit/537.36 (KHTML, like Gecko) Chrome/77.0.3865.92 Safari/537.36"
::ffff:192.168.0.1 - - [29/Sep/2019:13:12:02 +0000] "GET /rosemary/zone1/state/la HTTP/1.1" 200 - "http://114.71.220.111:3030/app/camera.html" "Mozilla/5.0 (Linux; Android 9; SM-T510) AppleWebKit/537.36 (KHTML, like Gecko) Chrome/77.0.3865.92 Safari/537.36"
::ffff:192.168.0.33 - - [29/Sep/2019:13:12:02 +0000] "POST /rosemary/zone1 HTTP/1.1" 201 - "http://114.71.220.111:3030/app/camera.html" "Mozilla/5.0 (Linux; Android 9; SM-T510) AppleWebKit/537.36 (KHTML, like Gecko) Chrome/77.0.3865.92 Safari/537.36"
::ffff:192.168.0.33 - - [29/Sep/2019:13:12:02 +0000] "POST /rosemary/zone1/currentUser HTTP/1.1" 201 - "http://114.71.220.111:3030/app/camera.html" "Mozilla/5.0 (Linux; Android 9; SM-T510) AppleWebKit/537.36 (KHTML, like Gecko) Chrome/77.0.3865.92 Safari/537.36"
::ffff:192.168.0.2 - - [29/Sep/2019:13:12:02 +0000] "POST /rosemary/zone1/YCDQH1 HTTP/1.1" 201 - "-" "-"
::ffff:192.168.0.6 - - [29/Sep/2019:13:12:02 +0000] "POST /rosemary/zone1/YCDQH1 HTTP/1.1" 409 - "-" "-"
::ffff:192.168.0.2 - - [29/Sep/2019:13:12:02 +0000] "POST /rosemary/zone1/YCDQH1 HTTP/1.1" 409 - "-" "-"
::ffff:192.168.0.6 - - [29/Sep/2019:13:12:02 +0000] "DELETE /rosemary/zone1/YCDQH1/mobiususer02.MOBIUS.BROWSER.APP_sub HTTP/1.1" 200 - "-" "-"
::ffff:192.168.0.2 - - [29/Sep/2019:13:12:02 +0000] "DELETE /rosemary/zone1/YCDQH1/mobiususer02.MOBIUS.BROWSER.APP_sub HTTP/1.1" 404 - "-" "-"
::ffff:192.168.0.2 - - [29/Sep/2019:13:12:02 +0000] "POST /rosemary/zone1/YCDQH1 HTTP/1.1" 409 - "-" "-"
::ffff:192.168.0.6 - - [29/Sep/2019:13:12:02 +0000] "POST /rosemary/zone1/YCDQH1 HTTP/1.1" 201 - "-" "-"
::ffff:192.168.0.2 - - [29/Sep/2019:13:12:02 +0000] "DELETE /rosemary/zone1/YCDQH1/mobiususer02.MOBIUS.BROWSER.APP_sub HTTP/1.1" 200 - "-" "-"
::ffff:192.168.0.2 - - [29/Sep/2019:13:12:02 +0000] "POST /rosemary/zone1/YCDQH1 HTTP/1.1" 201 - "-" "-"
::ffff:192.168.0.33 - - [29/Sep/2019:13:12:04 +0000] "OPTIONS /rosemary/zone1/currentUser/la HTTP/1.1" 200 2 "http://114.71.220.111:3030/app/slide0.html" "Mozilla/5.0 (Linux; Android 9; SM-T510) AppleWebKit/537.36 (KHTML, like Gecko) Chrome/77.0.3865.92 Safari/537.36"
::ffff:192.168.0.33 - - [29/Sep/2019:13:12:04 +0000] "GET /rosemary/zone1/currentUser/la HTTP/1.1" 200 - "http://114.71.220.111:3030/app/slide0.html" "Mozilla/5.0 (Linux; Android 9; SM-T510) AppleWebKit/537.36 (KHTML, like Gecko) Chrome/77.0.3865.92 Safari/537.36"
::ffff:192.168.0.33 - - [29/Sep/2019:13:13:48 +0000] "OPTIONS /rosemary/zone1/currentUser HTTP/1.1" 200 2 "http://114.71.220.111:3030/app/camera.html" "Mozilla/5.0 (Linux; Android 9; SM-T510) AppleWebKit/537.36 (KHTML, like Gecko) Chrome/77.0.3865.92 Safari/537.36"
::ffff:192.168.0.33 - - [29/Sep/2019:13:13:48 +0000] "OPTIONS /rosemary/zone1 HTTP/1.1" 200 2 "http://114.71.220.111:3030/app/camera.html" "Mozilla/5.0 (Linux; Android 9; SM-T510) AppleWebKit/537.36 (KHTML, like Gecko) Chrome/77.0.3865.92 Safari/537.36"
::ffff:192.168.0.1 - - [29/Sep/2019:13:13:48 +0000] "OPTIONS /rosemary/zone1/state/la HTTP/1.1" 200 2 "http://114.71.220.111:3030/app/camera.html" "Mozilla/5.0 (Linux; Android 9; SM-T510) AppleWebKit/537.36 (KHTML, like Gecko) Chrome/77.0.3865.92 Safari/537.36"
::ffff:192.168.0.33 - - [29/Sep/2019:13:13:48 +0000] "POST /rosemary/zone1 HTTP/1.1" 201 - "http://114.71.220.111:3030/app/camera.html" "Mozilla/5.0 (Linux; Android 9; SM-T510) AppleWebKit/537.36 (KHTML, like Gecko) Chrome/77.0.3865.92 Safari/537.36"
::ffff:192.168.0.33 - - [29/Sep/2019:13:13:48 +0000] "POST /rosemary/zone1/currentUser HTTP/1.1" 201 - "http://114.71.220.111:3030/app/camera.html" "Mozilla/5.0 (Linux; Android 9; SM-T510) AppleWebKit/537.36 (KHTML, like Gecko) Chrome/77.0.3865.92 Safari/537.36"
::ffff:192.168.0.2 - - [29/Sep/2019:13:13:49 +0000] "POST /rosemary/zone1/YDKCEI HTTP/1.1" 201 - "-" "-"
::ffff:192.168.0.2 - - [29/Sep/2019:13:13:49 +0000] "POST /rosemary/zone1/YDKCEI HTTP/1.1" 409 - "-" "-"
::ffff:192.168.0.2 - - [29/Sep/2019:13:13:49 +0000] "DELETE /rosemary/zone1/YDKCEI/mobiususer02.MOBIUS.BROWSER.APP_sub HTTP/1.1" 200 - "-" "-"
::ffff:192.168.0.2 - - [29/Sep/2019:13:13:49 +0000] "POST /rosemary/zone1/YDKCEI HTTP/1.1" 201 - "-" "-"
::ffff:192.168.0.2 - - [29/Sep/2019:13:13:49 +0000] "POST /rosemary/zone1/YDKCEI HTTP/1.1" 409 - "-" "-"
::ffff:192.168.0.2 - - [29/Sep/2019:13:13:49 +0000] "DELETE /rosemary/zone1/YDKCEI/mobiususer02.MOBIUS.BROWSER.APP_sub HTTP/1.1" 200 - "-" "-"
::ffff:192.168.0.2 - - [29/Sep/2019:13:13:49 +0000] "POST /rosemary/zone1/YDKCEI HTTP/1.1" 201 - "-" "-"
::ffff:192.168.0.6 - - [29/Sep/2019:13:13:49 +0000] "POST /rosemary/zone1/YDKCEI HTTP/1.1" 409 - "-" "-"
::ffff:192.168.0.6 - - [29/Sep/2019:13:13:49 +0000] "DELETE /rosemary/zone1/YDKCEI/mobiususer02.MOBIUS.BROWSER.APP_sub HTTP/1.1" 200 - "-" "-"
::ffff:192.168.0.6 - - [29/Sep/2019:13:13:49 +0000] "POST /rosemary/zone1/YDKCEI HTTP/1.1" 201 - "-" "-"
::ffff:192.168.0.1 - - [29/Sep/2019:13:13:52 +0000] "GET /rosemary/zone1/state/la HTTP/1.1" 200 - "http://114.71.220.111:3030/app/camera.html" "Mozilla/5.0 (Linux; Android 9; SM-T510) AppleWebKit/537.36 (KHTML, like Gecko) Chrome/77.0.3865.92 Safari/537.36"
::ffff:192.168.0.33 - - [29/Sep/2019:13:13:52 +0000] "POST /rosemary/zone1 HTTP/1.1" 201 - "http://114.71.220.111:3030/app/camera.html" "Mozilla/5.0 (Linux; Android 9; SM-T510) AppleWebKit/537.36 (KHTML, like Gecko) Chrome/77.0.3865.92 Safari/537.36"
::ffff:192.168.0.33 - - [29/Sep/2019:13:13:52 +0000] "POST /rosemary/zone1/currentUser HTTP/1.1" 201 - "http://114.71.220.111:3030/app/camera.html" "Mozilla/5.0 (Linux; Android 9; SM-T510) AppleWebKit/537.36 (KHTML, like Gecko) Chrome/77.0.3865.92 Safari/537.36"
::ffff:192.168.0.2 - - [29/Sep/2019:13:13:52 +0000] "POST /rosemary/zone1/YA661F HTTP/1.1" 201 - "-" "-"
::ffff:192.168.0.2 - - [29/Sep/2019:13:13:52 +0000] "POST /rosemary/zone1/YA661F HTTP/1.1" 409 - "-" "-"
::ffff:192.168.0.6 - - [29/Sep/2019:13:13:52 +0000] "POST /rosemary/zone1/YA661F HTTP/1.1" 409 - "-" "-"
::ffff:192.168.0.2 - - [29/Sep/2019:13:13:52 +0000] "DELETE /rosemary/zone1/YA661F/mobiususer02.MOBIUS.BROWSER.APP_sub HTTP/1.1" 200 - "-" "-"
::ffff:192.168.0.6 - - [29/Sep/2019:13:13:52 +0000] "DELETE /rosemary/zone1/YA661F/mobiususer02.MOBIUS.BROWSER.APP_sub HTTP/1.1" 404 - "-" "-"
::ffff:192.168.0.2 - - [29/Sep/2019:13:13:52 +0000] "POST /rosemary/zone1/YA661F HTTP/1.1" 201 - "-" "-"
::ffff:192.168.0.2 - - [29/Sep/2019:13:13:52 +0000] "POST /rosemary/zone1/YA661F HTTP/1.1" 409 - "-" "-"
::ffff:192.168.0.2 - - [29/Sep/2019:13:13:52 +0000] "DELETE /rosemary/zone1/YA661F/mobiususer02.MOBIUS.BROWSER.APP_sub HTTP/1.1" 200 - "-" "-"
::ffff:192.168.0.2 - - [29/Sep/2019:13:13:53 +0000] "POST /rosemary/zone1/YA661F HTTP/1.1" 201 - "-" "-"
::ffff:192.168.0.33 - - [29/Sep/2019:13:14:07 +0000] "OPTIONS /rosemary/zone1/currentUser HTTP/1.1" 200 2 "http://114.71.220.111:3030/app/camera.html" "Mozilla/5.0 (Linux; Android 9; SM-T510) AppleWebKit/537.36 (KHTML, like Gecko) Chrome/77.0.3865.92 Safari/537.36"
::ffff:192.168.0.33 - - [29/Sep/2019:13:14:07 +0000] "OPTIONS /rosemary/zone1 HTTP/1.1" 200 2 "http://114.71.220.111:3030/app/camera.html" "Mozilla/5.0 (Linux; Android 9; SM-T510) AppleWebKit/537.36 (KHTML, like Gecko) Chrome/77.0.3865.92 Safari/537.36"
::ffff:192.168.0.1 - - [29/Sep/2019:13:14:07 +0000] "OPTIONS /rosemary/zone1/state/la HTTP/1.1" 200 2 "http://114.71.220.111:3030/app/camera.html" "Mozilla/5.0 (Linux; Android 9; SM-T510) AppleWebKit/537.36 (KHTML, like Gecko) Chrome/77.0.3865.92 Safari/537.36"
::ffff:192.168.0.1 - - [29/Sep/2019:13:14:07 +0000] "GET /rosemary/zone1/state/la HTTP/1.1" 200 - "http://114.71.220.111:3030/app/camera.html" "Mozilla/5.0 (Linux; Android 9; SM-T510) AppleWebKit/537.36 (KHTML, like Gecko) Chrome/77.0.3865.92 Safari/537.36"
::ffff:192.168.0.33 - - [29/Sep/2019:13:14:07 +0000] "POST /rosemary/zone1 HTTP/1.1" 201 - "http://114.71.220.111:3030/app/camera.html" "Mozilla/5.0 (Linux; Android 9; SM-T510) AppleWebKit/537.36 (KHTML, like Gecko) Chrome/77.0.3865.92 Safari/537.36"
::ffff:192.168.0.33 - - [29/Sep/2019:13:14:07 +0000] "POST /rosemary/zone1/currentUser HTTP/1.1" 201 - "http://114.71.220.111:3030/app/camera.html" "Mozilla/5.0 (Linux; Android 9; SM-T510) AppleWebKit/537.36 (KHTML, like Gecko) Chrome/77.0.3865.92 Safari/537.36"
::ffff:192.168.0.2 - - [29/Sep/2019:13:14:07 +0000] "POST /rosemary/zone1/Y17Q4M HTTP/1.1" 201 - "-" "-"
::ffff:192.168.0.6 - - [29/Sep/2019:13:14:07 +0000] "POST /rosemary/zone1/Y17Q4M HTTP/1.1" 409 - "-" "-"
::ffff:192.168.0.6 - - [29/Sep/2019:13:14:07 +0000] "DELETE /rosemary/zone1/Y17Q4M/mobiususer02.MOBIUS.BROWSER.APP_sub HTTP/1.1" 200 - "-" "-"
::ffff:192.168.0.6 - - [29/Sep/2019:13:14:07 +0000] "POST /rosemary/zone1/Y17Q4M HTTP/1.1" 201 - "-" "-"
::ffff:192.168.0.2 - - [29/Sep/2019:13:14:07 +0000] "POST /rosemary/zone1/Y17Q4M HTTP/1.1" 409 - "-" "-"
::ffff:192.168.0.2 - - [29/Sep/2019:13:14:07 +0000] "DELETE /rosemary/zone1/Y17Q4M/mobiususer02.MOBIUS.BROWSER.APP_sub HTTP/1.1" 200 - "-" "-"
::ffff:192.168.0.2 - - [29/Sep/2019:13:14:07 +0000] "POST /rosemary/zone1/Y17Q4M HTTP/1.1" 201 - "-" "-"
::ffff:192.168.0.2 - - [29/Sep/2019:13:14:07 +0000] "POST /rosemary/zone1/Y17Q4M HTTP/1.1" 409 - "-" "-"
::ffff:192.168.0.2 - - [29/Sep/2019:13:14:07 +0000] "DELETE /rosemary/zone1/Y17Q4M/mobiususer02.MOBIUS.BROWSER.APP_sub HTTP/1.1" 200 - "-" "-"
::ffff:192.168.0.2 - - [29/Sep/2019:13:14:08 +0000] "POST /rosemary/zone1/Y17Q4M HTTP/1.1" 201 - "-" "-"
::ffff:192.168.0.33 - - [29/Sep/2019:13:14:39 +0000] "OPTIONS /rosemary/zone1/currentUser HTTP/1.1" 200 2 "http://114.71.220.111:3030/app/camera.html" "Mozilla/5.0 (Linux; Android 9; SM-T510) AppleWebKit/537.36 (KHTML, like Gecko) Chrome/77.0.3865.92 Safari/537.36"
::ffff:192.168.0.33 - - [29/Sep/2019:13:14:39 +0000] "OPTIONS /rosemary/zone1 HTTP/1.1" 200 2 "http://114.71.220.111:3030/app/camera.html" "Mozilla/5.0 (Linux; Android 9; SM-T510) AppleWebKit/537.36 (KHTML, like Gecko) Chrome/77.0.3865.92 Safari/537.36"
::ffff:192.168.0.1 - - [29/Sep/2019:13:14:39 +0000] "OPTIONS /rosemary/zone1/state/la HTTP/1.1" 200 2 "http://114.71.220.111:3030/app/camera.html" "Mozilla/5.0 (Linux; Android 9; SM-T510) AppleWebKit/537.36 (KHTML, like Gecko) Chrome/77.0.3865.92 Safari/537.36"
::ffff:192.168.0.1 - - [29/Sep/2019:13:14:39 +0000] "GET /rosemary/zone1/state/la HTTP/1.1" 200 - "http://114.71.220.111:3030/app/camera.html" "Mozilla/5.0 (Linux; Android 9; SM-T510) AppleWebKit/537.36 (KHTML, like Gecko) Chrome/77.0.3865.92 Safari/537.36"
::ffff:192.168.0.33 - - [29/Sep/2019:13:14:39 +0000] "POST /rosemary/zone1 HTTP/1.1" 201 - "http://114.71.220.111:3030/app/camera.html" "Mozilla/5.0 (Linux; Android 9; SM-T510) AppleWebKit/537.36 (KHTML, like Gecko) Chrome/77.0.3865.92 Safari/537.36"
::ffff:192.168.0.33 - - [29/Sep/2019:13:14:39 +0000] "POST /rosemary/zone1/currentUser HTTP/1.1" 201 - "http://114.71.220.111:3030/app/camera.html" "Mozilla/5.0 (Linux; Android 9; SM-T510) AppleWebKit/537.36 (KHTML, like Gecko) Chrome/77.0.3865.92 Safari/537.36"
::ffff:192.168.0.2 - - [29/Sep/2019:13:14:40 +0000] "POST /rosemary/zone1/YGJ36L HTTP/1.1" 201 - "-" "-"
::ffff:192.168.0.2 - - [29/Sep/2019:13:14:40 +0000] "POST /rosemary/zone1/YGJ36L HTTP/1.1" 409 - "-" "-"
::ffff:192.168.0.2 - - [29/Sep/2019:13:14:40 +0000] "DELETE /rosemary/zone1/YGJ36L/mobiususer02.MOBIUS.BROWSER.APP_sub HTTP/1.1" 200 - "-" "-"
::ffff:192.168.0.2 - - [29/Sep/2019:13:14:40 +0000] "POST /rosemary/zone1/YGJ36L HTTP/1.1" 201 - "-" "-"
::ffff:192.168.0.2 - - [29/Sep/2019:13:14:40 +0000] "POST /rosemary/zone1/YGJ36L HTTP/1.1" 409 - "-" "-"
::ffff:192.168.0.2 - - [29/Sep/2019:13:14:40 +0000] "DELETE /rosemary/zone1/YGJ36L/mobiususer02.MOBIUS.BROWSER.APP_sub HTTP/1.1" 200 - "-" "-"
::ffff:192.168.0.2 - - [29/Sep/2019:13:14:40 +0000] "POST /rosemary/zone1/YGJ36L HTTP/1.1" 201 - "-" "-"
::ffff:192.168.0.6 - - [29/Sep/2019:13:14:40 +0000] "POST /rosemary/zone1/YGJ36L HTTP/1.1" 409 - "-" "-"
::ffff:192.168.0.6 - - [29/Sep/2019:13:14:40 +0000] "DELETE /rosemary/zone1/YGJ36L/mobiususer02.MOBIUS.BROWSER.APP_sub HTTP/1.1" 200 - "-" "-"
::ffff:192.168.0.6 - - [29/Sep/2019:13:14:40 +0000] "POST /rosemary/zone1/YGJ36L HTTP/1.1" 201 - "-" "-"
::ffff:192.168.0.33 - - [29/Sep/2019:13:15:26 +0000] "OPTIONS /rosemary/zone1/currentUser HTTP/1.1" 200 2 "http://114.71.220.111:3030/app/camera.html" "Mozilla/5.0 (Linux; Android 9; SM-T510) AppleWebKit/537.36 (KHTML, like Gecko) Chrome/77.0.3865.92 Safari/537.36"
::ffff:192.168.0.33 - - [29/Sep/2019:13:15:26 +0000] "OPTIONS /rosemary/zone1 HTTP/1.1" 200 2 "http://114.71.220.111:3030/app/camera.html" "Mozilla/5.0 (Linux; Android 9; SM-T510) AppleWebKit/537.36 (KHTML, like Gecko) Chrome/77.0.3865.92 Safari/537.36"
::ffff:192.168.0.1 - - [29/Sep/2019:13:15:26 +0000] "OPTIONS /rosemary/zone1/state/la HTTP/1.1" 200 2 "http://114.71.220.111:3030/app/camera.html" "Mozilla/5.0 (Linux; Android 9; SM-T510) AppleWebKit/537.36 (KHTML, like Gecko) Chrome/77.0.3865.92 Safari/537.36"
::ffff:192.168.0.1 - - [29/Sep/2019:13:15:26 +0000] "GET /rosemary/zone1/state/la HTTP/1.1" 200 - "http://114.71.220.111:3030/app/camera.html" "Mozilla/5.0 (Linux; Android 9; SM-T510) AppleWebKit/537.36 (KHTML, like Gecko) Chrome/77.0.3865.92 Safari/537.36"
::ffff:192.168.0.33 - - [29/Sep/2019:13:15:26 +0000] "POST /rosemary/zone1 HTTP/1.1" 201 - "http://114.71.220.111:3030/app/camera.html" "Mozilla/5.0 (Linux; Android 9; SM-T510) AppleWebKit/537.36 (KHTML, like Gecko) Chrome/77.0.3865.92 Safari/537.36"
::ffff:192.168.0.33 - - [29/Sep/2019:13:15:26 +0000] "POST /rosemary/zone1/currentUser HTTP/1.1" 201 - "http://114.71.220.111:3030/app/camera.html" "Mozilla/5.0 (Linux; Android 9; SM-T510) AppleWebKit/537.36 (KHTML, like Gecko) Chrome/77.0.3865.92 Safari/537.36"
::ffff:192.168.0.6 - - [29/Sep/2019:13:15:26 +0000] "POST /rosemary/zone1/Y4I75J HTTP/1.1" 201 - "-" "-"
::ffff:192.168.0.33 - - [29/Sep/2019:13:15:36 +0000] "OPTIONS /rosemary/zone1/currentUser HTTP/1.1" 200 2 "http://114.71.220.111:3030/app/camera.html" "Mozilla/5.0 (Linux; Android 9; SM-T510) AppleWebKit/537.36 (KHTML, like Gecko) Chrome/77.0.3865.92 Safari/537.36"
::ffff:192.168.0.33 - - [29/Sep/2019:13:15:36 +0000] "OPTIONS /rosemary/zone1 HTTP/1.1" 200 2 "http://114.71.220.111:3030/app/camera.html" "Mozilla/5.0 (Linux; Android 9; SM-T510) AppleWebKit/537.36 (KHTML, like Gecko) Chrome/77.0.3865.92 Safari/537.36"
::ffff:192.168.0.1 - - [29/Sep/2019:13:15:36 +0000] "OPTIONS /rosemary/zone1/state/la HTTP/1.1" 200 2 "http://114.71.220.111:3030/app/camera.html" "Mozilla/5.0 (Linux; Android 9; SM-T510) AppleWebKit/537.36 (KHTML, like Gecko) Chrome/77.0.3865.92 Safari/537.36"
::ffff:192.168.0.1 - - [29/Sep/2019:13:15:36 +0000] "GET /rosemary/zone1/state/la HTTP/1.1" 200 - "http://114.71.220.111:3030/app/camera.html" "Mozilla/5.0 (Linux; Android 9; SM-T510) AppleWebKit/537.36 (KHTML, like Gecko) Chrome/77.0.3865.92 Safari/537.36"
::ffff:192.168.0.33 - - [29/Sep/2019:13:15:37 +0000] "POST /rosemary/zone1 HTTP/1.1" 201 - "http://114.71.220.111:3030/app/camera.html" "Mozilla/5.0 (Linux; Android 9; SM-T510) AppleWebKit/537.36 (KHTML, like Gecko) Chrome/77.0.3865.92 Safari/537.36"
::ffff:192.168.0.33 - - [29/Sep/2019:13:15:37 +0000] "POST /rosemary/zone1/currentUser HTTP/1.1" 201 - "http://114.71.220.111:3030/app/camera.html" "Mozilla/5.0 (Linux; Android 9; SM-T510) AppleWebKit/537.36 (KHTML, like Gecko) Chrome/77.0.3865.92 Safari/537.36"
::ffff:192.168.0.6 - - [29/Sep/2019:13:15:37 +0000] "POST /rosemary/zone1/Y7B793 HTTP/1.1" 201 - "-" "-"
::ffff:192.168.0.1 - - [29/Sep/2019:13:15:40 +0000] "GET /rosemary/zone1/state/la HTTP/1.1" 200 - "http://114.71.220.111:3030/app/camera.html" "Mozilla/5.0 (Linux; Android 9; SM-T510) AppleWebKit/537.36 (KHTML, like Gecko) Chrome/77.0.3865.92 Safari/537.36"
::ffff:192.168.0.33 - - [29/Sep/2019:13:15:40 +0000] "POST /rosemary/zone1 HTTP/1.1" 201 - "http://114.71.220.111:3030/app/camera.html" "Mozilla/5.0 (Linux; Android 9; SM-T510) AppleWebKit/537.36 (KHTML, like Gecko) Chrome/77.0.3865.92 Safari/537.36"
::ffff:192.168.0.33 - - [29/Sep/2019:13:15:40 +0000] "POST /rosemary/zone1/currentUser HTTP/1.1" 201 - "http://114.71.220.111:3030/app/camera.html" "Mozilla/5.0 (Linux; Android 9; SM-T510) AppleWebKit/537.36 (KHTML, like Gecko) Chrome/77.0.3865.92 Safari/537.36"
::ffff:192.168.0.6 - - [29/Sep/2019:13:15:41 +0000] "POST /rosemary/zone1/YHGHQ8 HTTP/1.1" 201 - "-" "-"
::ffff:192.168.0.6 - - [29/Sep/2019:13:15:49 +0000] "OPTIONS /rosemary/zone1/currentUser/la HTTP/1.1" 200 2 "-" "Mozilla/5.0 (Windows NT 10.0; Win64; x64) AppleWebKit/537.36 (KHTML, like Gecko) Chrome/77.0.3865.90 Safari/537.36"
::ffff:192.168.0.6 - - [29/Sep/2019:13:15:49 +0000] "GET /rosemary/zone1/currentUser/la HTTP/1.1" 200 - "-" "Mozilla/5.0 (Windows NT 10.0; Win64; x64) AppleWebKit/537.36 (KHTML, like Gecko) Chrome/77.0.3865.90 Safari/537.36"
::ffff:192.168.0.33 - - [29/Sep/2019:13:15:58 +0000] "OPTIONS /rosemary/zone1/currentUser HTTP/1.1" 200 2 "http://114.71.220.111:3030/app/camera.html" "Mozilla/5.0 (Linux; Android 9; SM-T510) AppleWebKit/537.36 (KHTML, like Gecko) Chrome/77.0.3865.92 Safari/537.36"
::ffff:192.168.0.33 - - [29/Sep/2019:13:15:58 +0000] "OPTIONS /rosemary/zone1 HTTP/1.1" 200 2 "http://114.71.220.111:3030/app/camera.html" "Mozilla/5.0 (Linux; Android 9; SM-T510) AppleWebKit/537.36 (KHTML, like Gecko) Chrome/77.0.3865.92 Safari/537.36"
::ffff:192.168.0.1 - - [29/Sep/2019:13:15:58 +0000] "OPTIONS /rosemary/zone1/state/la HTTP/1.1" 200 2 "http://114.71.220.111:3030/app/camera.html" "Mozilla/5.0 (Linux; Android 9; SM-T510) AppleWebKit/537.36 (KHTML, like Gecko) Chrome/77.0.3865.92 Safari/537.36"
::ffff:192.168.0.1 - - [29/Sep/2019:13:15:58 +0000] "GET /rosemary/zone1/state/la HTTP/1.1" 200 - "http://114.71.220.111:3030/app/camera.html" "Mozilla/5.0 (Linux; Android 9; SM-T510) AppleWebKit/537.36 (KHTML, like Gecko) Chrome/77.0.3865.92 Safari/537.36"
::ffff:192.168.0.33 - - [29/Sep/2019:13:15:58 +0000] "POST /rosemary/zone1/currentUser HTTP/1.1" 201 - "http://114.71.220.111:3030/app/camera.html" "Mozilla/5.0 (Linux; Android 9; SM-T510) AppleWebKit/537.36 (KHTML, like Gecko) Chrome/77.0.3865.92 Safari/537.36"
::ffff:192.168.0.33 - - [29/Sep/2019:13:15:58 +0000] "POST /rosemary/zone1 HTTP/1.1" 201 - "http://114.71.220.111:3030/app/camera.html" "Mozilla/5.0 (Linux; Android 9; SM-T510) AppleWebKit/537.36 (KHTML, like Gecko) Chrome/77.0.3865.92 Safari/537.36"
::ffff:192.168.0.6 - - [29/Sep/2019:13:15:59 +0000] "POST /rosemary/zone1/YFH6ED HTTP/1.1" 201 - "-" "-"
::ffff:192.168.0.33 - - [29/Sep/2019:13:16:08 +0000] "OPTIONS /rosemary/zone1/currentUser HTTP/1.1" 200 2 "http://114.71.220.111:3030/app/camera.html" "Mozilla/5.0 (Linux; Android 9; SM-T510) AppleWebKit/537.36 (KHTML, like Gecko) Chrome/77.0.3865.92 Safari/537.36"
::ffff:192.168.0.33 - - [29/Sep/2019:13:16:08 +0000] "OPTIONS /rosemary/zone1 HTTP/1.1" 200 2 "http://114.71.220.111:3030/app/camera.html" "Mozilla/5.0 (Linux; Android 9; SM-T510) AppleWebKit/537.36 (KHTML, like Gecko) Chrome/77.0.3865.92 Safari/537.36"
::ffff:192.168.0.1 - - [29/Sep/2019:13:16:08 +0000] "OPTIONS /rosemary/zone1/state/la HTTP/1.1" 200 2 "http://114.71.220.111:3030/app/camera.html" "Mozilla/5.0 (Linux; Android 9; SM-T510) AppleWebKit/537.36 (KHTML, like Gecko) Chrome/77.0.3865.92 Safari/537.36"
::ffff:192.168.0.1 - - [29/Sep/2019:13:16:08 +0000] "GET /rosemary/zone1/state/la HTTP/1.1" 200 - "http://114.71.220.111:3030/app/camera.html" "Mozilla/5.0 (Linux; Android 9; SM-T510) AppleWebKit/537.36 (KHTML, like Gecko) Chrome/77.0.3865.92 Safari/537.36"
::ffff:192.168.0.33 - - [29/Sep/2019:13:16:08 +0000] "POST /rosemary/zone1 HTTP/1.1" 201 - "http://114.71.220.111:3030/app/camera.html" "Mozilla/5.0 (Linux; Android 9; SM-T510) AppleWebKit/537.36 (KHTML, like Gecko) Chrome/77.0.3865.92 Safari/537.36"
::ffff:192.168.0.33 - - [29/Sep/2019:13:16:08 +0000] "POST /rosemary/zone1/currentUser HTTP/1.1" 201 - "http://114.71.220.111:3030/app/camera.html" "Mozilla/5.0 (Linux; Android 9; SM-T510) AppleWebKit/537.36 (KHTML, like Gecko) Chrome/77.0.3865.92 Safari/537.36"
::ffff:192.168.0.6 - - [29/Sep/2019:13:16:08 +0000] "POST /rosemary/zone1/YBAOL5 HTTP/1.1" 201 - "-" "-"
::ffff:192.168.0.33 - - [29/Sep/2019:13:16:26 +0000] "OPTIONS /rosemary/zone1/currentUser HTTP/1.1" 200 2 "http://114.71.220.111:3030/app/camera.html" "Mozilla/5.0 (Linux; Android 9; SM-T510) AppleWebKit/537.36 (KHTML, like Gecko) Chrome/77.0.3865.92 Safari/537.36"
::ffff:192.168.0.33 - - [29/Sep/2019:13:16:26 +0000] "OPTIONS /rosemary/zone1 HTTP/1.1" 200 2 "http://114.71.220.111:3030/app/camera.html" "Mozilla/5.0 (Linux; Android 9; SM-T510) AppleWebKit/537.36 (KHTML, like Gecko) Chrome/77.0.3865.92 Safari/537.36"
::ffff:192.168.0.1 - - [29/Sep/2019:13:16:26 +0000] "OPTIONS /rosemary/zone1/state/la HTTP/1.1" 200 2 "http://114.71.220.111:3030/app/camera.html" "Mozilla/5.0 (Linux; Android 9; SM-T510) AppleWebKit/537.36 (KHTML, like Gecko) Chrome/77.0.3865.92 Safari/537.36"
::ffff:192.168.0.1 - - [29/Sep/2019:13:16:26 +0000] "GET /rosemary/zone1/state/la HTTP/1.1" 200 - "http://114.71.220.111:3030/app/camera.html" "Mozilla/5.0 (Linux; Android 9; SM-T510) AppleWebKit/537.36 (KHTML, like Gecko) Chrome/77.0.3865.92 Safari/537.36"
::ffff:192.168.0.33 - - [29/Sep/2019:13:16:26 +0000] "POST /rosemary/zone1 HTTP/1.1" 201 - "http://114.71.220.111:3030/app/camera.html" "Mozilla/5.0 (Linux; Android 9; SM-T510) AppleWebKit/537.36 (KHTML, like Gecko) Chrome/77.0.3865.92 Safari/537.36"
::ffff:192.168.0.33 - - [29/Sep/2019:13:16:26 +0000] "POST /rosemary/zone1/currentUser HTTP/1.1" 201 - "http://114.71.220.111:3030/app/camera.html" "Mozilla/5.0 (Linux; Android 9; SM-T510) AppleWebKit/537.36 (KHTML, like Gecko) Chrome/77.0.3865.92 Safari/537.36"
::ffff:192.168.0.6 - - [29/Sep/2019:13:16:26 +0000] "POST /rosemary/zone1/YFC4NA HTTP/1.1" 201 - "-" "-"
::ffff:192.168.0.1 - - [29/Sep/2019:13:16:27 +0000] "GET /rosemary/zone1/state/la HTTP/1.1" 200 - "http://114.71.220.111:3030/app/camera.html" "Mozilla/5.0 (Linux; Android 9; SM-T510) AppleWebKit/537.36 (KHTML, like Gecko) Chrome/77.0.3865.92 Safari/537.36"
::ffff:192.168.0.33 - - [29/Sep/2019:13:16:27 +0000] "POST /rosemary/zone1 HTTP/1.1" 201 - "http://114.71.220.111:3030/app/camera.html" "Mozilla/5.0 (Linux; Android 9; SM-T510) AppleWebKit/537.36 (KHTML, like Gecko) Chrome/77.0.3865.92 Safari/537.36"
::ffff:192.168.0.33 - - [29/Sep/2019:13:16:27 +0000] "POST /rosemary/zone1/currentUser HTTP/1.1" 201 - "http://114.71.220.111:3030/app/camera.html" "Mozilla/5.0 (Linux; Android 9; SM-T510) AppleWebKit/537.36 (KHTML, like Gecko) Chrome/77.0.3865.92 Safari/537.36"
::ffff:192.168.0.6 - - [29/Sep/2019:13:16:28 +0000] "POST /rosemary/zone1/Y8N524 HTTP/1.1" 201 - "-" "-"
::ffff:192.168.0.33 - - [29/Sep/2019:13:16:37 +0000] "OPTIONS /rosemary/zone1/currentUser HTTP/1.1" 200 2 "http://114.71.220.111:3030/app/camera.html" "Mozilla/5.0 (Linux; Android 9; SM-T510) AppleWebKit/537.36 (KHTML, like Gecko) Chrome/77.0.3865.92 Safari/537.36"
::ffff:192.168.0.33 - - [29/Sep/2019:13:16:37 +0000] "OPTIONS /rosemary/zone1 HTTP/1.1" 200 2 "http://114.71.220.111:3030/app/camera.html" "Mozilla/5.0 (Linux; Android 9; SM-T510) AppleWebKit/537.36 (KHTML, like Gecko) Chrome/77.0.3865.92 Safari/537.36"
::ffff:192.168.0.1 - - [29/Sep/2019:13:16:37 +0000] "OPTIONS /rosemary/zone1/state/la HTTP/1.1" 200 2 "http://114.71.220.111:3030/app/camera.html" "Mozilla/5.0 (Linux; Android 9; SM-T510) AppleWebKit/537.36 (KHTML, like Gecko) Chrome/77.0.3865.92 Safari/537.36"
::ffff:192.168.0.1 - - [29/Sep/2019:13:16:37 +0000] "GET /rosemary/zone1/state/la HTTP/1.1" 200 - "http://114.71.220.111:3030/app/camera.html" "Mozilla/5.0 (Linux; Android 9; SM-T510) AppleWebKit/537.36 (KHTML, like Gecko) Chrome/77.0.3865.92 Safari/537.36"
::ffff:192.168.0.33 - - [29/Sep/2019:13:16:38 +0000] "POST /rosemary/zone1 HTTP/1.1" 201 - "http://114.71.220.111:3030/app/camera.html" "Mozilla/5.0 (Linux; Android 9; SM-T510) AppleWebKit/537.36 (KHTML, like Gecko) Chrome/77.0.3865.92 Safari/537.36"
::ffff:192.168.0.33 - - [29/Sep/2019:13:16:38 +0000] "POST /rosemary/zone1/currentUser HTTP/1.1" 201 - "http://114.71.220.111:3030/app/camera.html" "Mozilla/5.0 (Linux; Android 9; SM-T510) AppleWebKit/537.36 (KHTML, like Gecko) Chrome/77.0.3865.92 Safari/537.36"
::ffff:192.168.0.6 - - [29/Sep/2019:13:16:38 +0000] "POST /rosemary/zone1/YCHK9N HTTP/1.1" 201 - "-" "-"
::ffff:192.168.0.33 - - [29/Sep/2019:13:16:47 +0000] "OPTIONS /rosemary/zone1/currentUser HTTP/1.1" 200 2 "http://114.71.220.111:3030/app/camera.html" "Mozilla/5.0 (Linux; Android 9; SM-T510) AppleWebKit/537.36 (KHTML, like Gecko) Chrome/77.0.3865.92 Safari/537.36"
::ffff:192.168.0.33 - - [29/Sep/2019:13:16:47 +0000] "OPTIONS /rosemary/zone1 HTTP/1.1" 200 2 "http://114.71.220.111:3030/app/camera.html" "Mozilla/5.0 (Linux; Android 9; SM-T510) AppleWebKit/537.36 (KHTML, like Gecko) Chrome/77.0.3865.92 Safari/537.36"
::ffff:192.168.0.1 - - [29/Sep/2019:13:16:47 +0000] "OPTIONS /rosemary/zone1/state/la HTTP/1.1" 200 2 "http://114.71.220.111:3030/app/camera.html" "Mozilla/5.0 (Linux; Android 9; SM-T510) AppleWebKit/537.36 (KHTML, like Gecko) Chrome/77.0.3865.92 Safari/537.36"
::ffff:192.168.0.1 - - [29/Sep/2019:13:16:47 +0000] "GET /rosemary/zone1/state/la HTTP/1.1" 200 - "http://114.71.220.111:3030/app/camera.html" "Mozilla/5.0 (Linux; Android 9; SM-T510) AppleWebKit/537.36 (KHTML, like Gecko) Chrome/77.0.3865.92 Safari/537.36"
