::ffff:192.168.0.8 - - [01/Oct/2019:13:18:13 +0000] "OPTIONS /rosemary/zone1/cam1 HTTP/1.1" 200 2 "-" "Mozilla/5.0 (Windows NT 10.0; Win64; x64) AppleWebKit/537.36 (KHTML, like Gecko) Chrome/77.0.3865.90 Safari/537.36"
::ffff:192.168.0.8 - - [01/Oct/2019:13:18:13 +0000] "POST /rosemary/zone1/cam1 HTTP/1.1" 201 - "-" "Mozilla/5.0 (Windows NT 10.0; Win64; x64) AppleWebKit/537.36 (KHTML, like Gecko) Chrome/77.0.3865.90 Safari/537.36"
::ffff:192.168.0.33 - - [01/Oct/2019:13:24:55 +0000] "OPTIONS /rosemary/zone1/currentUser HTTP/1.1" 200 2 "http://114.71.220.111:3030/app/cam_kiosk.html" "Mozilla/5.0 (Linux; Android 9; SM-T510) AppleWebKit/537.36 (KHTML, like Gecko) Chrome/77.0.3865.92 Safari/537.36"
::ffff:192.168.0.33 - - [01/Oct/2019:13:24:55 +0000] "OPTIONS /rosemary/zone1 HTTP/1.1" 200 2 "http://114.71.220.111:3030/app/cam_kiosk.html" "Mozilla/5.0 (Linux; Android 9; SM-T510) AppleWebKit/537.36 (KHTML, like Gecko) Chrome/77.0.3865.92 Safari/537.36"
::ffff:192.168.0.1 - - [01/Oct/2019:13:24:55 +0000] "OPTIONS /rosemary/zone1/state/la HTTP/1.1" 200 2 "http://114.71.220.111:3030/app/cam_kiosk.html" "Mozilla/5.0 (Linux; Android 9; SM-T510) AppleWebKit/537.36 (KHTML, like Gecko) Chrome/77.0.3865.92 Safari/537.36"
::ffff:192.168.0.1 - - [01/Oct/2019:13:24:55 +0000] "GET /rosemary/zone1/state/la HTTP/1.1" 200 - "http://114.71.220.111:3030/app/cam_kiosk.html" "Mozilla/5.0 (Linux; Android 9; SM-T510) AppleWebKit/537.36 (KHTML, like Gecko) Chrome/77.0.3865.92 Safari/537.36"
::ffff:192.168.0.33 - - [01/Oct/2019:13:24:55 +0000] "POST /rosemary/zone1 HTTP/1.1" 201 - "http://114.71.220.111:3030/app/cam_kiosk.html" "Mozilla/5.0 (Linux; Android 9; SM-T510) AppleWebKit/537.36 (KHTML, like Gecko) Chrome/77.0.3865.92 Safari/537.36"
::ffff:192.168.0.33 - - [01/Oct/2019:13:24:55 +0000] "POST /rosemary/zone1/currentUser HTTP/1.1" 201 - "http://114.71.220.111:3030/app/cam_kiosk.html" "Mozilla/5.0 (Linux; Android 9; SM-T510) AppleWebKit/537.36 (KHTML, like Gecko) Chrome/77.0.3865.92 Safari/537.36"
::ffff:192.168.0.2 - - [01/Oct/2019:13:24:56 +0000] "POST /rosemary/zone1/Y3OG54 HTTP/1.1" 201 - "-" "-"
::ffff:192.168.0.2 - - [01/Oct/2019:13:24:56 +0000] "POST /rosemary/zone1/Y3OG54 HTTP/1.1" 409 - "-" "-"
::ffff:192.168.0.2 - - [01/Oct/2019:13:24:56 +0000] "DELETE /rosemary/zone1/Y3OG54/mobiususer02.MOBIUS.BROWSER.APP_sub HTTP/1.1" 200 - "-" "-"
::ffff:192.168.0.2 - - [01/Oct/2019:13:24:56 +0000] "POST /rosemary/zone1/Y3OG54 HTTP/1.1" 201 - "-" "-"
::ffff:192.168.0.2 - - [01/Oct/2019:13:24:56 +0000] "POST /rosemary/zone1/Y3OG54 HTTP/1.1" 409 - "-" "-"
::ffff:192.168.0.2 - - [01/Oct/2019:13:24:56 +0000] "DELETE /rosemary/zone1/Y3OG54/mobiususer02.MOBIUS.BROWSER.APP_sub HTTP/1.1" 200 - "-" "-"
::ffff:192.168.0.2 - - [01/Oct/2019:13:24:56 +0000] "POST /rosemary/zone1/Y3OG54 HTTP/1.1" 201 - "-" "-"
::ffff:192.168.0.1 - - [01/Oct/2019:13:25:00 +0000] "GET /rosemary/zone1/state/la HTTP/1.1" 200 - "http://114.71.220.111:3030/app/camera.html" "Mozilla/5.0 (Linux; Android 9; SM-T510) AppleWebKit/537.36 (KHTML, like Gecko) Chrome/77.0.3865.92 Safari/537.36"
::ffff:192.168.0.33 - - [01/Oct/2019:13:25:00 +0000] "POST /rosemary/zone1 HTTP/1.1" 201 - "http://114.71.220.111:3030/app/camera.html" "Mozilla/5.0 (Linux; Android 9; SM-T510) AppleWebKit/537.36 (KHTML, like Gecko) Chrome/77.0.3865.92 Safari/537.36"
::ffff:192.168.0.33 - - [01/Oct/2019:13:25:00 +0000] "POST /rosemary/zone1/currentUser HTTP/1.1" 201 - "http://114.71.220.111:3030/app/camera.html" "Mozilla/5.0 (Linux; Android 9; SM-T510) AppleWebKit/537.36 (KHTML, like Gecko) Chrome/77.0.3865.92 Safari/537.36"
::ffff:192.168.0.2 - - [01/Oct/2019:13:25:00 +0000] "POST /rosemary/zone1/YI9FDL HTTP/1.1" 201 - "-" "-"
::ffff:192.168.0.2 - - [01/Oct/2019:13:25:00 +0000] "POST /rosemary/zone1/YI9FDL HTTP/1.1" 409 - "-" "-"
::ffff:192.168.0.2 - - [01/Oct/2019:13:25:00 +0000] "DELETE /rosemary/zone1/YI9FDL/mobiususer02.MOBIUS.BROWSER.APP_sub HTTP/1.1" 200 - "-" "-"
::ffff:192.168.0.2 - - [01/Oct/2019:13:25:00 +0000] "POST /rosemary/zone1/YI9FDL HTTP/1.1" 201 - "-" "-"
::ffff:192.168.0.2 - - [01/Oct/2019:13:25:01 +0000] "POST /rosemary/zone1/YI9FDL HTTP/1.1" 409 - "-" "-"
::ffff:192.168.0.2 - - [01/Oct/2019:13:25:01 +0000] "DELETE /rosemary/zone1/YI9FDL/mobiususer02.MOBIUS.BROWSER.APP_sub HTTP/1.1" 200 - "-" "-"
::ffff:192.168.0.2 - - [01/Oct/2019:13:25:01 +0000] "POST /rosemary/zone1/YI9FDL HTTP/1.1" 201 - "-" "-"
::ffff:192.168.0.33 - - [01/Oct/2019:13:25:20 +0000] "OPTIONS /rosemary/zone1/currentUser/la HTTP/1.1" 200 2 "http://114.71.220.111:3030/app/slide0.html" "Mozilla/5.0 (Linux; Android 9; SM-T510) AppleWebKit/537.36 (KHTML, like Gecko) Chrome/77.0.3865.92 Safari/537.36"
::ffff:192.168.0.33 - - [01/Oct/2019:13:25:20 +0000] "GET /rosemary/zone1/currentUser/la HTTP/1.1" 200 - "http://114.71.220.111:3030/app/slide0.html" "Mozilla/5.0 (Linux; Android 9; SM-T510) AppleWebKit/537.36 (KHTML, like Gecko) Chrome/77.0.3865.92 Safari/537.36"
::ffff:192.168.0.33 - - [01/Oct/2019:13:25:20 +0000] "GET /rosemary/zone1/currentUser/la HTTP/1.1" 200 - "http://114.71.220.111:3030/app/slide0.html" "Mozilla/5.0 (Linux; Android 9; SM-T510) AppleWebKit/537.36 (KHTML, like Gecko) Chrome/77.0.3865.92 Safari/537.36"
::ffff:192.168.0.33 - - [01/Oct/2019:13:25:20 +0000] "OPTIONS /rosemary/zone1/YI9FDL?lim=10&rcn=4 HTTP/1.1" 200 2 "http://114.71.220.111:3030/app/slide0.html" "Mozilla/5.0 (Linux; Android 9; SM-T510) AppleWebKit/537.36 (KHTML, like Gecko) Chrome/77.0.3865.92 Safari/537.36"
::ffff:192.168.0.33 - - [01/Oct/2019:13:25:21 +0000] "GET /rosemary/zone1/YI9FDL?lim=10&rcn=4 HTTP/1.1" 200 - "http://114.71.220.111:3030/app/slide0.html" "Mozilla/5.0 (Linux; Android 9; SM-T510) AppleWebKit/537.36 (KHTML, like Gecko) Chrome/77.0.3865.92 Safari/537.36"
::ffff:192.168.0.33 - - [01/Oct/2019:13:25:32 +0000] "OPTIONS /rosemary/zone1/currentUser/la HTTP/1.1" 200 2 "http://114.71.220.111:3030/app/gallery.html" "Mozilla/5.0 (Linux; Android 9; SM-T510) AppleWebKit/537.36 (KHTML, like Gecko) Chrome/77.0.3865.92 Safari/537.36"
::ffff:192.168.0.33 - - [01/Oct/2019:13:25:32 +0000] "GET /rosemary/zone1/currentUser/la HTTP/1.1" 200 - "http://114.71.220.111:3030/app/gallery.html" "Mozilla/5.0 (Linux; Android 9; SM-T510) AppleWebKit/537.36 (KHTML, like Gecko) Chrome/77.0.3865.92 Safari/537.36"
::ffff:192.168.0.33 - - [01/Oct/2019:13:26:06 +0000] "OPTIONS /rosemary/zone1/currentUser HTTP/1.1" 200 2 "http://114.71.220.111:3030/app/cam_kiosk.html" "Mozilla/5.0 (Linux; Android 9; SM-T510) AppleWebKit/537.36 (KHTML, like Gecko) Chrome/77.0.3865.92 Safari/537.36"
::ffff:192.168.0.33 - - [01/Oct/2019:13:26:06 +0000] "OPTIONS /rosemary/zone1 HTTP/1.1" 200 2 "http://114.71.220.111:3030/app/cam_kiosk.html" "Mozilla/5.0 (Linux; Android 9; SM-T510) AppleWebKit/537.36 (KHTML, like Gecko) Chrome/77.0.3865.92 Safari/537.36"
::ffff:192.168.0.1 - - [01/Oct/2019:13:26:06 +0000] "OPTIONS /rosemary/zone1/state/la HTTP/1.1" 200 2 "http://114.71.220.111:3030/app/cam_kiosk.html" "Mozilla/5.0 (Linux; Android 9; SM-T510) AppleWebKit/537.36 (KHTML, like Gecko) Chrome/77.0.3865.92 Safari/537.36"
::ffff:192.168.0.1 - - [01/Oct/2019:13:26:06 +0000] "GET /rosemary/zone1/state/la HTTP/1.1" 200 - "http://114.71.220.111:3030/app/cam_kiosk.html" "Mozilla/5.0 (Linux; Android 9; SM-T510) AppleWebKit/537.36 (KHTML, like Gecko) Chrome/77.0.3865.92 Safari/537.36"
::ffff:192.168.0.33 - - [01/Oct/2019:13:26:06 +0000] "POST /rosemary/zone1/currentUser HTTP/1.1" 201 - "http://114.71.220.111:3030/app/cam_kiosk.html" "Mozilla/5.0 (Linux; Android 9; SM-T510) AppleWebKit/537.36 (KHTML, like Gecko) Chrome/77.0.3865.92 Safari/537.36"
::ffff:192.168.0.33 - - [01/Oct/2019:13:26:06 +0000] "POST /rosemary/zone1 HTTP/1.1" 201 - "http://114.71.220.111:3030/app/cam_kiosk.html" "Mozilla/5.0 (Linux; Android 9; SM-T510) AppleWebKit/537.36 (KHTML, like Gecko) Chrome/77.0.3865.92 Safari/537.36"
::ffff:192.168.0.2 - - [01/Oct/2019:13:26:06 +0000] "POST /rosemary/zone1/Y1495H HTTP/1.1" 201 - "-" "-"
::ffff:192.168.0.2 - - [01/Oct/2019:13:26:07 +0000] "POST /rosemary/zone1/Y1495H HTTP/1.1" 409 - "-" "-"
::ffff:192.168.0.2 - - [01/Oct/2019:13:26:07 +0000] "DELETE /rosemary/zone1/Y1495H/mobiususer02.MOBIUS.BROWSER.APP_sub HTTP/1.1" 200 - "-" "-"
::ffff:192.168.0.2 - - [01/Oct/2019:13:26:07 +0000] "POST /rosemary/zone1/Y1495H HTTP/1.1" 201 - "-" "-"
::ffff:192.168.0.2 - - [01/Oct/2019:13:26:07 +0000] "POST /rosemary/zone1/Y1495H HTTP/1.1" 409 - "-" "-"
::ffff:192.168.0.2 - - [01/Oct/2019:13:26:07 +0000] "DELETE /rosemary/zone1/Y1495H/mobiususer02.MOBIUS.BROWSER.APP_sub HTTP/1.1" 200 - "-" "-"
::ffff:192.168.0.2 - - [01/Oct/2019:13:26:07 +0000] "POST /rosemary/zone1/Y1495H HTTP/1.1" 201 - "-" "-"
::ffff:192.168.0.1 - - [01/Oct/2019:13:26:08 +0000] "GET /rosemary/zone1/state/la HTTP/1.1" 200 - "http://114.71.220.111:3030/app/camera.html" "Mozilla/5.0 (Linux; Android 9; SM-T510) AppleWebKit/537.36 (KHTML, like Gecko) Chrome/77.0.3865.92 Safari/537.36"
::ffff:192.168.0.33 - - [01/Oct/2019:13:26:08 +0000] "POST /rosemary/zone1 HTTP/1.1" 201 - "http://114.71.220.111:3030/app/camera.html" "Mozilla/5.0 (Linux; Android 9; SM-T510) AppleWebKit/537.36 (KHTML, like Gecko) Chrome/77.0.3865.92 Safari/537.36"
::ffff:192.168.0.33 - - [01/Oct/2019:13:26:08 +0000] "POST /rosemary/zone1/currentUser HTTP/1.1" 201 - "http://114.71.220.111:3030/app/camera.html" "Mozilla/5.0 (Linux; Android 9; SM-T510) AppleWebKit/537.36 (KHTML, like Gecko) Chrome/77.0.3865.92 Safari/537.36"
::ffff:192.168.0.2 - - [01/Oct/2019:13:26:09 +0000] "POST /rosemary/zone1/YGKQH8 HTTP/1.1" 201 - "-" "-"
::ffff:192.168.0.2 - - [01/Oct/2019:13:26:09 +0000] "POST /rosemary/zone1/YGKQH8 HTTP/1.1" 409 - "-" "-"
::ffff:192.168.0.2 - - [01/Oct/2019:13:26:09 +0000] "DELETE /rosemary/zone1/YGKQH8/mobiususer02.MOBIUS.BROWSER.APP_sub HTTP/1.1" 200 - "-" "-"
::ffff:192.168.0.2 - - [01/Oct/2019:13:26:09 +0000] "POST /rosemary/zone1/YGKQH8 HTTP/1.1" 201 - "-" "-"
::ffff:192.168.0.2 - - [01/Oct/2019:13:26:09 +0000] "POST /rosemary/zone1/YGKQH8 HTTP/1.1" 409 - "-" "-"
::ffff:192.168.0.2 - - [01/Oct/2019:13:26:09 +0000] "DELETE /rosemary/zone1/YGKQH8/mobiususer02.MOBIUS.BROWSER.APP_sub HTTP/1.1" 200 - "-" "-"
::ffff:192.168.0.2 - - [01/Oct/2019:13:26:09 +0000] "POST /rosemary/zone1/YGKQH8 HTTP/1.1" 201 - "-" "-"
::ffff:192.168.0.33 - - [01/Oct/2019:13:27:04 +0000] "OPTIONS /rosemary/zone1/currentUser/la HTTP/1.1" 200 2 "http://114.71.220.111:3030/app/slide0.html" "Mozilla/5.0 (Linux; Android 9; SM-T510) AppleWebKit/537.36 (KHTML, like Gecko) Chrome/77.0.3865.92 Safari/537.36"
::ffff:192.168.0.33 - - [01/Oct/2019:13:27:04 +0000] "GET /rosemary/zone1/currentUser/la HTTP/1.1" 200 - "http://114.71.220.111:3030/app/slide0.html" "Mozilla/5.0 (Linux; Android 9; SM-T510) AppleWebKit/537.36 (KHTML, like Gecko) Chrome/77.0.3865.92 Safari/537.36"
::ffff:192.168.0.33 - - [01/Oct/2019:13:27:04 +0000] "GET /rosemary/zone1/currentUser/la HTTP/1.1" 200 - "http://114.71.220.111:3030/app/slide0.html" "Mozilla/5.0 (Linux; Android 9; SM-T510) AppleWebKit/537.36 (KHTML, like Gecko) Chrome/77.0.3865.92 Safari/537.36"
::ffff:192.168.0.33 - - [01/Oct/2019:13:27:04 +0000] "OPTIONS /rosemary/zone1/YGKQH8?lim=10&rcn=4 HTTP/1.1" 200 2 "http://114.71.220.111:3030/app/slide0.html" "Mozilla/5.0 (Linux; Android 9; SM-T510) AppleWebKit/537.36 (KHTML, like Gecko) Chrome/77.0.3865.92 Safari/537.36"
::ffff:192.168.0.33 - - [01/Oct/2019:13:27:04 +0000] "GET /rosemary/zone1/YGKQH8?lim=10&rcn=4 HTTP/1.1" 200 - "http://114.71.220.111:3030/app/slide0.html" "Mozilla/5.0 (Linux; Android 9; SM-T510) AppleWebKit/537.36 (KHTML, like Gecko) Chrome/77.0.3865.92 Safari/537.36"
::ffff:192.168.0.33 - - [01/Oct/2019:13:27:29 +0000] "OPTIONS /rosemary/zone1/cam1 HTTP/1.1" 200 2 "http://114.71.220.111:3030/app/slide0.html" "Mozilla/5.0 (Linux; Android 9; SM-T510) AppleWebKit/537.36 (KHTML, like Gecko) Chrome/77.0.3865.92 Safari/537.36"
::ffff:192.168.0.33 - - [01/Oct/2019:13:27:30 +0000] "POST /rosemary/zone1/cam1 HTTP/1.1" 201 - "http://114.71.220.111:3030/app/slide0.html" "Mozilla/5.0 (Linux; Android 9; SM-T510) AppleWebKit/537.36 (KHTML, like Gecko) Chrome/77.0.3865.92 Safari/537.36"
::ffff:192.168.0.33 - - [01/Oct/2019:13:27:48 +0000] "OPTIONS /rosemary/zone1/cam1 HTTP/1.1" 200 2 "http://114.71.220.111:3030/app/slide0.html" "Mozilla/5.0 (Linux; Android 9; SM-T510) AppleWebKit/537.36 (KHTML, like Gecko) Chrome/77.0.3865.92 Safari/537.36"
::ffff:192.168.0.33 - - [01/Oct/2019:13:27:50 +0000] "POST /rosemary/zone1/cam1 HTTP/1.1" 201 - "http://114.71.220.111:3030/app/slide0.html" "Mozilla/5.0 (Linux; Android 9; SM-T510) AppleWebKit/537.36 (KHTML, like Gecko) Chrome/77.0.3865.92 Safari/537.36"
::ffff:192.168.0.1 - - [01/Oct/2019:13:27:50 +0000] "POST /rosemary/zone1/YGKQH8 HTTP/1.1" 201 - "-" "-"
::ffff:192.168.0.33 - - [01/Oct/2019:13:27:54 +0000] "POST /rosemary/zone1/cam1 HTTP/1.1" 201 - "http://114.71.220.111:3030/app/slide0.html" "Mozilla/5.0 (Linux; Android 9; SM-T510) AppleWebKit/537.36 (KHTML, like Gecko) Chrome/77.0.3865.92 Safari/537.36"
::ffff:192.168.0.1 - - [01/Oct/2019:13:27:54 +0000] "POST /rosemary/zone1/YGKQH8 HTTP/1.1" 201 - "-" "-"
::ffff:192.168.0.33 - - [01/Oct/2019:13:27:58 +0000] "OPTIONS /rosemary/zone1/currentUser/la HTTP/1.1" 200 2 "http://114.71.220.111:3030/app/slide0.html" "Mozilla/5.0 (Linux; Android 9; SM-T510) AppleWebKit/537.36 (KHTML, like Gecko) Chrome/77.0.3865.92 Safari/537.36"
::ffff:192.168.0.33 - - [01/Oct/2019:13:27:58 +0000] "GET /rosemary/zone1/currentUser/la HTTP/1.1" 200 - "http://114.71.220.111:3030/app/slide0.html" "Mozilla/5.0 (Linux; Android 9; SM-T510) AppleWebKit/537.36 (KHTML, like Gecko) Chrome/77.0.3865.92 Safari/537.36"
::ffff:192.168.0.33 - - [01/Oct/2019:13:27:58 +0000] "GET /rosemary/zone1/currentUser/la HTTP/1.1" 200 - "http://114.71.220.111:3030/app/slide0.html" "Mozilla/5.0 (Linux; Android 9; SM-T510) AppleWebKit/537.36 (KHTML, like Gecko) Chrome/77.0.3865.92 Safari/537.36"
::ffff:192.168.0.33 - - [01/Oct/2019:13:27:58 +0000] "OPTIONS /rosemary/zone1/YGKQH8?lim=10&rcn=4 HTTP/1.1" 200 2 "http://114.71.220.111:3030/app/slide0.html" "Mozilla/5.0 (Linux; Android 9; SM-T510) AppleWebKit/537.36 (KHTML, like Gecko) Chrome/77.0.3865.92 Safari/537.36"
::ffff:192.168.0.33 - - [01/Oct/2019:13:27:58 +0000] "GET /rosemary/zone1/YGKQH8?lim=10&rcn=4 HTTP/1.1" 200 - "http://114.71.220.111:3030/app/slide0.html" "Mozilla/5.0 (Linux; Android 9; SM-T510) AppleWebKit/537.36 (KHTML, like Gecko) Chrome/77.0.3865.92 Safari/537.36"
::ffff:192.168.0.12 - - [01/Oct/2019:13:29:06 +0000] "OPTIONS /rosemary/zone1/currentUser/la HTTP/1.1" 200 2 "http://114.71.220.111:3030/app/slide0.html" "Mozilla/5.0 (Windows NT 10.0; Win64; x64) AppleWebKit/537.36 (KHTML, like Gecko) Chrome/77.0.3865.90 Safari/537.36"
::ffff:192.168.0.12 - - [01/Oct/2019:13:29:06 +0000] "GET /rosemary/zone1/currentUser/la HTTP/1.1" 200 - "http://114.71.220.111:3030/app/slide0.html" "Mozilla/5.0 (Windows NT 10.0; Win64; x64) AppleWebKit/537.36 (KHTML, like Gecko) Chrome/77.0.3865.90 Safari/537.36"
::ffff:192.168.0.12 - - [01/Oct/2019:13:29:07 +0000] "GET /rosemary/zone1/currentUser/la HTTP/1.1" 200 - "http://114.71.220.111:3030/app/slide0.html" "Mozilla/5.0 (Windows NT 10.0; Win64; x64) AppleWebKit/537.36 (KHTML, like Gecko) Chrome/77.0.3865.90 Safari/537.36"
::ffff:192.168.0.12 - - [01/Oct/2019:13:29:07 +0000] "OPTIONS /rosemary/zone1/YGKQH8?lim=10&rcn=4 HTTP/1.1" 200 2 "http://114.71.220.111:3030/app/slide0.html" "Mozilla/5.0 (Windows NT 10.0; Win64; x64) AppleWebKit/537.36 (KHTML, like Gecko) Chrome/77.0.3865.90 Safari/537.36"
::ffff:192.168.0.12 - - [01/Oct/2019:13:29:07 +0000] "GET /rosemary/zone1/YGKQH8?lim=10&rcn=4 HTTP/1.1" 200 - "http://114.71.220.111:3030/app/slide0.html" "Mozilla/5.0 (Windows NT 10.0; Win64; x64) AppleWebKit/537.36 (KHTML, like Gecko) Chrome/77.0.3865.90 Safari/537.36"
::ffff:192.168.0.33 - - [01/Oct/2019:13:31:37 +0000] "OPTIONS /rosemary/zone1/currentUser/la HTTP/1.1" 200 2 "http://114.71.220.111:3030/app/slide0.html" "Mozilla/5.0 (Linux; Android 9; SM-T510) AppleWebKit/537.36 (KHTML, like Gecko) Chrome/77.0.3865.92 Safari/537.36"
::ffff:192.168.0.33 - - [01/Oct/2019:13:31:38 +0000] "OPTIONS /rosemary/zone1/YGKQH8?lim=10&rcn=4 HTTP/1.1" 200 2 "http://114.71.220.111:3030/app/slide0.html" "Mozilla/5.0 (Linux; Android 9; SM-T510) AppleWebKit/537.36 (KHTML, like Gecko) Chrome/77.0.3865.92 Safari/537.36"
::ffff:192.168.0.33 - - [01/Oct/2019:13:32:33 +0000] "OPTIONS /rosemary/zone1/cam1 HTTP/1.1" 200 2 "http://114.71.220.111:3030/app/slide0.html" "Mozilla/5.0 (Linux; Android 9; SM-T510) AppleWebKit/537.36 (KHTML, like Gecko) Chrome/77.0.3865.92 Safari/537.36"
::ffff:192.168.0.33 - - [01/Oct/2019:13:32:33 +0000] "POST /rosemary/zone1/cam1 HTTP/1.1" 201 - "http://114.71.220.111:3030/app/slide0.html" "Mozilla/5.0 (Linux; Android 9; SM-T510) AppleWebKit/537.36 (KHTML, like Gecko) Chrome/77.0.3865.92 Safari/537.36"
::ffff:192.168.0.12 - - [01/Oct/2019:13:34:04 +0000] "OPTIONS /rosemary/zone1/currentUser/la HTTP/1.1" 200 2 "http://114.71.220.111:3030/app/slide0.html" "Mozilla/5.0 (Windows NT 10.0; Win64; x64) AppleWebKit/537.36 (KHTML, like Gecko) Chrome/77.0.3865.90 Safari/537.36"
::ffff:192.168.0.12 - - [01/Oct/2019:13:34:04 +0000] "GET /rosemary/zone1/currentUser/la HTTP/1.1" 200 - "http://114.71.220.111:3030/app/slide0.html" "Mozilla/5.0 (Windows NT 10.0; Win64; x64) AppleWebKit/537.36 (KHTML, like Gecko) Chrome/77.0.3865.90 Safari/537.36"
::ffff:192.168.0.12 - - [01/Oct/2019:13:34:04 +0000] "GET /rosemary/zone1/currentUser/la HTTP/1.1" 200 - "http://114.71.220.111:3030/app/slide0.html" "Mozilla/5.0 (Windows NT 10.0; Win64; x64) AppleWebKit/537.36 (KHTML, like Gecko) Chrome/77.0.3865.90 Safari/537.36"
::ffff:192.168.0.12 - - [01/Oct/2019:13:34:04 +0000] "OPTIONS /rosemary/zone1/YGKQH8?lim=10&rcn=4 HTTP/1.1" 200 2 "http://114.71.220.111:3030/app/slide0.html" "Mozilla/5.0 (Windows NT 10.0; Win64; x64) AppleWebKit/537.36 (KHTML, like Gecko) Chrome/77.0.3865.90 Safari/537.36"
::ffff:192.168.0.12 - - [01/Oct/2019:13:34:04 +0000] "GET /rosemary/zone1/YGKQH8?lim=10&rcn=4 HTTP/1.1" 200 - "http://114.71.220.111:3030/app/slide0.html" "Mozilla/5.0 (Windows NT 10.0; Win64; x64) AppleWebKit/537.36 (KHTML, like Gecko) Chrome/77.0.3865.90 Safari/537.36"
::ffff:192.168.0.12 - - [01/Oct/2019:13:34:27 +0000] "OPTIONS /rosemary/zone1/currentUser/la HTTP/1.1" 200 2 "http://114.71.220.111:3030/app/slide0.html" "Mozilla/5.0 (Windows NT 10.0; Win64; x64) AppleWebKit/537.36 (KHTML, like Gecko) Chrome/77.0.3865.90 Safari/537.36"
::ffff:192.168.0.12 - - [01/Oct/2019:13:34:27 +0000] "GET /rosemary/zone1/currentUser/la HTTP/1.1" 200 - "http://114.71.220.111:3030/app/slide0.html" "Mozilla/5.0 (Windows NT 10.0; Win64; x64) AppleWebKit/537.36 (KHTML, like Gecko) Chrome/77.0.3865.90 Safari/537.36"
::ffff:192.168.0.12 - - [01/Oct/2019:13:34:27 +0000] "OPTIONS /rosemary/zone1/YGKQH8?lim=10&rcn=4 HTTP/1.1" 200 2 "http://114.71.220.111:3030/app/slide0.html" "Mozilla/5.0 (Windows NT 10.0; Win64; x64) AppleWebKit/537.36 (KHTML, like Gecko) Chrome/77.0.3865.90 Safari/537.36"
::ffff:192.168.0.12 - - [01/Oct/2019:13:34:27 +0000] "GET /rosemary/zone1/YGKQH8?lim=10&rcn=4 HTTP/1.1" 200 - "http://114.71.220.111:3030/app/slide0.html" "Mozilla/5.0 (Windows NT 10.0; Win64; x64) AppleWebKit/537.36 (KHTML, like Gecko) Chrome/77.0.3865.90 Safari/537.36"
::ffff:192.168.0.12 - - [01/Oct/2019:13:34:29 +0000] "GET /rosemary/zone1/currentUser/la HTTP/1.1" 200 - "http://114.71.220.111:3030/app/slide0.html" "Mozilla/5.0 (Windows NT 10.0; Win64; x64) AppleWebKit/537.36 (KHTML, like Gecko) Chrome/77.0.3865.90 Safari/537.36"
::ffff:192.168.0.12 - - [01/Oct/2019:13:34:29 +0000] "GET /rosemary/zone1/YGKQH8?lim=10&rcn=4 HTTP/1.1" 200 - "http://114.71.220.111:3030/app/slide0.html" "Mozilla/5.0 (Windows NT 10.0; Win64; x64) AppleWebKit/537.36 (KHTML, like Gecko) Chrome/77.0.3865.90 Safari/537.36"
::ffff:192.168.0.12 - - [01/Oct/2019:13:34:32 +0000] "OPTIONS /rosemary/zone1/currentUser/la HTTP/1.1" 200 2 "http://114.71.220.111:3030/app/slide0.html" "Mozilla/5.0 (Windows NT 10.0; Win64; x64) AppleWebKit/537.36 (KHTML, like Gecko) Chrome/77.0.3865.90 Safari/537.36"
::ffff:192.168.0.12 - - [01/Oct/2019:13:34:32 +0000] "GET /rosemary/zone1/currentUser/la HTTP/1.1" 200 - "http://114.71.220.111:3030/app/slide0.html" "Mozilla/5.0 (Windows NT 10.0; Win64; x64) AppleWebKit/537.36 (KHTML, like Gecko) Chrome/77.0.3865.90 Safari/537.36"
::ffff:192.168.0.12 - - [01/Oct/2019:13:34:32 +0000] "OPTIONS /rosemary/zone1/YGKQH8?lim=10&rcn=4 HTTP/1.1" 200 2 "http://114.71.220.111:3030/app/slide0.html" "Mozilla/5.0 (Windows NT 10.0; Win64; x64) AppleWebKit/537.36 (KHTML, like Gecko) Chrome/77.0.3865.90 Safari/537.36"
::ffff:192.168.0.12 - - [01/Oct/2019:13:34:32 +0000] "GET /rosemary/zone1/YGKQH8?lim=10&rcn=4 HTTP/1.1" 200 - "http://114.71.220.111:3030/app/slide0.html" "Mozilla/5.0 (Windows NT 10.0; Win64; x64) AppleWebKit/537.36 (KHTML, like Gecko) Chrome/77.0.3865.90 Safari/537.36"
::ffff:192.168.0.12 - - [01/Oct/2019:13:34:47 +0000] "OPTIONS /rosemary/zone1/currentUser/la HTTP/1.1" 200 2 "http://114.71.220.111:3030/app/slide0.html" "Mozilla/5.0 (Windows NT 10.0; Win64; x64) AppleWebKit/537.36 (KHTML, like Gecko) Chrome/77.0.3865.90 Safari/537.36"
::ffff:192.168.0.12 - - [01/Oct/2019:13:34:47 +0000] "GET /rosemary/zone1/currentUser/la HTTP/1.1" 200 - "http://114.71.220.111:3030/app/slide0.html" "Mozilla/5.0 (Windows NT 10.0; Win64; x64) AppleWebKit/537.36 (KHTML, like Gecko) Chrome/77.0.3865.90 Safari/537.36"
::ffff:192.168.0.12 - - [01/Oct/2019:13:34:47 +0000] "OPTIONS /rosemary/zone1/YGKQH8?lim=10&rcn=4 HTTP/1.1" 200 2 "http://114.71.220.111:3030/app/slide0.html" "Mozilla/5.0 (Windows NT 10.0; Win64; x64) AppleWebKit/537.36 (KHTML, like Gecko) Chrome/77.0.3865.90 Safari/537.36"
::ffff:192.168.0.12 - - [01/Oct/2019:13:34:47 +0000] "GET /rosemary/zone1/YGKQH8?lim=10&rcn=4 HTTP/1.1" 200 - "http://114.71.220.111:3030/app/slide0.html" "Mozilla/5.0 (Windows NT 10.0; Win64; x64) AppleWebKit/537.36 (KHTML, like Gecko) Chrome/77.0.3865.90 Safari/537.36"
::ffff:192.168.0.12 - - [01/Oct/2019:13:35:07 +0000] "OPTIONS /rosemary/zone1/cam1 HTTP/1.1" 200 2 "http://114.71.220.111:3030/app/slide0.html" "Mozilla/5.0 (Windows NT 10.0; Win64; x64) AppleWebKit/537.36 (KHTML, like Gecko) Chrome/77.0.3865.90 Safari/537.36"
::ffff:192.168.0.12 - - [01/Oct/2019:13:35:07 +0000] "POST /rosemary/zone1/cam1 HTTP/1.1" 201 - "http://114.71.220.111:3030/app/slide0.html" "Mozilla/5.0 (Windows NT 10.0; Win64; x64) AppleWebKit/537.36 (KHTML, like Gecko) Chrome/77.0.3865.90 Safari/537.36"
::ffff:192.168.0.12 - - [01/Oct/2019:13:35:08 +0000] "POST /rosemary/zone1/cam1 HTTP/1.1" 201 - "http://114.71.220.111:3030/app/slide0.html" "Mozilla/5.0 (Windows NT 10.0; Win64; x64) AppleWebKit/537.36 (KHTML, like Gecko) Chrome/77.0.3865.90 Safari/537.36"
::ffff:192.168.0.12 - - [01/Oct/2019:13:35:09 +0000] "POST /rosemary/zone1/cam1 HTTP/1.1" 201 - "http://114.71.220.111:3030/app/slide0.html" "Mozilla/5.0 (Windows NT 10.0; Win64; x64) AppleWebKit/537.36 (KHTML, like Gecko) Chrome/77.0.3865.90 Safari/537.36"
::ffff:192.168.0.12 - - [01/Oct/2019:13:35:09 +0000] "POST /rosemary/zone1/cam1 HTTP/1.1" 201 - "http://114.71.220.111:3030/app/slide0.html" "Mozilla/5.0 (Windows NT 10.0; Win64; x64) AppleWebKit/537.36 (KHTML, like Gecko) Chrome/77.0.3865.90 Safari/537.36"
::ffff:192.168.0.12 - - [01/Oct/2019:13:35:12 +0000] "OPTIONS /rosemary/zone1/cam1 HTTP/1.1" 200 2 "http://114.71.220.111:3030/app/slide0.html" "Mozilla/5.0 (Windows NT 10.0; Win64; x64) AppleWebKit/537.36 (KHTML, like Gecko) Chrome/77.0.3865.90 Safari/537.36"
::ffff:192.168.0.12 - - [01/Oct/2019:13:35:13 +0000] "POST /rosemary/zone1/cam1 HTTP/1.1" 201 - "http://114.71.220.111:3030/app/slide0.html" "Mozilla/5.0 (Windows NT 10.0; Win64; x64) AppleWebKit/537.36 (KHTML, like Gecko) Chrome/77.0.3865.90 Safari/537.36"
::ffff:192.168.0.1 - - [01/Oct/2019:13:35:14 +0000] "POST /rosemary/zone1/YGKQH8 HTTP/1.1" 201 - "-" "-"
::ffff:192.168.0.12 - - [01/Oct/2019:13:35:15 +0000] "POST /rosemary/zone1/cam1 HTTP/1.1" 201 - "http://114.71.220.111:3030/app/slide0.html" "Mozilla/5.0 (Windows NT 10.0; Win64; x64) AppleWebKit/537.36 (KHTML, like Gecko) Chrome/77.0.3865.90 Safari/537.36"
::ffff:192.168.0.1 - - [01/Oct/2019:13:35:15 +0000] "POST /rosemary/zone1/YGKQH8 HTTP/1.1" 201 - "-" "-"
::ffff:192.168.0.12 - - [01/Oct/2019:13:35:19 +0000] "OPTIONS /rosemary/zone1/currentUser/la HTTP/1.1" 200 2 "http://114.71.220.111:3030/app/slide0.html" "Mozilla/5.0 (Windows NT 10.0; Win64; x64) AppleWebKit/537.36 (KHTML, like Gecko) Chrome/77.0.3865.90 Safari/537.36"
::ffff:192.168.0.12 - - [01/Oct/2019:13:35:19 +0000] "GET /rosemary/zone1/currentUser/la HTTP/1.1" 200 - "http://114.71.220.111:3030/app/slide0.html" "Mozilla/5.0 (Windows NT 10.0; Win64; x64) AppleWebKit/537.36 (KHTML, like Gecko) Chrome/77.0.3865.90 Safari/537.36"
::ffff:192.168.0.12 - - [01/Oct/2019:13:35:19 +0000] "OPTIONS /rosemary/zone1/YGKQH8?lim=10&rcn=4 HTTP/1.1" 200 2 "http://114.71.220.111:3030/app/slide0.html" "Mozilla/5.0 (Windows NT 10.0; Win64; x64) AppleWebKit/537.36 (KHTML, like Gecko) Chrome/77.0.3865.90 Safari/537.36"
::ffff:192.168.0.12 - - [01/Oct/2019:13:35:19 +0000] "GET /rosemary/zone1/YGKQH8?lim=10&rcn=4 HTTP/1.1" 200 - "http://114.71.220.111:3030/app/slide0.html" "Mozilla/5.0 (Windows NT 10.0; Win64; x64) AppleWebKit/537.36 (KHTML, like Gecko) Chrome/77.0.3865.90 Safari/537.36"
::ffff:192.168.0.33 - - [01/Oct/2019:13:35:42 +0000] "OPTIONS /rosemary/zone1/currentUser/la HTTP/1.1" 200 2 "http://114.71.220.111:3030/app/gallery.html" "Mozilla/5.0 (Linux; Android 9; SM-T510) AppleWebKit/537.36 (KHTML, like Gecko) Chrome/77.0.3865.92 Safari/537.36"
::ffff:192.168.0.33 - - [01/Oct/2019:13:35:42 +0000] "OPTIONS /rosemary/zone1/YGKQH8?lim=10&rcn=4 HTTP/1.1" 200 2 "http://114.71.220.111:3030/app/slide0.html" "Mozilla/5.0 (Linux; Android 9; SM-T510) AppleWebKit/537.36 (KHTML, like Gecko) Chrome/77.0.3865.92 Safari/537.36"
::ffff:192.168.0.12 - - [01/Oct/2019:13:37:55 +0000] "OPTIONS /rosemary/zone1/cam1 HTTP/1.1" 200 2 "http://114.71.220.111:3030/app/slide0.html" "Mozilla/5.0 (iPad; CPU OS 11_0 like Mac OS X) AppleWebKit/604.1.34 (KHTML, like Gecko) Version/11.0 Mobile/15A5341f Safari/604.1"
::ffff:192.168.0.12 - - [01/Oct/2019:13:37:55 +0000] "POST /rosemary/zone1/cam1 HTTP/1.1" 201 - "http://114.71.220.111:3030/app/slide0.html" "Mozilla/5.0 (iPad; CPU OS 11_0 like Mac OS X) AppleWebKit/604.1.34 (KHTML, like Gecko) Version/11.0 Mobile/15A5341f Safari/604.1"
::ffff:192.168.0.12 - - [01/Oct/2019:13:37:56 +0000] "POST /rosemary/zone1/cam1 HTTP/1.1" 201 - "http://114.71.220.111:3030/app/slide0.html" "Mozilla/5.0 (iPad; CPU OS 11_0 like Mac OS X) AppleWebKit/604.1.34 (KHTML, like Gecko) Version/11.0 Mobile/15A5341f Safari/604.1"
::ffff:192.168.0.12 - - [01/Oct/2019:13:37:58 +0000] "POST /rosemary/zone1/cam1 HTTP/1.1" 201 - "http://114.71.220.111:3030/app/slide0.html" "Mozilla/5.0 (iPad; CPU OS 11_0 like Mac OS X) AppleWebKit/604.1.34 (KHTML, like Gecko) Version/11.0 Mobile/15A5341f Safari/604.1"
::ffff:192.168.0.12 - - [01/Oct/2019:13:37:58 +0000] "POST /rosemary/zone1/cam1 HTTP/1.1" 201 - "http://114.71.220.111:3030/app/slide0.html" "Mozilla/5.0 (iPad; CPU OS 11_0 like Mac OS X) AppleWebKit/604.1.34 (KHTML, like Gecko) Version/11.0 Mobile/15A5341f Safari/604.1"
::ffff:192.168.0.12 - - [01/Oct/2019:13:37:59 +0000] "POST /rosemary/zone1/cam1 HTTP/1.1" 201 - "http://114.71.220.111:3030/app/slide0.html" "Mozilla/5.0 (iPad; CPU OS 11_0 like Mac OS X) AppleWebKit/604.1.34 (KHTML, like Gecko) Version/11.0 Mobile/15A5341f Safari/604.1"
::ffff:192.168.0.12 - - [01/Oct/2019:13:38:00 +0000] "OPTIONS /rosemary/zone1/cam1 HTTP/1.1" 200 2 "http://114.71.220.111:3030/app/slide0.html" "Mozilla/5.0 (iPad; CPU OS 11_0 like Mac OS X) AppleWebKit/604.1.34 (KHTML, like Gecko) Version/11.0 Mobile/15A5341f Safari/604.1"
::ffff:192.168.0.12 - - [01/Oct/2019:13:38:00 +0000] "POST /rosemary/zone1/cam1 HTTP/1.1" 201 - "http://114.71.220.111:3030/app/slide0.html" "Mozilla/5.0 (iPad; CPU OS 11_0 like Mac OS X) AppleWebKit/604.1.34 (KHTML, like Gecko) Version/11.0 Mobile/15A5341f Safari/604.1"
::ffff:192.168.0.12 - - [01/Oct/2019:13:38:01 +0000] "POST /rosemary/zone1/cam1 HTTP/1.1" 201 - "http://114.71.220.111:3030/app/slide0.html" "Mozilla/5.0 (iPad; CPU OS 11_0 like Mac OS X) AppleWebKit/604.1.34 (KHTML, like Gecko) Version/11.0 Mobile/15A5341f Safari/604.1"
::ffff:192.168.0.12 - - [01/Oct/2019:13:38:02 +0000] "POST /rosemary/zone1/cam1 HTTP/1.1" 201 - "http://114.71.220.111:3030/app/slide0.html" "Mozilla/5.0 (iPad; CPU OS 11_0 like Mac OS X) AppleWebKit/604.1.34 (KHTML, like Gecko) Version/11.0 Mobile/15A5341f Safari/604.1"
::ffff:192.168.0.12 - - [01/Oct/2019:13:38:02 +0000] "POST /rosemary/zone1/cam1 HTTP/1.1" 201 - "http://114.71.220.111:3030/app/slide0.html" "Mozilla/5.0 (iPad; CPU OS 11_0 like Mac OS X) AppleWebKit/604.1.34 (KHTML, like Gecko) Version/11.0 Mobile/15A5341f Safari/604.1"
::ffff:192.168.0.12 - - [01/Oct/2019:13:38:03 +0000] "POST /rosemary/zone1/cam1 HTTP/1.1" 201 - "http://114.71.220.111:3030/app/slide0.html" "Mozilla/5.0 (iPad; CPU OS 11_0 like Mac OS X) AppleWebKit/604.1.34 (KHTML, like Gecko) Version/11.0 Mobile/15A5341f Safari/604.1"
::ffff:192.168.0.12 - - [01/Oct/2019:13:38:03 +0000] "POST /rosemary/zone1/cam1 HTTP/1.1" 201 - "http://114.71.220.111:3030/app/slide0.html" "Mozilla/5.0 (iPad; CPU OS 11_0 like Mac OS X) AppleWebKit/604.1.34 (KHTML, like Gecko) Version/11.0 Mobile/15A5341f Safari/604.1"
::ffff:192.168.0.12 - - [01/Oct/2019:13:38:43 +0000] "OPTIONS /rosemary/zone1/cam1 HTTP/1.1" 200 2 "http://114.71.220.111:3030/app/slide0.html" "Mozilla/5.0 (iPad; CPU OS 11_0 like Mac OS X) AppleWebKit/604.1.34 (KHTML, like Gecko) Version/11.0 Mobile/15A5341f Safari/604.1"
::ffff:192.168.0.12 - - [01/Oct/2019:13:38:45 +0000] "POST /rosemary/zone1/cam1 HTTP/1.1" 201 - "http://114.71.220.111:3030/app/slide0.html" "Mozilla/5.0 (iPad; CPU OS 11_0 like Mac OS X) AppleWebKit/604.1.34 (KHTML, like Gecko) Version/11.0 Mobile/15A5341f Safari/604.1"
::ffff:192.168.0.1 - - [01/Oct/2019:13:38:45 +0000] "POST /rosemary/zone1/YGKQH8 HTTP/1.1" 201 - "-" "-"
::ffff:192.168.0.12 - - [01/Oct/2019:13:38:48 +0000] "OPTIONS /rosemary/zone1/currentUser/la HTTP/1.1" 200 2 "http://114.71.220.111:3030/app/slide0.html" "Mozilla/5.0 (iPad; CPU OS 11_0 like Mac OS X) AppleWebKit/604.1.34 (KHTML, like Gecko) Version/11.0 Mobile/15A5341f Safari/604.1"
::ffff:192.168.0.12 - - [01/Oct/2019:13:38:48 +0000] "GET /rosemary/zone1/currentUser/la HTTP/1.1" 200 - "http://114.71.220.111:3030/app/slide0.html" "Mozilla/5.0 (iPad; CPU OS 11_0 like Mac OS X) AppleWebKit/604.1.34 (KHTML, like Gecko) Version/11.0 Mobile/15A5341f Safari/604.1"
::ffff:192.168.0.12 - - [01/Oct/2019:13:38:48 +0000] "OPTIONS /rosemary/zone1/YGKQH8?lim=10&rcn=4 HTTP/1.1" 200 2 "http://114.71.220.111:3030/app/slide0.html" "Mozilla/5.0 (iPad; CPU OS 11_0 like Mac OS X) AppleWebKit/604.1.34 (KHTML, like Gecko) Version/11.0 Mobile/15A5341f Safari/604.1"
::ffff:192.168.0.12 - - [01/Oct/2019:13:38:48 +0000] "GET /rosemary/zone1/YGKQH8?lim=10&rcn=4 HTTP/1.1" 200 - "http://114.71.220.111:3030/app/slide0.html" "Mozilla/5.0 (iPad; CPU OS 11_0 like Mac OS X) AppleWebKit/604.1.34 (KHTML, like Gecko) Version/11.0 Mobile/15A5341f Safari/604.1"
