::ffff:192.168.0.8 - - [22/Aug/2019:04:19:13 +0000] "GET /rosemary/zone1/currentUser/la HTTP/1.1" 200 - "http://192.168.0.27/gallery.html" "Mozilla/5.0 (Windows NT 10.0; Win64; x64) AppleWebKit/537.36 (KHTML, like Gecko) Chrome/76.0.3809.100 Safari/537.36"
::ffff:192.168.0.8 - - [22/Aug/2019:04:19:13 +0000] "POST /rosemary/zone1/state HTTP/1.1" 201 - "http://192.168.0.27/gallery.html" "Mozilla/5.0 (Windows NT 10.0; Win64; x64) AppleWebKit/537.36 (KHTML, like Gecko) Chrome/76.0.3809.100 Safari/537.36"
::ffff:192.168.0.1 - - [22/Aug/2019:04:19:24 +0000] "OPTIONS /rosemary/zone1/state/la HTTP/1.1" 200 2 "http://192.168.0.27/cam_kiosk.html" "Mozilla/5.0 (Windows NT 10.0; Win64; x64) AppleWebKit/537.36 (KHTML, like Gecko) Chrome/76.0.3809.100 Safari/537.36"
::ffff:192.168.0.1 - - [22/Aug/2019:04:19:24 +0000] "GET /rosemary/zone1/state/la HTTP/1.1" 200 - "http://192.168.0.27/cam_kiosk.html" "Mozilla/5.0 (Windows NT 10.0; Win64; x64) AppleWebKit/537.36 (KHTML, like Gecko) Chrome/76.0.3809.100 Safari/537.36"
::ffff:192.168.0.1 - - [22/Aug/2019:04:19:27 +0000] "GET /rosemary/zone1/state/la HTTP/1.1" 200 - "http://192.168.0.27/camera.html" "Mozilla/5.0 (Windows NT 10.0; Win64; x64) AppleWebKit/537.36 (KHTML, like Gecko) Chrome/76.0.3809.100 Safari/537.36"
::ffff:192.168.0.8 - - [22/Aug/2019:04:19:28 +0000] "OPTIONS /rosemary/zone1/currentUser HTTP/1.1" 200 2 "http://192.168.0.27/slide0.html" "Mozilla/5.0 (Windows NT 10.0; Win64; x64) AppleWebKit/537.36 (KHTML, like Gecko) Chrome/76.0.3809.100 Safari/537.36"
::ffff:192.168.0.8 - - [22/Aug/2019:04:19:28 +0000] "OPTIONS /rosemary/zone1/state HTTP/1.1" 200 2 "http://192.168.0.27/slide0.html" "Mozilla/5.0 (Windows NT 10.0; Win64; x64) AppleWebKit/537.36 (KHTML, like Gecko) Chrome/76.0.3809.100 Safari/537.36"
::ffff:192.168.0.8 - - [22/Aug/2019:04:19:28 +0000] "POST /rosemary/zone1/state HTTP/1.1" 201 - "http://192.168.0.27/slide0.html" "Mozilla/5.0 (Windows NT 10.0; Win64; x64) AppleWebKit/537.36 (KHTML, like Gecko) Chrome/76.0.3809.100 Safari/537.36"
::ffff:192.168.0.8 - - [22/Aug/2019:04:19:28 +0000] "POST /rosemary/zone1/currentUser HTTP/1.1" 201 - "http://192.168.0.27/slide0.html" "Mozilla/5.0 (Windows NT 10.0; Win64; x64) AppleWebKit/537.36 (KHTML, like Gecko) Chrome/76.0.3809.100 Safari/537.36"
::ffff:192.168.0.8 - - [22/Aug/2019:04:19:29 +0000] "OPTIONS /rosemary/zone1/cam1 HTTP/1.1" 200 2 "http://192.168.0.27/slide0.html" "Mozilla/5.0 (Windows NT 10.0; Win64; x64) AppleWebKit/537.36 (KHTML, like Gecko) Chrome/76.0.3809.100 Safari/537.36"
::ffff:192.168.0.8 - - [22/Aug/2019:04:19:29 +0000] "POST /rosemary/zone1/cam1 HTTP/1.1" 201 - "http://192.168.0.27/slide0.html" "Mozilla/5.0 (Windows NT 10.0; Win64; x64) AppleWebKit/537.36 (KHTML, like Gecko) Chrome/76.0.3809.100 Safari/537.36"
::ffff:192.168.0.8 - - [22/Aug/2019:04:19:33 +0000] "POST /rosemary/zone1/cam1 HTTP/1.1" 201 - "http://192.168.0.27/slide0.html" "Mozilla/5.0 (Windows NT 10.0; Win64; x64) AppleWebKit/537.36 (KHTML, like Gecko) Chrome/76.0.3809.100 Safari/537.36"
::ffff:192.168.0.1 - - [22/Aug/2019:04:19:33 +0000] "POST /rosemary/zone1/YH7678 HTTP/1.1" 404 - "-" "-"
::ffff:192.168.0.8 - - [22/Aug/2019:04:19:35 +0000] "OPTIONS /rosemary/zone1/cam1 HTTP/1.1" 200 2 "http://192.168.0.27/slide0.html" "Mozilla/5.0 (Windows NT 10.0; Win64; x64) AppleWebKit/537.36 (KHTML, like Gecko) Chrome/76.0.3809.100 Safari/537.36"
::ffff:192.168.0.8 - - [22/Aug/2019:04:19:36 +0000] "POST /rosemary/zone1/cam1 HTTP/1.1" 201 - "http://192.168.0.27/slide0.html" "Mozilla/5.0 (Windows NT 10.0; Win64; x64) AppleWebKit/537.36 (KHTML, like Gecko) Chrome/76.0.3809.100 Safari/537.36"
::ffff:192.168.0.8 - - [22/Aug/2019:04:19:38 +0000] "POST /rosemary/zone1/cam1 HTTP/1.1" 201 - "http://192.168.0.27/slide0.html" "Mozilla/5.0 (Windows NT 10.0; Win64; x64) AppleWebKit/537.36 (KHTML, like Gecko) Chrome/76.0.3809.100 Safari/537.36"
::ffff:192.168.0.1 - - [22/Aug/2019:04:19:42 +0000] "POST /rosemary/zone1/YH7678 HTTP/1.1" 404 - "-" "-"
::ffff:192.168.0.8 - - [22/Aug/2019:04:19:46 +0000] "OPTIONS /rosemary/zone1/state HTTP/1.1" 200 2 "http://192.168.0.27/gallery.html" "Mozilla/5.0 (Windows NT 10.0; Win64; x64) AppleWebKit/537.36 (KHTML, like Gecko) Chrome/76.0.3809.100 Safari/537.36"
::ffff:192.168.0.8 - - [22/Aug/2019:04:19:46 +0000] "OPTIONS /rosemary/zone1/currentUser/la HTTP/1.1" 200 2 "http://192.168.0.27/gallery.html" "Mozilla/5.0 (Windows NT 10.0; Win64; x64) AppleWebKit/537.36 (KHTML, like Gecko) Chrome/76.0.3809.100 Safari/537.36"
::ffff:192.168.0.8 - - [22/Aug/2019:04:19:46 +0000] "GET /rosemary/zone1/currentUser/la HTTP/1.1" 200 - "http://192.168.0.27/gallery.html" "Mozilla/5.0 (Windows NT 10.0; Win64; x64) AppleWebKit/537.36 (KHTML, like Gecko) Chrome/76.0.3809.100 Safari/537.36"
::ffff:192.168.0.8 - - [22/Aug/2019:04:19:46 +0000] "POST /rosemary/zone1/state HTTP/1.1" 201 - "http://192.168.0.27/gallery.html" "Mozilla/5.0 (Windows NT 10.0; Win64; x64) AppleWebKit/537.36 (KHTML, like Gecko) Chrome/76.0.3809.100 Safari/537.36"
::ffff:192.168.0.1 - - [22/Aug/2019:04:21:57 +0000] "OPTIONS /rosemary/zone1/state/la HTTP/1.1" 200 2 "http://192.168.0.27/cam_kiosk.html" "Mozilla/5.0 (iPad; CPU OS 12_3_1 like Mac OS X) AppleWebKit/605.1.15 (KHTML, like Gecko) Version/12.1.1 Mobile/15E148 Safari/604.1"
::ffff:192.168.0.1 - - [22/Aug/2019:04:21:57 +0000] "GET /rosemary/zone1/state/la HTTP/1.1" 200 - "http://192.168.0.27/cam_kiosk.html" "Mozilla/5.0 (iPad; CPU OS 12_3_1 like Mac OS X) AppleWebKit/605.1.15 (KHTML, like Gecko) Version/12.1.1 Mobile/15E148 Safari/604.1"
::ffff:192.168.0.1 - - [22/Aug/2019:04:21:59 +0000] "GET /rosemary/zone1/state/la HTTP/1.1" 200 - "http://192.168.0.27/camera.html" "Mozilla/5.0 (iPad; CPU OS 12_3_1 like Mac OS X) AppleWebKit/605.1.15 (KHTML, like Gecko) Version/12.1.1 Mobile/15E148 Safari/604.1"
::ffff:192.168.0.28 - - [22/Aug/2019:04:22:02 +0000] "OPTIONS /rosemary/zone1/currentUser HTTP/1.1" 200 2 "http://192.168.0.27/slide0.html" "Mozilla/5.0 (iPad; CPU OS 12_3_1 like Mac OS X) AppleWebKit/605.1.15 (KHTML, like Gecko) Version/12.1.1 Mobile/15E148 Safari/604.1"
::ffff:192.168.0.28 - - [22/Aug/2019:04:22:02 +0000] "OPTIONS /rosemary/zone1/state HTTP/1.1" 200 2 "http://192.168.0.27/slide0.html" "Mozilla/5.0 (iPad; CPU OS 12_3_1 like Mac OS X) AppleWebKit/605.1.15 (KHTML, like Gecko) Version/12.1.1 Mobile/15E148 Safari/604.1"
::ffff:192.168.0.28 - - [22/Aug/2019:04:22:02 +0000] "POST /rosemary/zone1/currentUser HTTP/1.1" 201 - "http://192.168.0.27/slide0.html" "Mozilla/5.0 (iPad; CPU OS 12_3_1 like Mac OS X) AppleWebKit/605.1.15 (KHTML, like Gecko) Version/12.1.1 Mobile/15E148 Safari/604.1"
::ffff:192.168.0.28 - - [22/Aug/2019:04:22:02 +0000] "POST /rosemary/zone1/state HTTP/1.1" 201 - "http://192.168.0.27/slide0.html" "Mozilla/5.0 (iPad; CPU OS 12_3_1 like Mac OS X) AppleWebKit/605.1.15 (KHTML, like Gecko) Version/12.1.1 Mobile/15E148 Safari/604.1"
::ffff:192.168.0.28 - - [22/Aug/2019:04:22:13 +0000] "OPTIONS /rosemary/zone1/cam1 HTTP/1.1" 200 2 "http://192.168.0.27/slide0.html" "Mozilla/5.0 (iPad; CPU OS 12_3_1 like Mac OS X) AppleWebKit/605.1.15 (KHTML, like Gecko) Version/12.1.1 Mobile/15E148 Safari/604.1"
::ffff:192.168.0.28 - - [22/Aug/2019:04:22:13 +0000] "POST /rosemary/zone1/cam1 HTTP/1.1" 201 - "http://192.168.0.27/slide0.html" "Mozilla/5.0 (iPad; CPU OS 12_3_1 like Mac OS X) AppleWebKit/605.1.15 (KHTML, like Gecko) Version/12.1.1 Mobile/15E148 Safari/604.1"
::ffff:192.168.0.28 - - [22/Aug/2019:04:22:45 +0000] "OPTIONS /rosemary/zone1/cam1 HTTP/1.1" 200 2 "http://192.168.0.27/slide0.html" "Mozilla/5.0 (iPad; CPU OS 12_3_1 like Mac OS X) AppleWebKit/605.1.15 (KHTML, like Gecko) Version/12.1.1 Mobile/15E148 Safari/604.1"
::ffff:192.168.0.28 - - [22/Aug/2019:04:22:45 +0000] "POST /rosemary/zone1/cam1 HTTP/1.1" 201 - "http://192.168.0.27/slide0.html" "Mozilla/5.0 (iPad; CPU OS 12_3_1 like Mac OS X) AppleWebKit/605.1.15 (KHTML, like Gecko) Version/12.1.1 Mobile/15E148 Safari/604.1"
::ffff:192.168.0.28 - - [22/Aug/2019:04:22:54 +0000] "OPTIONS /rosemary/zone1/state HTTP/1.1" 200 2 "http://192.168.0.27/gallery.html" "Mozilla/5.0 (iPad; CPU OS 12_3_1 like Mac OS X) AppleWebKit/605.1.15 (KHTML, like Gecko) Version/12.1.1 Mobile/15E148 Safari/604.1"
::ffff:192.168.0.28 - - [22/Aug/2019:04:22:54 +0000] "OPTIONS /rosemary/zone1/currentUser/la HTTP/1.1" 200 2 "http://192.168.0.27/gallery.html" "Mozilla/5.0 (iPad; CPU OS 12_3_1 like Mac OS X) AppleWebKit/605.1.15 (KHTML, like Gecko) Version/12.1.1 Mobile/15E148 Safari/604.1"
::ffff:192.168.0.28 - - [22/Aug/2019:04:22:54 +0000] "GET /rosemary/zone1/currentUser/la HTTP/1.1" 200 - "http://192.168.0.27/gallery.html" "Mozilla/5.0 (iPad; CPU OS 12_3_1 like Mac OS X) AppleWebKit/605.1.15 (KHTML, like Gecko) Version/12.1.1 Mobile/15E148 Safari/604.1"
::ffff:192.168.0.28 - - [22/Aug/2019:04:22:54 +0000] "POST /rosemary/zone1/state HTTP/1.1" 201 - "http://192.168.0.27/gallery.html" "Mozilla/5.0 (iPad; CPU OS 12_3_1 like Mac OS X) AppleWebKit/605.1.15 (KHTML, like Gecko) Version/12.1.1 Mobile/15E148 Safari/604.1"
::ffff:192.168.0.17 - - [22/Aug/2019:04:23:02 +0000] "OPTIONS /rosemary/zone1/currentUser HTTP/1.1" 200 2 "http://192.168.0.27/slide0.html" "Mozilla/5.0 (Windows NT 10.0; Win64; x64) AppleWebKit/537.36 (KHTML, like Gecko) Chrome/76.0.3809.100 Safari/537.36"
::ffff:192.168.0.17 - - [22/Aug/2019:04:23:02 +0000] "OPTIONS /rosemary/zone1/state HTTP/1.1" 200 2 "http://192.168.0.27/slide0.html" "Mozilla/5.0 (Windows NT 10.0; Win64; x64) AppleWebKit/537.36 (KHTML, like Gecko) Chrome/76.0.3809.100 Safari/537.36"
::ffff:192.168.0.17 - - [22/Aug/2019:04:23:02 +0000] "POST /rosemary/zone1/currentUser HTTP/1.1" 201 - "http://192.168.0.27/slide0.html" "Mozilla/5.0 (Windows NT 10.0; Win64; x64) AppleWebKit/537.36 (KHTML, like Gecko) Chrome/76.0.3809.100 Safari/537.36"
::ffff:192.168.0.17 - - [22/Aug/2019:04:23:02 +0000] "POST /rosemary/zone1/state HTTP/1.1" 201 - "http://192.168.0.27/slide0.html" "Mozilla/5.0 (Windows NT 10.0; Win64; x64) AppleWebKit/537.36 (KHTML, like Gecko) Chrome/76.0.3809.100 Safari/537.36"
::ffff:192.168.0.1 - - [22/Aug/2019:04:23:07 +0000] "OPTIONS /rosemary/zone1/state/la HTTP/1.1" 200 2 "http://192.168.0.27/cam_kiosk.html" "Mozilla/5.0 (iPad; CPU OS 12_3_1 like Mac OS X) AppleWebKit/605.1.15 (KHTML, like Gecko) Version/12.1.1 Mobile/15E148 Safari/604.1"
::ffff:192.168.0.1 - - [22/Aug/2019:04:23:07 +0000] "GET /rosemary/zone1/state/la HTTP/1.1" 200 - "http://192.168.0.27/cam_kiosk.html" "Mozilla/5.0 (iPad; CPU OS 12_3_1 like Mac OS X) AppleWebKit/605.1.15 (KHTML, like Gecko) Version/12.1.1 Mobile/15E148 Safari/604.1"
::ffff:192.168.0.1 - - [22/Aug/2019:04:23:09 +0000] "GET /rosemary/zone1/state/la HTTP/1.1" 200 - "http://192.168.0.27/camera.html" "Mozilla/5.0 (iPad; CPU OS 12_3_1 like Mac OS X) AppleWebKit/605.1.15 (KHTML, like Gecko) Version/12.1.1 Mobile/15E148 Safari/604.1"
::ffff:192.168.0.17 - - [22/Aug/2019:04:23:41 +0000] "OPTIONS /rosemary/zone1/currentUser HTTP/1.1" 200 2 "http://192.168.0.27/slide0.html" "Mozilla/5.0 (Windows NT 10.0; Win64; x64) AppleWebKit/537.36 (KHTML, like Gecko) Chrome/76.0.3809.100 Safari/537.36"
::ffff:192.168.0.17 - - [22/Aug/2019:04:23:41 +0000] "OPTIONS /rosemary/zone1/state HTTP/1.1" 200 2 "http://192.168.0.27/slide0.html" "Mozilla/5.0 (Windows NT 10.0; Win64; x64) AppleWebKit/537.36 (KHTML, like Gecko) Chrome/76.0.3809.100 Safari/537.36"
::ffff:192.168.0.17 - - [22/Aug/2019:04:23:41 +0000] "POST /rosemary/zone1/currentUser HTTP/1.1" 201 - "http://192.168.0.27/slide0.html" "Mozilla/5.0 (Windows NT 10.0; Win64; x64) AppleWebKit/537.36 (KHTML, like Gecko) Chrome/76.0.3809.100 Safari/537.36"
::ffff:192.168.0.17 - - [22/Aug/2019:04:23:41 +0000] "POST /rosemary/zone1/state HTTP/1.1" 201 - "http://192.168.0.27/slide0.html" "Mozilla/5.0 (Windows NT 10.0; Win64; x64) AppleWebKit/537.36 (KHTML, like Gecko) Chrome/76.0.3809.100 Safari/537.36"
::ffff:192.168.0.17 - - [22/Aug/2019:04:24:13 +0000] "OPTIONS /rosemary/zone1/currentUser HTTP/1.1" 200 2 "http://192.168.0.27/slide0.html" "Mozilla/5.0 (Windows NT 10.0; Win64; x64) AppleWebKit/537.36 (KHTML, like Gecko) Chrome/76.0.3809.100 Safari/537.36"
::ffff:192.168.0.17 - - [22/Aug/2019:04:24:13 +0000] "OPTIONS /rosemary/zone1/state HTTP/1.1" 200 2 "http://192.168.0.27/slide0.html" "Mozilla/5.0 (Windows NT 10.0; Win64; x64) AppleWebKit/537.36 (KHTML, like Gecko) Chrome/76.0.3809.100 Safari/537.36"
::ffff:192.168.0.17 - - [22/Aug/2019:04:24:14 +0000] "POST /rosemary/zone1/state HTTP/1.1" 201 - "http://192.168.0.27/slide0.html" "Mozilla/5.0 (Windows NT 10.0; Win64; x64) AppleWebKit/537.36 (KHTML, like Gecko) Chrome/76.0.3809.100 Safari/537.36"
::ffff:192.168.0.17 - - [22/Aug/2019:04:24:14 +0000] "POST /rosemary/zone1/currentUser HTTP/1.1" 201 - "http://192.168.0.27/slide0.html" "Mozilla/5.0 (Windows NT 10.0; Win64; x64) AppleWebKit/537.36 (KHTML, like Gecko) Chrome/76.0.3809.100 Safari/537.36"
::ffff:192.168.0.2 - - [22/Aug/2019:04:25:29 +0000] "POST /rosemary HTTP/1.1" 409 - "-" "-"
::ffff:192.168.0.2 - - [22/Aug/2019:04:25:29 +0000] "GET /rosemary/mobiususer02.MOBIUS.BROWSER.APP HTTP/1.1" 200 - "-" "-"
::ffff:192.168.0.2 - - [22/Aug/2019:04:25:29 +0000] "GET /rosemary/zone1 HTTP/1.1" 200 - "-" "-"
::ffff:192.168.0.2 - - [22/Aug/2019:04:25:29 +0000] "GET /rosemary HTTP/1.1" 200 - "-" "-"
::ffff:192.168.0.2 - - [22/Aug/2019:04:25:29 +0000] "GET /rosemary/zone1 HTTP/1.1" 200 - "-" "-"
::ffff:192.168.0.2 - - [22/Aug/2019:04:25:29 +0000] "POST /rosemary/zone1 HTTP/1.1" 409 - "-" "-"
::ffff:192.168.0.2 - - [22/Aug/2019:04:25:29 +0000] "DELETE /rosemary/zone1/mobiususer02.MOBIUS.BROWSER.APP_sub HTTP/1.1" 200 - "-" "-"
::ffff:192.168.0.2 - - [22/Aug/2019:04:25:29 +0000] "POST /rosemary/zone1 HTTP/1.1" 201 - "-" "-"
::ffff:192.168.0.2 - - [22/Aug/2019:04:25:29 +0000] "POST /rosemary/zone1 HTTP/1.1" 409 - "-" "-"
::ffff:192.168.0.2 - - [22/Aug/2019:04:25:29 +0000] "DELETE /rosemary/zone1/mobiususer02.MOBIUS.BROWSER.APP_sub HTTP/1.1" 200 - "-" "-"
::ffff:192.168.0.2 - - [22/Aug/2019:04:25:29 +0000] "POST /rosemary/zone1 HTTP/1.1" 201 - "-" "-"
::ffff:192.168.0.2 - - [22/Aug/2019:04:25:29 +0000] "GET /rosemary/zone1?rcn=4&lvl=1&ty=23&ty=3&ty=9&ty=1&ty=24&ty=25 HTTP/1.1" 200 - "-" "-"
::ffff:192.168.0.2 - - [22/Aug/2019:04:25:30 +0000] "POST /rosemary/zone1/state HTTP/1.1" 409 - "-" "-"
::ffff:192.168.0.2 - - [22/Aug/2019:04:25:31 +0000] "DELETE /rosemary/zone1/state/mobiususer02.MOBIUS.BROWSER.APP_sub HTTP/1.1" 200 - "-" "-"
::ffff:192.168.0.2 - - [22/Aug/2019:04:25:31 +0000] "POST /rosemary/zone1/state HTTP/1.1" 201 - "-" "-"
::ffff:192.168.0.2 - - [22/Aug/2019:04:25:31 +0000] "GET /rosemary/zone1/state?rcn=4&lvl=1&ty=23&ty=3&ty=24 HTTP/1.1" 200 - "-" "-"
::ffff:192.168.0.2 - - [22/Aug/2019:04:25:31 +0000] "GET /rosemary/zone1/state?rcn=4&lvl=1&ty=4&la=5 HTTP/1.1" 200 - "-" "-"
::ffff:192.168.0.2 - - [22/Aug/2019:04:25:32 +0000] "POST /rosemary/zone1/cam1 HTTP/1.1" 409 - "-" "-"
::ffff:192.168.0.2 - - [22/Aug/2019:04:25:32 +0000] "DELETE /rosemary/zone1/cam1/mobiususer02.MOBIUS.BROWSER.APP_sub HTTP/1.1" 200 - "-" "-"
::ffff:192.168.0.2 - - [22/Aug/2019:04:25:32 +0000] "POST /rosemary/zone1/cam1 HTTP/1.1" 201 - "-" "-"
::ffff:192.168.0.2 - - [22/Aug/2019:04:25:32 +0000] "GET /rosemary/zone1/cam1?rcn=4&lvl=1&ty=23&ty=3&ty=24 HTTP/1.1" 200 - "-" "-"
::ffff:192.168.0.2 - - [22/Aug/2019:04:25:32 +0000] "GET /rosemary/zone1/cam1?rcn=4&lvl=1&ty=4&la=5 HTTP/1.1" 200 - "-" "-"
::ffff:192.168.0.2 - - [22/Aug/2019:04:25:37 +0000] "POST /KEic4o9TTc HTTP/1.1" 201 - "-" "-"
::ffff:192.168.0.17 - - [22/Aug/2019:04:25:45 +0000] "OPTIONS /rosemary/zone1/currentUser HTTP/1.1" 200 2 "http://192.168.0.27/slide0.html" "Mozilla/5.0 (Windows NT 10.0; Win64; x64) AppleWebKit/537.36 (KHTML, like Gecko) Chrome/76.0.3809.100 Safari/537.36"
::ffff:192.168.0.17 - - [22/Aug/2019:04:25:45 +0000] "OPTIONS /rosemary/zone1/state HTTP/1.1" 200 2 "http://192.168.0.27/slide0.html" "Mozilla/5.0 (Windows NT 10.0; Win64; x64) AppleWebKit/537.36 (KHTML, like Gecko) Chrome/76.0.3809.100 Safari/537.36"
::ffff:192.168.0.17 - - [22/Aug/2019:04:25:45 +0000] "POST /rosemary/zone1/currentUser HTTP/1.1" 201 - "http://192.168.0.27/slide0.html" "Mozilla/5.0 (Windows NT 10.0; Win64; x64) AppleWebKit/537.36 (KHTML, like Gecko) Chrome/76.0.3809.100 Safari/537.36"
::ffff:192.168.0.17 - - [22/Aug/2019:04:25:45 +0000] "POST /rosemary/zone1/state HTTP/1.1" 201 - "http://192.168.0.27/slide0.html" "Mozilla/5.0 (Windows NT 10.0; Win64; x64) AppleWebKit/537.36 (KHTML, like Gecko) Chrome/76.0.3809.100 Safari/537.36"
::ffff:192.168.0.2 - - [22/Aug/2019:04:25:56 +0000] "POST /KEic4o9TTc HTTP/1.1" 201 - "-" "-"
::ffff:192.168.0.23 - - [22/Aug/2019:04:26:20 +0000] "OPTIONS /rosemary/zone1/currentUser/la HTTP/1.1" 200 2 "-" "Mozilla/5.0 (Linux; Android 6.0.1; SAMSUNG SM-T375L Build/MMB29K) AppleWebKit/537.36 (KHTML, like Gecko) SamsungBrowser/9.4 Chrome/67.0.3396.87 Safari/537.36"
::ffff:192.168.0.23 - - [22/Aug/2019:04:26:20 +0000] "OPTIONS /rosemary/zone1/state HTTP/1.1" 200 2 "-" "Mozilla/5.0 (Linux; Android 6.0.1; SAMSUNG SM-T375L Build/MMB29K) AppleWebKit/537.36 (KHTML, like Gecko) SamsungBrowser/9.4 Chrome/67.0.3396.87 Safari/537.36"
::ffff:192.168.0.23 - - [22/Aug/2019:04:26:20 +0000] "POST /rosemary/zone1/state HTTP/1.1" 201 - "http://192.168.0.27/gallery.html" "Mozilla/5.0 (Linux; Android 6.0.1; SAMSUNG SM-T375L Build/MMB29K) AppleWebKit/537.36 (KHTML, like Gecko) SamsungBrowser/9.4 Chrome/67.0.3396.87 Safari/537.36"
::ffff:192.168.0.23 - - [22/Aug/2019:04:26:27 +0000] "OPTIONS /rosemary/zone1/currentUser/la HTTP/1.1" 200 2 "-" "Mozilla/5.0 (Linux; Android 6.0.1; SAMSUNG SM-T375L Build/MMB29K) AppleWebKit/537.36 (KHTML, like Gecko) SamsungBrowser/9.4 Chrome/67.0.3396.87 Safari/537.36"
::ffff:192.168.0.23 - - [22/Aug/2019:04:26:27 +0000] "OPTIONS /rosemary/zone1/state HTTP/1.1" 200 2 "-" "Mozilla/5.0 (Linux; Android 6.0.1; SAMSUNG SM-T375L Build/MMB29K) AppleWebKit/537.36 (KHTML, like Gecko) SamsungBrowser/9.4 Chrome/67.0.3396.87 Safari/537.36"
::ffff:192.168.0.23 - - [22/Aug/2019:04:26:27 +0000] "GET /rosemary/zone1/currentUser/la HTTP/1.1" 200 - "http://192.168.0.27/gallery.html" "Mozilla/5.0 (Linux; Android 6.0.1; SAMSUNG SM-T375L Build/MMB29K) AppleWebKit/537.36 (KHTML, like Gecko) SamsungBrowser/9.4 Chrome/67.0.3396.87 Safari/537.36"
::ffff:192.168.0.23 - - [22/Aug/2019:04:26:28 +0000] "POST /rosemary/zone1/state HTTP/1.1" 201 - "http://192.168.0.27/gallery.html" "Mozilla/5.0 (Linux; Android 6.0.1; SAMSUNG SM-T375L Build/MMB29K) AppleWebKit/537.36 (KHTML, like Gecko) SamsungBrowser/9.4 Chrome/67.0.3396.87 Safari/537.36"
::ffff:192.168.0.17 - - [22/Aug/2019:04:26:50 +0000] "OPTIONS /rosemary/zone1/currentUser HTTP/1.1" 200 2 "http://192.168.0.27/slide0.html" "Mozilla/5.0 (Windows NT 10.0; Win64; x64) AppleWebKit/537.36 (KHTML, like Gecko) Chrome/76.0.3809.100 Safari/537.36"
::ffff:192.168.0.17 - - [22/Aug/2019:04:26:50 +0000] "OPTIONS /rosemary/zone1/state HTTP/1.1" 200 2 "http://192.168.0.27/slide0.html" "Mozilla/5.0 (Windows NT 10.0; Win64; x64) AppleWebKit/537.36 (KHTML, like Gecko) Chrome/76.0.3809.100 Safari/537.36"
::ffff:192.168.0.17 - - [22/Aug/2019:04:26:50 +0000] "POST /rosemary/zone1/currentUser HTTP/1.1" 201 - "http://192.168.0.27/slide0.html" "Mozilla/5.0 (Windows NT 10.0; Win64; x64) AppleWebKit/537.36 (KHTML, like Gecko) Chrome/76.0.3809.100 Safari/537.36"
::ffff:192.168.0.17 - - [22/Aug/2019:04:26:50 +0000] "POST /rosemary/zone1/state HTTP/1.1" 201 - "http://192.168.0.27/slide0.html" "Mozilla/5.0 (Windows NT 10.0; Win64; x64) AppleWebKit/537.36 (KHTML, like Gecko) Chrome/76.0.3809.100 Safari/537.36"
::ffff:192.168.0.17 - - [22/Aug/2019:04:27:24 +0000] "OPTIONS /rosemary/zone1/currentUser HTTP/1.1" 200 2 "http://192.168.0.27/slide0.html" "Mozilla/5.0 (Windows NT 10.0; Win64; x64) AppleWebKit/537.36 (KHTML, like Gecko) Chrome/76.0.3809.100 Safari/537.36"
::ffff:192.168.0.17 - - [22/Aug/2019:04:27:24 +0000] "OPTIONS /rosemary/zone1/state HTTP/1.1" 200 2 "http://192.168.0.27/slide0.html" "Mozilla/5.0 (Windows NT 10.0; Win64; x64) AppleWebKit/537.36 (KHTML, like Gecko) Chrome/76.0.3809.100 Safari/537.36"
::ffff:192.168.0.17 - - [22/Aug/2019:04:27:24 +0000] "POST /rosemary/zone1/state HTTP/1.1" 201 - "http://192.168.0.27/slide0.html" "Mozilla/5.0 (Windows NT 10.0; Win64; x64) AppleWebKit/537.36 (KHTML, like Gecko) Chrome/76.0.3809.100 Safari/537.36"
::ffff:192.168.0.17 - - [22/Aug/2019:04:27:24 +0000] "POST /rosemary/zone1/currentUser HTTP/1.1" 201 - "http://192.168.0.27/slide0.html" "Mozilla/5.0 (Windows NT 10.0; Win64; x64) AppleWebKit/537.36 (KHTML, like Gecko) Chrome/76.0.3809.100 Safari/537.36"
::ffff:192.168.0.17 - - [22/Aug/2019:04:27:33 +0000] "OPTIONS /rosemary/zone1/currentUser HTTP/1.1" 200 2 "http://192.168.0.27/slide0.html" "Mozilla/5.0 (Windows NT 10.0; Win64; x64) AppleWebKit/537.36 (KHTML, like Gecko) Chrome/76.0.3809.100 Safari/537.36"
::ffff:192.168.0.17 - - [22/Aug/2019:04:27:33 +0000] "OPTIONS /rosemary/zone1/state HTTP/1.1" 200 2 "http://192.168.0.27/slide0.html" "Mozilla/5.0 (Windows NT 10.0; Win64; x64) AppleWebKit/537.36 (KHTML, like Gecko) Chrome/76.0.3809.100 Safari/537.36"
::ffff:192.168.0.17 - - [22/Aug/2019:04:27:33 +0000] "POST /rosemary/zone1/state HTTP/1.1" 201 - "http://192.168.0.27/slide0.html" "Mozilla/5.0 (Windows NT 10.0; Win64; x64) AppleWebKit/537.36 (KHTML, like Gecko) Chrome/76.0.3809.100 Safari/537.36"
::ffff:192.168.0.17 - - [22/Aug/2019:04:27:33 +0000] "POST /rosemary/zone1/currentUser HTTP/1.1" 201 - "http://192.168.0.27/slide0.html" "Mozilla/5.0 (Windows NT 10.0; Win64; x64) AppleWebKit/537.36 (KHTML, like Gecko) Chrome/76.0.3809.100 Safari/537.36"
::ffff:192.168.0.17 - - [22/Aug/2019:04:27:48 +0000] "OPTIONS /rosemary/zone1/state HTTP/1.1" 200 2 "http://192.168.0.27/slide0.html" "Mozilla/5.0 (Windows NT 10.0; Win64; x64) AppleWebKit/537.36 (KHTML, like Gecko) Chrome/76.0.3809.100 Safari/537.36"
::ffff:192.168.0.17 - - [22/Aug/2019:04:27:48 +0000] "OPTIONS /rosemary/zone1/currentUser HTTP/1.1" 200 2 "http://192.168.0.27/slide0.html" "Mozilla/5.0 (Windows NT 10.0; Win64; x64) AppleWebKit/537.36 (KHTML, like Gecko) Chrome/76.0.3809.100 Safari/537.36"
::ffff:192.168.0.17 - - [22/Aug/2019:04:27:48 +0000] "POST /rosemary/zone1/state HTTP/1.1" 201 - "http://192.168.0.27/slide0.html" "Mozilla/5.0 (Windows NT 10.0; Win64; x64) AppleWebKit/537.36 (KHTML, like Gecko) Chrome/76.0.3809.100 Safari/537.36"
::ffff:192.168.0.17 - - [22/Aug/2019:04:27:48 +0000] "POST /rosemary/zone1/currentUser HTTP/1.1" 201 - "http://192.168.0.27/slide0.html" "Mozilla/5.0 (Windows NT 10.0; Win64; x64) AppleWebKit/537.36 (KHTML, like Gecko) Chrome/76.0.3809.100 Safari/537.36"
::ffff:192.168.0.17 - - [22/Aug/2019:04:28:13 +0000] "OPTIONS /rosemary/zone1/currentUser HTTP/1.1" 200 2 "http://192.168.0.27/slide0.html" "Mozilla/5.0 (Windows NT 10.0; Win64; x64) AppleWebKit/537.36 (KHTML, like Gecko) Chrome/76.0.3809.100 Safari/537.36"
::ffff:192.168.0.17 - - [22/Aug/2019:04:28:13 +0000] "OPTIONS /rosemary/zone1/state HTTP/1.1" 200 2 "http://192.168.0.27/slide0.html" "Mozilla/5.0 (Windows NT 10.0; Win64; x64) AppleWebKit/537.36 (KHTML, like Gecko) Chrome/76.0.3809.100 Safari/537.36"
::ffff:192.168.0.17 - - [22/Aug/2019:04:28:14 +0000] "POST /rosemary/zone1/currentUser HTTP/1.1" 201 - "http://192.168.0.27/slide0.html" "Mozilla/5.0 (Windows NT 10.0; Win64; x64) AppleWebKit/537.36 (KHTML, like Gecko) Chrome/76.0.3809.100 Safari/537.36"
::ffff:192.168.0.17 - - [22/Aug/2019:04:28:14 +0000] "POST /rosemary/zone1/state HTTP/1.1" 201 - "http://192.168.0.27/slide0.html" "Mozilla/5.0 (Windows NT 10.0; Win64; x64) AppleWebKit/537.36 (KHTML, like Gecko) Chrome/76.0.3809.100 Safari/537.36"
::ffff:192.168.0.13 - - [22/Aug/2019:04:28:46 +0000] "OPTIONS /rosemary/zone1/currentUser HTTP/1.1" 200 2 "http://192.168.0.27/slide0.html" "Mozilla/5.0 (Linux; Android 8.1.0; SM-P580) AppleWebKit/537.36 (KHTML, like Gecko) Chrome/76.0.3809.111 Safari/537.36"
::ffff:192.168.0.13 - - [22/Aug/2019:04:28:46 +0000] "OPTIONS /rosemary/zone1/state HTTP/1.1" 200 2 "http://192.168.0.27/slide0.html" "Mozilla/5.0 (Linux; Android 8.1.0; SM-P580) AppleWebKit/537.36 (KHTML, like Gecko) Chrome/76.0.3809.111 Safari/537.36"
::ffff:192.168.0.13 - - [22/Aug/2019:04:28:47 +0000] "POST /rosemary/zone1/currentUser HTTP/1.1" 201 - "http://192.168.0.27/slide0.html" "Mozilla/5.0 (Linux; Android 8.1.0; SM-P580) AppleWebKit/537.36 (KHTML, like Gecko) Chrome/76.0.3809.111 Safari/537.36"
::ffff:192.168.0.13 - - [22/Aug/2019:04:28:47 +0000] "POST /rosemary/zone1/state HTTP/1.1" 201 - "http://192.168.0.27/slide0.html" "Mozilla/5.0 (Linux; Android 8.1.0; SM-P580) AppleWebKit/537.36 (KHTML, like Gecko) Chrome/76.0.3809.111 Safari/537.36"
::ffff:192.168.0.1 - - [22/Aug/2019:04:28:55 +0000] "OPTIONS /rosemary/zone1/state/la HTTP/1.1" 200 2 "-" "Mozilla/5.0 (Linux; Android 6.0.1; SAMSUNG SM-T375L Build/MMB29K) AppleWebKit/537.36 (KHTML, like Gecko) SamsungBrowser/9.4 Chrome/67.0.3396.87 Safari/537.36"
::ffff:192.168.0.1 - - [22/Aug/2019:04:28:55 +0000] "GET /rosemary/zone1/state/la HTTP/1.1" 200 - "http://192.168.0.27/cam_kiosk.html" "Mozilla/5.0 (Linux; Android 6.0.1; SAMSUNG SM-T375L Build/MMB29K) AppleWebKit/537.36 (KHTML, like Gecko) SamsungBrowser/9.4 Chrome/67.0.3396.87 Safari/537.36"
::ffff:192.168.0.1 - - [22/Aug/2019:04:28:58 +0000] "GET /rosemary/zone1/state/la HTTP/1.1" 200 - "http://192.168.0.27/camera.html" "Mozilla/5.0 (Linux; Android 6.0.1; SAMSUNG SM-T375L Build/MMB29K) AppleWebKit/537.36 (KHTML, like Gecko) SamsungBrowser/9.4 Chrome/67.0.3396.87 Safari/537.36"
::ffff:192.168.0.17 - - [22/Aug/2019:04:29:11 +0000] "OPTIONS /rosemary/zone1/currentUser HTTP/1.1" 200 2 "http://192.168.0.27/slide0.html" "Mozilla/5.0 (Windows NT 10.0; Win64; x64) AppleWebKit/537.36 (KHTML, like Gecko) Chrome/76.0.3809.100 Safari/537.36"
::ffff:192.168.0.17 - - [22/Aug/2019:04:29:11 +0000] "OPTIONS /rosemary/zone1/state HTTP/1.1" 200 2 "http://192.168.0.27/slide0.html" "Mozilla/5.0 (Windows NT 10.0; Win64; x64) AppleWebKit/537.36 (KHTML, like Gecko) Chrome/76.0.3809.100 Safari/537.36"
::ffff:192.168.0.2 - - [22/Aug/2019:04:29:11 +0000] "POST /KEic4o9TTc HTTP/1.1" 201 - "-" "-"
::ffff:192.168.0.17 - - [22/Aug/2019:04:29:11 +0000] "POST /rosemary/zone1/currentUser HTTP/1.1" 201 - "http://192.168.0.27/slide0.html" "Mozilla/5.0 (Windows NT 10.0; Win64; x64) AppleWebKit/537.36 (KHTML, like Gecko) Chrome/76.0.3809.100 Safari/537.36"
::ffff:192.168.0.17 - - [22/Aug/2019:04:29:11 +0000] "POST /rosemary/zone1/state HTTP/1.1" 201 - "http://192.168.0.27/slide0.html" "Mozilla/5.0 (Windows NT 10.0; Win64; x64) AppleWebKit/537.36 (KHTML, like Gecko) Chrome/76.0.3809.100 Safari/537.36"
::ffff:192.168.0.1 - - [22/Aug/2019:04:29:12 +0000] "OPTIONS /rosemary/zone1/state/la HTTP/1.1" 200 2 "-" "Mozilla/5.0 (Linux; Android 6.0.1; SAMSUNG SM-T375L Build/MMB29K) AppleWebKit/537.36 (KHTML, like Gecko) SamsungBrowser/9.4 Chrome/67.0.3396.87 Safari/537.36"
::ffff:192.168.0.1 - - [22/Aug/2019:04:29:12 +0000] "GET /rosemary/zone1/state/la HTTP/1.1" 200 - "http://192.168.0.27/camera.html" "Mozilla/5.0 (Linux; Android 6.0.1; SAMSUNG SM-T375L Build/MMB29K) AppleWebKit/537.36 (KHTML, like Gecko) SamsungBrowser/9.4 Chrome/67.0.3396.87 Safari/537.36"
::ffff:192.168.0.1 - - [22/Aug/2019:04:29:14 +0000] "GET /rosemary/zone1/state/la HTTP/1.1" 200 - "http://192.168.0.27/camera.html" "Mozilla/5.0 (Linux; Android 6.0.1; SAMSUNG SM-T375L Build/MMB29K) AppleWebKit/537.36 (KHTML, like Gecko) SamsungBrowser/9.4 Chrome/67.0.3396.87 Safari/537.36"
::ffff:192.168.0.2 - - [22/Aug/2019:04:29:20 +0000] "POST /KEic4o9TTc HTTP/1.1" 201 - "-" "-"
::ffff:192.168.0.1 - - [22/Aug/2019:04:29:25 +0000] "OPTIONS /rosemary/zone1/state/la HTTP/1.1" 200 2 "-" "Mozilla/5.0 (Linux; Android 6.0.1; SAMSUNG SM-T375L Build/MMB29K) AppleWebKit/537.36 (KHTML, like Gecko) SamsungBrowser/9.4 Chrome/67.0.3396.87 Safari/537.36"
::ffff:192.168.0.1 - - [22/Aug/2019:04:29:25 +0000] "GET /rosemary/zone1/state/la HTTP/1.1" 200 - "http://192.168.0.27/camera.html" "Mozilla/5.0 (Linux; Android 6.0.1; SAMSUNG SM-T375L Build/MMB29K) AppleWebKit/537.36 (KHTML, like Gecko) SamsungBrowser/9.4 Chrome/67.0.3396.87 Safari/537.36"
::ffff:192.168.0.23 - - [22/Aug/2019:04:29:28 +0000] "OPTIONS /rosemary/zone1/currentUser HTTP/1.1" 200 2 "-" "Mozilla/5.0 (Linux; Android 6.0.1; SAMSUNG SM-T375L Build/MMB29K) AppleWebKit/537.36 (KHTML, like Gecko) SamsungBrowser/9.4 Chrome/67.0.3396.87 Safari/537.36"
::ffff:192.168.0.23 - - [22/Aug/2019:04:29:28 +0000] "OPTIONS /rosemary/zone1/state HTTP/1.1" 200 2 "-" "Mozilla/5.0 (Linux; Android 6.0.1; SAMSUNG SM-T375L Build/MMB29K) AppleWebKit/537.36 (KHTML, like Gecko) SamsungBrowser/9.4 Chrome/67.0.3396.87 Safari/537.36"
::ffff:192.168.0.23 - - [22/Aug/2019:04:29:28 +0000] "POST /rosemary/zone1/currentUser HTTP/1.1" 201 - "http://192.168.0.27/slide0.html" "Mozilla/5.0 (Linux; Android 6.0.1; SAMSUNG SM-T375L Build/MMB29K) AppleWebKit/537.36 (KHTML, like Gecko) SamsungBrowser/9.4 Chrome/67.0.3396.87 Safari/537.36"
::ffff:192.168.0.23 - - [22/Aug/2019:04:29:28 +0000] "POST /rosemary/zone1/state HTTP/1.1" 201 - "http://192.168.0.27/slide0.html" "Mozilla/5.0 (Linux; Android 6.0.1; SAMSUNG SM-T375L Build/MMB29K) AppleWebKit/537.36 (KHTML, like Gecko) SamsungBrowser/9.4 Chrome/67.0.3396.87 Safari/537.36"
::ffff:192.168.0.23 - - [22/Aug/2019:04:29:40 +0000] "OPTIONS /rosemary/zone1/cam1 HTTP/1.1" 200 2 "-" "Mozilla/5.0 (Linux; Android 6.0.1; SAMSUNG SM-T375L Build/MMB29K) AppleWebKit/537.36 (KHTML, like Gecko) SamsungBrowser/9.4 Chrome/67.0.3396.87 Safari/537.36"
::ffff:192.168.0.23 - - [22/Aug/2019:04:29:40 +0000] "POST /rosemary/zone1/cam1 HTTP/1.1" 201 - "http://192.168.0.27/slide0.html" "Mozilla/5.0 (Linux; Android 6.0.1; SAMSUNG SM-T375L Build/MMB29K) AppleWebKit/537.36 (KHTML, like Gecko) SamsungBrowser/9.4 Chrome/67.0.3396.87 Safari/537.36"
::ffff:192.168.0.23 - - [22/Aug/2019:04:29:44 +0000] "POST /rosemary/zone1/cam1 HTTP/1.1" 201 - "http://192.168.0.27/slide0.html" "Mozilla/5.0 (Linux; Android 6.0.1; SAMSUNG SM-T375L Build/MMB29K) AppleWebKit/537.36 (KHTML, like Gecko) SamsungBrowser/9.4 Chrome/67.0.3396.87 Safari/537.36"
::ffff:192.168.0.23 - - [22/Aug/2019:04:29:56 +0000] "OPTIONS /rosemary/zone1/cam1 HTTP/1.1" 200 2 "-" "Mozilla/5.0 (Linux; Android 6.0.1; SAMSUNG SM-T375L Build/MMB29K) AppleWebKit/537.36 (KHTML, like Gecko) SamsungBrowser/9.4 Chrome/67.0.3396.87 Safari/537.36"
::ffff:192.168.0.23 - - [22/Aug/2019:04:29:57 +0000] "POST /rosemary/zone1/cam1 HTTP/1.1" 201 - "http://192.168.0.27/slide0.html" "Mozilla/5.0 (Linux; Android 6.0.1; SAMSUNG SM-T375L Build/MMB29K) AppleWebKit/537.36 (KHTML, like Gecko) SamsungBrowser/9.4 Chrome/67.0.3396.87 Safari/537.36"
::ffff:192.168.0.23 - - [22/Aug/2019:04:30:01 +0000] "POST /rosemary/zone1/cam1 HTTP/1.1" 201 - "http://192.168.0.27/slide0.html" "Mozilla/5.0 (Linux; Android 6.0.1; SAMSUNG SM-T375L Build/MMB29K) AppleWebKit/537.36 (KHTML, like Gecko) SamsungBrowser/9.4 Chrome/67.0.3396.87 Safari/537.36"
::ffff:192.168.0.1 - - [22/Aug/2019:04:30:04 +0000] "POST /rosemary/zone1/YGF5AI HTTP/1.1" 404 - "-" "-"
::ffff:192.168.0.13 - - [22/Aug/2019:04:30:10 +0000] "OPTIONS /rosemary/zone1/state HTTP/1.1" 200 2 "http://192.168.0.27/gallery.html" "Mozilla/5.0 (Linux; Android 8.1.0; SM-P580) AppleWebKit/537.36 (KHTML, like Gecko) Chrome/76.0.3809.111 Safari/537.36"
::ffff:192.168.0.13 - - [22/Aug/2019:04:30:10 +0000] "OPTIONS /rosemary/zone1/currentUser/la HTTP/1.1" 200 2 "http://192.168.0.27/gallery.html" "Mozilla/5.0 (Linux; Android 8.1.0; SM-P580) AppleWebKit/537.36 (KHTML, like Gecko) Chrome/76.0.3809.111 Safari/537.36"
::ffff:192.168.0.13 - - [22/Aug/2019:04:30:10 +0000] "GET /rosemary/zone1/currentUser/la HTTP/1.1" 200 - "http://192.168.0.27/gallery.html" "Mozilla/5.0 (Linux; Android 8.1.0; SM-P580) AppleWebKit/537.36 (KHTML, like Gecko) Chrome/76.0.3809.111 Safari/537.36"
::ffff:192.168.0.13 - - [22/Aug/2019:04:30:10 +0000] "POST /rosemary/zone1/state HTTP/1.1" 201 - "http://192.168.0.27/gallery.html" "Mozilla/5.0 (Linux; Android 8.1.0; SM-P580) AppleWebKit/537.36 (KHTML, like Gecko) Chrome/76.0.3809.111 Safari/537.36"
::ffff:192.168.0.23 - - [22/Aug/2019:04:30:14 +0000] "OPTIONS /rosemary/zone1/currentUser/la HTTP/1.1" 200 2 "-" "Mozilla/5.0 (Linux; Android 6.0.1; SAMSUNG SM-T375L Build/MMB29K) AppleWebKit/537.36 (KHTML, like Gecko) SamsungBrowser/9.4 Chrome/67.0.3396.87 Safari/537.36"
::ffff:192.168.0.23 - - [22/Aug/2019:04:30:14 +0000] "OPTIONS /rosemary/zone1/state HTTP/1.1" 200 2 "-" "Mozilla/5.0 (Linux; Android 6.0.1; SAMSUNG SM-T375L Build/MMB29K) AppleWebKit/537.36 (KHTML, like Gecko) SamsungBrowser/9.4 Chrome/67.0.3396.87 Safari/537.36"
::ffff:192.168.0.23 - - [22/Aug/2019:04:30:14 +0000] "GET /rosemary/zone1/currentUser/la HTTP/1.1" 200 - "http://192.168.0.27/gallery.html" "Mozilla/5.0 (Linux; Android 6.0.1; SAMSUNG SM-T375L Build/MMB29K) AppleWebKit/537.36 (KHTML, like Gecko) SamsungBrowser/9.4 Chrome/67.0.3396.87 Safari/537.36"
::ffff:192.168.0.23 - - [22/Aug/2019:04:30:14 +0000] "POST /rosemary/zone1/state HTTP/1.1" 201 - "http://192.168.0.27/gallery.html" "Mozilla/5.0 (Linux; Android 6.0.1; SAMSUNG SM-T375L Build/MMB29K) AppleWebKit/537.36 (KHTML, like Gecko) SamsungBrowser/9.4 Chrome/67.0.3396.87 Safari/537.36"
::ffff:192.168.0.13 - - [22/Aug/2019:04:30:16 +0000] "OPTIONS /rosemary/zone1/state HTTP/1.1" 200 2 "http://192.168.0.27/gallery.html" "Mozilla/5.0 (Linux; Android 8.1.0; SM-P580) AppleWebKit/537.36 (KHTML, like Gecko) Chrome/76.0.3809.111 Safari/537.36"
::ffff:192.168.0.13 - - [22/Aug/2019:04:30:16 +0000] "OPTIONS /rosemary/zone1/currentUser/la HTTP/1.1" 200 2 "http://192.168.0.27/gallery.html" "Mozilla/5.0 (Linux; Android 8.1.0; SM-P580) AppleWebKit/537.36 (KHTML, like Gecko) Chrome/76.0.3809.111 Safari/537.36"
::ffff:192.168.0.13 - - [22/Aug/2019:04:30:16 +0000] "POST /rosemary/zone1/state HTTP/1.1" 201 - "http://192.168.0.27/gallery.html" "Mozilla/5.0 (Linux; Android 8.1.0; SM-P580) AppleWebKit/537.36 (KHTML, like Gecko) Chrome/76.0.3809.111 Safari/537.36"
::ffff:192.168.0.13 - - [22/Aug/2019:04:30:30 +0000] "OPTIONS /rosemary/zone1/state HTTP/1.1" 200 2 "http://192.168.0.27/gallery.html" "Mozilla/5.0 (Linux; Android 8.1.0; SM-P580) AppleWebKit/537.36 (KHTML, like Gecko) Chrome/76.0.3809.111 Safari/537.36"
::ffff:192.168.0.13 - - [22/Aug/2019:04:30:30 +0000] "OPTIONS /rosemary/zone1/currentUser/la HTTP/1.1" 200 2 "http://192.168.0.27/gallery.html" "Mozilla/5.0 (Linux; Android 8.1.0; SM-P580) AppleWebKit/537.36 (KHTML, like Gecko) Chrome/76.0.3809.111 Safari/537.36"
::ffff:192.168.0.13 - - [22/Aug/2019:04:30:30 +0000] "GET /rosemary/zone1/currentUser/la HTTP/1.1" 200 - "http://192.168.0.27/gallery.html" "Mozilla/5.0 (Linux; Android 8.1.0; SM-P580) AppleWebKit/537.36 (KHTML, like Gecko) Chrome/76.0.3809.111 Safari/537.36"
::ffff:192.168.0.13 - - [22/Aug/2019:04:30:30 +0000] "POST /rosemary/zone1/state HTTP/1.1" 201 - "http://192.168.0.27/gallery.html" "Mozilla/5.0 (Linux; Android 8.1.0; SM-P580) AppleWebKit/537.36 (KHTML, like Gecko) Chrome/76.0.3809.111 Safari/537.36"
::ffff:192.168.0.23 - - [22/Aug/2019:04:30:38 +0000] "OPTIONS /rosemary/zone1/currentUser/la HTTP/1.1" 200 2 "-" "Mozilla/5.0 (Linux; Android 6.0.1; SAMSUNG SM-T375L Build/MMB29K) AppleWebKit/537.36 (KHTML, like Gecko) SamsungBrowser/9.4 Chrome/67.0.3396.87 Safari/537.36"
::ffff:192.168.0.23 - - [22/Aug/2019:04:30:38 +0000] "OPTIONS /rosemary/zone1/state HTTP/1.1" 200 2 "-" "Mozilla/5.0 (Linux; Android 6.0.1; SAMSUNG SM-T375L Build/MMB29K) AppleWebKit/537.36 (KHTML, like Gecko) SamsungBrowser/9.4 Chrome/67.0.3396.87 Safari/537.36"
::ffff:192.168.0.23 - - [22/Aug/2019:04:30:38 +0000] "POST /rosemary/zone1/state HTTP/1.1" 201 - "http://192.168.0.27/gallery.html" "Mozilla/5.0 (Linux; Android 6.0.1; SAMSUNG SM-T375L Build/MMB29K) AppleWebKit/537.36 (KHTML, like Gecko) SamsungBrowser/9.4 Chrome/67.0.3396.87 Safari/537.36"
::ffff:192.168.0.23 - - [22/Aug/2019:04:30:44 +0000] "OPTIONS /rosemary/zone1/currentUser/la HTTP/1.1" 200 2 "-" "Mozilla/5.0 (Linux; Android 6.0.1; SAMSUNG SM-T375L Build/MMB29K) AppleWebKit/537.36 (KHTML, like Gecko) SamsungBrowser/9.4 Chrome/67.0.3396.87 Safari/537.36"
::ffff:192.168.0.23 - - [22/Aug/2019:04:30:44 +0000] "OPTIONS /rosemary/zone1/state HTTP/1.1" 200 2 "-" "Mozilla/5.0 (Linux; Android 6.0.1; SAMSUNG SM-T375L Build/MMB29K) AppleWebKit/537.36 (KHTML, like Gecko) SamsungBrowser/9.4 Chrome/67.0.3396.87 Safari/537.36"
::ffff:192.168.0.23 - - [22/Aug/2019:04:30:44 +0000] "POST /rosemary/zone1/state HTTP/1.1" 201 - "http://192.168.0.27/gallery.html" "Mozilla/5.0 (Linux; Android 6.0.1; SAMSUNG SM-T375L Build/MMB29K) AppleWebKit/537.36 (KHTML, like Gecko) SamsungBrowser/9.4 Chrome/67.0.3396.87 Safari/537.36"
::ffff:192.168.0.23 - - [22/Aug/2019:04:30:51 +0000] "OPTIONS /rosemary/zone1/currentUser/la HTTP/1.1" 200 2 "-" "Mozilla/5.0 (Linux; Android 6.0.1; SAMSUNG SM-T375L Build/MMB29K) AppleWebKit/537.36 (KHTML, like Gecko) SamsungBrowser/9.4 Chrome/67.0.3396.87 Safari/537.36"
::ffff:192.168.0.23 - - [22/Aug/2019:04:30:51 +0000] "OPTIONS /rosemary/zone1/state HTTP/1.1" 200 2 "-" "Mozilla/5.0 (Linux; Android 6.0.1; SAMSUNG SM-T375L Build/MMB29K) AppleWebKit/537.36 (KHTML, like Gecko) SamsungBrowser/9.4 Chrome/67.0.3396.87 Safari/537.36"
::ffff:192.168.0.23 - - [22/Aug/2019:04:30:51 +0000] "POST /rosemary/zone1/state HTTP/1.1" 201 - "http://192.168.0.27/gallery.html" "Mozilla/5.0 (Linux; Android 6.0.1; SAMSUNG SM-T375L Build/MMB29K) AppleWebKit/537.36 (KHTML, like Gecko) SamsungBrowser/9.4 Chrome/67.0.3396.87 Safari/537.36"
::ffff:192.168.0.23 - - [22/Aug/2019:04:31:29 +0000] "OPTIONS /rosemary/zone1/currentUser/la HTTP/1.1" 200 2 "-" "Mozilla/5.0 (Linux; Android 6.0.1; SAMSUNG SM-T375L Build/MMB29K) AppleWebKit/537.36 (KHTML, like Gecko) SamsungBrowser/9.4 Chrome/67.0.3396.87 Safari/537.36"
::ffff:192.168.0.23 - - [22/Aug/2019:04:31:29 +0000] "OPTIONS /rosemary/zone1/state HTTP/1.1" 200 2 "-" "Mozilla/5.0 (Linux; Android 6.0.1; SAMSUNG SM-T375L Build/MMB29K) AppleWebKit/537.36 (KHTML, like Gecko) SamsungBrowser/9.4 Chrome/67.0.3396.87 Safari/537.36"
::ffff:192.168.0.23 - - [22/Aug/2019:04:31:30 +0000] "POST /rosemary/zone1/state HTTP/1.1" 201 - "http://192.168.0.27/gallery.html" "Mozilla/5.0 (Linux; Android 6.0.1; SAMSUNG SM-T375L Build/MMB29K) AppleWebKit/537.36 (KHTML, like Gecko) SamsungBrowser/9.4 Chrome/67.0.3396.87 Safari/537.36"
::ffff:192.168.0.17 - - [22/Aug/2019:04:32:24 +0000] "OPTIONS /rosemary/zone1/currentUser HTTP/1.1" 200 2 "http://192.168.0.27/slide0.html" "Mozilla/5.0 (Windows NT 10.0; Win64; x64) AppleWebKit/537.36 (KHTML, like Gecko) Chrome/76.0.3809.100 Safari/537.36"
::ffff:192.168.0.17 - - [22/Aug/2019:04:32:24 +0000] "OPTIONS /rosemary/zone1/state HTTP/1.1" 200 2 "http://192.168.0.27/slide0.html" "Mozilla/5.0 (Windows NT 10.0; Win64; x64) AppleWebKit/537.36 (KHTML, like Gecko) Chrome/76.0.3809.100 Safari/537.36"
::ffff:192.168.0.17 - - [22/Aug/2019:04:32:24 +0000] "POST /rosemary/zone1/state HTTP/1.1" 201 - "http://192.168.0.27/slide0.html" "Mozilla/5.0 (Windows NT 10.0; Win64; x64) AppleWebKit/537.36 (KHTML, like Gecko) Chrome/76.0.3809.100 Safari/537.36"
::ffff:192.168.0.17 - - [22/Aug/2019:04:32:24 +0000] "POST /rosemary/zone1/currentUser HTTP/1.1" 201 - "http://192.168.0.27/slide0.html" "Mozilla/5.0 (Windows NT 10.0; Win64; x64) AppleWebKit/537.36 (KHTML, like Gecko) Chrome/76.0.3809.100 Safari/537.36"
::ffff:192.168.0.1 - - [22/Aug/2019:04:38:04 +0000] "OPTIONS /rosemary/zone1/state/la HTTP/1.1" 200 2 "-" "Mozilla/5.0 (Linux; Android 6.0.1; SAMSUNG SM-T375L Build/MMB29K) AppleWebKit/537.36 (KHTML, like Gecko) SamsungBrowser/9.4 Chrome/67.0.3396.87 Safari/537.36"
::ffff:192.168.0.1 - - [22/Aug/2019:04:38:04 +0000] "GET /rosemary/zone1/state/la HTTP/1.1" 200 - "http://192.168.0.27/cam_kiosk.html" "Mozilla/5.0 (Linux; Android 6.0.1; SAMSUNG SM-T375L Build/MMB29K) AppleWebKit/537.36 (KHTML, like Gecko) SamsungBrowser/9.4 Chrome/67.0.3396.87 Safari/537.36"
::ffff:192.168.0.2 - - [22/Aug/2019:04:38:12 +0000] "POST /KEic4o9TTc HTTP/1.1" 201 - "-" "-"
::ffff:192.168.0.1 - - [22/Aug/2019:04:38:15 +0000] "OPTIONS /rosemary/zone1/state/la HTTP/1.1" 200 2 "-" "Mozilla/5.0 (Linux; Android 6.0.1; SAMSUNG SM-T375L Build/MMB29K) AppleWebKit/537.36 (KHTML, like Gecko) SamsungBrowser/9.4 Chrome/67.0.3396.87 Safari/537.36"
::ffff:192.168.0.1 - - [22/Aug/2019:04:38:15 +0000] "GET /rosemary/zone1/state/la HTTP/1.1" 200 - "http://192.168.0.27/camera.html" "Mozilla/5.0 (Linux; Android 6.0.1; SAMSUNG SM-T375L Build/MMB29K) AppleWebKit/537.36 (KHTML, like Gecko) SamsungBrowser/9.4 Chrome/67.0.3396.87 Safari/537.36"
::ffff:192.168.0.23 - - [22/Aug/2019:04:38:22 +0000] "OPTIONS /rosemary/zone1/currentUser HTTP/1.1" 200 2 "-" "Mozilla/5.0 (Linux; Android 6.0.1; SAMSUNG SM-T375L Build/MMB29K) AppleWebKit/537.36 (KHTML, like Gecko) SamsungBrowser/9.4 Chrome/67.0.3396.87 Safari/537.36"
::ffff:192.168.0.23 - - [22/Aug/2019:04:38:22 +0000] "OPTIONS /rosemary/zone1/state HTTP/1.1" 200 2 "-" "Mozilla/5.0 (Linux; Android 6.0.1; SAMSUNG SM-T375L Build/MMB29K) AppleWebKit/537.36 (KHTML, like Gecko) SamsungBrowser/9.4 Chrome/67.0.3396.87 Safari/537.36"
::ffff:192.168.0.23 - - [22/Aug/2019:04:38:22 +0000] "POST /rosemary/zone1/currentUser HTTP/1.1" 201 - "http://192.168.0.27/slide0.html" "Mozilla/5.0 (Linux; Android 6.0.1; SAMSUNG SM-T375L Build/MMB29K) AppleWebKit/537.36 (KHTML, like Gecko) SamsungBrowser/9.4 Chrome/67.0.3396.87 Safari/537.36"
::ffff:192.168.0.23 - - [22/Aug/2019:04:38:22 +0000] "POST /rosemary/zone1/state HTTP/1.1" 201 - "http://192.168.0.27/slide0.html" "Mozilla/5.0 (Linux; Android 6.0.1; SAMSUNG SM-T375L Build/MMB29K) AppleWebKit/537.36 (KHTML, like Gecko) SamsungBrowser/9.4 Chrome/67.0.3396.87 Safari/537.36"
::ffff:192.168.0.17 - - [22/Aug/2019:04:41:29 +0000] "OPTIONS /rosemary/zone1/currentUser HTTP/1.1" 200 2 "http://192.168.0.27/slide0.html" "Mozilla/5.0 (Windows NT 10.0; Win64; x64) AppleWebKit/537.36 (KHTML, like Gecko) Chrome/76.0.3809.100 Safari/537.36"
::ffff:192.168.0.17 - - [22/Aug/2019:04:41:29 +0000] "OPTIONS /rosemary/zone1/state HTTP/1.1" 200 2 "http://192.168.0.27/slide0.html" "Mozilla/5.0 (Windows NT 10.0; Win64; x64) AppleWebKit/537.36 (KHTML, like Gecko) Chrome/76.0.3809.100 Safari/537.36"
::ffff:192.168.0.17 - - [22/Aug/2019:04:41:29 +0000] "POST /rosemary/zone1/state HTTP/1.1" 201 - "http://192.168.0.27/slide0.html" "Mozilla/5.0 (Windows NT 10.0; Win64; x64) AppleWebKit/537.36 (KHTML, like Gecko) Chrome/76.0.3809.100 Safari/537.36"
::ffff:192.168.0.17 - - [22/Aug/2019:04:41:29 +0000] "POST /rosemary/zone1/currentUser HTTP/1.1" 201 - "http://192.168.0.27/slide0.html" "Mozilla/5.0 (Windows NT 10.0; Win64; x64) AppleWebKit/537.36 (KHTML, like Gecko) Chrome/76.0.3809.100 Safari/537.36"
::ffff:192.168.0.2 - - [22/Aug/2019:04:41:46 +0000] "POST /KEic4o9TTc HTTP/1.1" 201 - "-" "-"
::ffff:192.168.0.2 - - [22/Aug/2019:04:43:26 +0000] "POST /6erDrylekm HTTP/1.1" 201 - "-" "-"
::ffff:192.168.0.2 - - [22/Aug/2019:04:43:36 +0000] "POST /6erDrylekm HTTP/1.1" 201 - "-" "-"
::ffff:192.168.0.2 - - [22/Aug/2019:04:43:43 +0000] "POST /KEic4o9TTc HTTP/1.1" 201 - "-" "-"
::ffff:192.168.0.23 - - [22/Aug/2019:04:44:06 +0000] "OPTIONS /rosemary/zone1/state HTTP/1.1" 200 2 "-" "Mozilla/5.0 (Linux; Android 6.0.1; SAMSUNG SM-T375L Build/MMB29K) AppleWebKit/537.36 (KHTML, like Gecko) SamsungBrowser/9.4 Chrome/67.0.3396.87 Safari/537.36"
::ffff:192.168.0.23 - - [22/Aug/2019:04:44:06 +0000] "OPTIONS /rosemary/zone1/currentUser/la HTTP/1.1" 200 2 "-" "Mozilla/5.0 (Linux; Android 6.0.1; SAMSUNG SM-T375L Build/MMB29K) AppleWebKit/537.36 (KHTML, like Gecko) SamsungBrowser/9.4 Chrome/67.0.3396.87 Safari/537.36"
::ffff:192.168.0.23 - - [22/Aug/2019:04:44:06 +0000] "GET /rosemary/zone1/currentUser/la HTTP/1.1" 200 - "http://192.168.0.27/gallery.html" "Mozilla/5.0 (Linux; Android 6.0.1; SAMSUNG SM-T375L Build/MMB29K) AppleWebKit/537.36 (KHTML, like Gecko) SamsungBrowser/9.4 Chrome/67.0.3396.87 Safari/537.36"
::ffff:192.168.0.23 - - [22/Aug/2019:04:44:07 +0000] "POST /rosemary/zone1/state HTTP/1.1" 201 - "http://192.168.0.27/gallery.html" "Mozilla/5.0 (Linux; Android 6.0.1; SAMSUNG SM-T375L Build/MMB29K) AppleWebKit/537.36 (KHTML, like Gecko) SamsungBrowser/9.4 Chrome/67.0.3396.87 Safari/537.36"
::ffff:192.168.0.1 - - [22/Aug/2019:04:44:15 +0000] "OPTIONS /rosemary/zone1/state/la HTTP/1.1" 200 2 "-" "Mozilla/5.0 (Linux; Android 6.0.1; SAMSUNG SM-T375L Build/MMB29K) AppleWebKit/537.36 (KHTML, like Gecko) SamsungBrowser/9.4 Chrome/67.0.3396.87 Safari/537.36"
::ffff:192.168.0.1 - - [22/Aug/2019:04:44:15 +0000] "GET /rosemary/zone1/state/la HTTP/1.1" 200 - "http://192.168.0.27/cam_kiosk.html" "Mozilla/5.0 (Linux; Android 6.0.1; SAMSUNG SM-T375L Build/MMB29K) AppleWebKit/537.36 (KHTML, like Gecko) SamsungBrowser/9.4 Chrome/67.0.3396.87 Safari/537.36"
::ffff:192.168.0.1 - - [22/Aug/2019:04:44:17 +0000] "GET /rosemary/zone1/state/la HTTP/1.1" 200 - "http://192.168.0.27/camera.html" "Mozilla/5.0 (Linux; Android 6.0.1; SAMSUNG SM-T375L Build/MMB29K) AppleWebKit/537.36 (KHTML, like Gecko) SamsungBrowser/9.4 Chrome/67.0.3396.87 Safari/537.36"
::ffff:192.168.0.23 - - [22/Aug/2019:04:44:21 +0000] "OPTIONS /rosemary/zone1/currentUser HTTP/1.1" 200 2 "-" "Mozilla/5.0 (Linux; Android 6.0.1; SAMSUNG SM-T375L Build/MMB29K) AppleWebKit/537.36 (KHTML, like Gecko) SamsungBrowser/9.4 Chrome/67.0.3396.87 Safari/537.36"
::ffff:192.168.0.23 - - [22/Aug/2019:04:44:21 +0000] "OPTIONS /rosemary/zone1/state HTTP/1.1" 200 2 "-" "Mozilla/5.0 (Linux; Android 6.0.1; SAMSUNG SM-T375L Build/MMB29K) AppleWebKit/537.36 (KHTML, like Gecko) SamsungBrowser/9.4 Chrome/67.0.3396.87 Safari/537.36"
::ffff:192.168.0.23 - - [22/Aug/2019:04:44:21 +0000] "POST /rosemary/zone1/currentUser HTTP/1.1" 201 - "http://192.168.0.27/slide0.html" "Mozilla/5.0 (Linux; Android 6.0.1; SAMSUNG SM-T375L Build/MMB29K) AppleWebKit/537.36 (KHTML, like Gecko) SamsungBrowser/9.4 Chrome/67.0.3396.87 Safari/537.36"
::ffff:192.168.0.23 - - [22/Aug/2019:04:44:21 +0000] "POST /rosemary/zone1/state HTTP/1.1" 201 - "http://192.168.0.27/slide0.html" "Mozilla/5.0 (Linux; Android 6.0.1; SAMSUNG SM-T375L Build/MMB29K) AppleWebKit/537.36 (KHTML, like Gecko) SamsungBrowser/9.4 Chrome/67.0.3396.87 Safari/537.36"
::ffff:192.168.0.23 - - [22/Aug/2019:04:44:22 +0000] "OPTIONS /rosemary/zone1/cam1 HTTP/1.1" 200 2 "-" "Mozilla/5.0 (Linux; Android 6.0.1; SAMSUNG SM-T375L Build/MMB29K) AppleWebKit/537.36 (KHTML, like Gecko) SamsungBrowser/9.4 Chrome/67.0.3396.87 Safari/537.36"
::ffff:192.168.0.23 - - [22/Aug/2019:04:44:23 +0000] "POST /rosemary/zone1/cam1 HTTP/1.1" 201 - "http://192.168.0.27/slide0.html" "Mozilla/5.0 (Linux; Android 6.0.1; SAMSUNG SM-T375L Build/MMB29K) AppleWebKit/537.36 (KHTML, like Gecko) SamsungBrowser/9.4 Chrome/67.0.3396.87 Safari/537.36"
::ffff:192.168.0.23 - - [22/Aug/2019:04:44:26 +0000] "POST /rosemary/zone1/cam1 HTTP/1.1" 201 - "http://192.168.0.27/slide0.html" "Mozilla/5.0 (Linux; Android 6.0.1; SAMSUNG SM-T375L Build/MMB29K) AppleWebKit/537.36 (KHTML, like Gecko) SamsungBrowser/9.4 Chrome/67.0.3396.87 Safari/537.36"
::ffff:192.168.0.23 - - [22/Aug/2019:04:44:31 +0000] "OPTIONS /rosemary/zone1/cam1 HTTP/1.1" 200 2 "-" "Mozilla/5.0 (Linux; Android 6.0.1; SAMSUNG SM-T375L Build/MMB29K) AppleWebKit/537.36 (KHTML, like Gecko) SamsungBrowser/9.4 Chrome/67.0.3396.87 Safari/537.36"
::ffff:192.168.0.23 - - [22/Aug/2019:04:44:32 +0000] "POST /rosemary/zone1/cam1 HTTP/1.1" 201 - "http://192.168.0.27/slide0.html" "Mozilla/5.0 (Linux; Android 6.0.1; SAMSUNG SM-T375L Build/MMB29K) AppleWebKit/537.36 (KHTML, like Gecko) SamsungBrowser/9.4 Chrome/67.0.3396.87 Safari/537.36"
::ffff:192.168.0.23 - - [22/Aug/2019:04:44:38 +0000] "OPTIONS /rosemary/zone1/cam1 HTTP/1.1" 200 2 "-" "Mozilla/5.0 (Linux; Android 6.0.1; SAMSUNG SM-T375L Build/MMB29K) AppleWebKit/537.36 (KHTML, like Gecko) SamsungBrowser/9.4 Chrome/67.0.3396.87 Safari/537.36"
::ffff:192.168.0.23 - - [22/Aug/2019:04:44:40 +0000] "POST /rosemary/zone1/cam1 HTTP/1.1" 201 - "http://192.168.0.27/slide0.html" "Mozilla/5.0 (Linux; Android 6.0.1; SAMSUNG SM-T375L Build/MMB29K) AppleWebKit/537.36 (KHTML, like Gecko) SamsungBrowser/9.4 Chrome/67.0.3396.87 Safari/537.36"
::ffff:192.168.0.23 - - [22/Aug/2019:04:44:42 +0000] "POST /rosemary/zone1/cam1 HTTP/1.1" 201 - "http://192.168.0.27/slide0.html" "Mozilla/5.0 (Linux; Android 6.0.1; SAMSUNG SM-T375L Build/MMB29K) AppleWebKit/537.36 (KHTML, like Gecko) SamsungBrowser/9.4 Chrome/67.0.3396.87 Safari/537.36"
::ffff:192.168.0.1 - - [22/Aug/2019:04:44:43 +0000] "POST /rosemary/zone1/Y2OJC8 HTTP/1.1" 404 - "-" "-"
::ffff:192.168.0.23 - - [22/Aug/2019:04:44:52 +0000] "OPTIONS /rosemary/zone1/currentUser/la HTTP/1.1" 200 2 "-" "Mozilla/5.0 (Linux; Android 6.0.1; SAMSUNG SM-T375L Build/MMB29K) AppleWebKit/537.36 (KHTML, like Gecko) SamsungBrowser/9.4 Chrome/67.0.3396.87 Safari/537.36"
::ffff:192.168.0.23 - - [22/Aug/2019:04:44:52 +0000] "OPTIONS /rosemary/zone1/state HTTP/1.1" 200 2 "-" "Mozilla/5.0 (Linux; Android 6.0.1; SAMSUNG SM-T375L Build/MMB29K) AppleWebKit/537.36 (KHTML, like Gecko) SamsungBrowser/9.4 Chrome/67.0.3396.87 Safari/537.36"
::ffff:192.168.0.23 - - [22/Aug/2019:04:44:52 +0000] "GET /rosemary/zone1/currentUser/la HTTP/1.1" 200 - "http://192.168.0.27/gallery.html" "Mozilla/5.0 (Linux; Android 6.0.1; SAMSUNG SM-T375L Build/MMB29K) AppleWebKit/537.36 (KHTML, like Gecko) SamsungBrowser/9.4 Chrome/67.0.3396.87 Safari/537.36"
::ffff:192.168.0.23 - - [22/Aug/2019:04:44:52 +0000] "POST /rosemary/zone1/state HTTP/1.1" 201 - "http://192.168.0.27/gallery.html" "Mozilla/5.0 (Linux; Android 6.0.1; SAMSUNG SM-T375L Build/MMB29K) AppleWebKit/537.36 (KHTML, like Gecko) SamsungBrowser/9.4 Chrome/67.0.3396.87 Safari/537.36"
::ffff:192.168.0.1 - - [22/Aug/2019:04:44:58 +0000] "OPTIONS /rosemary/zone1/state/la HTTP/1.1" 200 2 "http://192.168.0.27/cam_kiosk.html" "Mozilla/5.0 (Linux; Android 8.1.0; SM-P580) AppleWebKit/537.36 (KHTML, like Gecko) Chrome/76.0.3809.111 Safari/537.36"
