::ffff:192.168.0.33 - - [29/Sep/2019:11:55:26 +0000] "OPTIONS /rosemary/zone1/cam1 HTTP/1.1" 200 2 "http://114.71.220.111:3030/app/slide0.html" "Mozilla/5.0 (Linux; Android 9; SM-T510) AppleWebKit/537.36 (KHTML, like Gecko) Chrome/77.0.3865.92 Safari/537.36"
::ffff:192.168.0.33 - - [29/Sep/2019:11:55:26 +0000] "POST /rosemary/zone1/cam1 HTTP/1.1" 201 - "http://114.71.220.111:3030/app/slide0.html" "Mozilla/5.0 (Linux; Android 9; SM-T510) AppleWebKit/537.36 (KHTML, like Gecko) Chrome/77.0.3865.92 Safari/537.36"
::ffff:192.168.0.33 - - [29/Sep/2019:11:55:26 +0000] "POST /rosemary/zone1/cam1 HTTP/1.1" 201 - "http://114.71.220.111:3030/app/slide0.html" "Mozilla/5.0 (Linux; Android 9; SM-T510) AppleWebKit/537.36 (KHTML, like Gecko) Chrome/77.0.3865.92 Safari/537.36"
::ffff:192.168.0.33 - - [29/Sep/2019:11:57:52 +0000] "OPTIONS /rosemary/zone1/currentUser HTTP/1.1" 200 2 "http://114.71.220.111:3030/app/cam_kiosk.html" "Mozilla/5.0 (Linux; Android 9; SM-T510) AppleWebKit/537.36 (KHTML, like Gecko) Chrome/77.0.3865.92 Safari/537.36"
::ffff:192.168.0.33 - - [29/Sep/2019:11:57:52 +0000] "OPTIONS /rosemary/zone1 HTTP/1.1" 200 2 "http://114.71.220.111:3030/app/cam_kiosk.html" "Mozilla/5.0 (Linux; Android 9; SM-T510) AppleWebKit/537.36 (KHTML, like Gecko) Chrome/77.0.3865.92 Safari/537.36"
::ffff:192.168.0.1 - - [29/Sep/2019:11:57:52 +0000] "OPTIONS /rosemary/zone1/state/la HTTP/1.1" 200 2 "http://114.71.220.111:3030/app/cam_kiosk.html" "Mozilla/5.0 (Linux; Android 9; SM-T510) AppleWebKit/537.36 (KHTML, like Gecko) Chrome/77.0.3865.92 Safari/537.36"
::ffff:192.168.0.1 - - [29/Sep/2019:11:57:52 +0000] "GET /rosemary/zone1/state/la HTTP/1.1" 200 - "http://114.71.220.111:3030/app/cam_kiosk.html" "Mozilla/5.0 (Linux; Android 9; SM-T510) AppleWebKit/537.36 (KHTML, like Gecko) Chrome/77.0.3865.92 Safari/537.36"
::ffff:192.168.0.33 - - [29/Sep/2019:11:57:52 +0000] "POST /rosemary/zone1 HTTP/1.1" 201 - "http://114.71.220.111:3030/app/cam_kiosk.html" "Mozilla/5.0 (Linux; Android 9; SM-T510) AppleWebKit/537.36 (KHTML, like Gecko) Chrome/77.0.3865.92 Safari/537.36"
::ffff:192.168.0.33 - - [29/Sep/2019:11:57:52 +0000] "POST /rosemary/zone1/currentUser HTTP/1.1" 201 - "http://114.71.220.111:3030/app/cam_kiosk.html" "Mozilla/5.0 (Linux; Android 9; SM-T510) AppleWebKit/537.36 (KHTML, like Gecko) Chrome/77.0.3865.92 Safari/537.36"
::ffff:192.168.0.2 - - [29/Sep/2019:11:57:53 +0000] "POST /rosemary/zone1/YQ9JO8 HTTP/1.1" 201 - "-" "-"
::ffff:192.168.0.6 - - [29/Sep/2019:11:57:53 +0000] "POST /rosemary/zone1/YQ9JO8 HTTP/1.1" 409 - "-" "-"
::ffff:192.168.0.6 - - [29/Sep/2019:11:57:53 +0000] "DELETE /rosemary/zone1/YQ9JO8/mobiususer02.MOBIUS.BROWSER.APP_sub HTTP/1.1" 200 - "-" "-"
::ffff:192.168.0.6 - - [29/Sep/2019:11:57:53 +0000] "POST /rosemary/zone1/YQ9JO8 HTTP/1.1" 201 - "-" "-"
::ffff:192.168.0.2 - - [29/Sep/2019:11:57:54 +0000] "POST /rosemary/zone1/YQ9JO8 HTTP/1.1" 409 - "-" "-"
::ffff:192.168.0.2 - - [29/Sep/2019:11:57:54 +0000] "DELETE /rosemary/zone1/YQ9JO8/mobiususer02.MOBIUS.BROWSER.APP_sub HTTP/1.1" 200 - "-" "-"
::ffff:192.168.0.2 - - [29/Sep/2019:11:57:54 +0000] "POST /rosemary/zone1/YQ9JO8 HTTP/1.1" 201 - "-" "-"
::ffff:192.168.0.2 - - [29/Sep/2019:11:57:55 +0000] "POST /rosemary/zone1/YQ9JO8 HTTP/1.1" 409 - "-" "-"
::ffff:192.168.0.2 - - [29/Sep/2019:11:57:55 +0000] "DELETE /rosemary/zone1/YQ9JO8/mobiususer02.MOBIUS.BROWSER.APP_sub HTTP/1.1" 200 - "-" "-"
::ffff:192.168.0.2 - - [29/Sep/2019:11:57:55 +0000] "POST /rosemary/zone1/YQ9JO8 HTTP/1.1" 201 - "-" "-"
::ffff:192.168.0.1 - - [29/Sep/2019:11:57:57 +0000] "GET /rosemary/zone1/state/la HTTP/1.1" 200 - "http://114.71.220.111:3030/app/camera.html" "Mozilla/5.0 (Linux; Android 9; SM-T510) AppleWebKit/537.36 (KHTML, like Gecko) Chrome/77.0.3865.92 Safari/537.36"
::ffff:192.168.0.33 - - [29/Sep/2019:11:57:57 +0000] "POST /rosemary/zone1 HTTP/1.1" 201 - "http://114.71.220.111:3030/app/camera.html" "Mozilla/5.0 (Linux; Android 9; SM-T510) AppleWebKit/537.36 (KHTML, like Gecko) Chrome/77.0.3865.92 Safari/537.36"
::ffff:192.168.0.33 - - [29/Sep/2019:11:57:57 +0000] "POST /rosemary/zone1/currentUser HTTP/1.1" 201 - "http://114.71.220.111:3030/app/camera.html" "Mozilla/5.0 (Linux; Android 9; SM-T510) AppleWebKit/537.36 (KHTML, like Gecko) Chrome/77.0.3865.92 Safari/537.36"
::ffff:192.168.0.2 - - [29/Sep/2019:11:57:58 +0000] "POST /rosemary/zone1/Y8GLKO HTTP/1.1" 201 - "-" "-"
::ffff:192.168.0.6 - - [29/Sep/2019:11:57:58 +0000] "POST /rosemary/zone1/Y8GLKO HTTP/1.1" 409 - "-" "-"
::ffff:192.168.0.6 - - [29/Sep/2019:11:57:58 +0000] "DELETE /rosemary/zone1/Y8GLKO/mobiususer02.MOBIUS.BROWSER.APP_sub HTTP/1.1" 200 - "-" "-"
::ffff:192.168.0.6 - - [29/Sep/2019:11:57:58 +0000] "POST /rosemary/zone1/Y8GLKO HTTP/1.1" 201 - "-" "-"
::ffff:192.168.0.2 - - [29/Sep/2019:11:57:59 +0000] "POST /rosemary/zone1/Y8GLKO HTTP/1.1" 409 - "-" "-"
::ffff:192.168.0.2 - - [29/Sep/2019:11:57:59 +0000] "DELETE /rosemary/zone1/Y8GLKO/mobiususer02.MOBIUS.BROWSER.APP_sub HTTP/1.1" 200 - "-" "-"
::ffff:192.168.0.2 - - [29/Sep/2019:11:57:59 +0000] "POST /rosemary/zone1/Y8GLKO HTTP/1.1" 201 - "-" "-"
::ffff:192.168.0.2 - - [29/Sep/2019:11:58:00 +0000] "POST /rosemary/zone1/Y8GLKO HTTP/1.1" 409 - "-" "-"
::ffff:192.168.0.2 - - [29/Sep/2019:11:58:00 +0000] "DELETE /rosemary/zone1/Y8GLKO/mobiususer02.MOBIUS.BROWSER.APP_sub HTTP/1.1" 200 - "-" "-"
::ffff:192.168.0.2 - - [29/Sep/2019:11:58:00 +0000] "POST /rosemary/zone1/Y8GLKO HTTP/1.1" 201 - "-" "-"
::ffff:192.168.0.33 - - [29/Sep/2019:11:58:02 +0000] "OPTIONS /rosemary/zone1/cam1 HTTP/1.1" 200 2 "http://114.71.220.111:3030/app/slide0.html" "Mozilla/5.0 (Linux; Android 9; SM-T510) AppleWebKit/537.36 (KHTML, like Gecko) Chrome/77.0.3865.92 Safari/537.36"
::ffff:192.168.0.33 - - [29/Sep/2019:11:58:03 +0000] "POST /rosemary/zone1/cam1 HTTP/1.1" 201 - "http://114.71.220.111:3030/app/slide0.html" "Mozilla/5.0 (Linux; Android 9; SM-T510) AppleWebKit/537.36 (KHTML, like Gecko) Chrome/77.0.3865.92 Safari/537.36"
::ffff:192.168.0.1 - - [29/Sep/2019:11:58:03 +0000] "POST /rosemary/zone1/Y8GLKO HTTP/1.1" 201 - "-" "-"
::ffff:192.168.0.33 - - [29/Sep/2019:11:58:04 +0000] "POST /rosemary/zone1/cam1 HTTP/1.1" 201 - "http://114.71.220.111:3030/app/slide0.html" "Mozilla/5.0 (Linux; Android 9; SM-T510) AppleWebKit/537.36 (KHTML, like Gecko) Chrome/77.0.3865.92 Safari/537.36"
::ffff:192.168.0.1 - - [29/Sep/2019:11:58:05 +0000] "POST /rosemary/zone1/Y8GLKO HTTP/1.1" 201 - "-" "-"
::ffff:192.168.0.33 - - [29/Sep/2019:11:58:07 +0000] "POST /rosemary/zone1/cam1 HTTP/1.1" 201 - "http://114.71.220.111:3030/app/slide0.html" "Mozilla/5.0 (Linux; Android 9; SM-T510) AppleWebKit/537.36 (KHTML, like Gecko) Chrome/77.0.3865.92 Safari/537.36"
::ffff:192.168.0.1 - - [29/Sep/2019:11:58:08 +0000] "POST /rosemary/zone1/Y8GLKO HTTP/1.1" 201 - "-" "-"
::ffff:192.168.0.33 - - [29/Sep/2019:11:58:11 +0000] "OPTIONS /rosemary/zone1/cam1 HTTP/1.1" 200 2 "http://114.71.220.111:3030/app/slide0.html" "Mozilla/5.0 (Linux; Android 9; SM-T510) AppleWebKit/537.36 (KHTML, like Gecko) Chrome/77.0.3865.92 Safari/537.36"
::ffff:192.168.0.33 - - [29/Sep/2019:11:58:11 +0000] "POST /rosemary/zone1/cam1 HTTP/1.1" 201 - "http://114.71.220.111:3030/app/slide0.html" "Mozilla/5.0 (Linux; Android 9; SM-T510) AppleWebKit/537.36 (KHTML, like Gecko) Chrome/77.0.3865.92 Safari/537.36"
::ffff:192.168.0.33 - - [29/Sep/2019:11:58:11 +0000] "POST /rosemary/zone1/cam1 HTTP/1.1" 201 - "http://114.71.220.111:3030/app/slide0.html" "Mozilla/5.0 (Linux; Android 9; SM-T510) AppleWebKit/537.36 (KHTML, like Gecko) Chrome/77.0.3865.92 Safari/537.36"
::ffff:192.168.0.12 - - [29/Sep/2019:11:59:02 +0000] "OPTIONS /rosemary/zone1/currentUser/la HTTP/1.1" 200 2 "-" "Mozilla/5.0 (Windows NT 10.0; Win64; x64) AppleWebKit/537.36 (KHTML, like Gecko) Chrome/70.0.3538.102 Safari/537.36 Edge/18.18362"
::ffff:192.168.0.12 - - [29/Sep/2019:11:59:03 +0000] "GET /rosemary/zone1/currentUser/la HTTP/1.1" 200 - "-" "Mozilla/5.0 (Windows NT 10.0; Win64; x64) AppleWebKit/537.36 (KHTML, like Gecko) Chrome/70.0.3538.102 Safari/537.36 Edge/18.18362"
::ffff:192.168.0.6 - - [29/Sep/2019:11:59:13 +0000] "OPTIONS /rosemary/zone1/currentUser/la HTTP/1.1" 200 2 "-" "Mozilla/5.0 (Windows NT 10.0; Win64; x64) AppleWebKit/537.36 (KHTML, like Gecko) Chrome/77.0.3865.90 Safari/537.36"
::ffff:192.168.0.6 - - [29/Sep/2019:11:59:13 +0000] "GET /rosemary/zone1/currentUser/la HTTP/1.1" 200 - "-" "Mozilla/5.0 (Windows NT 10.0; Win64; x64) AppleWebKit/537.36 (KHTML, like Gecko) Chrome/77.0.3865.90 Safari/537.36"
::ffff:192.168.0.6 - - [29/Sep/2019:11:59:13 +0000] "OPTIONS /rosemary/zone1/Y8GLKO?lim=10&rcn=4 HTTP/1.1" 200 2 "-" "Mozilla/5.0 (Windows NT 10.0; Win64; x64) AppleWebKit/537.36 (KHTML, like Gecko) Chrome/77.0.3865.90 Safari/537.36"
::ffff:192.168.0.6 - - [29/Sep/2019:11:59:13 +0000] "GET /rosemary/zone1/Y8GLKO?lim=10&rcn=4 HTTP/1.1" 200 - "-" "Mozilla/5.0 (Windows NT 10.0; Win64; x64) AppleWebKit/537.36 (KHTML, like Gecko) Chrome/77.0.3865.90 Safari/537.36"
::ffff:192.168.0.33 - - [29/Sep/2019:11:59:23 +0000] "OPTIONS /rosemary/zone1/currentUser/la HTTP/1.1" 200 2 "http://114.71.220.111:3030/app/slide0.html" "Mozilla/5.0 (Linux; Android 9; SM-T510) AppleWebKit/537.36 (KHTML, like Gecko) Chrome/77.0.3865.92 Safari/537.36"
::ffff:192.168.0.33 - - [29/Sep/2019:11:59:23 +0000] "GET /rosemary/zone1/currentUser/la HTTP/1.1" 200 - "http://114.71.220.111:3030/app/slide0.html" "Mozilla/5.0 (Linux; Android 9; SM-T510) AppleWebKit/537.36 (KHTML, like Gecko) Chrome/77.0.3865.92 Safari/537.36"
::ffff:192.168.0.33 - - [29/Sep/2019:11:59:42 +0000] "OPTIONS /rosemary/zone1/currentUser HTTP/1.1" 200 2 "http://114.71.220.111:3030/app/cam_kiosk.html" "Mozilla/5.0 (Linux; Android 9; SM-T510) AppleWebKit/537.36 (KHTML, like Gecko) Chrome/77.0.3865.92 Safari/537.36"
::ffff:192.168.0.33 - - [29/Sep/2019:11:59:42 +0000] "OPTIONS /rosemary/zone1 HTTP/1.1" 200 2 "http://114.71.220.111:3030/app/cam_kiosk.html" "Mozilla/5.0 (Linux; Android 9; SM-T510) AppleWebKit/537.36 (KHTML, like Gecko) Chrome/77.0.3865.92 Safari/537.36"
::ffff:192.168.0.1 - - [29/Sep/2019:11:59:42 +0000] "OPTIONS /rosemary/zone1/state/la HTTP/1.1" 200 2 "http://114.71.220.111:3030/app/cam_kiosk.html" "Mozilla/5.0 (Linux; Android 9; SM-T510) AppleWebKit/537.36 (KHTML, like Gecko) Chrome/77.0.3865.92 Safari/537.36"
::ffff:192.168.0.1 - - [29/Sep/2019:11:59:42 +0000] "GET /rosemary/zone1/state/la HTTP/1.1" 200 - "http://114.71.220.111:3030/app/cam_kiosk.html" "Mozilla/5.0 (Linux; Android 9; SM-T510) AppleWebKit/537.36 (KHTML, like Gecko) Chrome/77.0.3865.92 Safari/537.36"
::ffff:192.168.0.33 - - [29/Sep/2019:11:59:42 +0000] "POST /rosemary/zone1 HTTP/1.1" 201 - "http://114.71.220.111:3030/app/cam_kiosk.html" "Mozilla/5.0 (Linux; Android 9; SM-T510) AppleWebKit/537.36 (KHTML, like Gecko) Chrome/77.0.3865.92 Safari/537.36"
::ffff:192.168.0.33 - - [29/Sep/2019:11:59:42 +0000] "POST /rosemary/zone1/currentUser HTTP/1.1" 201 - "http://114.71.220.111:3030/app/cam_kiosk.html" "Mozilla/5.0 (Linux; Android 9; SM-T510) AppleWebKit/537.36 (KHTML, like Gecko) Chrome/77.0.3865.92 Safari/537.36"
::ffff:192.168.0.6 - - [29/Sep/2019:11:59:42 +0000] "POST /rosemary/zone1/YG4B73 HTTP/1.1" 201 - "-" "-"
::ffff:192.168.0.2 - - [29/Sep/2019:11:59:43 +0000] "POST /rosemary/zone1/YG4B73 HTTP/1.1" 409 - "-" "-"
::ffff:192.168.0.2 - - [29/Sep/2019:11:59:43 +0000] "DELETE /rosemary/zone1/YG4B73/mobiususer02.MOBIUS.BROWSER.APP_sub HTTP/1.1" 200 - "-" "-"
::ffff:192.168.0.2 - - [29/Sep/2019:11:59:43 +0000] "POST /rosemary/zone1/YG4B73 HTTP/1.1" 201 - "-" "-"
::ffff:192.168.0.2 - - [29/Sep/2019:11:59:44 +0000] "POST /rosemary/zone1/YG4B73 HTTP/1.1" 409 - "-" "-"
::ffff:192.168.0.2 - - [29/Sep/2019:11:59:44 +0000] "DELETE /rosemary/zone1/YG4B73/mobiususer02.MOBIUS.BROWSER.APP_sub HTTP/1.1" 200 - "-" "-"
::ffff:192.168.0.2 - - [29/Sep/2019:11:59:44 +0000] "POST /rosemary/zone1/YG4B73 HTTP/1.1" 201 - "-" "-"
::ffff:192.168.0.2 - - [29/Sep/2019:11:59:45 +0000] "POST /rosemary/zone1/YG4B73 HTTP/1.1" 409 - "-" "-"
::ffff:192.168.0.2 - - [29/Sep/2019:11:59:45 +0000] "DELETE /rosemary/zone1/YG4B73/mobiususer02.MOBIUS.BROWSER.APP_sub HTTP/1.1" 200 - "-" "-"
::ffff:192.168.0.2 - - [29/Sep/2019:11:59:45 +0000] "POST /rosemary/zone1/YG4B73 HTTP/1.1" 201 - "-" "-"
::ffff:192.168.0.33 - - [29/Sep/2019:11:59:48 +0000] "OPTIONS /rosemary/zone1/currentUser HTTP/1.1" 200 2 "http://114.71.220.111:3030/app/camera.html" "Mozilla/5.0 (Linux; Android 9; SM-T510) AppleWebKit/537.36 (KHTML, like Gecko) Chrome/77.0.3865.92 Safari/537.36"
::ffff:192.168.0.33 - - [29/Sep/2019:11:59:48 +0000] "OPTIONS /rosemary/zone1 HTTP/1.1" 200 2 "http://114.71.220.111:3030/app/camera.html" "Mozilla/5.0 (Linux; Android 9; SM-T510) AppleWebKit/537.36 (KHTML, like Gecko) Chrome/77.0.3865.92 Safari/537.36"
::ffff:192.168.0.1 - - [29/Sep/2019:11:59:48 +0000] "OPTIONS /rosemary/zone1/state/la HTTP/1.1" 200 2 "http://114.71.220.111:3030/app/camera.html" "Mozilla/5.0 (Linux; Android 9; SM-T510) AppleWebKit/537.36 (KHTML, like Gecko) Chrome/77.0.3865.92 Safari/537.36"
::ffff:192.168.0.1 - - [29/Sep/2019:11:59:49 +0000] "GET /rosemary/zone1/state/la HTTP/1.1" 200 - "http://114.71.220.111:3030/app/camera.html" "Mozilla/5.0 (Linux; Android 9; SM-T510) AppleWebKit/537.36 (KHTML, like Gecko) Chrome/77.0.3865.92 Safari/537.36"
::ffff:192.168.0.33 - - [29/Sep/2019:11:59:49 +0000] "POST /rosemary/zone1 HTTP/1.1" 201 - "http://114.71.220.111:3030/app/camera.html" "Mozilla/5.0 (Linux; Android 9; SM-T510) AppleWebKit/537.36 (KHTML, like Gecko) Chrome/77.0.3865.92 Safari/537.36"
::ffff:192.168.0.33 - - [29/Sep/2019:11:59:49 +0000] "POST /rosemary/zone1/currentUser HTTP/1.1" 201 - "http://114.71.220.111:3030/app/camera.html" "Mozilla/5.0 (Linux; Android 9; SM-T510) AppleWebKit/537.36 (KHTML, like Gecko) Chrome/77.0.3865.92 Safari/537.36"
::ffff:192.168.0.2 - - [29/Sep/2019:11:59:49 +0000] "POST /rosemary/zone1/YG8D2I HTTP/1.1" 201 - "-" "-"
::ffff:192.168.0.6 - - [29/Sep/2019:11:59:49 +0000] "POST /rosemary/zone1/YG8D2I HTTP/1.1" 409 - "-" "-"
::ffff:192.168.0.6 - - [29/Sep/2019:11:59:49 +0000] "DELETE /rosemary/zone1/YG8D2I/mobiususer02.MOBIUS.BROWSER.APP_sub HTTP/1.1" 200 - "-" "-"
::ffff:192.168.0.6 - - [29/Sep/2019:11:59:49 +0000] "POST /rosemary/zone1/YG8D2I HTTP/1.1" 201 - "-" "-"
::ffff:192.168.0.33 - - [29/Sep/2019:11:59:49 +0000] "OPTIONS /rosemary/zone1/currentUser/la HTTP/1.1" 200 2 "http://114.71.220.111:3030/app/slide0.html" "Mozilla/5.0 (Linux; Android 9; SM-T510) AppleWebKit/537.36 (KHTML, like Gecko) Chrome/77.0.3865.92 Safari/537.36"
::ffff:192.168.0.33 - - [29/Sep/2019:11:59:49 +0000] "GET /rosemary/zone1/currentUser/la HTTP/1.1" 200 - "http://114.71.220.111:3030/app/slide0.html" "Mozilla/5.0 (Linux; Android 9; SM-T510) AppleWebKit/537.36 (KHTML, like Gecko) Chrome/77.0.3865.92 Safari/537.36"
::ffff:192.168.0.2 - - [29/Sep/2019:11:59:50 +0000] "POST /rosemary/zone1/YG8D2I HTTP/1.1" 409 - "-" "-"
::ffff:192.168.0.2 - - [29/Sep/2019:11:59:50 +0000] "DELETE /rosemary/zone1/YG8D2I/mobiususer02.MOBIUS.BROWSER.APP_sub HTTP/1.1" 200 - "-" "-"
::ffff:192.168.0.2 - - [29/Sep/2019:11:59:50 +0000] "POST /rosemary/zone1/YG8D2I HTTP/1.1" 201 - "-" "-"
::ffff:192.168.0.2 - - [29/Sep/2019:11:59:51 +0000] "POST /rosemary/zone1/YG8D2I HTTP/1.1" 409 - "-" "-"
::ffff:192.168.0.2 - - [29/Sep/2019:11:59:51 +0000] "DELETE /rosemary/zone1/YG8D2I/mobiususer02.MOBIUS.BROWSER.APP_sub HTTP/1.1" 200 - "-" "-"
::ffff:192.168.0.2 - - [29/Sep/2019:11:59:51 +0000] "POST /rosemary/zone1/YG8D2I HTTP/1.1" 201 - "-" "-"
::ffff:192.168.0.33 - - [29/Sep/2019:11:59:56 +0000] "OPTIONS /rosemary/zone1/currentUser/la HTTP/1.1" 200 2 "http://114.71.220.111:3030/app/gallery.html" "Mozilla/5.0 (Linux; Android 9; SM-T510) AppleWebKit/537.36 (KHTML, like Gecko) Chrome/77.0.3865.92 Safari/537.36"
::ffff:192.168.0.33 - - [29/Sep/2019:11:59:56 +0000] "GET /rosemary/zone1/currentUser/la HTTP/1.1" 200 - "http://114.71.220.111:3030/app/gallery.html" "Mozilla/5.0 (Linux; Android 9; SM-T510) AppleWebKit/537.36 (KHTML, like Gecko) Chrome/77.0.3865.92 Safari/537.36"
::ffff:192.168.0.33 - - [29/Sep/2019:12:00:05 +0000] "OPTIONS /rosemary/zone1/email HTTP/1.1" 200 2 "http://114.71.220.111:3030/app/gallery.html" "Mozilla/5.0 (Linux; Android 9; SM-T510) AppleWebKit/537.36 (KHTML, like Gecko) Chrome/77.0.3865.92 Safari/537.36"
::ffff:192.168.0.6 - - [29/Sep/2019:12:00:06 +0000] "OPTIONS /rosemary/zone1/currentUser/la HTTP/1.1" 200 2 "-" "Mozilla/5.0 (Windows NT 10.0; Win64; x64) AppleWebKit/537.36 (KHTML, like Gecko) Chrome/77.0.3865.90 Safari/537.36"
::ffff:192.168.0.6 - - [29/Sep/2019:12:00:06 +0000] "GET /rosemary/zone1/currentUser/la HTTP/1.1" 200 - "-" "Mozilla/5.0 (Windows NT 10.0; Win64; x64) AppleWebKit/537.36 (KHTML, like Gecko) Chrome/77.0.3865.90 Safari/537.36"
::ffff:192.168.0.6 - - [29/Sep/2019:12:00:06 +0000] "OPTIONS /rosemary/zone1/YG8D2I?lim=10&rcn=4 HTTP/1.1" 200 2 "-" "Mozilla/5.0 (Windows NT 10.0; Win64; x64) AppleWebKit/537.36 (KHTML, like Gecko) Chrome/77.0.3865.90 Safari/537.36"
::ffff:192.168.0.6 - - [29/Sep/2019:12:00:06 +0000] "GET /rosemary/zone1/YG8D2I?lim=10&rcn=4 HTTP/1.1" 200 - "-" "Mozilla/5.0 (Windows NT 10.0; Win64; x64) AppleWebKit/537.36 (KHTML, like Gecko) Chrome/77.0.3865.90 Safari/537.36"
::ffff:192.168.0.33 - - [29/Sep/2019:12:00:06 +0000] "POST /rosemary/zone1/email HTTP/1.1" 201 - "http://114.71.220.111:3030/app/gallery.html" "Mozilla/5.0 (Linux; Android 9; SM-T510) AppleWebKit/537.36 (KHTML, like Gecko) Chrome/77.0.3865.92 Safari/537.36"
::ffff:192.168.0.33 - - [29/Sep/2019:12:00:32 +0000] "OPTIONS /rosemary/zone1/currentUser/la HTTP/1.1" 200 2 "http://114.71.220.111:3030/app/gallery.html" "Mozilla/5.0 (Linux; Android 9; SM-T510) AppleWebKit/537.36 (KHTML, like Gecko) Chrome/77.0.3865.92 Safari/537.36"
::ffff:192.168.0.33 - - [29/Sep/2019:12:00:32 +0000] "GET /rosemary/zone1/currentUser/la HTTP/1.1" 200 - "http://114.71.220.111:3030/app/gallery.html" "Mozilla/5.0 (Linux; Android 9; SM-T510) AppleWebKit/537.36 (KHTML, like Gecko) Chrome/77.0.3865.92 Safari/537.36"
::ffff:192.168.0.33 - - [29/Sep/2019:12:00:41 +0000] "OPTIONS /rosemary/zone1/currentUser/la HTTP/1.1" 200 2 "http://114.71.220.111:3030/app/gallery.html" "Mozilla/5.0 (Linux; Android 9; SM-T510) AppleWebKit/537.36 (KHTML, like Gecko) Chrome/77.0.3865.92 Safari/537.36"
::ffff:192.168.0.33 - - [29/Sep/2019:12:00:41 +0000] "GET /rosemary/zone1/currentUser/la HTTP/1.1" 200 - "http://114.71.220.111:3030/app/gallery.html" "Mozilla/5.0 (Linux; Android 9; SM-T510) AppleWebKit/537.36 (KHTML, like Gecko) Chrome/77.0.3865.92 Safari/537.36"
::ffff:192.168.0.33 - - [29/Sep/2019:12:01:07 +0000] "OPTIONS /rosemary/zone1/currentUser/la HTTP/1.1" 200 2 "http://114.71.220.111:3030/app/gallery.html" "Mozilla/5.0 (Linux; Android 9; SM-T510) AppleWebKit/537.36 (KHTML, like Gecko) Chrome/77.0.3865.92 Safari/537.36"
::ffff:192.168.0.33 - - [29/Sep/2019:12:01:07 +0000] "GET /rosemary/zone1/currentUser/la HTTP/1.1" 200 - "http://114.71.220.111:3030/app/gallery.html" "Mozilla/5.0 (Linux; Android 9; SM-T510) AppleWebKit/537.36 (KHTML, like Gecko) Chrome/77.0.3865.92 Safari/537.36"
::ffff:192.168.0.27 - - [29/Sep/2019:12:08:30 +0000] "POST /rosemary HTTP/1.1" 409 - "-" "-"
::ffff:192.168.0.27 - - [29/Sep/2019:12:08:32 +0000] "GET /rosemary/zone1 HTTP/1.1" 200 - "-" "-"
::ffff:192.168.0.27 - - [29/Sep/2019:12:08:34 +0000] "POST /rosemary/zone1 HTTP/1.1" 409 - "-" "-"
::ffff:192.168.0.27 - - [29/Sep/2019:12:08:36 +0000] "POST /rosemary/zone1 HTTP/1.1" 409 - "-" "-"
::ffff:192.168.0.27 - - [29/Sep/2019:12:08:38 +0000] "DELETE /rosemary/zone1/currentUser/sub HTTP/1.1" 200 - "-" "-"
::ffff:192.168.0.27 - - [29/Sep/2019:12:08:40 +0000] "DELETE /rosemary/zone1/email/sub HTTP/1.1" 200 - "-" "-"
::ffff:192.168.0.27 - - [29/Sep/2019:12:08:42 +0000] "POST /rosemary/zone1/currentUser HTTP/1.1" 201 - "-" "-"
::ffff:192.168.0.27 - - [29/Sep/2019:12:08:44 +0000] "POST /rosemary/zone1/email HTTP/1.1" 201 - "-" "-"
::ffff:192.168.0.33 - - [29/Sep/2019:12:09:26 +0000] "OPTIONS /rosemary/zone1/currentUser HTTP/1.1" 200 2 "http://114.71.220.111:3030/app/cam_kiosk.html" "Mozilla/5.0 (Linux; Android 9; SM-T510) AppleWebKit/537.36 (KHTML, like Gecko) Chrome/77.0.3865.92 Safari/537.36"
::ffff:192.168.0.33 - - [29/Sep/2019:12:09:26 +0000] "OPTIONS /rosemary/zone1 HTTP/1.1" 200 2 "http://114.71.220.111:3030/app/cam_kiosk.html" "Mozilla/5.0 (Linux; Android 9; SM-T510) AppleWebKit/537.36 (KHTML, like Gecko) Chrome/77.0.3865.92 Safari/537.36"
::ffff:192.168.0.1 - - [29/Sep/2019:12:09:26 +0000] "OPTIONS /rosemary/zone1/state/la HTTP/1.1" 200 2 "http://114.71.220.111:3030/app/cam_kiosk.html" "Mozilla/5.0 (Linux; Android 9; SM-T510) AppleWebKit/537.36 (KHTML, like Gecko) Chrome/77.0.3865.92 Safari/537.36"
::ffff:192.168.0.1 - - [29/Sep/2019:12:09:26 +0000] "GET /rosemary/zone1/state/la HTTP/1.1" 200 - "http://114.71.220.111:3030/app/cam_kiosk.html" "Mozilla/5.0 (Linux; Android 9; SM-T510) AppleWebKit/537.36 (KHTML, like Gecko) Chrome/77.0.3865.92 Safari/537.36"
::ffff:192.168.0.33 - - [29/Sep/2019:12:09:26 +0000] "POST /rosemary/zone1 HTTP/1.1" 201 - "http://114.71.220.111:3030/app/cam_kiosk.html" "Mozilla/5.0 (Linux; Android 9; SM-T510) AppleWebKit/537.36 (KHTML, like Gecko) Chrome/77.0.3865.92 Safari/537.36"
::ffff:192.168.0.33 - - [29/Sep/2019:12:09:26 +0000] "POST /rosemary/zone1/currentUser HTTP/1.1" 201 - "http://114.71.220.111:3030/app/cam_kiosk.html" "Mozilla/5.0 (Linux; Android 9; SM-T510) AppleWebKit/537.36 (KHTML, like Gecko) Chrome/77.0.3865.92 Safari/537.36"
::ffff:192.168.0.2 - - [29/Sep/2019:12:09:27 +0000] "POST /rosemary/zone1/Y7O49Q HTTP/1.1" 201 - "-" "-"
::ffff:192.168.0.6 - - [29/Sep/2019:12:09:27 +0000] "POST /rosemary/zone1/Y7O49Q HTTP/1.1" 409 - "-" "-"
::ffff:192.168.0.6 - - [29/Sep/2019:12:09:27 +0000] "DELETE /rosemary/zone1/Y7O49Q/mobiususer02.MOBIUS.BROWSER.APP_sub HTTP/1.1" 200 - "-" "-"
::ffff:192.168.0.6 - - [29/Sep/2019:12:09:27 +0000] "POST /rosemary/zone1/Y7O49Q HTTP/1.1" 201 - "-" "-"
::ffff:192.168.0.2 - - [29/Sep/2019:12:09:28 +0000] "POST /rosemary/zone1/Y7O49Q HTTP/1.1" 409 - "-" "-"
::ffff:192.168.0.2 - - [29/Sep/2019:12:09:28 +0000] "DELETE /rosemary/zone1/Y7O49Q/mobiususer02.MOBIUS.BROWSER.APP_sub HTTP/1.1" 200 - "-" "-"
::ffff:192.168.0.2 - - [29/Sep/2019:12:09:28 +0000] "POST /rosemary/zone1/Y7O49Q HTTP/1.1" 201 - "-" "-"
::ffff:192.168.0.1 - - [29/Sep/2019:12:09:29 +0000] "GET /rosemary/zone1/state/la HTTP/1.1" 200 - "http://114.71.220.111:3030/app/camera.html" "Mozilla/5.0 (Linux; Android 9; SM-T510) AppleWebKit/537.36 (KHTML, like Gecko) Chrome/77.0.3865.92 Safari/537.36"
::ffff:192.168.0.33 - - [29/Sep/2019:12:09:29 +0000] "POST /rosemary/zone1 HTTP/1.1" 201 - "http://114.71.220.111:3030/app/camera.html" "Mozilla/5.0 (Linux; Android 9; SM-T510) AppleWebKit/537.36 (KHTML, like Gecko) Chrome/77.0.3865.92 Safari/537.36"
::ffff:192.168.0.33 - - [29/Sep/2019:12:09:29 +0000] "POST /rosemary/zone1/currentUser HTTP/1.1" 201 - "http://114.71.220.111:3030/app/camera.html" "Mozilla/5.0 (Linux; Android 9; SM-T510) AppleWebKit/537.36 (KHTML, like Gecko) Chrome/77.0.3865.92 Safari/537.36"
::ffff:192.168.0.2 - - [29/Sep/2019:12:09:29 +0000] "POST /rosemary/zone1/Y7O49Q HTTP/1.1" 409 - "-" "-"
::ffff:192.168.0.2 - - [29/Sep/2019:12:09:29 +0000] "DELETE /rosemary/zone1/Y7O49Q/mobiususer02.MOBIUS.BROWSER.APP_sub HTTP/1.1" 200 - "-" "-"
::ffff:192.168.0.2 - - [29/Sep/2019:12:09:29 +0000] "POST /rosemary/zone1/Y7O49Q HTTP/1.1" 201 - "-" "-"
::ffff:192.168.0.6 - - [29/Sep/2019:12:09:29 +0000] "POST /rosemary/zone1/Y4EMGD HTTP/1.1" 201 - "-" "-"
::ffff:192.168.0.2 - - [29/Sep/2019:12:09:30 +0000] "POST /rosemary/zone1/Y4EMGD HTTP/1.1" 409 - "-" "-"
::ffff:192.168.0.2 - - [29/Sep/2019:12:09:30 +0000] "DELETE /rosemary/zone1/Y4EMGD/mobiususer02.MOBIUS.BROWSER.APP_sub HTTP/1.1" 200 - "-" "-"
::ffff:192.168.0.2 - - [29/Sep/2019:12:09:30 +0000] "POST /rosemary/zone1/Y4EMGD HTTP/1.1" 201 - "-" "-"
::ffff:192.168.0.2 - - [29/Sep/2019:12:09:31 +0000] "POST /rosemary/zone1/Y4EMGD HTTP/1.1" 409 - "-" "-"
::ffff:192.168.0.2 - - [29/Sep/2019:12:09:31 +0000] "DELETE /rosemary/zone1/Y4EMGD/mobiususer02.MOBIUS.BROWSER.APP_sub HTTP/1.1" 200 - "-" "-"
::ffff:192.168.0.2 - - [29/Sep/2019:12:09:31 +0000] "POST /rosemary/zone1/Y4EMGD HTTP/1.1" 201 - "-" "-"
::ffff:192.168.0.2 - - [29/Sep/2019:12:09:32 +0000] "POST /rosemary/zone1/Y4EMGD HTTP/1.1" 409 - "-" "-"
::ffff:192.168.0.2 - - [29/Sep/2019:12:09:32 +0000] "DELETE /rosemary/zone1/Y4EMGD/mobiususer02.MOBIUS.BROWSER.APP_sub HTTP/1.1" 200 - "-" "-"
::ffff:192.168.0.2 - - [29/Sep/2019:12:09:32 +0000] "POST /rosemary/zone1/Y4EMGD HTTP/1.1" 201 - "-" "-"
::ffff:192.168.0.33 - - [29/Sep/2019:12:09:32 +0000] "OPTIONS /rosemary/zone1/currentUser/la HTTP/1.1" 200 2 "http://114.71.220.111:3030/app/slide0.html" "Mozilla/5.0 (Linux; Android 9; SM-T510) AppleWebKit/537.36 (KHTML, like Gecko) Chrome/77.0.3865.92 Safari/537.36"
::ffff:192.168.0.33 - - [29/Sep/2019:12:09:32 +0000] "GET /rosemary/zone1/currentUser/la HTTP/1.1" 200 - "http://114.71.220.111:3030/app/slide0.html" "Mozilla/5.0 (Linux; Android 9; SM-T510) AppleWebKit/537.36 (KHTML, like Gecko) Chrome/77.0.3865.92 Safari/537.36"
::ffff:192.168.0.6 - - [29/Sep/2019:12:10:28 +0000] "OPTIONS /rosemary/zone1/currentUser/la HTTP/1.1" 200 2 "-" "Mozilla/5.0 (Windows NT 10.0; Win64; x64) AppleWebKit/537.36 (KHTML, like Gecko) Chrome/77.0.3865.90 Safari/537.36"
::ffff:192.168.0.6 - - [29/Sep/2019:12:10:29 +0000] "GET /rosemary/zone1/currentUser/la HTTP/1.1" 200 - "-" "Mozilla/5.0 (Windows NT 10.0; Win64; x64) AppleWebKit/537.36 (KHTML, like Gecko) Chrome/77.0.3865.90 Safari/537.36"
::ffff:192.168.0.6 - - [29/Sep/2019:12:10:29 +0000] "OPTIONS /rosemary/zone1/Y4EMGD?lim=10&rcn=4 HTTP/1.1" 200 2 "-" "Mozilla/5.0 (Windows NT 10.0; Win64; x64) AppleWebKit/537.36 (KHTML, like Gecko) Chrome/77.0.3865.90 Safari/537.36"
::ffff:192.168.0.6 - - [29/Sep/2019:12:10:29 +0000] "GET /rosemary/zone1/Y4EMGD?lim=10&rcn=4 HTTP/1.1" 200 - "-" "Mozilla/5.0 (Windows NT 10.0; Win64; x64) AppleWebKit/537.36 (KHTML, like Gecko) Chrome/77.0.3865.90 Safari/537.36"
::ffff:192.168.0.33 - - [29/Sep/2019:12:11:24 +0000] "OPTIONS /rosemary/zone1/cam1 HTTP/1.1" 200 2 "http://114.71.220.111:3030/app/slide0.html" "Mozilla/5.0 (Linux; Android 9; SM-T510) AppleWebKit/537.36 (KHTML, like Gecko) Chrome/77.0.3865.92 Safari/537.36"
::ffff:192.168.0.33 - - [29/Sep/2019:12:11:24 +0000] "POST /rosemary/zone1/cam1 HTTP/1.1" 201 - "http://114.71.220.111:3030/app/slide0.html" "Mozilla/5.0 (Linux; Android 9; SM-T510) AppleWebKit/537.36 (KHTML, like Gecko) Chrome/77.0.3865.92 Safari/537.36"
::ffff:192.168.0.33 - - [29/Sep/2019:12:11:25 +0000] "POST /rosemary/zone1/cam1 HTTP/1.1" 201 - "http://114.71.220.111:3030/app/slide0.html" "Mozilla/5.0 (Linux; Android 9; SM-T510) AppleWebKit/537.36 (KHTML, like Gecko) Chrome/77.0.3865.92 Safari/537.36"
::ffff:192.168.0.6 - - [29/Sep/2019:12:11:38 +0000] "OPTIONS /rosemary/zone1/cam1 HTTP/1.1" 200 2 "-" "Mozilla/5.0 (Windows NT 10.0; Win64; x64) AppleWebKit/537.36 (KHTML, like Gecko) Chrome/77.0.3865.90 Safari/537.36"
::ffff:192.168.0.6 - - [29/Sep/2019:12:11:38 +0000] "POST /rosemary/zone1/cam1 HTTP/1.1" 201 - "-" "Mozilla/5.0 (Windows NT 10.0; Win64; x64) AppleWebKit/537.36 (KHTML, like Gecko) Chrome/77.0.3865.90 Safari/537.36"
::ffff:192.168.0.6 - - [29/Sep/2019:12:11:41 +0000] "POST /rosemary/zone1/cam1 HTTP/1.1" 201 - "-" "Mozilla/5.0 (Windows NT 10.0; Win64; x64) AppleWebKit/537.36 (KHTML, like Gecko) Chrome/77.0.3865.90 Safari/537.36"
::ffff:192.168.0.6 - - [29/Sep/2019:12:11:44 +0000] "OPTIONS /rosemary/zone1/cam1 HTTP/1.1" 200 2 "-" "Mozilla/5.0 (Windows NT 10.0; Win64; x64) AppleWebKit/537.36 (KHTML, like Gecko) Chrome/77.0.3865.90 Safari/537.36"
::ffff:192.168.0.6 - - [29/Sep/2019:12:11:44 +0000] "POST /rosemary/zone1/cam1 HTTP/1.1" 201 - "-" "Mozilla/5.0 (Windows NT 10.0; Win64; x64) AppleWebKit/537.36 (KHTML, like Gecko) Chrome/77.0.3865.90 Safari/537.36"
::ffff:192.168.0.6 - - [29/Sep/2019:12:11:47 +0000] "POST /rosemary/zone1/cam1 HTTP/1.1" 201 - "-" "Mozilla/5.0 (Windows NT 10.0; Win64; x64) AppleWebKit/537.36 (KHTML, like Gecko) Chrome/77.0.3865.90 Safari/537.36"
::ffff:192.168.0.6 - - [29/Sep/2019:12:11:50 +0000] "OPTIONS /rosemary/zone1/cam1 HTTP/1.1" 200 2 "-" "Mozilla/5.0 (Windows NT 10.0; Win64; x64) AppleWebKit/537.36 (KHTML, like Gecko) Chrome/77.0.3865.90 Safari/537.36"
::ffff:192.168.0.6 - - [29/Sep/2019:12:11:50 +0000] "POST /rosemary/zone1/cam1 HTTP/1.1" 201 - "-" "Mozilla/5.0 (Windows NT 10.0; Win64; x64) AppleWebKit/537.36 (KHTML, like Gecko) Chrome/77.0.3865.90 Safari/537.36"
::ffff:192.168.0.6 - - [29/Sep/2019:12:11:52 +0000] "POST /rosemary/zone1/cam1 HTTP/1.1" 201 - "-" "Mozilla/5.0 (Windows NT 10.0; Win64; x64) AppleWebKit/537.36 (KHTML, like Gecko) Chrome/77.0.3865.90 Safari/537.36"
::ffff:192.168.0.6 - - [29/Sep/2019:12:11:58 +0000] "OPTIONS /rosemary/zone1/currentUser/la HTTP/1.1" 200 2 "-" "Mozilla/5.0 (Windows NT 10.0; Win64; x64) AppleWebKit/537.36 (KHTML, like Gecko) Chrome/77.0.3865.90 Safari/537.36"
::ffff:192.168.0.6 - - [29/Sep/2019:12:11:58 +0000] "GET /rosemary/zone1/currentUser/la HTTP/1.1" 200 - "-" "Mozilla/5.0 (Windows NT 10.0; Win64; x64) AppleWebKit/537.36 (KHTML, like Gecko) Chrome/77.0.3865.90 Safari/537.36"
::ffff:192.168.0.6 - - [29/Sep/2019:12:11:58 +0000] "OPTIONS /rosemary/zone1/Y4EMGD?lim=10&rcn=4 HTTP/1.1" 200 2 "-" "Mozilla/5.0 (Windows NT 10.0; Win64; x64) AppleWebKit/537.36 (KHTML, like Gecko) Chrome/77.0.3865.90 Safari/537.36"
::ffff:192.168.0.6 - - [29/Sep/2019:12:11:58 +0000] "GET /rosemary/zone1/Y4EMGD?lim=10&rcn=4 HTTP/1.1" 200 - "-" "Mozilla/5.0 (Windows NT 10.0; Win64; x64) AppleWebKit/537.36 (KHTML, like Gecko) Chrome/77.0.3865.90 Safari/537.36"
::ffff:192.168.0.6 - - [29/Sep/2019:12:11:59 +0000] "OPTIONS /rosemary/zone1/cam1 HTTP/1.1" 200 2 "-" "Mozilla/5.0 (Windows NT 10.0; Win64; x64) AppleWebKit/537.36 (KHTML, like Gecko) Chrome/77.0.3865.90 Safari/537.36"
::ffff:192.168.0.6 - - [29/Sep/2019:12:12:00 +0000] "POST /rosemary/zone1/cam1 HTTP/1.1" 201 - "-" "Mozilla/5.0 (Windows NT 10.0; Win64; x64) AppleWebKit/537.36 (KHTML, like Gecko) Chrome/77.0.3865.90 Safari/537.36"
::ffff:192.168.0.6 - - [29/Sep/2019:12:12:00 +0000] "POST /rosemary/zone1/cam1 HTTP/1.1" 201 - "-" "Mozilla/5.0 (Windows NT 10.0; Win64; x64) AppleWebKit/537.36 (KHTML, like Gecko) Chrome/77.0.3865.90 Safari/537.36"
::ffff:192.168.0.6 - - [29/Sep/2019:12:12:01 +0000] "POST /rosemary/zone1/cam1 HTTP/1.1" 201 - "-" "Mozilla/5.0 (Windows NT 10.0; Win64; x64) AppleWebKit/537.36 (KHTML, like Gecko) Chrome/77.0.3865.90 Safari/537.36"
::ffff:192.168.0.6 - - [29/Sep/2019:12:12:02 +0000] "POST /rosemary/zone1/cam1 HTTP/1.1" 201 - "-" "Mozilla/5.0 (Windows NT 10.0; Win64; x64) AppleWebKit/537.36 (KHTML, like Gecko) Chrome/77.0.3865.90 Safari/537.36"
::ffff:192.168.0.6 - - [29/Sep/2019:12:12:02 +0000] "POST /rosemary/zone1/cam1 HTTP/1.1" 201 - "-" "Mozilla/5.0 (Windows NT 10.0; Win64; x64) AppleWebKit/537.36 (KHTML, like Gecko) Chrome/77.0.3865.90 Safari/537.36"
::ffff:192.168.0.6 - - [29/Sep/2019:12:12:03 +0000] "POST /rosemary/zone1/cam1 HTTP/1.1" 201 - "-" "Mozilla/5.0 (Windows NT 10.0; Win64; x64) AppleWebKit/537.36 (KHTML, like Gecko) Chrome/77.0.3865.90 Safari/537.36"
::ffff:192.168.0.6 - - [29/Sep/2019:12:12:04 +0000] "POST /rosemary/zone1/cam1 HTTP/1.1" 201 - "-" "Mozilla/5.0 (Windows NT 10.0; Win64; x64) AppleWebKit/537.36 (KHTML, like Gecko) Chrome/77.0.3865.90 Safari/537.36"
::ffff:192.168.0.6 - - [29/Sep/2019:12:12:05 +0000] "OPTIONS /rosemary/zone1/cam1 HTTP/1.1" 200 2 "-" "Mozilla/5.0 (Windows NT 10.0; Win64; x64) AppleWebKit/537.36 (KHTML, like Gecko) Chrome/77.0.3865.90 Safari/537.36"
::ffff:192.168.0.6 - - [29/Sep/2019:12:12:05 +0000] "POST /rosemary/zone1/cam1 HTTP/1.1" 201 - "-" "Mozilla/5.0 (Windows NT 10.0; Win64; x64) AppleWebKit/537.36 (KHTML, like Gecko) Chrome/77.0.3865.90 Safari/537.36"
::ffff:192.168.0.6 - - [29/Sep/2019:12:12:05 +0000] "POST /rosemary/zone1/cam1 HTTP/1.1" 201 - "-" "Mozilla/5.0 (Windows NT 10.0; Win64; x64) AppleWebKit/537.36 (KHTML, like Gecko) Chrome/77.0.3865.90 Safari/537.36"
::ffff:192.168.0.6 - - [29/Sep/2019:12:12:06 +0000] "POST /rosemary/zone1/cam1 HTTP/1.1" 201 - "-" "Mozilla/5.0 (Windows NT 10.0; Win64; x64) AppleWebKit/537.36 (KHTML, like Gecko) Chrome/77.0.3865.90 Safari/537.36"
::ffff:192.168.0.6 - - [29/Sep/2019:12:12:07 +0000] "POST /rosemary/zone1/cam1 HTTP/1.1" 201 - "-" "Mozilla/5.0 (Windows NT 10.0; Win64; x64) AppleWebKit/537.36 (KHTML, like Gecko) Chrome/77.0.3865.90 Safari/537.36"
::ffff:192.168.0.6 - - [29/Sep/2019:12:12:09 +0000] "POST /rosemary/zone1/cam1 HTTP/1.1" 201 - "-" "Mozilla/5.0 (Windows NT 10.0; Win64; x64) AppleWebKit/537.36 (KHTML, like Gecko) Chrome/77.0.3865.90 Safari/537.36"
::ffff:192.168.0.33 - - [29/Sep/2019:12:13:29 +0000] "OPTIONS /rosemary/zone1/cam1 HTTP/1.1" 200 2 "http://114.71.220.111:3030/app/slide0.html" "Mozilla/5.0 (Linux; Android 9; SM-T510) AppleWebKit/537.36 (KHTML, like Gecko) Chrome/77.0.3865.92 Safari/537.36"
::ffff:192.168.0.33 - - [29/Sep/2019:12:13:30 +0000] "POST /rosemary/zone1/cam1 HTTP/1.1" 201 - "http://114.71.220.111:3030/app/slide0.html" "Mozilla/5.0 (Linux; Android 9; SM-T510) AppleWebKit/537.36 (KHTML, like Gecko) Chrome/77.0.3865.92 Safari/537.36"
::ffff:192.168.0.33 - - [29/Sep/2019:12:13:30 +0000] "POST /rosemary/zone1/cam1 HTTP/1.1" 201 - "http://114.71.220.111:3030/app/slide0.html" "Mozilla/5.0 (Linux; Android 9; SM-T510) AppleWebKit/537.36 (KHTML, like Gecko) Chrome/77.0.3865.92 Safari/537.36"
::ffff:192.168.0.33 - - [29/Sep/2019:12:13:30 +0000] "POST /rosemary/zone1/cam1 HTTP/1.1" 201 - "http://114.71.220.111:3030/app/slide0.html" "Mozilla/5.0 (Linux; Android 9; SM-T510) AppleWebKit/537.36 (KHTML, like Gecko) Chrome/77.0.3865.92 Safari/537.36"
::ffff:192.168.0.33 - - [29/Sep/2019:12:13:31 +0000] "POST /rosemary/zone1/cam1 HTTP/1.1" 201 - "http://114.71.220.111:3030/app/slide0.html" "Mozilla/5.0 (Linux; Android 9; SM-T510) AppleWebKit/537.36 (KHTML, like Gecko) Chrome/77.0.3865.92 Safari/537.36"
::ffff:192.168.0.33 - - [29/Sep/2019:12:13:31 +0000] "POST /rosemary/zone1/cam1 HTTP/1.1" 201 - "http://114.71.220.111:3030/app/slide0.html" "Mozilla/5.0 (Linux; Android 9; SM-T510) AppleWebKit/537.36 (KHTML, like Gecko) Chrome/77.0.3865.92 Safari/537.36"
::ffff:192.168.0.33 - - [29/Sep/2019:12:13:31 +0000] "POST /rosemary/zone1/cam1 HTTP/1.1" 201 - "http://114.71.220.111:3030/app/slide0.html" "Mozilla/5.0 (Linux; Android 9; SM-T510) AppleWebKit/537.36 (KHTML, like Gecko) Chrome/77.0.3865.92 Safari/537.36"
::ffff:192.168.0.33 - - [29/Sep/2019:12:13:31 +0000] "POST /rosemary/zone1/cam1 HTTP/1.1" 201 - "http://114.71.220.111:3030/app/slide0.html" "Mozilla/5.0 (Linux; Android 9; SM-T510) AppleWebKit/537.36 (KHTML, like Gecko) Chrome/77.0.3865.92 Safari/537.36"
::ffff:192.168.0.33 - - [29/Sep/2019:12:13:46 +0000] "OPTIONS /rosemary/zone1/cam1 HTTP/1.1" 200 2 "http://114.71.220.111:3030/app/slide0.html" "Mozilla/5.0 (Linux; Android 9; SM-T510) AppleWebKit/537.36 (KHTML, like Gecko) Chrome/77.0.3865.92 Safari/537.36"
::ffff:192.168.0.33 - - [29/Sep/2019:12:13:47 +0000] "POST /rosemary/zone1/cam1 HTTP/1.1" 201 - "http://114.71.220.111:3030/app/slide0.html" "Mozilla/5.0 (Linux; Android 9; SM-T510) AppleWebKit/537.36 (KHTML, like Gecko) Chrome/77.0.3865.92 Safari/537.36"
::ffff:192.168.0.1 - - [29/Sep/2019:12:13:48 +0000] "POST /rosemary/zone1/Y4EMGD HTTP/1.1" 201 - "-" "-"
::ffff:192.168.0.33 - - [29/Sep/2019:12:14:28 +0000] "OPTIONS /rosemary/zone1/currentUser/la HTTP/1.1" 200 2 "http://114.71.220.111:3030/app/slide1.html" "Mozilla/5.0 (Linux; Android 9; SM-T510) AppleWebKit/537.36 (KHTML, like Gecko) Chrome/77.0.3865.92 Safari/537.36"
::ffff:192.168.0.33 - - [29/Sep/2019:12:14:29 +0000] "GET /rosemary/zone1/currentUser/la HTTP/1.1" 200 - "http://114.71.220.111:3030/app/slide1.html" "Mozilla/5.0 (Linux; Android 9; SM-T510) AppleWebKit/537.36 (KHTML, like Gecko) Chrome/77.0.3865.92 Safari/537.36"
::ffff:192.168.0.33 - - [29/Sep/2019:12:14:34 +0000] "OPTIONS /rosemary/zone1/cam1 HTTP/1.1" 200 2 "http://114.71.220.111:3030/app/slide0.html" "Mozilla/5.0 (Linux; Android 9; SM-T510) AppleWebKit/537.36 (KHTML, like Gecko) Chrome/77.0.3865.92 Safari/537.36"
::ffff:192.168.0.33 - - [29/Sep/2019:12:14:35 +0000] "POST /rosemary/zone1/cam1 HTTP/1.1" 201 - "http://114.71.220.111:3030/app/slide0.html" "Mozilla/5.0 (Linux; Android 9; SM-T510) AppleWebKit/537.36 (KHTML, like Gecko) Chrome/77.0.3865.92 Safari/537.36"
::ffff:192.168.0.1 - - [29/Sep/2019:12:14:35 +0000] "POST /rosemary/zone1/Y4EMGD HTTP/1.1" 201 - "-" "-"
::ffff:192.168.0.33 - - [29/Sep/2019:12:15:29 +0000] "OPTIONS /rosemary/zone1/currentUser/la HTTP/1.1" 200 2 "http://114.71.220.111:3030/app/slide1.html" "Mozilla/5.0 (Linux; Android 9; SM-T510) AppleWebKit/537.36 (KHTML, like Gecko) Chrome/77.0.3865.92 Safari/537.36"
::ffff:192.168.0.33 - - [29/Sep/2019:12:15:29 +0000] "GET /rosemary/zone1/currentUser/la HTTP/1.1" 200 - "http://114.71.220.111:3030/app/slide1.html" "Mozilla/5.0 (Linux; Android 9; SM-T510) AppleWebKit/537.36 (KHTML, like Gecko) Chrome/77.0.3865.92 Safari/537.36"
::ffff:192.168.0.33 - - [29/Sep/2019:12:15:37 +0000] "OPTIONS /rosemary/zone1/currentUser/la HTTP/1.1" 200 2 "http://114.71.220.111:3030/app/slide0.html" "Mozilla/5.0 (Linux; Android 9; SM-T510) AppleWebKit/537.36 (KHTML, like Gecko) Chrome/77.0.3865.92 Safari/537.36"
::ffff:192.168.0.33 - - [29/Sep/2019:12:17:37 +0000] "OPTIONS /rosemary/zone1/cam1 HTTP/1.1" 200 2 "http://114.71.220.111:3030/app/slide0.html" "Mozilla/5.0 (Linux; Android 9; SM-T510) AppleWebKit/537.36 (KHTML, like Gecko) Chrome/77.0.3865.92 Safari/537.36"
::ffff:192.168.0.33 - - [29/Sep/2019:12:17:37 +0000] "POST /rosemary/zone1/cam1 HTTP/1.1" 201 - "http://114.71.220.111:3030/app/slide0.html" "Mozilla/5.0 (Linux; Android 9; SM-T510) AppleWebKit/537.36 (KHTML, like Gecko) Chrome/77.0.3865.92 Safari/537.36"
::ffff:192.168.0.33 - - [29/Sep/2019:12:17:38 +0000] "POST /rosemary/zone1/cam1 HTTP/1.1" 201 - "http://114.71.220.111:3030/app/slide0.html" "Mozilla/5.0 (Linux; Android 9; SM-T510) AppleWebKit/537.36 (KHTML, like Gecko) Chrome/77.0.3865.92 Safari/537.36"
::ffff:192.168.0.33 - - [29/Sep/2019:12:17:40 +0000] "POST /rosemary/zone1/cam1 HTTP/1.1" 201 - "http://114.71.220.111:3030/app/slide0.html" "Mozilla/5.0 (Linux; Android 9; SM-T510) AppleWebKit/537.36 (KHTML, like Gecko) Chrome/77.0.3865.92 Safari/537.36"
::ffff:192.168.0.33 - - [29/Sep/2019:12:17:40 +0000] "POST /rosemary/zone1/cam1 HTTP/1.1" 201 - "http://114.71.220.111:3030/app/slide0.html" "Mozilla/5.0 (Linux; Android 9; SM-T510) AppleWebKit/537.36 (KHTML, like Gecko) Chrome/77.0.3865.92 Safari/537.36"
::ffff:192.168.0.33 - - [29/Sep/2019:12:17:51 +0000] "OPTIONS /rosemary/zone1/cam1 HTTP/1.1" 200 2 "http://114.71.220.111:3030/app/slide0.html" "Mozilla/5.0 (Linux; Android 9; SM-T510) AppleWebKit/537.36 (KHTML, like Gecko) Chrome/77.0.3865.92 Safari/537.36"
::ffff:192.168.0.33 - - [29/Sep/2019:12:17:52 +0000] "POST /rosemary/zone1/cam1 HTTP/1.1" 201 - "http://114.71.220.111:3030/app/slide0.html" "Mozilla/5.0 (Linux; Android 9; SM-T510) AppleWebKit/537.36 (KHTML, like Gecko) Chrome/77.0.3865.92 Safari/537.36"
::ffff:192.168.0.33 - - [29/Sep/2019:12:18:30 +0000] "OPTIONS /rosemary/zone1/cam1 HTTP/1.1" 200 2 "http://114.71.220.111:3030/app/slide0.html" "Mozilla/5.0 (Linux; Android 9; SM-T510) AppleWebKit/537.36 (KHTML, like Gecko) Chrome/77.0.3865.92 Safari/537.36"
::ffff:192.168.0.33 - - [29/Sep/2019:12:18:30 +0000] "POST /rosemary/zone1/cam1 HTTP/1.1" 201 - "http://114.71.220.111:3030/app/slide0.html" "Mozilla/5.0 (Linux; Android 9; SM-T510) AppleWebKit/537.36 (KHTML, like Gecko) Chrome/77.0.3865.92 Safari/537.36"
::ffff:192.168.0.33 - - [29/Sep/2019:12:18:32 +0000] "POST /rosemary/zone1/cam1 HTTP/1.1" 201 - "http://114.71.220.111:3030/app/slide0.html" "Mozilla/5.0 (Linux; Android 9; SM-T510) AppleWebKit/537.36 (KHTML, like Gecko) Chrome/77.0.3865.92 Safari/537.36"
::ffff:192.168.0.33 - - [29/Sep/2019:12:18:58 +0000] "OPTIONS /rosemary/zone1/cam1 HTTP/1.1" 200 2 "http://114.71.220.111:3030/app/slide0.html" "Mozilla/5.0 (Linux; Android 9; SM-T510) AppleWebKit/537.36 (KHTML, like Gecko) Chrome/77.0.3865.92 Safari/537.36"
::ffff:192.168.0.33 - - [29/Sep/2019:12:18:58 +0000] "OPTIONS /rosemary/zone1/cam1 HTTP/1.1" 200 2 "http://114.71.220.111:3030/app/slide0.html" "Mozilla/5.0 (Linux; Android 9; SM-T510) AppleWebKit/537.36 (KHTML, like Gecko) Chrome/77.0.3865.92 Safari/537.36"
::ffff:192.168.0.33 - - [29/Sep/2019:12:18:58 +0000] "POST /rosemary/zone1/cam1 HTTP/1.1" 201 - "http://114.71.220.111:3030/app/slide0.html" "Mozilla/5.0 (Linux; Android 9; SM-T510) AppleWebKit/537.36 (KHTML, like Gecko) Chrome/77.0.3865.92 Safari/537.36"
::ffff:192.168.0.33 - - [29/Sep/2019:12:18:58 +0000] "POST /rosemary/zone1/cam1 HTTP/1.1" 201 - "http://114.71.220.111:3030/app/slide0.html" "Mozilla/5.0 (Linux; Android 9; SM-T510) AppleWebKit/537.36 (KHTML, like Gecko) Chrome/77.0.3865.92 Safari/537.36"
::ffff:192.168.0.33 - - [29/Sep/2019:12:18:59 +0000] "POST /rosemary/zone1/cam1 HTTP/1.1" 201 - "http://114.71.220.111:3030/app/slide0.html" "Mozilla/5.0 (Linux; Android 9; SM-T510) AppleWebKit/537.36 (KHTML, like Gecko) Chrome/77.0.3865.92 Safari/537.36"
::ffff:192.168.0.12 - - [29/Sep/2019:12:21:36 +0000] "OPTIONS /rosemary/zone1/currentUser HTTP/1.1" 200 2 "-" "Mozilla/5.0 (Windows NT 10.0; Win64; x64) AppleWebKit/537.36 (KHTML, like Gecko) Chrome/77.0.3865.90 Safari/537.36"
::ffff:192.168.0.12 - - [29/Sep/2019:12:21:36 +0000] "OPTIONS /rosemary/zone1 HTTP/1.1" 200 2 "-" "Mozilla/5.0 (Windows NT 10.0; Win64; x64) AppleWebKit/537.36 (KHTML, like Gecko) Chrome/77.0.3865.90 Safari/537.36"
::ffff:192.168.0.1 - - [29/Sep/2019:12:21:36 +0000] "OPTIONS /rosemary/zone1/state/la HTTP/1.1" 200 2 "-" "Mozilla/5.0 (Windows NT 10.0; Win64; x64) AppleWebKit/537.36 (KHTML, like Gecko) Chrome/77.0.3865.90 Safari/537.36"
::ffff:192.168.0.1 - - [29/Sep/2019:12:21:36 +0000] "GET /rosemary/zone1/state/la HTTP/1.1" 200 - "-" "Mozilla/5.0 (Windows NT 10.0; Win64; x64) AppleWebKit/537.36 (KHTML, like Gecko) Chrome/77.0.3865.90 Safari/537.36"
::ffff:192.168.0.12 - - [29/Sep/2019:12:21:36 +0000] "POST /rosemary/zone1 HTTP/1.1" 201 - "-" "Mozilla/5.0 (Windows NT 10.0; Win64; x64) AppleWebKit/537.36 (KHTML, like Gecko) Chrome/77.0.3865.90 Safari/537.36"
::ffff:192.168.0.12 - - [29/Sep/2019:12:21:36 +0000] "POST /rosemary/zone1/currentUser HTTP/1.1" 201 - "-" "Mozilla/5.0 (Windows NT 10.0; Win64; x64) AppleWebKit/537.36 (KHTML, like Gecko) Chrome/77.0.3865.90 Safari/537.36"
::ffff:192.168.0.2 - - [29/Sep/2019:12:21:36 +0000] "POST /rosemary/zone1/YE23BK HTTP/1.1" 201 - "-" "-"
::ffff:192.168.0.6 - - [29/Sep/2019:12:21:36 +0000] "POST /rosemary/zone1/YE23BK HTTP/1.1" 409 - "-" "-"
::ffff:192.168.0.6 - - [29/Sep/2019:12:21:36 +0000] "DELETE /rosemary/zone1/YE23BK/mobiususer02.MOBIUS.BROWSER.APP_sub HTTP/1.1" 200 - "-" "-"
::ffff:192.168.0.6 - - [29/Sep/2019:12:21:36 +0000] "POST /rosemary/zone1/YE23BK HTTP/1.1" 201 - "-" "-"
::ffff:192.168.0.2 - - [29/Sep/2019:12:21:37 +0000] "POST /rosemary/zone1/YE23BK HTTP/1.1" 409 - "-" "-"
::ffff:192.168.0.2 - - [29/Sep/2019:12:21:37 +0000] "DELETE /rosemary/zone1/YE23BK/mobiususer02.MOBIUS.BROWSER.APP_sub HTTP/1.1" 200 - "-" "-"
::ffff:192.168.0.2 - - [29/Sep/2019:12:21:37 +0000] "POST /rosemary/zone1/YE23BK HTTP/1.1" 201 - "-" "-"
::ffff:192.168.0.2 - - [29/Sep/2019:12:21:38 +0000] "POST /rosemary/zone1/YE23BK HTTP/1.1" 409 - "-" "-"
::ffff:192.168.0.2 - - [29/Sep/2019:12:21:38 +0000] "DELETE /rosemary/zone1/YE23BK/mobiususer02.MOBIUS.BROWSER.APP_sub HTTP/1.1" 200 - "-" "-"
::ffff:192.168.0.2 - - [29/Sep/2019:12:21:38 +0000] "POST /rosemary/zone1/YE23BK HTTP/1.1" 201 - "-" "-"
::ffff:192.168.0.12 - - [29/Sep/2019:12:21:49 +0000] "OPTIONS /rosemary/zone1/currentUser/la HTTP/1.1" 200 2 "-" "Mozilla/5.0 (Windows NT 10.0; Win64; x64) AppleWebKit/537.36 (KHTML, like Gecko) Chrome/77.0.3865.90 Safari/537.36"
::ffff:192.168.0.12 - - [29/Sep/2019:12:21:49 +0000] "GET /rosemary/zone1/currentUser/la HTTP/1.1" 200 - "-" "Mozilla/5.0 (Windows NT 10.0; Win64; x64) AppleWebKit/537.36 (KHTML, like Gecko) Chrome/77.0.3865.90 Safari/537.36"
::ffff:192.168.0.12 - - [29/Sep/2019:12:21:50 +0000] "OPTIONS /rosemary/zone1/currentUser HTTP/1.1" 200 2 "-" "Mozilla/5.0 (Windows NT 10.0; Win64; x64) AppleWebKit/537.36 (KHTML, like Gecko) Chrome/77.0.3865.90 Safari/537.36"
::ffff:192.168.0.12 - - [29/Sep/2019:12:21:50 +0000] "OPTIONS /rosemary/zone1 HTTP/1.1" 200 2 "-" "Mozilla/5.0 (Windows NT 10.0; Win64; x64) AppleWebKit/537.36 (KHTML, like Gecko) Chrome/77.0.3865.90 Safari/537.36"
::ffff:192.168.0.1 - - [29/Sep/2019:12:21:50 +0000] "OPTIONS /rosemary/zone1/state/la HTTP/1.1" 200 2 "-" "Mozilla/5.0 (Windows NT 10.0; Win64; x64) AppleWebKit/537.36 (KHTML, like Gecko) Chrome/77.0.3865.90 Safari/537.36"
::ffff:192.168.0.12 - - [29/Sep/2019:12:21:50 +0000] "POST /rosemary/zone1 HTTP/1.1" 201 - "-" "Mozilla/5.0 (Windows NT 10.0; Win64; x64) AppleWebKit/537.36 (KHTML, like Gecko) Chrome/77.0.3865.90 Safari/537.36"
::ffff:192.168.0.12 - - [29/Sep/2019:12:21:50 +0000] "POST /rosemary/zone1/currentUser HTTP/1.1" 201 - "-" "Mozilla/5.0 (Windows NT 10.0; Win64; x64) AppleWebKit/537.36 (KHTML, like Gecko) Chrome/77.0.3865.90 Safari/537.36"
::ffff:192.168.0.2 - - [29/Sep/2019:12:21:51 +0000] "POST /rosemary/zone1/YGIQPK HTTP/1.1" 201 - "-" "-"
::ffff:192.168.0.6 - - [29/Sep/2019:12:21:51 +0000] "POST /rosemary/zone1/YGIQPK HTTP/1.1" 409 - "-" "-"
::ffff:192.168.0.6 - - [29/Sep/2019:12:21:51 +0000] "DELETE /rosemary/zone1/YGIQPK/mobiususer02.MOBIUS.BROWSER.APP_sub HTTP/1.1" 200 - "-" "-"
::ffff:192.168.0.6 - - [29/Sep/2019:12:21:51 +0000] "POST /rosemary/zone1/YGIQPK HTTP/1.1" 201 - "-" "-"
::ffff:192.168.0.2 - - [29/Sep/2019:12:21:52 +0000] "POST /rosemary/zone1/YGIQPK HTTP/1.1" 409 - "-" "-"
::ffff:192.168.0.2 - - [29/Sep/2019:12:21:52 +0000] "DELETE /rosemary/zone1/YGIQPK/mobiususer02.MOBIUS.BROWSER.APP_sub HTTP/1.1" 200 - "-" "-"
::ffff:192.168.0.2 - - [29/Sep/2019:12:21:52 +0000] "POST /rosemary/zone1/YGIQPK HTTP/1.1" 201 - "-" "-"
::ffff:192.168.0.2 - - [29/Sep/2019:12:21:53 +0000] "POST /rosemary/zone1/YGIQPK HTTP/1.1" 409 - "-" "-"
::ffff:192.168.0.2 - - [29/Sep/2019:12:21:53 +0000] "DELETE /rosemary/zone1/YGIQPK/mobiususer02.MOBIUS.BROWSER.APP_sub HTTP/1.1" 200 - "-" "-"
::ffff:192.168.0.2 - - [29/Sep/2019:12:21:53 +0000] "POST /rosemary/zone1/YGIQPK HTTP/1.1" 201 - "-" "-"
::ffff:192.168.0.12 - - [29/Sep/2019:12:22:28 +0000] "OPTIONS /rosemary/zone1/currentUser HTTP/1.1" 200 2 "-" "Mozilla/5.0 (Windows NT 10.0; Win64; x64) AppleWebKit/537.36 (KHTML, like Gecko) Chrome/77.0.3865.90 Safari/537.36"
::ffff:192.168.0.12 - - [29/Sep/2019:12:22:28 +0000] "OPTIONS /rosemary/zone1 HTTP/1.1" 200 2 "-" "Mozilla/5.0 (Windows NT 10.0; Win64; x64) AppleWebKit/537.36 (KHTML, like Gecko) Chrome/77.0.3865.90 Safari/537.36"
::ffff:192.168.0.1 - - [29/Sep/2019:12:22:28 +0000] "OPTIONS /rosemary/zone1/state/la HTTP/1.1" 200 2 "-" "Mozilla/5.0 (Windows NT 10.0; Win64; x64) AppleWebKit/537.36 (KHTML, like Gecko) Chrome/77.0.3865.90 Safari/537.36"
::ffff:192.168.0.1 - - [29/Sep/2019:12:22:28 +0000] "GET /rosemary/zone1/state/la HTTP/1.1" 200 - "-" "Mozilla/5.0 (Windows NT 10.0; Win64; x64) AppleWebKit/537.36 (KHTML, like Gecko) Chrome/77.0.3865.90 Safari/537.36"
::ffff:192.168.0.12 - - [29/Sep/2019:12:22:28 +0000] "POST /rosemary/zone1 HTTP/1.1" 201 - "-" "Mozilla/5.0 (Windows NT 10.0; Win64; x64) AppleWebKit/537.36 (KHTML, like Gecko) Chrome/77.0.3865.90 Safari/537.36"
::ffff:192.168.0.12 - - [29/Sep/2019:12:22:28 +0000] "POST /rosemary/zone1/currentUser HTTP/1.1" 201 - "-" "Mozilla/5.0 (Windows NT 10.0; Win64; x64) AppleWebKit/537.36 (KHTML, like Gecko) Chrome/77.0.3865.90 Safari/537.36"
::ffff:192.168.0.2 - - [29/Sep/2019:12:22:29 +0000] "POST /rosemary/zone1/YLCQ82 HTTP/1.1" 201 - "-" "-"
::ffff:192.168.0.6 - - [29/Sep/2019:12:22:29 +0000] "POST /rosemary/zone1/YLCQ82 HTTP/1.1" 409 - "-" "-"
::ffff:192.168.0.6 - - [29/Sep/2019:12:22:29 +0000] "DELETE /rosemary/zone1/YLCQ82/mobiususer02.MOBIUS.BROWSER.APP_sub HTTP/1.1" 200 - "-" "-"
::ffff:192.168.0.6 - - [29/Sep/2019:12:22:29 +0000] "POST /rosemary/zone1/YLCQ82 HTTP/1.1" 201 - "-" "-"
::ffff:192.168.0.2 - - [29/Sep/2019:12:22:30 +0000] "POST /rosemary/zone1/YLCQ82 HTTP/1.1" 409 - "-" "-"
::ffff:192.168.0.2 - - [29/Sep/2019:12:22:30 +0000] "DELETE /rosemary/zone1/YLCQ82/mobiususer02.MOBIUS.BROWSER.APP_sub HTTP/1.1" 200 - "-" "-"
::ffff:192.168.0.2 - - [29/Sep/2019:12:22:30 +0000] "POST /rosemary/zone1/YLCQ82 HTTP/1.1" 201 - "-" "-"
::ffff:192.168.0.2 - - [29/Sep/2019:12:22:31 +0000] "POST /rosemary/zone1/YLCQ82 HTTP/1.1" 409 - "-" "-"
::ffff:192.168.0.2 - - [29/Sep/2019:12:22:31 +0000] "DELETE /rosemary/zone1/YLCQ82/mobiususer02.MOBIUS.BROWSER.APP_sub HTTP/1.1" 200 - "-" "-"
::ffff:192.168.0.2 - - [29/Sep/2019:12:22:31 +0000] "POST /rosemary/zone1/YLCQ82 HTTP/1.1" 201 - "-" "-"
::ffff:192.168.0.33 - - [29/Sep/2019:12:22:34 +0000] "OPTIONS /rosemary/zone1/cam1 HTTP/1.1" 200 2 "http://114.71.220.111:3030/app/slide0.html" "Mozilla/5.0 (Linux; Android 9; SM-T510) AppleWebKit/537.36 (KHTML, like Gecko) Chrome/77.0.3865.92 Safari/537.36"
::ffff:192.168.0.33 - - [29/Sep/2019:12:22:34 +0000] "POST /rosemary/zone1/cam1 HTTP/1.1" 201 - "http://114.71.220.111:3030/app/slide0.html" "Mozilla/5.0 (Linux; Android 9; SM-T510) AppleWebKit/537.36 (KHTML, like Gecko) Chrome/77.0.3865.92 Safari/537.36"
::ffff:192.168.0.33 - - [29/Sep/2019:12:22:35 +0000] "POST /rosemary/zone1/cam1 HTTP/1.1" 201 - "http://114.71.220.111:3030/app/slide0.html" "Mozilla/5.0 (Linux; Android 9; SM-T510) AppleWebKit/537.36 (KHTML, like Gecko) Chrome/77.0.3865.92 Safari/537.36"
::ffff:192.168.0.33 - - [29/Sep/2019:12:22:36 +0000] "POST /rosemary/zone1/cam1 HTTP/1.1" 201 - "http://114.71.220.111:3030/app/slide0.html" "Mozilla/5.0 (Linux; Android 9; SM-T510) AppleWebKit/537.36 (KHTML, like Gecko) Chrome/77.0.3865.92 Safari/537.36"
