::ffff:192.168.0.8 - - [02/Sep/2019:08:55:18 +0000] "OPTIONS /rosemary/zone1/state HTTP/1.1" 200 2 "-" "Mozilla/5.0 (Windows NT 10.0; Win64; x64) AppleWebKit/537.36 (KHTML, like Gecko) Chrome/76.0.3809.132 Safari/537.36"
::ffff:192.168.0.8 - - [02/Sep/2019:08:55:18 +0000] "POST /rosemary/zone1/currentUser HTTP/1.1" 201 - "-" "Mozilla/5.0 (Windows NT 10.0; Win64; x64) AppleWebKit/537.36 (KHTML, like Gecko) Chrome/76.0.3809.132 Safari/537.36"
::ffff:192.168.0.8 - - [02/Sep/2019:08:55:18 +0000] "POST /rosemary/zone1/state HTTP/1.1" 201 - "-" "Mozilla/5.0 (Windows NT 10.0; Win64; x64) AppleWebKit/537.36 (KHTML, like Gecko) Chrome/76.0.3809.132 Safari/537.36"
::ffff:192.168.0.12 - - [02/Sep/2019:08:56:45 +0000] "OPTIONS /rosemary/zone1/currentUser HTTP/1.1" 200 2 "http://192.168.0.14/slide0.html" "Mozilla/5.0 (Windows NT 10.0; Win64; x64) AppleWebKit/537.36 (KHTML, like Gecko) Chrome/76.0.3809.132 Safari/537.36"
::ffff:192.168.0.12 - - [02/Sep/2019:08:56:45 +0000] "OPTIONS /rosemary/zone1/state HTTP/1.1" 200 2 "http://192.168.0.14/slide0.html" "Mozilla/5.0 (Windows NT 10.0; Win64; x64) AppleWebKit/537.36 (KHTML, like Gecko) Chrome/76.0.3809.132 Safari/537.36"
::ffff:192.168.0.12 - - [02/Sep/2019:08:56:45 +0000] "POST /rosemary/zone1/state HTTP/1.1" 201 - "http://192.168.0.14/slide0.html" "Mozilla/5.0 (Windows NT 10.0; Win64; x64) AppleWebKit/537.36 (KHTML, like Gecko) Chrome/76.0.3809.132 Safari/537.36"
::ffff:192.168.0.12 - - [02/Sep/2019:08:56:45 +0000] "POST /rosemary/zone1/currentUser HTTP/1.1" 201 - "http://192.168.0.14/slide0.html" "Mozilla/5.0 (Windows NT 10.0; Win64; x64) AppleWebKit/537.36 (KHTML, like Gecko) Chrome/76.0.3809.132 Safari/537.36"
::ffff:192.168.0.12 - - [02/Sep/2019:08:56:47 +0000] "OPTIONS /rosemary/zone1/cam1 HTTP/1.1" 200 2 "http://192.168.0.14/slide0.html" "Mozilla/5.0 (Windows NT 10.0; Win64; x64) AppleWebKit/537.36 (KHTML, like Gecko) Chrome/76.0.3809.132 Safari/537.36"
::ffff:192.168.0.12 - - [02/Sep/2019:08:56:48 +0000] "POST /rosemary/zone1/cam1 HTTP/1.1" 201 - "http://192.168.0.14/slide0.html" "Mozilla/5.0 (Windows NT 10.0; Win64; x64) AppleWebKit/537.36 (KHTML, like Gecko) Chrome/76.0.3809.132 Safari/537.36"
::ffff:192.168.0.1 - - [02/Sep/2019:08:56:51 +0000] "POST /rosemary/zone1/Y56QMB HTTP/1.1" 404 - "-" "-"
::ffff:192.168.0.12 - - [02/Sep/2019:08:56:55 +0000] "OPTIONS /rosemary/zone1/cam1 HTTP/1.1" 200 2 "http://192.168.0.14/slide0.html" "Mozilla/5.0 (Windows NT 10.0; Win64; x64) AppleWebKit/537.36 (KHTML, like Gecko) Chrome/76.0.3809.132 Safari/537.36"
::ffff:192.168.0.12 - - [02/Sep/2019:08:56:56 +0000] "POST /rosemary/zone1/cam1 HTTP/1.1" 201 - "http://192.168.0.14/slide0.html" "Mozilla/5.0 (Windows NT 10.0; Win64; x64) AppleWebKit/537.36 (KHTML, like Gecko) Chrome/76.0.3809.132 Safari/537.36"
::ffff:192.168.0.1 - - [02/Sep/2019:08:56:59 +0000] "POST /rosemary/zone1/Y56QMB HTTP/1.1" 404 - "-" "-"
::ffff:192.168.0.12 - - [02/Sep/2019:08:57:01 +0000] "OPTIONS /rosemary/zone1/currentUser/la HTTP/1.1" 200 2 "http://192.168.0.14/dfs/gallery_web.html" "Mozilla/5.0 (Windows NT 10.0; Win64; x64) AppleWebKit/537.36 (KHTML, like Gecko) Chrome/76.0.3809.132 Safari/537.36"
::ffff:192.168.0.12 - - [02/Sep/2019:08:57:01 +0000] "GET /rosemary/zone1/currentUser/la HTTP/1.1" 200 - "http://192.168.0.14/dfs/gallery_web.html" "Mozilla/5.0 (Windows NT 10.0; Win64; x64) AppleWebKit/537.36 (KHTML, like Gecko) Chrome/76.0.3809.132 Safari/537.36"
::ffff:192.168.0.12 - - [02/Sep/2019:09:03:03 +0000] "OPTIONS /rosemary/zone1/currentUser HTTP/1.1" 200 2 "http://192.168.0.14/slide0.html" "Mozilla/5.0 (Windows NT 10.0; Win64; x64) AppleWebKit/537.36 (KHTML, like Gecko) Chrome/76.0.3809.132 Safari/537.36"
::ffff:192.168.0.12 - - [02/Sep/2019:09:03:03 +0000] "OPTIONS /rosemary/zone1/state HTTP/1.1" 200 2 "http://192.168.0.14/slide0.html" "Mozilla/5.0 (Windows NT 10.0; Win64; x64) AppleWebKit/537.36 (KHTML, like Gecko) Chrome/76.0.3809.132 Safari/537.36"
::ffff:192.168.0.12 - - [02/Sep/2019:09:03:04 +0000] "POST /rosemary/zone1/state HTTP/1.1" 201 - "http://192.168.0.14/slide0.html" "Mozilla/5.0 (Windows NT 10.0; Win64; x64) AppleWebKit/537.36 (KHTML, like Gecko) Chrome/76.0.3809.132 Safari/537.36"
::ffff:192.168.0.12 - - [02/Sep/2019:09:03:04 +0000] "POST /rosemary/zone1/currentUser HTTP/1.1" 201 - "http://192.168.0.14/slide0.html" "Mozilla/5.0 (Windows NT 10.0; Win64; x64) AppleWebKit/537.36 (KHTML, like Gecko) Chrome/76.0.3809.132 Safari/537.36"
::ffff:192.168.0.17 - - [02/Sep/2019:09:08:26 +0000] "OPTIONS /rosemary/zone1/state HTTP/1.1" 200 2 "-" "Mozilla/5.0 (Windows NT 10.0; Win64; x64) AppleWebKit/537.36 (KHTML, like Gecko) Chrome/76.0.3809.132 Safari/537.36"
::ffff:192.168.0.17 - - [02/Sep/2019:09:08:26 +0000] "OPTIONS /rosemary/zone1/currentUser/la HTTP/1.1" 200 2 "-" "Mozilla/5.0 (Windows NT 10.0; Win64; x64) AppleWebKit/537.36 (KHTML, like Gecko) Chrome/76.0.3809.132 Safari/537.36"
::ffff:192.168.0.17 - - [02/Sep/2019:09:08:26 +0000] "GET /rosemary/zone1/currentUser/la HTTP/1.1" 200 - "-" "Mozilla/5.0 (Windows NT 10.0; Win64; x64) AppleWebKit/537.36 (KHTML, like Gecko) Chrome/76.0.3809.132 Safari/537.36"
::ffff:192.168.0.17 - - [02/Sep/2019:09:08:26 +0000] "POST /rosemary/zone1/state HTTP/1.1" 201 - "-" "Mozilla/5.0 (Windows NT 10.0; Win64; x64) AppleWebKit/537.36 (KHTML, like Gecko) Chrome/76.0.3809.132 Safari/537.36"
::ffff:192.168.0.12 - - [02/Sep/2019:09:13:33 +0000] "OPTIONS /rosemary/zone1/currentUser HTTP/1.1" 200 2 "http://192.168.0.14/slide0.html" "Mozilla/5.0 (Windows NT 10.0; Win64; x64) AppleWebKit/537.36 (KHTML, like Gecko) Chrome/76.0.3809.132 Safari/537.36"
::ffff:192.168.0.12 - - [02/Sep/2019:09:13:33 +0000] "OPTIONS /rosemary/zone1/state HTTP/1.1" 200 2 "http://192.168.0.14/slide0.html" "Mozilla/5.0 (Windows NT 10.0; Win64; x64) AppleWebKit/537.36 (KHTML, like Gecko) Chrome/76.0.3809.132 Safari/537.36"
::ffff:192.168.0.12 - - [02/Sep/2019:09:13:33 +0000] "POST /rosemary/zone1/state HTTP/1.1" 201 - "http://192.168.0.14/slide0.html" "Mozilla/5.0 (Windows NT 10.0; Win64; x64) AppleWebKit/537.36 (KHTML, like Gecko) Chrome/76.0.3809.132 Safari/537.36"
::ffff:192.168.0.12 - - [02/Sep/2019:09:13:33 +0000] "POST /rosemary/zone1/currentUser HTTP/1.1" 201 - "http://192.168.0.14/slide0.html" "Mozilla/5.0 (Windows NT 10.0; Win64; x64) AppleWebKit/537.36 (KHTML, like Gecko) Chrome/76.0.3809.132 Safari/537.36"
::ffff:192.168.0.12 - - [02/Sep/2019:09:14:34 +0000] "OPTIONS /rosemary/zone1/currentUser HTTP/1.1" 200 2 "http://192.168.0.14/slide0.html" "Mozilla/5.0 (Windows NT 10.0; Win64; x64) AppleWebKit/537.36 (KHTML, like Gecko) Chrome/76.0.3809.132 Safari/537.36"
::ffff:192.168.0.12 - - [02/Sep/2019:09:14:34 +0000] "OPTIONS /rosemary/zone1/state HTTP/1.1" 200 2 "http://192.168.0.14/slide0.html" "Mozilla/5.0 (Windows NT 10.0; Win64; x64) AppleWebKit/537.36 (KHTML, like Gecko) Chrome/76.0.3809.132 Safari/537.36"
::ffff:192.168.0.12 - - [02/Sep/2019:09:14:34 +0000] "POST /rosemary/zone1/currentUser HTTP/1.1" 201 - "http://192.168.0.14/slide0.html" "Mozilla/5.0 (Windows NT 10.0; Win64; x64) AppleWebKit/537.36 (KHTML, like Gecko) Chrome/76.0.3809.132 Safari/537.36"
::ffff:192.168.0.12 - - [02/Sep/2019:09:14:34 +0000] "POST /rosemary/zone1/state HTTP/1.1" 201 - "http://192.168.0.14/slide0.html" "Mozilla/5.0 (Windows NT 10.0; Win64; x64) AppleWebKit/537.36 (KHTML, like Gecko) Chrome/76.0.3809.132 Safari/537.36"
::ffff:192.168.0.12 - - [02/Sep/2019:09:14:35 +0000] "OPTIONS /rosemary/zone1/cam1 HTTP/1.1" 200 2 "http://192.168.0.14/slide0.html" "Mozilla/5.0 (Windows NT 10.0; Win64; x64) AppleWebKit/537.36 (KHTML, like Gecko) Chrome/76.0.3809.132 Safari/537.36"
::ffff:192.168.0.12 - - [02/Sep/2019:09:14:36 +0000] "POST /rosemary/zone1/cam1 HTTP/1.1" 201 - "http://192.168.0.14/slide0.html" "Mozilla/5.0 (Windows NT 10.0; Win64; x64) AppleWebKit/537.36 (KHTML, like Gecko) Chrome/76.0.3809.132 Safari/537.36"
::ffff:192.168.0.1 - - [02/Sep/2019:09:14:39 +0000] "POST /rosemary/zone1/Y82P44 HTTP/1.1" 404 - "-" "-"
::ffff:192.168.0.12 - - [02/Sep/2019:09:14:46 +0000] "OPTIONS /rosemary/zone1/cam1 HTTP/1.1" 200 2 "http://192.168.0.14/slide0.html" "Mozilla/5.0 (Windows NT 10.0; Win64; x64) AppleWebKit/537.36 (KHTML, like Gecko) Chrome/76.0.3809.132 Safari/537.36"
::ffff:192.168.0.12 - - [02/Sep/2019:09:14:47 +0000] "POST /rosemary/zone1/cam1 HTTP/1.1" 201 - "http://192.168.0.14/slide0.html" "Mozilla/5.0 (Windows NT 10.0; Win64; x64) AppleWebKit/537.36 (KHTML, like Gecko) Chrome/76.0.3809.132 Safari/537.36"
::ffff:192.168.0.1 - - [02/Sep/2019:09:14:50 +0000] "POST /rosemary/zone1/Y82P44 HTTP/1.1" 404 - "-" "-"
::ffff:192.168.0.12 - - [02/Sep/2019:09:14:51 +0000] "POST /rosemary/zone1/cam1 HTTP/1.1" 201 - "http://192.168.0.14/slide0.html" "Mozilla/5.0 (Windows NT 10.0; Win64; x64) AppleWebKit/537.36 (KHTML, like Gecko) Chrome/76.0.3809.132 Safari/537.36"
::ffff:192.168.0.1 - - [02/Sep/2019:09:14:54 +0000] "POST /rosemary/zone1/Y82P44 HTTP/1.1" 404 - "-" "-"
::ffff:192.168.0.12 - - [02/Sep/2019:09:14:57 +0000] "OPTIONS /rosemary/zone1/currentUser/la HTTP/1.1" 200 2 "http://192.168.0.14/dfs/gallery_web.html" "Mozilla/5.0 (Windows NT 10.0; Win64; x64) AppleWebKit/537.36 (KHTML, like Gecko) Chrome/76.0.3809.132 Safari/537.36"
::ffff:192.168.0.12 - - [02/Sep/2019:09:14:58 +0000] "GET /rosemary/zone1/currentUser/la HTTP/1.1" 200 - "http://192.168.0.14/dfs/gallery_web.html" "Mozilla/5.0 (Windows NT 10.0; Win64; x64) AppleWebKit/537.36 (KHTML, like Gecko) Chrome/76.0.3809.132 Safari/537.36"
::ffff:192.168.0.17 - - [02/Sep/2019:09:18:42 +0000] "OPTIONS /rosemary/zone1/currentUser/la HTTP/1.1" 200 2 "-" "Mozilla/5.0 (Windows NT 10.0; Win64; x64) AppleWebKit/537.36 (KHTML, like Gecko) Chrome/76.0.3809.132 Safari/537.36"
::ffff:192.168.0.17 - - [02/Sep/2019:09:18:42 +0000] "GET /rosemary/zone1/currentUser/la HTTP/1.1" 200 - "-" "Mozilla/5.0 (Windows NT 10.0; Win64; x64) AppleWebKit/537.36 (KHTML, like Gecko) Chrome/76.0.3809.132 Safari/537.36"
::ffff:192.168.0.17 - - [02/Sep/2019:09:18:54 +0000] "OPTIONS /rosemary/zone1/currentUser/la HTTP/1.1" 200 2 "-" "Mozilla/5.0 (Windows NT 10.0; Win64; x64) AppleWebKit/537.36 (KHTML, like Gecko) Chrome/76.0.3809.132 Safari/537.36"
::ffff:192.168.0.12 - - [02/Sep/2019:09:19:15 +0000] "OPTIONS /rosemary/zone1/currentUser HTTP/1.1" 200 2 "http://192.168.0.14/slide0.html" "Mozilla/5.0 (Windows NT 10.0; Win64; x64) AppleWebKit/537.36 (KHTML, like Gecko) Chrome/76.0.3809.132 Safari/537.36"
::ffff:192.168.0.12 - - [02/Sep/2019:09:19:15 +0000] "OPTIONS /rosemary/zone1/state HTTP/1.1" 200 2 "http://192.168.0.14/slide0.html" "Mozilla/5.0 (Windows NT 10.0; Win64; x64) AppleWebKit/537.36 (KHTML, like Gecko) Chrome/76.0.3809.132 Safari/537.36"
::ffff:192.168.0.12 - - [02/Sep/2019:09:19:15 +0000] "POST /rosemary/zone1/currentUser HTTP/1.1" 201 - "http://192.168.0.14/slide0.html" "Mozilla/5.0 (Windows NT 10.0; Win64; x64) AppleWebKit/537.36 (KHTML, like Gecko) Chrome/76.0.3809.132 Safari/537.36"
::ffff:192.168.0.12 - - [02/Sep/2019:09:19:15 +0000] "POST /rosemary/zone1/state HTTP/1.1" 201 - "http://192.168.0.14/slide0.html" "Mozilla/5.0 (Windows NT 10.0; Win64; x64) AppleWebKit/537.36 (KHTML, like Gecko) Chrome/76.0.3809.132 Safari/537.36"
::ffff:192.168.0.12 - - [02/Sep/2019:09:19:17 +0000] "OPTIONS /rosemary/zone1/cam1 HTTP/1.1" 200 2 "http://192.168.0.14/slide0.html" "Mozilla/5.0 (Windows NT 10.0; Win64; x64) AppleWebKit/537.36 (KHTML, like Gecko) Chrome/76.0.3809.132 Safari/537.36"
::ffff:192.168.0.12 - - [02/Sep/2019:09:19:18 +0000] "POST /rosemary/zone1/cam1 HTTP/1.1" 201 - "http://192.168.0.14/slide0.html" "Mozilla/5.0 (Windows NT 10.0; Win64; x64) AppleWebKit/537.36 (KHTML, like Gecko) Chrome/76.0.3809.132 Safari/537.36"
::ffff:192.168.0.1 - - [02/Sep/2019:09:19:21 +0000] "POST /rosemary/zone1/YL5B5I HTTP/1.1" 404 - "-" "-"
::ffff:192.168.0.12 - - [02/Sep/2019:09:19:22 +0000] "POST /rosemary/zone1/cam1 HTTP/1.1" 201 - "http://192.168.0.14/slide0.html" "Mozilla/5.0 (Windows NT 10.0; Win64; x64) AppleWebKit/537.36 (KHTML, like Gecko) Chrome/76.0.3809.132 Safari/537.36"
::ffff:192.168.0.1 - - [02/Sep/2019:09:19:25 +0000] "POST /rosemary/zone1/YL5B5I HTTP/1.1" 404 - "-" "-"
::ffff:192.168.0.12 - - [02/Sep/2019:09:19:28 +0000] "OPTIONS /rosemary/zone1/currentUser/la HTTP/1.1" 200 2 "http://192.168.0.14/dfs/gallery_web.html" "Mozilla/5.0 (Windows NT 10.0; Win64; x64) AppleWebKit/537.36 (KHTML, like Gecko) Chrome/76.0.3809.132 Safari/537.36"
::ffff:192.168.0.12 - - [02/Sep/2019:09:19:28 +0000] "GET /rosemary/zone1/currentUser/la HTTP/1.1" 200 - "http://192.168.0.14/dfs/gallery_web.html" "Mozilla/5.0 (Windows NT 10.0; Win64; x64) AppleWebKit/537.36 (KHTML, like Gecko) Chrome/76.0.3809.132 Safari/537.36"
::ffff:192.168.0.12 - - [02/Sep/2019:09:19:45 +0000] "OPTIONS /rosemary/zone1/email HTTP/1.1" 200 2 "http://192.168.0.14/dfs/contact.html" "Mozilla/5.0 (Windows NT 10.0; Win64; x64) AppleWebKit/537.36 (KHTML, like Gecko) Chrome/76.0.3809.132 Safari/537.36"
::ffff:192.168.0.12 - - [02/Sep/2019:09:19:46 +0000] "POST /rosemary/zone1/email HTTP/1.1" 201 - "http://192.168.0.14/dfs/contact.html" "Mozilla/5.0 (Windows NT 10.0; Win64; x64) AppleWebKit/537.36 (KHTML, like Gecko) Chrome/76.0.3809.132 Safari/537.36"
::ffff:192.168.0.12 - - [02/Sep/2019:09:20:37 +0000] "OPTIONS /rosemary/zone1/email HTTP/1.1" 200 2 "http://192.168.0.14/dfs/contact.html" "Mozilla/5.0 (Windows NT 10.0; Win64; x64) AppleWebKit/537.36 (KHTML, like Gecko) Chrome/76.0.3809.132 Safari/537.36"
::ffff:192.168.0.12 - - [02/Sep/2019:09:20:39 +0000] "POST /rosemary/zone1/email HTTP/1.1" 201 - "http://192.168.0.14/dfs/contact.html" "Mozilla/5.0 (Windows NT 10.0; Win64; x64) AppleWebKit/537.36 (KHTML, like Gecko) Chrome/76.0.3809.132 Safari/537.36"
