::ffff:192.168.0.5 - - [09/Oct/2019:15:06:06 +0000] "OPTIONS /rosemary/zone1/currentUser HTTP/1.1" 200 2 "http://192.168.0.11/camera.html" "Mozilla/5.0 (Linux; Android 9; SM-T510) AppleWebKit/537.36 (KHTML, like Gecko) Chrome/77.0.3865.92 Safari/537.36"
::ffff:192.168.0.5 - - [09/Oct/2019:15:06:06 +0000] "OPTIONS /rosemary/zone1 HTTP/1.1" 200 2 "http://192.168.0.11/camera.html" "Mozilla/5.0 (Linux; Android 9; SM-T510) AppleWebKit/537.36 (KHTML, like Gecko) Chrome/77.0.3865.92 Safari/537.36"
::ffff:192.168.0.5 - - [09/Oct/2019:15:06:07 +0000] "OPTIONS /rosemary/zone1/state HTTP/1.1" 200 2 "http://192.168.0.11/camera.html" "Mozilla/5.0 (Linux; Android 9; SM-T510) AppleWebKit/537.36 (KHTML, like Gecko) Chrome/77.0.3865.92 Safari/537.36"
::ffff:192.168.0.5 - - [09/Oct/2019:15:06:07 +0000] "POST /rosemary/zone1/currentUser HTTP/1.1" 201 - "http://192.168.0.11/camera.html" "Mozilla/5.0 (Linux; Android 9; SM-T510) AppleWebKit/537.36 (KHTML, like Gecko) Chrome/77.0.3865.92 Safari/537.36"
::ffff:192.168.0.5 - - [09/Oct/2019:15:06:07 +0000] "POST /rosemary/zone1 HTTP/1.1" 201 - "http://192.168.0.11/camera.html" "Mozilla/5.0 (Linux; Android 9; SM-T510) AppleWebKit/537.36 (KHTML, like Gecko) Chrome/77.0.3865.92 Safari/537.36"
::ffff:192.168.0.5 - - [09/Oct/2019:15:06:07 +0000] "POST /rosemary/zone1/state HTTP/1.1" 201 - "http://192.168.0.11/camera.html" "Mozilla/5.0 (Linux; Android 9; SM-T510) AppleWebKit/537.36 (KHTML, like Gecko) Chrome/77.0.3865.92 Safari/537.36"
::ffff:192.168.0.4 - - [09/Oct/2019:15:06:07 +0000] "POST /rosemary/zone1/Y52ONJ HTTP/1.1" 201 - "-" "-"
::ffff:192.168.0.5 - - [09/Oct/2019:15:06:08 +0000] "POST /rosemary/zone1 HTTP/1.1" 201 - "http://192.168.0.11/camera.html" "Mozilla/5.0 (Linux; Android 9; SM-T510) AppleWebKit/537.36 (KHTML, like Gecko) Chrome/77.0.3865.92 Safari/537.36"
::ffff:192.168.0.5 - - [09/Oct/2019:15:06:08 +0000] "POST /rosemary/zone1/currentUser HTTP/1.1" 201 - "http://192.168.0.11/camera.html" "Mozilla/5.0 (Linux; Android 9; SM-T510) AppleWebKit/537.36 (KHTML, like Gecko) Chrome/77.0.3865.92 Safari/537.36"
::ffff:192.168.0.5 - - [09/Oct/2019:15:06:08 +0000] "POST /rosemary/zone1/state HTTP/1.1" 201 - "http://192.168.0.11/camera.html" "Mozilla/5.0 (Linux; Android 9; SM-T510) AppleWebKit/537.36 (KHTML, like Gecko) Chrome/77.0.3865.92 Safari/537.36"
::ffff:192.168.0.4 - - [09/Oct/2019:15:06:09 +0000] "POST /rosemary/zone1/YOBJ7M HTTP/1.1" 201 - "-" "-"
::ffff:192.168.0.5 - - [09/Oct/2019:15:06:13 +0000] "OPTIONS /rosemary/zone1/currentUser/la HTTP/1.1" 200 2 "http://192.168.0.11/slide0.html" "Mozilla/5.0 (Linux; Android 9; SM-T510) AppleWebKit/537.36 (KHTML, like Gecko) Chrome/77.0.3865.92 Safari/537.36"
::ffff:192.168.0.5 - - [09/Oct/2019:15:06:13 +0000] "GET /rosemary/zone1/currentUser/la HTTP/1.1" 200 - "http://192.168.0.11/slide0.html" "Mozilla/5.0 (Linux; Android 9; SM-T510) AppleWebKit/537.36 (KHTML, like Gecko) Chrome/77.0.3865.92 Safari/537.36"
::ffff:192.168.0.5 - - [09/Oct/2019:15:06:13 +0000] "OPTIONS /rosemary/zone1/YOBJ7M?lim=10&rcn=4 HTTP/1.1" 200 2 "http://192.168.0.11/slide0.html" "Mozilla/5.0 (Linux; Android 9; SM-T510) AppleWebKit/537.36 (KHTML, like Gecko) Chrome/77.0.3865.92 Safari/537.36"
::ffff:192.168.0.5 - - [09/Oct/2019:15:06:13 +0000] "GET /rosemary/zone1/YOBJ7M?lim=10&rcn=4 HTTP/1.1" 200 - "http://192.168.0.11/slide0.html" "Mozilla/5.0 (Linux; Android 9; SM-T510) AppleWebKit/537.36 (KHTML, like Gecko) Chrome/77.0.3865.92 Safari/537.36"
::ffff:192.168.0.5 - - [09/Oct/2019:15:06:19 +0000] "OPTIONS /rosemary/zone1/cam1 HTTP/1.1" 200 2 "http://192.168.0.11/slide0.html" "Mozilla/5.0 (Linux; Android 9; SM-T510) AppleWebKit/537.36 (KHTML, like Gecko) Chrome/77.0.3865.92 Safari/537.36"
::ffff:192.168.0.5 - - [09/Oct/2019:15:06:20 +0000] "POST /rosemary/zone1/cam1 HTTP/1.1" 201 - "http://192.168.0.11/slide0.html" "Mozilla/5.0 (Linux; Android 9; SM-T510) AppleWebKit/537.36 (KHTML, like Gecko) Chrome/77.0.3865.92 Safari/537.36"
::ffff:192.168.0.5 - - [09/Oct/2019:15:06:21 +0000] "OPTIONS /rosemary/zone1/currentUser/la HTTP/1.1" 200 2 "http://192.168.0.11/slide0.html" "Mozilla/5.0 (Linux; Android 9; SM-T510) AppleWebKit/537.36 (KHTML, like Gecko) Chrome/77.0.3865.92 Safari/537.36"
::ffff:192.168.0.5 - - [09/Oct/2019:15:06:21 +0000] "GET /rosemary/zone1/currentUser/la HTTP/1.1" 200 - "http://192.168.0.11/slide0.html" "Mozilla/5.0 (Linux; Android 9; SM-T510) AppleWebKit/537.36 (KHTML, like Gecko) Chrome/77.0.3865.92 Safari/537.36"
::ffff:192.168.0.5 - - [09/Oct/2019:15:06:21 +0000] "OPTIONS /rosemary/zone1/YOBJ7M?lim=10&rcn=4 HTTP/1.1" 200 2 "http://192.168.0.11/slide0.html" "Mozilla/5.0 (Linux; Android 9; SM-T510) AppleWebKit/537.36 (KHTML, like Gecko) Chrome/77.0.3865.92 Safari/537.36"
::ffff:192.168.0.5 - - [09/Oct/2019:15:06:21 +0000] "GET /rosemary/zone1/YOBJ7M?lim=10&rcn=4 HTTP/1.1" 200 - "http://192.168.0.11/slide0.html" "Mozilla/5.0 (Linux; Android 9; SM-T510) AppleWebKit/537.36 (KHTML, like Gecko) Chrome/77.0.3865.92 Safari/537.36"
::ffff:192.168.0.5 - - [09/Oct/2019:15:06:25 +0000] "GET /rosemary/zone1/currentUser/la HTTP/1.1" 200 - "http://192.168.0.11/slide0.html" "Mozilla/5.0 (Linux; Android 9; SM-T510) AppleWebKit/537.36 (KHTML, like Gecko) Chrome/77.0.3865.92 Safari/537.36"
::ffff:192.168.0.5 - - [09/Oct/2019:15:06:25 +0000] "GET /rosemary/zone1/YOBJ7M?lim=10&rcn=4 HTTP/1.1" 200 - "http://192.168.0.11/slide0.html" "Mozilla/5.0 (Linux; Android 9; SM-T510) AppleWebKit/537.36 (KHTML, like Gecko) Chrome/77.0.3865.92 Safari/537.36"
::ffff:192.168.0.5 - - [09/Oct/2019:15:06:46 +0000] "OPTIONS /rosemary/zone1/cam1 HTTP/1.1" 200 2 "http://192.168.0.11/slide0.html" "Mozilla/5.0 (Linux; Android 9; SM-T510) AppleWebKit/537.36 (KHTML, like Gecko) Chrome/77.0.3865.92 Safari/537.36"
::ffff:192.168.0.5 - - [09/Oct/2019:15:06:47 +0000] "POST /rosemary/zone1/cam1 HTTP/1.1" 201 - "http://192.168.0.11/slide0.html" "Mozilla/5.0 (Linux; Android 9; SM-T510) AppleWebKit/537.36 (KHTML, like Gecko) Chrome/77.0.3865.92 Safari/537.36"
::ffff:192.168.0.5 - - [09/Oct/2019:15:06:48 +0000] "OPTIONS /rosemary/zone1/currentUser/la HTTP/1.1" 200 2 "http://192.168.0.11/slide0.html" "Mozilla/5.0 (Linux; Android 9; SM-T510) AppleWebKit/537.36 (KHTML, like Gecko) Chrome/77.0.3865.92 Safari/537.36"
::ffff:192.168.0.5 - - [09/Oct/2019:15:06:48 +0000] "GET /rosemary/zone1/currentUser/la HTTP/1.1" 200 - "http://192.168.0.11/slide0.html" "Mozilla/5.0 (Linux; Android 9; SM-T510) AppleWebKit/537.36 (KHTML, like Gecko) Chrome/77.0.3865.92 Safari/537.36"
::ffff:192.168.0.5 - - [09/Oct/2019:15:06:48 +0000] "OPTIONS /rosemary/zone1/YOBJ7M?lim=10&rcn=4 HTTP/1.1" 200 2 "http://192.168.0.11/slide0.html" "Mozilla/5.0 (Linux; Android 9; SM-T510) AppleWebKit/537.36 (KHTML, like Gecko) Chrome/77.0.3865.92 Safari/537.36"
::ffff:192.168.0.5 - - [09/Oct/2019:15:06:48 +0000] "GET /rosemary/zone1/YOBJ7M?lim=10&rcn=4 HTTP/1.1" 200 - "http://192.168.0.11/slide0.html" "Mozilla/5.0 (Linux; Android 9; SM-T510) AppleWebKit/537.36 (KHTML, like Gecko) Chrome/77.0.3865.92 Safari/537.36"
::ffff:192.168.0.5 - - [09/Oct/2019:15:06:50 +0000] "GET /rosemary/zone1/currentUser/la HTTP/1.1" 200 - "http://192.168.0.11/slide0.html" "Mozilla/5.0 (Linux; Android 9; SM-T510) AppleWebKit/537.36 (KHTML, like Gecko) Chrome/77.0.3865.92 Safari/537.36"
::ffff:192.168.0.5 - - [09/Oct/2019:15:06:50 +0000] "GET /rosemary/zone1/YOBJ7M?lim=10&rcn=4 HTTP/1.1" 200 - "http://192.168.0.11/slide0.html" "Mozilla/5.0 (Linux; Android 9; SM-T510) AppleWebKit/537.36 (KHTML, like Gecko) Chrome/77.0.3865.92 Safari/537.36"
::ffff:192.168.0.3 - - [09/Oct/2019:15:08:38 +0000] "POST /rosemary HTTP/1.1" 409 - "-" "-"
::ffff:192.168.0.3 - - [09/Oct/2019:15:08:40 +0000] "GET /rosemary/zone1 HTTP/1.1" 200 - "-" "-"
::ffff:192.168.0.3 - - [09/Oct/2019:15:08:42 +0000] "POST /rosemary/zone1 HTTP/1.1" 409 - "-" "-"
::ffff:192.168.0.3 - - [09/Oct/2019:15:08:44 +0000] "POST /rosemary/zone1 HTTP/1.1" 409 - "-" "-"
::ffff:192.168.0.3 - - [09/Oct/2019:15:08:46 +0000] "POST /rosemary/zone1 HTTP/1.1" 409 - "-" "-"
::ffff:192.168.0.3 - - [09/Oct/2019:15:08:48 +0000] "DELETE /rosemary/zone1/cam1/sub HTTP/1.1" 404 - "-" "-"
::ffff:192.168.0.3 - - [09/Oct/2019:15:08:50 +0000] "DELETE /rosemary/zone1/state/sub HTTP/1.1" 200 - "-" "-"
::ffff:192.168.0.3 - - [09/Oct/2019:15:08:52 +0000] "DELETE /rosemary/zone1/currentUser/sub HTTP/1.1" 200 - "-" "-"
::ffff:192.168.0.3 - - [09/Oct/2019:15:08:54 +0000] "POST /rosemary/zone1/cam1 HTTP/1.1" 201 - "-" "-"
::ffff:192.168.0.34 - - [09/Oct/2019:15:08:55 +0000] "POST /rosemary HTTP/1.1" 409 - "-" "-"
::ffff:192.168.0.3 - - [09/Oct/2019:15:08:56 +0000] "POST /rosemary/zone1/state HTTP/1.1" 201 - "-" "-"
::ffff:192.168.0.34 - - [09/Oct/2019:15:08:57 +0000] "GET /rosemary/zone1 HTTP/1.1" 200 - "-" "-"
::ffff:192.168.0.3 - - [09/Oct/2019:15:08:58 +0000] "POST /rosemary/zone1/currentUser HTTP/1.1" 201 - "-" "-"
::ffff:192.168.0.34 - - [09/Oct/2019:15:08:59 +0000] "POST /rosemary/zone1 HTTP/1.1" 409 - "-" "-"
::ffff:192.168.0.34 - - [09/Oct/2019:15:09:01 +0000] "POST /rosemary/zone1 HTTP/1.1" 409 - "-" "-"
::ffff:192.168.0.34 - - [09/Oct/2019:15:09:03 +0000] "POST /rosemary/zone1 HTTP/1.1" 409 - "-" "-"
::ffff:192.168.0.34 - - [09/Oct/2019:15:09:05 +0000] "DELETE /rosemary/zone1/cam2/sub HTTP/1.1" 200 - "-" "-"
::ffff:192.168.0.34 - - [09/Oct/2019:15:09:07 +0000] "DELETE /rosemary/zone1/state/sub HTTP/1.1" 200 - "-" "-"
::ffff:192.168.0.34 - - [09/Oct/2019:15:09:09 +0000] "DELETE /rosemary/zone1/currentUser/sub HTTP/1.1" 200 - "-" "-"
::ffff:192.168.0.34 - - [09/Oct/2019:15:09:12 +0000] "POST /rosemary/zone1/cam2 HTTP/1.1" 201 - "-" "-"
::ffff:192.168.0.34 - - [09/Oct/2019:15:09:14 +0000] "POST /rosemary/zone1/state HTTP/1.1" 201 - "-" "-"
::ffff:192.168.0.34 - - [09/Oct/2019:15:09:16 +0000] "POST /rosemary/zone1/currentUser HTTP/1.1" 201 - "-" "-"
::ffff:192.168.0.5 - - [09/Oct/2019:15:11:07 +0000] "OPTIONS /rosemary/zone1/currentUser/la HTTP/1.1" 200 2 "http://192.168.0.11/slide0.html" "Mozilla/5.0 (Linux; Android 9; SM-T510) AppleWebKit/537.36 (KHTML, like Gecko) Chrome/77.0.3865.92 Safari/537.36"
::ffff:192.168.0.5 - - [09/Oct/2019:15:11:07 +0000] "GET /rosemary/zone1/currentUser/la HTTP/1.1" 200 - "http://192.168.0.11/slide0.html" "Mozilla/5.0 (Linux; Android 9; SM-T510) AppleWebKit/537.36 (KHTML, like Gecko) Chrome/77.0.3865.92 Safari/537.36"
::ffff:192.168.0.5 - - [09/Oct/2019:15:11:07 +0000] "OPTIONS /rosemary/zone1/YOBJ7M?lim=10&rcn=4 HTTP/1.1" 200 2 "http://192.168.0.11/slide0.html" "Mozilla/5.0 (Linux; Android 9; SM-T510) AppleWebKit/537.36 (KHTML, like Gecko) Chrome/77.0.3865.92 Safari/537.36"
::ffff:192.168.0.5 - - [09/Oct/2019:15:11:07 +0000] "GET /rosemary/zone1/YOBJ7M?lim=10&rcn=4 HTTP/1.1" 200 - "http://192.168.0.11/slide0.html" "Mozilla/5.0 (Linux; Android 9; SM-T510) AppleWebKit/537.36 (KHTML, like Gecko) Chrome/77.0.3865.92 Safari/537.36"
::ffff:192.168.0.5 - - [09/Oct/2019:15:11:08 +0000] "OPTIONS /rosemary/zone1/cam1 HTTP/1.1" 200 2 "http://192.168.0.11/slide0.html" "Mozilla/5.0 (Linux; Android 9; SM-T510) AppleWebKit/537.36 (KHTML, like Gecko) Chrome/77.0.3865.92 Safari/537.36"
::ffff:192.168.0.5 - - [09/Oct/2019:15:11:08 +0000] "POST /rosemary/zone1/cam1 HTTP/1.1" 201 - "http://192.168.0.11/slide0.html" "Mozilla/5.0 (Linux; Android 9; SM-T510) AppleWebKit/537.36 (KHTML, like Gecko) Chrome/77.0.3865.92 Safari/537.36"
::ffff:192.168.0.5 - - [09/Oct/2019:15:11:10 +0000] "GET /rosemary/zone1/currentUser/la HTTP/1.1" 200 - "http://192.168.0.11/slide0.html" "Mozilla/5.0 (Linux; Android 9; SM-T510) AppleWebKit/537.36 (KHTML, like Gecko) Chrome/77.0.3865.92 Safari/537.36"
::ffff:192.168.0.5 - - [09/Oct/2019:15:11:10 +0000] "GET /rosemary/zone1/YOBJ7M?lim=10&rcn=4 HTTP/1.1" 200 - "http://192.168.0.11/slide0.html" "Mozilla/5.0 (Linux; Android 9; SM-T510) AppleWebKit/537.36 (KHTML, like Gecko) Chrome/77.0.3865.92 Safari/537.36"
::ffff:192.168.0.5 - - [09/Oct/2019:15:11:13 +0000] "POST /rosemary/zone1/cam1 HTTP/1.1" 201 - "http://192.168.0.11/slide0.html" "Mozilla/5.0 (Linux; Android 9; SM-T510) AppleWebKit/537.36 (KHTML, like Gecko) Chrome/77.0.3865.92 Safari/537.36"
::ffff:192.168.0.5 - - [09/Oct/2019:15:11:14 +0000] "OPTIONS /rosemary/zone1/currentUser/la HTTP/1.1" 200 2 "http://192.168.0.11/slide0.html" "Mozilla/5.0 (Linux; Android 9; SM-T510) AppleWebKit/537.36 (KHTML, like Gecko) Chrome/77.0.3865.92 Safari/537.36"
::ffff:192.168.0.5 - - [09/Oct/2019:15:11:14 +0000] "GET /rosemary/zone1/currentUser/la HTTP/1.1" 200 - "http://192.168.0.11/slide0.html" "Mozilla/5.0 (Linux; Android 9; SM-T510) AppleWebKit/537.36 (KHTML, like Gecko) Chrome/77.0.3865.92 Safari/537.36"
::ffff:192.168.0.5 - - [09/Oct/2019:15:11:14 +0000] "OPTIONS /rosemary/zone1/YOBJ7M?lim=10&rcn=4 HTTP/1.1" 200 2 "http://192.168.0.11/slide0.html" "Mozilla/5.0 (Linux; Android 9; SM-T510) AppleWebKit/537.36 (KHTML, like Gecko) Chrome/77.0.3865.92 Safari/537.36"
::ffff:192.168.0.5 - - [09/Oct/2019:15:11:15 +0000] "GET /rosemary/zone1/YOBJ7M?lim=10&rcn=4 HTTP/1.1" 200 - "http://192.168.0.11/slide0.html" "Mozilla/5.0 (Linux; Android 9; SM-T510) AppleWebKit/537.36 (KHTML, like Gecko) Chrome/77.0.3865.92 Safari/537.36"
::ffff:192.168.0.4 - - [09/Oct/2019:15:13:26 +0000] "POST /rosemary HTTP/1.1" 409 - "-" "-"
::ffff:192.168.0.4 - - [09/Oct/2019:15:13:27 +0000] "GET /rosemary/mobiususer02.MOBIUS.BROWSER.APP HTTP/1.1" 200 - "-" "-"
::ffff:192.168.0.4 - - [09/Oct/2019:15:13:27 +0000] "GET /rosemary/zone1 HTTP/1.1" 200 - "-" "-"
::ffff:192.168.0.4 - - [09/Oct/2019:15:13:27 +0000] "GET /rosemary HTTP/1.1" 200 - "-" "-"
::ffff:192.168.0.4 - - [09/Oct/2019:15:13:28 +0000] "GET /rosemary/zone1 HTTP/1.1" 200 - "-" "-"
::ffff:192.168.0.4 - - [09/Oct/2019:15:13:28 +0000] "POST /rosemary/zone1 HTTP/1.1" 409 - "-" "-"
::ffff:192.168.0.4 - - [09/Oct/2019:15:13:28 +0000] "DELETE /rosemary/zone1/mobiususer02.MOBIUS.BROWSER.APP_sub HTTP/1.1" 200 - "-" "-"
::ffff:192.168.0.4 - - [09/Oct/2019:15:13:29 +0000] "POST /rosemary/zone1 HTTP/1.1" 201 - "-" "-"
::ffff:192.168.0.4 - - [09/Oct/2019:15:13:29 +0000] "POST /rosemary/zone1 HTTP/1.1" 409 - "-" "-"
::ffff:192.168.0.4 - - [09/Oct/2019:15:13:29 +0000] "DELETE /rosemary/zone1/mobiususer02.MOBIUS.BROWSER.APP_sub HTTP/1.1" 200 - "-" "-"
::ffff:192.168.0.4 - - [09/Oct/2019:15:13:29 +0000] "POST /rosemary/zone1 HTTP/1.1" 201 - "-" "-"
::ffff:192.168.0.4 - - [09/Oct/2019:15:13:30 +0000] "GET /rosemary/zone1?rcn=4&lvl=1&ty=23&ty=3&ty=9&ty=1&ty=24&ty=25 HTTP/1.1" 200 - "-" "-"
::ffff:192.168.0.4 - - [09/Oct/2019:15:13:45 +0000] "POST /rosemary/zone1/cam1 HTTP/1.1" 409 - "-" "-"
::ffff:192.168.0.4 - - [09/Oct/2019:15:13:46 +0000] "DELETE /rosemary/zone1/cam1/mobiususer02.MOBIUS.BROWSER.APP_sub HTTP/1.1" 200 - "-" "-"
::ffff:192.168.0.4 - - [09/Oct/2019:15:13:46 +0000] "POST /rosemary/zone1/cam1 HTTP/1.1" 201 - "-" "-"
::ffff:192.168.0.4 - - [09/Oct/2019:15:13:46 +0000] "GET /rosemary/zone1/cam1?rcn=4&lvl=1&ty=23&ty=3&ty=24 HTTP/1.1" 200 - "-" "-"
::ffff:192.168.0.4 - - [09/Oct/2019:15:13:46 +0000] "GET /rosemary/zone1/cam1?rcn=4&lvl=1&ty=4&la=5 HTTP/1.1" 200 - "-" "-"
::ffff:192.168.0.4 - - [09/Oct/2019:15:13:49 +0000] "POST /rosemary/zone1/cam2 HTTP/1.1" 409 - "-" "-"
::ffff:192.168.0.4 - - [09/Oct/2019:15:13:49 +0000] "DELETE /rosemary/zone1/cam2/mobiususer02.MOBIUS.BROWSER.APP_sub HTTP/1.1" 200 - "-" "-"
::ffff:192.168.0.4 - - [09/Oct/2019:15:13:49 +0000] "POST /rosemary/zone1/cam2 HTTP/1.1" 201 - "-" "-"
::ffff:192.168.0.4 - - [09/Oct/2019:15:13:49 +0000] "GET /rosemary/zone1/cam2?rcn=4&lvl=1&ty=23&ty=3&ty=24 HTTP/1.1" 200 - "-" "-"
::ffff:192.168.0.4 - - [09/Oct/2019:15:13:50 +0000] "GET /rosemary/zone1/cam2?rcn=4&lvl=1&ty=4&la=5 HTTP/1.1" 200 - "-" "-"
::ffff:192.168.0.5 - - [09/Oct/2019:15:14:59 +0000] "OPTIONS /rosemary/zone1/currentUser/la HTTP/1.1" 200 2 "http://192.168.0.11/slide0.html" "Mozilla/5.0 (Linux; Android 9; SM-T510) AppleWebKit/537.36 (KHTML, like Gecko) Chrome/77.0.3865.92 Safari/537.36"
::ffff:192.168.0.5 - - [09/Oct/2019:15:15:00 +0000] "GET /rosemary/zone1/currentUser/la HTTP/1.1" 200 - "http://192.168.0.11/slide0.html" "Mozilla/5.0 (Linux; Android 9; SM-T510) AppleWebKit/537.36 (KHTML, like Gecko) Chrome/77.0.3865.92 Safari/537.36"
::ffff:192.168.0.5 - - [09/Oct/2019:15:15:00 +0000] "OPTIONS /rosemary/zone1/YOBJ7M?lim=10&rcn=4 HTTP/1.1" 200 2 "http://192.168.0.11/slide0.html" "Mozilla/5.0 (Linux; Android 9; SM-T510) AppleWebKit/537.36 (KHTML, like Gecko) Chrome/77.0.3865.92 Safari/537.36"
::ffff:192.168.0.5 - - [09/Oct/2019:15:15:00 +0000] "GET /rosemary/zone1/YOBJ7M?lim=10&rcn=4 HTTP/1.1" 200 - "http://192.168.0.11/slide0.html" "Mozilla/5.0 (Linux; Android 9; SM-T510) AppleWebKit/537.36 (KHTML, like Gecko) Chrome/77.0.3865.92 Safari/537.36"
::ffff:192.168.0.5 - - [09/Oct/2019:15:15:02 +0000] "OPTIONS /rosemary/zone1/cam1 HTTP/1.1" 200 2 "http://192.168.0.11/slide0.html" "Mozilla/5.0 (Linux; Android 9; SM-T510) AppleWebKit/537.36 (KHTML, like Gecko) Chrome/77.0.3865.92 Safari/537.36"
::ffff:192.168.0.5 - - [09/Oct/2019:15:15:02 +0000] "POST /rosemary/zone1/cam1 HTTP/1.1" 201 - "http://192.168.0.11/slide0.html" "Mozilla/5.0 (Linux; Android 9; SM-T510) AppleWebKit/537.36 (KHTML, like Gecko) Chrome/77.0.3865.92 Safari/537.36"
::ffff:192.168.0.5 - - [09/Oct/2019:15:15:03 +0000] "GET /rosemary/zone1/currentUser/la HTTP/1.1" 200 - "http://192.168.0.11/slide0.html" "Mozilla/5.0 (Linux; Android 9; SM-T510) AppleWebKit/537.36 (KHTML, like Gecko) Chrome/77.0.3865.92 Safari/537.36"
::ffff:192.168.0.5 - - [09/Oct/2019:15:15:03 +0000] "GET /rosemary/zone1/YOBJ7M?lim=10&rcn=4 HTTP/1.1" 200 - "http://192.168.0.11/slide0.html" "Mozilla/5.0 (Linux; Android 9; SM-T510) AppleWebKit/537.36 (KHTML, like Gecko) Chrome/77.0.3865.92 Safari/537.36"
::ffff:192.168.0.11 - - [09/Oct/2019:15:15:04 +0000] "POST /rosemary/zone1/YNK68Q HTTP/1.1" 201 - "-" "-"
::ffff:192.168.0.5 - - [09/Oct/2019:15:15:14 +0000] "OPTIONS /rosemary/zone1/cam1 HTTP/1.1" 200 2 "http://192.168.0.11/slide0.html" "Mozilla/5.0 (Linux; Android 9; SM-T510) AppleWebKit/537.36 (KHTML, like Gecko) Chrome/77.0.3865.92 Safari/537.36"
::ffff:192.168.0.5 - - [09/Oct/2019:15:15:14 +0000] "POST /rosemary/zone1/cam1 HTTP/1.1" 201 - "http://192.168.0.11/slide0.html" "Mozilla/5.0 (Linux; Android 9; SM-T510) AppleWebKit/537.36 (KHTML, like Gecko) Chrome/77.0.3865.92 Safari/537.36"
::ffff:192.168.0.11 - - [09/Oct/2019:15:15:14 +0000] "POST /rosemary/zone1/YNK68Q HTTP/1.1" 201 - "-" "-"
::ffff:192.168.0.5 - - [09/Oct/2019:15:15:15 +0000] "OPTIONS /rosemary/zone1/currentUser/la HTTP/1.1" 200 2 "http://192.168.0.11/slide0.html" "Mozilla/5.0 (Linux; Android 9; SM-T510) AppleWebKit/537.36 (KHTML, like Gecko) Chrome/77.0.3865.92 Safari/537.36"
::ffff:192.168.0.5 - - [09/Oct/2019:15:15:15 +0000] "GET /rosemary/zone1/currentUser/la HTTP/1.1" 200 - "http://192.168.0.11/slide0.html" "Mozilla/5.0 (Linux; Android 9; SM-T510) AppleWebKit/537.36 (KHTML, like Gecko) Chrome/77.0.3865.92 Safari/537.36"
::ffff:192.168.0.5 - - [09/Oct/2019:15:15:15 +0000] "OPTIONS /rosemary/zone1/YOBJ7M?lim=10&rcn=4 HTTP/1.1" 200 2 "http://192.168.0.11/slide0.html" "Mozilla/5.0 (Linux; Android 9; SM-T510) AppleWebKit/537.36 (KHTML, like Gecko) Chrome/77.0.3865.92 Safari/537.36"
::ffff:192.168.0.5 - - [09/Oct/2019:15:15:15 +0000] "GET /rosemary/zone1/YOBJ7M?lim=10&rcn=4 HTTP/1.1" 200 - "http://192.168.0.11/slide0.html" "Mozilla/5.0 (Linux; Android 9; SM-T510) AppleWebKit/537.36 (KHTML, like Gecko) Chrome/77.0.3865.92 Safari/537.36"
::ffff:192.168.0.5 - - [09/Oct/2019:15:15:19 +0000] "GET /rosemary/zone1/currentUser/la HTTP/1.1" 200 - "http://192.168.0.11/slide0.html" "Mozilla/5.0 (Linux; Android 9; SM-T510) AppleWebKit/537.36 (KHTML, like Gecko) Chrome/77.0.3865.92 Safari/537.36"
::ffff:192.168.0.5 - - [09/Oct/2019:15:15:19 +0000] "GET /rosemary/zone1/YOBJ7M?lim=10&rcn=4 HTTP/1.1" 200 - "http://192.168.0.11/slide0.html" "Mozilla/5.0 (Linux; Android 9; SM-T510) AppleWebKit/537.36 (KHTML, like Gecko) Chrome/77.0.3865.92 Safari/537.36"
::ffff:192.168.0.4 - - [09/Oct/2019:15:17:12 +0000] "OPTIONS /rosemary/zone1/currentUser/la HTTP/1.1" 200 2 "http://192.168.0.11/slide0.html" "Mozilla/5.0 (Windows NT 10.0; Win64; x64) AppleWebKit/537.36 (KHTML, like Gecko) Chrome/77.0.3865.90 Safari/537.36"
::ffff:192.168.0.4 - - [09/Oct/2019:15:17:12 +0000] "GET /rosemary/zone1/currentUser/la HTTP/1.1" 200 - "http://192.168.0.11/slide0.html" "Mozilla/5.0 (Windows NT 10.0; Win64; x64) AppleWebKit/537.36 (KHTML, like Gecko) Chrome/77.0.3865.90 Safari/537.36"
::ffff:192.168.0.4 - - [09/Oct/2019:15:17:12 +0000] "OPTIONS /rosemary/zone1/YOBJ7M?lim=10&rcn=4 HTTP/1.1" 200 2 "http://192.168.0.11/slide0.html" "Mozilla/5.0 (Windows NT 10.0; Win64; x64) AppleWebKit/537.36 (KHTML, like Gecko) Chrome/77.0.3865.90 Safari/537.36"
::ffff:192.168.0.4 - - [09/Oct/2019:15:17:12 +0000] "GET /rosemary/zone1/YOBJ7M?lim=10&rcn=4 HTTP/1.1" 200 - "http://192.168.0.11/slide0.html" "Mozilla/5.0 (Windows NT 10.0; Win64; x64) AppleWebKit/537.36 (KHTML, like Gecko) Chrome/77.0.3865.90 Safari/537.36"
::ffff:192.168.0.4 - - [09/Oct/2019:15:17:45 +0000] "OPTIONS /rosemary/zone1/currentUser/la HTTP/1.1" 200 2 "http://192.168.0.11/slide0.html" "Mozilla/5.0 (Windows NT 10.0; Win64; x64) AppleWebKit/537.36 (KHTML, like Gecko) Chrome/77.0.3865.90 Safari/537.36"
::ffff:192.168.0.4 - - [09/Oct/2019:15:17:45 +0000] "GET /rosemary/zone1/currentUser/la HTTP/1.1" 200 - "http://192.168.0.11/slide0.html" "Mozilla/5.0 (Windows NT 10.0; Win64; x64) AppleWebKit/537.36 (KHTML, like Gecko) Chrome/77.0.3865.90 Safari/537.36"
::ffff:192.168.0.4 - - [09/Oct/2019:15:17:45 +0000] "OPTIONS /rosemary/zone1/YOBJ7M?lim=10&rcn=4 HTTP/1.1" 200 2 "http://192.168.0.11/slide0.html" "Mozilla/5.0 (Windows NT 10.0; Win64; x64) AppleWebKit/537.36 (KHTML, like Gecko) Chrome/77.0.3865.90 Safari/537.36"
::ffff:192.168.0.4 - - [09/Oct/2019:15:17:45 +0000] "GET /rosemary/zone1/YOBJ7M?lim=10&rcn=4 HTTP/1.1" 200 - "http://192.168.0.11/slide0.html" "Mozilla/5.0 (Windows NT 10.0; Win64; x64) AppleWebKit/537.36 (KHTML, like Gecko) Chrome/77.0.3865.90 Safari/537.36"
::ffff:192.168.0.5 - - [09/Oct/2019:15:19:33 +0000] "OPTIONS /rosemary/zone1/currentUser/la HTTP/1.1" 200 2 "http://192.168.0.11/slide1.html" "Mozilla/5.0 (Linux; Android 9; SM-T510) AppleWebKit/537.36 (KHTML, like Gecko) Chrome/77.0.3865.92 Safari/537.36"
::ffff:192.168.0.5 - - [09/Oct/2019:15:19:33 +0000] "GET /rosemary/zone1/currentUser/la HTTP/1.1" 200 - "http://192.168.0.11/slide1.html" "Mozilla/5.0 (Linux; Android 9; SM-T510) AppleWebKit/537.36 (KHTML, like Gecko) Chrome/77.0.3865.92 Safari/537.36"
::ffff:192.168.0.5 - - [09/Oct/2019:15:19:33 +0000] "OPTIONS /rosemary/zone1/YOBJ7M?lim=10&rcn=4 HTTP/1.1" 200 2 "http://192.168.0.11/slide1.html" "Mozilla/5.0 (Linux; Android 9; SM-T510) AppleWebKit/537.36 (KHTML, like Gecko) Chrome/77.0.3865.92 Safari/537.36"
::ffff:192.168.0.5 - - [09/Oct/2019:15:19:33 +0000] "GET /rosemary/zone1/YOBJ7M?lim=10&rcn=4 HTTP/1.1" 200 - "http://192.168.0.11/slide1.html" "Mozilla/5.0 (Linux; Android 9; SM-T510) AppleWebKit/537.36 (KHTML, like Gecko) Chrome/77.0.3865.92 Safari/537.36"
::ffff:192.168.0.5 - - [09/Oct/2019:15:19:35 +0000] "GET /rosemary/zone1/currentUser/la HTTP/1.1" 200 - "http://192.168.0.11/slide0.html" "Mozilla/5.0 (Linux; Android 9; SM-T510) AppleWebKit/537.36 (KHTML, like Gecko) Chrome/77.0.3865.92 Safari/537.36"
::ffff:192.168.0.5 - - [09/Oct/2019:15:19:35 +0000] "GET /rosemary/zone1/YOBJ7M?lim=10&rcn=4 HTTP/1.1" 200 - "http://192.168.0.11/slide0.html" "Mozilla/5.0 (Linux; Android 9; SM-T510) AppleWebKit/537.36 (KHTML, like Gecko) Chrome/77.0.3865.92 Safari/537.36"
::ffff:192.168.0.5 - - [09/Oct/2019:15:19:39 +0000] "OPTIONS /rosemary/zone1/currentUser/la HTTP/1.1" 200 2 "http://192.168.0.11/slide1.html" "Mozilla/5.0 (Linux; Android 9; SM-T510) AppleWebKit/537.36 (KHTML, like Gecko) Chrome/77.0.3865.92 Safari/537.36"
::ffff:192.168.0.5 - - [09/Oct/2019:15:19:39 +0000] "GET /rosemary/zone1/currentUser/la HTTP/1.1" 200 - "http://192.168.0.11/slide1.html" "Mozilla/5.0 (Linux; Android 9; SM-T510) AppleWebKit/537.36 (KHTML, like Gecko) Chrome/77.0.3865.92 Safari/537.36"
::ffff:192.168.0.5 - - [09/Oct/2019:15:19:39 +0000] "OPTIONS /rosemary/zone1/YOBJ7M?lim=10&rcn=4 HTTP/1.1" 200 2 "http://192.168.0.11/slide1.html" "Mozilla/5.0 (Linux; Android 9; SM-T510) AppleWebKit/537.36 (KHTML, like Gecko) Chrome/77.0.3865.92 Safari/537.36"
::ffff:192.168.0.5 - - [09/Oct/2019:15:19:39 +0000] "GET /rosemary/zone1/YOBJ7M?lim=10&rcn=4 HTTP/1.1" 200 - "http://192.168.0.11/slide1.html" "Mozilla/5.0 (Linux; Android 9; SM-T510) AppleWebKit/537.36 (KHTML, like Gecko) Chrome/77.0.3865.92 Safari/537.36"
::ffff:192.168.0.5 - - [09/Oct/2019:15:20:06 +0000] "OPTIONS /rosemary/zone1/currentUser/la HTTP/1.1" 200 2 "http://192.168.0.11/slide0.html" "Mozilla/5.0 (Linux; Android 9; SM-T510) AppleWebKit/537.36 (KHTML, like Gecko) Chrome/77.0.3865.92 Safari/537.36"
::ffff:192.168.0.5 - - [09/Oct/2019:15:20:06 +0000] "GET /rosemary/zone1/currentUser/la HTTP/1.1" 200 - "http://192.168.0.11/slide0.html" "Mozilla/5.0 (Linux; Android 9; SM-T510) AppleWebKit/537.36 (KHTML, like Gecko) Chrome/77.0.3865.92 Safari/537.36"
::ffff:192.168.0.5 - - [09/Oct/2019:15:20:06 +0000] "OPTIONS /rosemary/zone1/YOBJ7M?lim=10&rcn=4 HTTP/1.1" 200 2 "http://192.168.0.11/slide0.html" "Mozilla/5.0 (Linux; Android 9; SM-T510) AppleWebKit/537.36 (KHTML, like Gecko) Chrome/77.0.3865.92 Safari/537.36"
::ffff:192.168.0.5 - - [09/Oct/2019:15:20:06 +0000] "GET /rosemary/zone1/YOBJ7M?lim=10&rcn=4 HTTP/1.1" 200 - "http://192.168.0.11/slide0.html" "Mozilla/5.0 (Linux; Android 9; SM-T510) AppleWebKit/537.36 (KHTML, like Gecko) Chrome/77.0.3865.92 Safari/537.36"
::ffff:192.168.0.5 - - [09/Oct/2019:15:22:07 +0000] "OPTIONS /rosemary/zone1/cam1 HTTP/1.1" 200 2 "http://192.168.0.11/slide0.html" "Mozilla/5.0 (Linux; Android 9; SM-T510) AppleWebKit/537.36 (KHTML, like Gecko) Chrome/77.0.3865.92 Safari/537.36"
::ffff:192.168.0.5 - - [09/Oct/2019:15:22:07 +0000] "POST /rosemary/zone1/cam1 HTTP/1.1" 201 - "http://192.168.0.11/slide0.html" "Mozilla/5.0 (Linux; Android 9; SM-T510) AppleWebKit/537.36 (KHTML, like Gecko) Chrome/77.0.3865.92 Safari/537.36"
::ffff:192.168.0.5 - - [09/Oct/2019:15:22:09 +0000] "POST /rosemary/zone1/cam1 HTTP/1.1" 201 - "http://192.168.0.11/slide0.html" "Mozilla/5.0 (Linux; Android 9; SM-T510) AppleWebKit/537.36 (KHTML, like Gecko) Chrome/77.0.3865.92 Safari/537.36"
::ffff:192.168.0.5 - - [09/Oct/2019:15:22:11 +0000] "POST /rosemary/zone1/cam1 HTTP/1.1" 201 - "http://192.168.0.11/slide0.html" "Mozilla/5.0 (Linux; Android 9; SM-T510) AppleWebKit/537.36 (KHTML, like Gecko) Chrome/77.0.3865.92 Safari/537.36"
::ffff:192.168.0.4 - - [09/Oct/2019:15:22:24 +0000] "OPTIONS /rosemary/zone1/currentUser/la HTTP/1.1" 200 2 "http://192.168.0.11/slide1.html" "Mozilla/5.0 (Windows NT 10.0; Win64; x64) AppleWebKit/537.36 (KHTML, like Gecko) Chrome/77.0.3865.90 Safari/537.36"
::ffff:192.168.0.4 - - [09/Oct/2019:15:22:24 +0000] "GET /rosemary/zone1/currentUser/la HTTP/1.1" 200 - "http://192.168.0.11/slide1.html" "Mozilla/5.0 (Windows NT 10.0; Win64; x64) AppleWebKit/537.36 (KHTML, like Gecko) Chrome/77.0.3865.90 Safari/537.36"
::ffff:192.168.0.4 - - [09/Oct/2019:15:22:25 +0000] "OPTIONS /rosemary/zone1/YOBJ7M?lim=10&rcn=4 HTTP/1.1" 200 2 "http://192.168.0.11/slide1.html" "Mozilla/5.0 (Windows NT 10.0; Win64; x64) AppleWebKit/537.36 (KHTML, like Gecko) Chrome/77.0.3865.90 Safari/537.36"
::ffff:192.168.0.4 - - [09/Oct/2019:15:22:25 +0000] "GET /rosemary/zone1/YOBJ7M?lim=10&rcn=4 HTTP/1.1" 200 - "http://192.168.0.11/slide1.html" "Mozilla/5.0 (Windows NT 10.0; Win64; x64) AppleWebKit/537.36 (KHTML, like Gecko) Chrome/77.0.3865.90 Safari/537.36"
::ffff:192.168.0.4 - - [09/Oct/2019:15:22:27 +0000] "GET /rosemary/zone1/currentUser/la HTTP/1.1" 200 - "http://192.168.0.11/slide0.html" "Mozilla/5.0 (Windows NT 10.0; Win64; x64) AppleWebKit/537.36 (KHTML, like Gecko) Chrome/77.0.3865.90 Safari/537.36"
::ffff:192.168.0.5 - - [09/Oct/2019:15:22:27 +0000] "OPTIONS /rosemary/zone1/cam1 HTTP/1.1" 200 2 "http://192.168.0.11/slide0.html" "Mozilla/5.0 (Linux; Android 9; SM-T510) AppleWebKit/537.36 (KHTML, like Gecko) Chrome/77.0.3865.92 Safari/537.36"
::ffff:192.168.0.5 - - [09/Oct/2019:15:22:27 +0000] "POST /rosemary/zone1/cam1 HTTP/1.1" 201 - "http://192.168.0.11/slide0.html" "Mozilla/5.0 (Linux; Android 9; SM-T510) AppleWebKit/537.36 (KHTML, like Gecko) Chrome/77.0.3865.92 Safari/537.36"
::ffff:192.168.0.4 - - [09/Oct/2019:15:22:27 +0000] "GET /rosemary/zone1/YOBJ7M?lim=10&rcn=4 HTTP/1.1" 200 - "http://192.168.0.11/slide0.html" "Mozilla/5.0 (Windows NT 10.0; Win64; x64) AppleWebKit/537.36 (KHTML, like Gecko) Chrome/77.0.3865.90 Safari/537.36"
::ffff:192.168.0.4 - - [09/Oct/2019:15:22:30 +0000] "OPTIONS /rosemary/zone1/currentUser/la HTTP/1.1" 200 2 "http://192.168.0.11/slide1.html" "Mozilla/5.0 (Windows NT 10.0; Win64; x64) AppleWebKit/537.36 (KHTML, like Gecko) Chrome/77.0.3865.90 Safari/537.36"
::ffff:192.168.0.4 - - [09/Oct/2019:15:22:30 +0000] "GET /rosemary/zone1/currentUser/la HTTP/1.1" 200 - "http://192.168.0.11/slide1.html" "Mozilla/5.0 (Windows NT 10.0; Win64; x64) AppleWebKit/537.36 (KHTML, like Gecko) Chrome/77.0.3865.90 Safari/537.36"
::ffff:192.168.0.5 - - [09/Oct/2019:15:22:30 +0000] "POST /rosemary/zone1/cam1 HTTP/1.1" 201 - "http://192.168.0.11/slide0.html" "Mozilla/5.0 (Linux; Android 9; SM-T510) AppleWebKit/537.36 (KHTML, like Gecko) Chrome/77.0.3865.92 Safari/537.36"
::ffff:192.168.0.4 - - [09/Oct/2019:15:22:30 +0000] "OPTIONS /rosemary/zone1/YOBJ7M?lim=10&rcn=4 HTTP/1.1" 200 2 "http://192.168.0.11/slide1.html" "Mozilla/5.0 (Windows NT 10.0; Win64; x64) AppleWebKit/537.36 (KHTML, like Gecko) Chrome/77.0.3865.90 Safari/537.36"
::ffff:192.168.0.4 - - [09/Oct/2019:15:22:30 +0000] "GET /rosemary/zone1/YOBJ7M?lim=10&rcn=4 HTTP/1.1" 200 - "http://192.168.0.11/slide1.html" "Mozilla/5.0 (Windows NT 10.0; Win64; x64) AppleWebKit/537.36 (KHTML, like Gecko) Chrome/77.0.3865.90 Safari/537.36"
::ffff:192.168.0.4 - - [09/Oct/2019:15:22:31 +0000] "OPTIONS /rosemary/zone1/cam2 HTTP/1.1" 200 2 "http://192.168.0.11/slide1.html" "Mozilla/5.0 (Windows NT 10.0; Win64; x64) AppleWebKit/537.36 (KHTML, like Gecko) Chrome/77.0.3865.90 Safari/537.36"
::ffff:192.168.0.4 - - [09/Oct/2019:15:22:32 +0000] "POST /rosemary/zone1/cam2 HTTP/1.1" 201 - "http://192.168.0.11/slide1.html" "Mozilla/5.0 (Windows NT 10.0; Win64; x64) AppleWebKit/537.36 (KHTML, like Gecko) Chrome/77.0.3865.90 Safari/537.36"
::ffff:192.168.0.11 - - [09/Oct/2019:15:22:32 +0000] "POST /rosemary/zone1/YNK68Q HTTP/1.1" 201 - "-" "-"
::ffff:192.168.0.4 - - [09/Oct/2019:15:22:33 +0000] "GET /rosemary/zone1/currentUser/la HTTP/1.1" 200 - "http://192.168.0.11/slide1.html" "Mozilla/5.0 (Windows NT 10.0; Win64; x64) AppleWebKit/537.36 (KHTML, like Gecko) Chrome/77.0.3865.90 Safari/537.36"
::ffff:192.168.0.4 - - [09/Oct/2019:15:22:33 +0000] "GET /rosemary/zone1/YOBJ7M?lim=10&rcn=4 HTTP/1.1" 200 - "http://192.168.0.11/slide1.html" "Mozilla/5.0 (Windows NT 10.0; Win64; x64) AppleWebKit/537.36 (KHTML, like Gecko) Chrome/77.0.3865.90 Safari/537.36"
::ffff:192.168.0.5 - - [09/Oct/2019:15:22:34 +0000] "OPTIONS /rosemary/zone1/cam1 HTTP/1.1" 200 2 "http://192.168.0.11/slide0.html" "Mozilla/5.0 (Linux; Android 9; SM-T510) AppleWebKit/537.36 (KHTML, like Gecko) Chrome/77.0.3865.92 Safari/537.36"
::ffff:192.168.0.5 - - [09/Oct/2019:15:22:34 +0000] "POST /rosemary/zone1/cam1 HTTP/1.1" 201 - "http://192.168.0.11/slide0.html" "Mozilla/5.0 (Linux; Android 9; SM-T510) AppleWebKit/537.36 (KHTML, like Gecko) Chrome/77.0.3865.92 Safari/537.36"
::ffff:192.168.0.4 - - [09/Oct/2019:15:22:35 +0000] "POST /rosemary/zone1/cam2 HTTP/1.1" 201 - "http://192.168.0.11/slide1.html" "Mozilla/5.0 (Windows NT 10.0; Win64; x64) AppleWebKit/537.36 (KHTML, like Gecko) Chrome/77.0.3865.90 Safari/537.36"
::ffff:192.168.0.11 - - [09/Oct/2019:15:22:36 +0000] "POST /rosemary/zone1/YNK68Q HTTP/1.1" 201 - "-" "-"
::ffff:192.168.0.4 - - [09/Oct/2019:15:22:37 +0000] "OPTIONS /rosemary/zone1/currentUser/la HTTP/1.1" 200 2 "http://192.168.0.11/slide1.html" "Mozilla/5.0 (Windows NT 10.0; Win64; x64) AppleWebKit/537.36 (KHTML, like Gecko) Chrome/77.0.3865.90 Safari/537.36"
::ffff:192.168.0.4 - - [09/Oct/2019:15:22:37 +0000] "GET /rosemary/zone1/currentUser/la HTTP/1.1" 200 - "http://192.168.0.11/slide1.html" "Mozilla/5.0 (Windows NT 10.0; Win64; x64) AppleWebKit/537.36 (KHTML, like Gecko) Chrome/77.0.3865.90 Safari/537.36"
::ffff:192.168.0.4 - - [09/Oct/2019:15:22:37 +0000] "OPTIONS /rosemary/zone1/YOBJ7M?lim=10&rcn=4 HTTP/1.1" 200 2 "http://192.168.0.11/slide1.html" "Mozilla/5.0 (Windows NT 10.0; Win64; x64) AppleWebKit/537.36 (KHTML, like Gecko) Chrome/77.0.3865.90 Safari/537.36"
::ffff:192.168.0.4 - - [09/Oct/2019:15:22:38 +0000] "GET /rosemary/zone1/YOBJ7M?lim=10&rcn=4 HTTP/1.1" 200 - "http://192.168.0.11/slide1.html" "Mozilla/5.0 (Windows NT 10.0; Win64; x64) AppleWebKit/537.36 (KHTML, like Gecko) Chrome/77.0.3865.90 Safari/537.36"
::ffff:192.168.0.5 - - [09/Oct/2019:15:22:39 +0000] "POST /rosemary/zone1/cam1 HTTP/1.1" 201 - "http://192.168.0.11/slide0.html" "Mozilla/5.0 (Linux; Android 9; SM-T510) AppleWebKit/537.36 (KHTML, like Gecko) Chrome/77.0.3865.92 Safari/537.36"
::ffff:192.168.0.5 - - [09/Oct/2019:15:22:42 +0000] "OPTIONS /rosemary/zone1/cam1 HTTP/1.1" 200 2 "http://192.168.0.11/slide0.html" "Mozilla/5.0 (Linux; Android 9; SM-T510) AppleWebKit/537.36 (KHTML, like Gecko) Chrome/77.0.3865.92 Safari/537.36"
::ffff:192.168.0.5 - - [09/Oct/2019:15:22:42 +0000] "POST /rosemary/zone1/cam1 HTTP/1.1" 201 - "http://192.168.0.11/slide0.html" "Mozilla/5.0 (Linux; Android 9; SM-T510) AppleWebKit/537.36 (KHTML, like Gecko) Chrome/77.0.3865.92 Safari/537.36"
::ffff:192.168.0.4 - - [09/Oct/2019:15:24:37 +0000] "OPTIONS /rosemary/zone1/currentUser/la HTTP/1.1" 200 2 "-" "Mozilla/5.0 (Windows NT 10.0; Win64; x64) AppleWebKit/537.36 (KHTML, like Gecko) Chrome/77.0.3865.90 Safari/537.36"
::ffff:192.168.0.4 - - [09/Oct/2019:15:24:37 +0000] "GET /rosemary/zone1/currentUser/la HTTP/1.1" 200 - "-" "Mozilla/5.0 (Windows NT 10.0; Win64; x64) AppleWebKit/537.36 (KHTML, like Gecko) Chrome/77.0.3865.90 Safari/537.36"
::ffff:192.168.0.4 - - [09/Oct/2019:15:24:38 +0000] "OPTIONS /rosemary/zone1/YOBJ7M?lim=10&rcn=4 HTTP/1.1" 200 2 "-" "Mozilla/5.0 (Windows NT 10.0; Win64; x64) AppleWebKit/537.36 (KHTML, like Gecko) Chrome/77.0.3865.90 Safari/537.36"
::ffff:192.168.0.4 - - [09/Oct/2019:15:24:38 +0000] "GET /rosemary/zone1/YOBJ7M?lim=10&rcn=4 HTTP/1.1" 200 - "-" "Mozilla/5.0 (Windows NT 10.0; Win64; x64) AppleWebKit/537.36 (KHTML, like Gecko) Chrome/77.0.3865.90 Safari/537.36"
::ffff:192.168.0.4 - - [09/Oct/2019:15:24:49 +0000] "OPTIONS /rosemary/zone1/cam1 HTTP/1.1" 200 2 "-" "Mozilla/5.0 (Windows NT 10.0; Win64; x64) AppleWebKit/537.36 (KHTML, like Gecko) Chrome/77.0.3865.90 Safari/537.36"
::ffff:192.168.0.4 - - [09/Oct/2019:15:24:49 +0000] "POST /rosemary/zone1/cam1 HTTP/1.1" 201 - "-" "Mozilla/5.0 (Windows NT 10.0; Win64; x64) AppleWebKit/537.36 (KHTML, like Gecko) Chrome/77.0.3865.90 Safari/537.36"
::ffff:192.168.0.11 - - [09/Oct/2019:15:24:49 +0000] "POST /rosemary/zone1/YNK68Q HTTP/1.1" 201 - "-" "-"
::ffff:192.168.0.4 - - [09/Oct/2019:15:24:50 +0000] "OPTIONS /rosemary/zone1/currentUser/la HTTP/1.1" 200 2 "-" "Mozilla/5.0 (Windows NT 10.0; Win64; x64) AppleWebKit/537.36 (KHTML, like Gecko) Chrome/77.0.3865.90 Safari/537.36"
::ffff:192.168.0.4 - - [09/Oct/2019:15:24:50 +0000] "GET /rosemary/zone1/currentUser/la HTTP/1.1" 200 - "-" "Mozilla/5.0 (Windows NT 10.0; Win64; x64) AppleWebKit/537.36 (KHTML, like Gecko) Chrome/77.0.3865.90 Safari/537.36"
::ffff:192.168.0.4 - - [09/Oct/2019:15:24:50 +0000] "OPTIONS /rosemary/zone1/YOBJ7M?lim=10&rcn=4 HTTP/1.1" 200 2 "-" "Mozilla/5.0 (Windows NT 10.0; Win64; x64) AppleWebKit/537.36 (KHTML, like Gecko) Chrome/77.0.3865.90 Safari/537.36"
::ffff:192.168.0.4 - - [09/Oct/2019:15:24:50 +0000] "GET /rosemary/zone1/YOBJ7M?lim=10&rcn=4 HTTP/1.1" 200 - "-" "Mozilla/5.0 (Windows NT 10.0; Win64; x64) AppleWebKit/537.36 (KHTML, like Gecko) Chrome/77.0.3865.90 Safari/537.36"
::ffff:192.168.0.5 - - [09/Oct/2019:15:28:11 +0000] "OPTIONS /rosemary/zone1/cam1 HTTP/1.1" 200 2 "http://192.168.0.11/slide0.html" "Mozilla/5.0 (Linux; Android 9; SM-T510) AppleWebKit/537.36 (KHTML, like Gecko) Chrome/77.0.3865.92 Safari/537.36"
::ffff:192.168.0.5 - - [09/Oct/2019:15:28:11 +0000] "POST /rosemary/zone1/cam1 HTTP/1.1" 201 - "http://192.168.0.11/slide0.html" "Mozilla/5.0 (Linux; Android 9; SM-T510) AppleWebKit/537.36 (KHTML, like Gecko) Chrome/77.0.3865.92 Safari/537.36"
::ffff:192.168.0.5 - - [09/Oct/2019:15:28:13 +0000] "POST /rosemary/zone1/cam1 HTTP/1.1" 201 - "http://192.168.0.11/slide0.html" "Mozilla/5.0 (Linux; Android 9; SM-T510) AppleWebKit/537.36 (KHTML, like Gecko) Chrome/77.0.3865.92 Safari/537.36"
::ffff:192.168.0.11 - - [09/Oct/2019:15:28:13 +0000] "POST /rosemary/zone1/YNK68Q HTTP/1.1" 201 - "-" "-"
::ffff:192.168.0.5 - - [09/Oct/2019:15:28:14 +0000] "OPTIONS /rosemary/zone1/currentUser/la HTTP/1.1" 200 2 "http://192.168.0.11/slide0.html" "Mozilla/5.0 (Linux; Android 9; SM-T510) AppleWebKit/537.36 (KHTML, like Gecko) Chrome/77.0.3865.92 Safari/537.36"
::ffff:192.168.0.5 - - [09/Oct/2019:15:28:15 +0000] "GET /rosemary/zone1/currentUser/la HTTP/1.1" 200 - "http://192.168.0.11/slide0.html" "Mozilla/5.0 (Linux; Android 9; SM-T510) AppleWebKit/537.36 (KHTML, like Gecko) Chrome/77.0.3865.92 Safari/537.36"
::ffff:192.168.0.5 - - [09/Oct/2019:15:28:15 +0000] "OPTIONS /rosemary/zone1/YOBJ7M?lim=10&rcn=4 HTTP/1.1" 200 2 "http://192.168.0.11/slide0.html" "Mozilla/5.0 (Linux; Android 9; SM-T510) AppleWebKit/537.36 (KHTML, like Gecko) Chrome/77.0.3865.92 Safari/537.36"
::ffff:192.168.0.5 - - [09/Oct/2019:15:28:15 +0000] "GET /rosemary/zone1/YOBJ7M?lim=10&rcn=4 HTTP/1.1" 200 - "http://192.168.0.11/slide0.html" "Mozilla/5.0 (Linux; Android 9; SM-T510) AppleWebKit/537.36 (KHTML, like Gecko) Chrome/77.0.3865.92 Safari/537.36"
::ffff:192.168.0.4 - - [09/Oct/2019:15:30:07 +0000] "OPTIONS /rosemary/zone1/currentUser/la HTTP/1.1" 200 2 "-" "Mozilla/5.0 (Windows NT 10.0; Win64; x64) AppleWebKit/537.36 (KHTML, like Gecko) Chrome/77.0.3865.90 Safari/537.36"
::ffff:192.168.0.4 - - [09/Oct/2019:15:30:07 +0000] "GET /rosemary/zone1/currentUser/la HTTP/1.1" 200 - "-" "Mozilla/5.0 (Windows NT 10.0; Win64; x64) AppleWebKit/537.36 (KHTML, like Gecko) Chrome/77.0.3865.90 Safari/537.36"
::ffff:192.168.0.4 - - [09/Oct/2019:15:30:07 +0000] "OPTIONS /rosemary/zone1/YOBJ7M?lim=10&rcn=4 HTTP/1.1" 200 2 "-" "Mozilla/5.0 (Windows NT 10.0; Win64; x64) AppleWebKit/537.36 (KHTML, like Gecko) Chrome/77.0.3865.90 Safari/537.36"
::ffff:192.168.0.4 - - [09/Oct/2019:15:30:07 +0000] "GET /rosemary/zone1/YOBJ7M?lim=10&rcn=4 HTTP/1.1" 200 - "-" "Mozilla/5.0 (Windows NT 10.0; Win64; x64) AppleWebKit/537.36 (KHTML, like Gecko) Chrome/77.0.3865.90 Safari/537.36"
::ffff:192.168.0.4 - - [09/Oct/2019:15:30:20 +0000] "OPTIONS /rosemary/zone1/cam2 HTTP/1.1" 200 2 "-" "Mozilla/5.0 (Windows NT 10.0; Win64; x64) AppleWebKit/537.36 (KHTML, like Gecko) Chrome/77.0.3865.90 Safari/537.36"
::ffff:192.168.0.4 - - [09/Oct/2019:15:30:21 +0000] "POST /rosemary/zone1/cam2 HTTP/1.1" 201 - "-" "Mozilla/5.0 (Windows NT 10.0; Win64; x64) AppleWebKit/537.36 (KHTML, like Gecko) Chrome/77.0.3865.90 Safari/537.36"
::ffff:192.168.0.11 - - [09/Oct/2019:15:30:21 +0000] "POST /rosemary/zone1/YNK68Q HTTP/1.1" 201 - "-" "-"
::ffff:192.168.0.4 - - [09/Oct/2019:15:30:21 +0000] "OPTIONS /rosemary/zone1/currentUser/la HTTP/1.1" 200 2 "-" "Mozilla/5.0 (Windows NT 10.0; Win64; x64) AppleWebKit/537.36 (KHTML, like Gecko) Chrome/77.0.3865.90 Safari/537.36"
::ffff:192.168.0.4 - - [09/Oct/2019:15:30:22 +0000] "GET /rosemary/zone1/currentUser/la HTTP/1.1" 200 - "-" "Mozilla/5.0 (Windows NT 10.0; Win64; x64) AppleWebKit/537.36 (KHTML, like Gecko) Chrome/77.0.3865.90 Safari/537.36"
::ffff:192.168.0.4 - - [09/Oct/2019:15:30:22 +0000] "OPTIONS /rosemary/zone1/YOBJ7M?lim=10&rcn=4 HTTP/1.1" 200 2 "-" "Mozilla/5.0 (Windows NT 10.0; Win64; x64) AppleWebKit/537.36 (KHTML, like Gecko) Chrome/77.0.3865.90 Safari/537.36"
::ffff:192.168.0.4 - - [09/Oct/2019:15:30:22 +0000] "GET /rosemary/zone1/YOBJ7M?lim=10&rcn=4 HTTP/1.1" 200 - "-" "Mozilla/5.0 (Windows NT 10.0; Win64; x64) AppleWebKit/537.36 (KHTML, like Gecko) Chrome/77.0.3865.90 Safari/537.36"
::ffff:192.168.0.4 - - [09/Oct/2019:15:30:36 +0000] "OPTIONS /rosemary/zone1/currentUser HTTP/1.1" 200 2 "-" "Mozilla/5.0 (Windows NT 10.0; Win64; x64) AppleWebKit/537.36 (KHTML, like Gecko) Chrome/77.0.3865.90 Safari/537.36"
::ffff:192.168.0.4 - - [09/Oct/2019:15:30:36 +0000] "OPTIONS /rosemary/zone1 HTTP/1.1" 200 2 "-" "Mozilla/5.0 (Windows NT 10.0; Win64; x64) AppleWebKit/537.36 (KHTML, like Gecko) Chrome/77.0.3865.90 Safari/537.36"
::ffff:192.168.0.4 - - [09/Oct/2019:15:30:36 +0000] "OPTIONS /rosemary/zone1/state HTTP/1.1" 200 2 "-" "Mozilla/5.0 (Windows NT 10.0; Win64; x64) AppleWebKit/537.36 (KHTML, like Gecko) Chrome/77.0.3865.90 Safari/537.36"
::ffff:192.168.0.4 - - [09/Oct/2019:15:30:36 +0000] "POST /rosemary/zone1/state HTTP/1.1" 201 - "-" "Mozilla/5.0 (Windows NT 10.0; Win64; x64) AppleWebKit/537.36 (KHTML, like Gecko) Chrome/77.0.3865.90 Safari/537.36"
::ffff:192.168.0.4 - - [09/Oct/2019:15:30:36 +0000] "POST /rosemary/zone1 HTTP/1.1" 201 - "-" "Mozilla/5.0 (Windows NT 10.0; Win64; x64) AppleWebKit/537.36 (KHTML, like Gecko) Chrome/77.0.3865.90 Safari/537.36"
::ffff:192.168.0.4 - - [09/Oct/2019:15:30:36 +0000] "POST /rosemary/zone1/currentUser HTTP/1.1" 201 - "-" "Mozilla/5.0 (Windows NT 10.0; Win64; x64) AppleWebKit/537.36 (KHTML, like Gecko) Chrome/77.0.3865.90 Safari/537.36"
::ffff:192.168.0.4 - - [09/Oct/2019:15:30:36 +0000] "POST /rosemary/zone1/YJOOMG HTTP/1.1" 201 - "-" "-"
::ffff:192.168.0.4 - - [09/Oct/2019:15:30:36 +0000] "POST /rosemary/zone1/YJOOMG HTTP/1.1" 409 - "-" "-"
::ffff:192.168.0.4 - - [09/Oct/2019:15:30:37 +0000] "DELETE /rosemary/zone1/YJOOMG/mobiususer02.MOBIUS.BROWSER.APP_sub HTTP/1.1" 200 - "-" "-"
::ffff:192.168.0.4 - - [09/Oct/2019:15:30:37 +0000] "POST /rosemary/zone1/YJOOMG HTTP/1.1" 201 - "-" "-"
::ffff:192.168.0.4 - - [09/Oct/2019:15:30:37 +0000] "OPTIONS /rosemary/zone1/currentUser/la HTTP/1.1" 200 2 "-" "Mozilla/5.0 (Windows NT 10.0; Win64; x64) AppleWebKit/537.36 (KHTML, like Gecko) Chrome/77.0.3865.90 Safari/537.36"
::ffff:192.168.0.4 - - [09/Oct/2019:15:30:37 +0000] "GET /rosemary/zone1/currentUser/la HTTP/1.1" 200 - "-" "Mozilla/5.0 (Windows NT 10.0; Win64; x64) AppleWebKit/537.36 (KHTML, like Gecko) Chrome/77.0.3865.90 Safari/537.36"
::ffff:192.168.0.4 - - [09/Oct/2019:15:30:37 +0000] "OPTIONS /rosemary/zone1/YJOOMG?lim=10&rcn=4 HTTP/1.1" 200 2 "-" "Mozilla/5.0 (Windows NT 10.0; Win64; x64) AppleWebKit/537.36 (KHTML, like Gecko) Chrome/77.0.3865.90 Safari/537.36"
::ffff:192.168.0.4 - - [09/Oct/2019:15:30:37 +0000] "GET /rosemary/zone1/YJOOMG?lim=10&rcn=4 HTTP/1.1" 200 - "-" "Mozilla/5.0 (Windows NT 10.0; Win64; x64) AppleWebKit/537.36 (KHTML, like Gecko) Chrome/77.0.3865.90 Safari/537.36"
::ffff:192.168.0.4 - - [09/Oct/2019:15:30:40 +0000] "GET /rosemary/zone1/currentUser/la HTTP/1.1" 200 - "-" "Mozilla/5.0 (Windows NT 10.0; Win64; x64) AppleWebKit/537.36 (KHTML, like Gecko) Chrome/77.0.3865.90 Safari/537.36"
::ffff:192.168.0.4 - - [09/Oct/2019:15:30:40 +0000] "GET /rosemary/zone1/YJOOMG?lim=10&rcn=4 HTTP/1.1" 200 - "-" "Mozilla/5.0 (Windows NT 10.0; Win64; x64) AppleWebKit/537.36 (KHTML, like Gecko) Chrome/77.0.3865.90 Safari/537.36"
::ffff:192.168.0.4 - - [09/Oct/2019:15:30:42 +0000] "OPTIONS /rosemary/zone1/cam2 HTTP/1.1" 200 2 "-" "Mozilla/5.0 (Windows NT 10.0; Win64; x64) AppleWebKit/537.36 (KHTML, like Gecko) Chrome/77.0.3865.90 Safari/537.36"
::ffff:192.168.0.4 - - [09/Oct/2019:15:30:42 +0000] "POST /rosemary/zone1/cam2 HTTP/1.1" 201 - "-" "Mozilla/5.0 (Windows NT 10.0; Win64; x64) AppleWebKit/537.36 (KHTML, like Gecko) Chrome/77.0.3865.90 Safari/537.36"
::ffff:192.168.0.11 - - [09/Oct/2019:15:30:42 +0000] "POST /rosemary/zone1/YJOOMG HTTP/1.1" 201 - "-" "-"
::ffff:192.168.0.4 - - [09/Oct/2019:15:30:43 +0000] "OPTIONS /rosemary/zone1/currentUser/la HTTP/1.1" 200 2 "-" "Mozilla/5.0 (Windows NT 10.0; Win64; x64) AppleWebKit/537.36 (KHTML, like Gecko) Chrome/77.0.3865.90 Safari/537.36"
::ffff:192.168.0.4 - - [09/Oct/2019:15:30:43 +0000] "GET /rosemary/zone1/currentUser/la HTTP/1.1" 200 - "-" "Mozilla/5.0 (Windows NT 10.0; Win64; x64) AppleWebKit/537.36 (KHTML, like Gecko) Chrome/77.0.3865.90 Safari/537.36"
::ffff:192.168.0.4 - - [09/Oct/2019:15:30:43 +0000] "OPTIONS /rosemary/zone1/YJOOMG?lim=10&rcn=4 HTTP/1.1" 200 2 "-" "Mozilla/5.0 (Windows NT 10.0; Win64; x64) AppleWebKit/537.36 (KHTML, like Gecko) Chrome/77.0.3865.90 Safari/537.36"
::ffff:192.168.0.4 - - [09/Oct/2019:15:30:43 +0000] "GET /rosemary/zone1/YJOOMG?lim=10&rcn=4 HTTP/1.1" 200 - "-" "Mozilla/5.0 (Windows NT 10.0; Win64; x64) AppleWebKit/537.36 (KHTML, like Gecko) Chrome/77.0.3865.90 Safari/537.36"
::ffff:192.168.0.4 - - [09/Oct/2019:15:30:52 +0000] "OPTIONS /rosemary/zone1/currentUser/la HTTP/1.1" 200 2 "-" "Mozilla/5.0 (Windows NT 10.0; Win64; x64) AppleWebKit/537.36 (KHTML, like Gecko) Chrome/77.0.3865.90 Safari/537.36"
::ffff:192.168.0.4 - - [09/Oct/2019:15:30:52 +0000] "GET /rosemary/zone1/currentUser/la HTTP/1.1" 200 - "-" "Mozilla/5.0 (Windows NT 10.0; Win64; x64) AppleWebKit/537.36 (KHTML, like Gecko) Chrome/77.0.3865.90 Safari/537.36"
::ffff:192.168.0.4 - - [09/Oct/2019:15:30:52 +0000] "OPTIONS /rosemary/zone1/YJOOMG?lim=10&rcn=4 HTTP/1.1" 200 2 "-" "Mozilla/5.0 (Windows NT 10.0; Win64; x64) AppleWebKit/537.36 (KHTML, like Gecko) Chrome/77.0.3865.90 Safari/537.36"
::ffff:192.168.0.4 - - [09/Oct/2019:15:30:53 +0000] "GET /rosemary/zone1/YJOOMG?lim=10&rcn=4 HTTP/1.1" 200 - "-" "Mozilla/5.0 (Windows NT 10.0; Win64; x64) AppleWebKit/537.36 (KHTML, like Gecko) Chrome/77.0.3865.90 Safari/537.36"
::ffff:192.168.0.4 - - [09/Oct/2019:15:30:59 +0000] "OPTIONS /rosemary/zone1/cam1 HTTP/1.1" 200 2 "-" "Mozilla/5.0 (Windows NT 10.0; Win64; x64) AppleWebKit/537.36 (KHTML, like Gecko) Chrome/77.0.3865.90 Safari/537.36"
::ffff:192.168.0.4 - - [09/Oct/2019:15:30:59 +0000] "POST /rosemary/zone1/cam1 HTTP/1.1" 201 - "-" "Mozilla/5.0 (Windows NT 10.0; Win64; x64) AppleWebKit/537.36 (KHTML, like Gecko) Chrome/77.0.3865.90 Safari/537.36"
::ffff:192.168.0.11 - - [09/Oct/2019:15:30:59 +0000] "POST /rosemary/zone1/YJOOMG HTTP/1.1" 201 - "-" "-"
::ffff:192.168.0.4 - - [09/Oct/2019:15:30:59 +0000] "OPTIONS /rosemary/zone1/currentUser/la HTTP/1.1" 200 2 "-" "Mozilla/5.0 (Windows NT 10.0; Win64; x64) AppleWebKit/537.36 (KHTML, like Gecko) Chrome/77.0.3865.90 Safari/537.36"
::ffff:192.168.0.4 - - [09/Oct/2019:15:31:00 +0000] "GET /rosemary/zone1/currentUser/la HTTP/1.1" 200 - "-" "Mozilla/5.0 (Windows NT 10.0; Win64; x64) AppleWebKit/537.36 (KHTML, like Gecko) Chrome/77.0.3865.90 Safari/537.36"
::ffff:192.168.0.4 - - [09/Oct/2019:15:31:00 +0000] "OPTIONS /rosemary/zone1/YJOOMG?lim=10&rcn=4 HTTP/1.1" 200 2 "-" "Mozilla/5.0 (Windows NT 10.0; Win64; x64) AppleWebKit/537.36 (KHTML, like Gecko) Chrome/77.0.3865.90 Safari/537.36"
::ffff:192.168.0.4 - - [09/Oct/2019:15:31:00 +0000] "GET /rosemary/zone1/YJOOMG?lim=10&rcn=4 HTTP/1.1" 200 - "-" "Mozilla/5.0 (Windows NT 10.0; Win64; x64) AppleWebKit/537.36 (KHTML, like Gecko) Chrome/77.0.3865.90 Safari/537.36"
::ffff:192.168.0.4 - - [09/Oct/2019:15:31:02 +0000] "GET /rosemary/zone1/currentUser/la HTTP/1.1" 200 - "-" "Mozilla/5.0 (Windows NT 10.0; Win64; x64) AppleWebKit/537.36 (KHTML, like Gecko) Chrome/77.0.3865.90 Safari/537.36"
::ffff:192.168.0.4 - - [09/Oct/2019:15:31:02 +0000] "GET /rosemary/zone1/YJOOMG?lim=10&rcn=4 HTTP/1.1" 200 - "-" "Mozilla/5.0 (Windows NT 10.0; Win64; x64) AppleWebKit/537.36 (KHTML, like Gecko) Chrome/77.0.3865.90 Safari/537.36"
::ffff:192.168.0.4 - - [09/Oct/2019:15:31:07 +0000] "OPTIONS /rosemary/zone1/cam2 HTTP/1.1" 200 2 "-" "Mozilla/5.0 (Windows NT 10.0; Win64; x64) AppleWebKit/537.36 (KHTML, like Gecko) Chrome/77.0.3865.90 Safari/537.36"
::ffff:192.168.0.4 - - [09/Oct/2019:15:31:07 +0000] "POST /rosemary/zone1/cam2 HTTP/1.1" 201 - "-" "Mozilla/5.0 (Windows NT 10.0; Win64; x64) AppleWebKit/537.36 (KHTML, like Gecko) Chrome/77.0.3865.90 Safari/537.36"
::ffff:192.168.0.4 - - [09/Oct/2019:15:31:10 +0000] "OPTIONS /rosemary/zone1/currentUser/la HTTP/1.1" 200 2 "-" "Mozilla/5.0 (Windows NT 10.0; Win64; x64) AppleWebKit/537.36 (KHTML, like Gecko) Chrome/77.0.3865.90 Safari/537.36"
::ffff:192.168.0.4 - - [09/Oct/2019:15:31:10 +0000] "GET /rosemary/zone1/currentUser/la HTTP/1.1" 200 - "-" "Mozilla/5.0 (Windows NT 10.0; Win64; x64) AppleWebKit/537.36 (KHTML, like Gecko) Chrome/77.0.3865.90 Safari/537.36"
::ffff:192.168.0.4 - - [09/Oct/2019:15:31:10 +0000] "OPTIONS /rosemary/zone1/YJOOMG?lim=10&rcn=4 HTTP/1.1" 200 2 "-" "Mozilla/5.0 (Windows NT 10.0; Win64; x64) AppleWebKit/537.36 (KHTML, like Gecko) Chrome/77.0.3865.90 Safari/537.36"
::ffff:192.168.0.4 - - [09/Oct/2019:15:31:10 +0000] "GET /rosemary/zone1/YJOOMG?lim=10&rcn=4 HTTP/1.1" 200 - "-" "Mozilla/5.0 (Windows NT 10.0; Win64; x64) AppleWebKit/537.36 (KHTML, like Gecko) Chrome/77.0.3865.90 Safari/537.36"
::ffff:192.168.0.4 - - [09/Oct/2019:15:31:12 +0000] "OPTIONS /rosemary/zone1/cam1 HTTP/1.1" 200 2 "-" "Mozilla/5.0 (Windows NT 10.0; Win64; x64) AppleWebKit/537.36 (KHTML, like Gecko) Chrome/77.0.3865.90 Safari/537.36"
::ffff:192.168.0.4 - - [09/Oct/2019:15:31:12 +0000] "POST /rosemary/zone1/cam1 HTTP/1.1" 201 - "-" "Mozilla/5.0 (Windows NT 10.0; Win64; x64) AppleWebKit/537.36 (KHTML, like Gecko) Chrome/77.0.3865.90 Safari/537.36"
::ffff:192.168.0.11 - - [09/Oct/2019:15:31:12 +0000] "POST /rosemary/zone1/YJOOMG HTTP/1.1" 201 - "-" "-"
::ffff:192.168.0.4 - - [09/Oct/2019:15:31:13 +0000] "GET /rosemary/zone1/currentUser/la HTTP/1.1" 200 - "-" "Mozilla/5.0 (Windows NT 10.0; Win64; x64) AppleWebKit/537.36 (KHTML, like Gecko) Chrome/77.0.3865.90 Safari/537.36"
