::ffff:192.168.0.33 - - [29/Sep/2019:12:22:53 +0000] "OPTIONS /rosemary/zone1/cam1 HTTP/1.1" 200 2 "http://114.71.220.111:3030/app/slide0.html" "Mozilla/5.0 (Linux; Android 9; SM-T510) AppleWebKit/537.36 (KHTML, like Gecko) Chrome/77.0.3865.92 Safari/537.36"
::ffff:192.168.0.33 - - [29/Sep/2019:12:22:53 +0000] "POST /rosemary/zone1/cam1 HTTP/1.1" 201 - "http://114.71.220.111:3030/app/slide0.html" "Mozilla/5.0 (Linux; Android 9; SM-T510) AppleWebKit/537.36 (KHTML, like Gecko) Chrome/77.0.3865.92 Safari/537.36"
::ffff:192.168.0.33 - - [29/Sep/2019:12:22:55 +0000] "POST /rosemary/zone1/cam1 HTTP/1.1" 201 - "http://114.71.220.111:3030/app/slide0.html" "Mozilla/5.0 (Linux; Android 9; SM-T510) AppleWebKit/537.36 (KHTML, like Gecko) Chrome/77.0.3865.92 Safari/537.36"
::ffff:192.168.0.33 - - [29/Sep/2019:12:22:56 +0000] "POST /rosemary/zone1/cam1 HTTP/1.1" 201 - "http://114.71.220.111:3030/app/slide0.html" "Mozilla/5.0 (Linux; Android 9; SM-T510) AppleWebKit/537.36 (KHTML, like Gecko) Chrome/77.0.3865.92 Safari/537.36"
::ffff:192.168.0.12 - - [29/Sep/2019:12:23:00 +0000] "OPTIONS /rosemary/zone1/currentUser HTTP/1.1" 200 2 "-" "Mozilla/5.0 (Windows NT 10.0; Win64; x64) AppleWebKit/537.36 (KHTML, like Gecko) Chrome/77.0.3865.90 Safari/537.36"
::ffff:192.168.0.12 - - [29/Sep/2019:12:23:00 +0000] "OPTIONS /rosemary/zone1 HTTP/1.1" 200 2 "-" "Mozilla/5.0 (Windows NT 10.0; Win64; x64) AppleWebKit/537.36 (KHTML, like Gecko) Chrome/77.0.3865.90 Safari/537.36"
::ffff:192.168.0.1 - - [29/Sep/2019:12:23:00 +0000] "OPTIONS /rosemary/zone1/state/la HTTP/1.1" 200 2 "-" "Mozilla/5.0 (Windows NT 10.0; Win64; x64) AppleWebKit/537.36 (KHTML, like Gecko) Chrome/77.0.3865.90 Safari/537.36"
::ffff:192.168.0.1 - - [29/Sep/2019:12:23:00 +0000] "GET /rosemary/zone1/state/la HTTP/1.1" 200 - "-" "Mozilla/5.0 (Windows NT 10.0; Win64; x64) AppleWebKit/537.36 (KHTML, like Gecko) Chrome/77.0.3865.90 Safari/537.36"
::ffff:192.168.0.12 - - [29/Sep/2019:12:23:01 +0000] "POST /rosemary/zone1 HTTP/1.1" 201 - "-" "Mozilla/5.0 (Windows NT 10.0; Win64; x64) AppleWebKit/537.36 (KHTML, like Gecko) Chrome/77.0.3865.90 Safari/537.36"
::ffff:192.168.0.12 - - [29/Sep/2019:12:23:01 +0000] "POST /rosemary/zone1/currentUser HTTP/1.1" 201 - "-" "Mozilla/5.0 (Windows NT 10.0; Win64; x64) AppleWebKit/537.36 (KHTML, like Gecko) Chrome/77.0.3865.90 Safari/537.36"
::ffff:192.168.0.2 - - [29/Sep/2019:12:23:01 +0000] "POST /rosemary/zone1/YEEENC HTTP/1.1" 201 - "-" "-"
::ffff:192.168.0.6 - - [29/Sep/2019:12:23:01 +0000] "POST /rosemary/zone1/YEEENC HTTP/1.1" 409 - "-" "-"
::ffff:192.168.0.6 - - [29/Sep/2019:12:23:01 +0000] "DELETE /rosemary/zone1/YEEENC/mobiususer02.MOBIUS.BROWSER.APP_sub HTTP/1.1" 200 - "-" "-"
::ffff:192.168.0.6 - - [29/Sep/2019:12:23:01 +0000] "POST /rosemary/zone1/YEEENC HTTP/1.1" 201 - "-" "-"
::ffff:192.168.0.2 - - [29/Sep/2019:12:23:02 +0000] "POST /rosemary/zone1/YEEENC HTTP/1.1" 409 - "-" "-"
::ffff:192.168.0.2 - - [29/Sep/2019:12:23:02 +0000] "DELETE /rosemary/zone1/YEEENC/mobiususer02.MOBIUS.BROWSER.APP_sub HTTP/1.1" 200 - "-" "-"
::ffff:192.168.0.2 - - [29/Sep/2019:12:23:02 +0000] "POST /rosemary/zone1/YEEENC HTTP/1.1" 201 - "-" "-"
::ffff:192.168.0.2 - - [29/Sep/2019:12:23:03 +0000] "POST /rosemary/zone1/YEEENC HTTP/1.1" 409 - "-" "-"
::ffff:192.168.0.2 - - [29/Sep/2019:12:23:03 +0000] "DELETE /rosemary/zone1/YEEENC/mobiususer02.MOBIUS.BROWSER.APP_sub HTTP/1.1" 200 - "-" "-"
::ffff:192.168.0.2 - - [29/Sep/2019:12:23:03 +0000] "POST /rosemary/zone1/YEEENC HTTP/1.1" 201 - "-" "-"
::ffff:192.168.0.33 - - [29/Sep/2019:12:24:10 +0000] "OPTIONS /rosemary/zone1/cam1 HTTP/1.1" 200 2 "http://114.71.220.111:3030/app/slide0.html" "Mozilla/5.0 (Linux; Android 9; SM-T510) AppleWebKit/537.36 (KHTML, like Gecko) Chrome/77.0.3865.92 Safari/537.36"
::ffff:192.168.0.33 - - [29/Sep/2019:12:24:10 +0000] "POST /rosemary/zone1/cam1 HTTP/1.1" 201 - "http://114.71.220.111:3030/app/slide0.html" "Mozilla/5.0 (Linux; Android 9; SM-T510) AppleWebKit/537.36 (KHTML, like Gecko) Chrome/77.0.3865.92 Safari/537.36"
::ffff:192.168.0.33 - - [29/Sep/2019:12:25:08 +0000] "OPTIONS /rosemary/zone1/currentUser/la HTTP/1.1" 200 2 "http://114.71.220.111:3030/app/slide1.html" "Mozilla/5.0 (Linux; Android 9; SM-T510) AppleWebKit/537.36 (KHTML, like Gecko) Chrome/77.0.3865.92 Safari/537.36"
::ffff:192.168.0.33 - - [29/Sep/2019:12:25:08 +0000] "GET /rosemary/zone1/currentUser/la HTTP/1.1" 200 - "http://114.71.220.111:3030/app/slide1.html" "Mozilla/5.0 (Linux; Android 9; SM-T510) AppleWebKit/537.36 (KHTML, like Gecko) Chrome/77.0.3865.92 Safari/537.36"
::ffff:192.168.0.33 - - [29/Sep/2019:12:25:16 +0000] "OPTIONS /rosemary/zone1/currentUser/la HTTP/1.1" 200 2 "http://114.71.220.111:3030/app/slide0.html" "Mozilla/5.0 (Linux; Android 9; SM-T510) AppleWebKit/537.36 (KHTML, like Gecko) Chrome/77.0.3865.92 Safari/537.36"
::ffff:192.168.0.33 - - [29/Sep/2019:12:25:39 +0000] "OPTIONS /rosemary/zone1/cam1 HTTP/1.1" 200 2 "http://114.71.220.111:3030/app/slide0.html" "Mozilla/5.0 (Linux; Android 9; SM-T510) AppleWebKit/537.36 (KHTML, like Gecko) Chrome/77.0.3865.92 Safari/537.36"
::ffff:192.168.0.33 - - [29/Sep/2019:12:25:40 +0000] "POST /rosemary/zone1/cam1 HTTP/1.1" 201 - "http://114.71.220.111:3030/app/slide0.html" "Mozilla/5.0 (Linux; Android 9; SM-T510) AppleWebKit/537.36 (KHTML, like Gecko) Chrome/77.0.3865.92 Safari/537.36"
::ffff:192.168.0.33 - - [29/Sep/2019:12:28:13 +0000] "OPTIONS /rosemary/zone1/cam1 HTTP/1.1" 200 2 "http://114.71.220.111:3030/app/slide0.html" "Mozilla/5.0 (Linux; Android 9; SM-T510) AppleWebKit/537.36 (KHTML, like Gecko) Chrome/77.0.3865.92 Safari/537.36"
::ffff:192.168.0.33 - - [29/Sep/2019:12:28:13 +0000] "POST /rosemary/zone1/cam1 HTTP/1.1" 201 - "http://114.71.220.111:3030/app/slide0.html" "Mozilla/5.0 (Linux; Android 9; SM-T510) AppleWebKit/537.36 (KHTML, like Gecko) Chrome/77.0.3865.92 Safari/537.36"
::ffff:192.168.0.12 - - [29/Sep/2019:12:28:25 +0000] "OPTIONS /rosemary/zone1/currentUser HTTP/1.1" 200 2 "-" "Mozilla/5.0 (Windows NT 10.0; Win64; x64) AppleWebKit/537.36 (KHTML, like Gecko) Chrome/77.0.3865.90 Safari/537.36"
::ffff:192.168.0.12 - - [29/Sep/2019:12:28:25 +0000] "OPTIONS /rosemary/zone1 HTTP/1.1" 200 2 "-" "Mozilla/5.0 (Windows NT 10.0; Win64; x64) AppleWebKit/537.36 (KHTML, like Gecko) Chrome/77.0.3865.90 Safari/537.36"
::ffff:192.168.0.1 - - [29/Sep/2019:12:28:25 +0000] "OPTIONS /rosemary/zone1/state/la HTTP/1.1" 200 2 "-" "Mozilla/5.0 (Windows NT 10.0; Win64; x64) AppleWebKit/537.36 (KHTML, like Gecko) Chrome/77.0.3865.90 Safari/537.36"
::ffff:192.168.0.1 - - [29/Sep/2019:12:28:26 +0000] "GET /rosemary/zone1/state/la HTTP/1.1" 200 - "-" "Mozilla/5.0 (Windows NT 10.0; Win64; x64) AppleWebKit/537.36 (KHTML, like Gecko) Chrome/77.0.3865.90 Safari/537.36"
::ffff:192.168.0.12 - - [29/Sep/2019:12:28:26 +0000] "POST /rosemary/zone1 HTTP/1.1" 201 - "-" "Mozilla/5.0 (Windows NT 10.0; Win64; x64) AppleWebKit/537.36 (KHTML, like Gecko) Chrome/77.0.3865.90 Safari/537.36"
::ffff:192.168.0.12 - - [29/Sep/2019:12:28:26 +0000] "POST /rosemary/zone1/currentUser HTTP/1.1" 201 - "-" "Mozilla/5.0 (Windows NT 10.0; Win64; x64) AppleWebKit/537.36 (KHTML, like Gecko) Chrome/77.0.3865.90 Safari/537.36"
::ffff:192.168.0.2 - - [29/Sep/2019:12:28:26 +0000] "POST /rosemary/zone1/YOI8QB HTTP/1.1" 201 - "-" "-"
::ffff:192.168.0.6 - - [29/Sep/2019:12:28:26 +0000] "POST /rosemary/zone1/YOI8QB HTTP/1.1" 409 - "-" "-"
::ffff:192.168.0.6 - - [29/Sep/2019:12:28:26 +0000] "DELETE /rosemary/zone1/YOI8QB/mobiususer02.MOBIUS.BROWSER.APP_sub HTTP/1.1" 200 - "-" "-"
::ffff:192.168.0.6 - - [29/Sep/2019:12:28:26 +0000] "POST /rosemary/zone1/YOI8QB HTTP/1.1" 201 - "-" "-"
::ffff:192.168.0.2 - - [29/Sep/2019:12:28:27 +0000] "POST /rosemary/zone1/YOI8QB HTTP/1.1" 409 - "-" "-"
::ffff:192.168.0.2 - - [29/Sep/2019:12:28:27 +0000] "DELETE /rosemary/zone1/YOI8QB/mobiususer02.MOBIUS.BROWSER.APP_sub HTTP/1.1" 200 - "-" "-"
::ffff:192.168.0.2 - - [29/Sep/2019:12:28:27 +0000] "POST /rosemary/zone1/YOI8QB HTTP/1.1" 201 - "-" "-"
::ffff:192.168.0.2 - - [29/Sep/2019:12:28:28 +0000] "POST /rosemary/zone1/YOI8QB HTTP/1.1" 409 - "-" "-"
::ffff:192.168.0.2 - - [29/Sep/2019:12:28:28 +0000] "DELETE /rosemary/zone1/YOI8QB/mobiususer02.MOBIUS.BROWSER.APP_sub HTTP/1.1" 200 - "-" "-"
::ffff:192.168.0.2 - - [29/Sep/2019:12:28:28 +0000] "POST /rosemary/zone1/YOI8QB HTTP/1.1" 201 - "-" "-"
::ffff:192.168.0.12 - - [29/Sep/2019:12:28:45 +0000] "OPTIONS /rosemary/zone1/currentUser HTTP/1.1" 200 2 "-" "Mozilla/5.0 (Windows NT 10.0; Win64; x64) AppleWebKit/537.36 (KHTML, like Gecko) Chrome/77.0.3865.90 Safari/537.36"
::ffff:192.168.0.12 - - [29/Sep/2019:12:28:45 +0000] "OPTIONS /rosemary/zone1 HTTP/1.1" 200 2 "-" "Mozilla/5.0 (Windows NT 10.0; Win64; x64) AppleWebKit/537.36 (KHTML, like Gecko) Chrome/77.0.3865.90 Safari/537.36"
::ffff:192.168.0.1 - - [29/Sep/2019:12:28:45 +0000] "OPTIONS /rosemary/zone1/state/la HTTP/1.1" 200 2 "-" "Mozilla/5.0 (Windows NT 10.0; Win64; x64) AppleWebKit/537.36 (KHTML, like Gecko) Chrome/77.0.3865.90 Safari/537.36"
::ffff:192.168.0.1 - - [29/Sep/2019:12:28:45 +0000] "GET /rosemary/zone1/state/la HTTP/1.1" 200 - "-" "Mozilla/5.0 (Windows NT 10.0; Win64; x64) AppleWebKit/537.36 (KHTML, like Gecko) Chrome/77.0.3865.90 Safari/537.36"
::ffff:192.168.0.12 - - [29/Sep/2019:12:28:45 +0000] "POST /rosemary/zone1 HTTP/1.1" 201 - "-" "Mozilla/5.0 (Windows NT 10.0; Win64; x64) AppleWebKit/537.36 (KHTML, like Gecko) Chrome/77.0.3865.90 Safari/537.36"
::ffff:192.168.0.12 - - [29/Sep/2019:12:28:45 +0000] "POST /rosemary/zone1/currentUser HTTP/1.1" 201 - "-" "Mozilla/5.0 (Windows NT 10.0; Win64; x64) AppleWebKit/537.36 (KHTML, like Gecko) Chrome/77.0.3865.90 Safari/537.36"
::ffff:192.168.0.6 - - [29/Sep/2019:12:28:45 +0000] "POST /rosemary/zone1/YE4QCM HTTP/1.1" 201 - "-" "-"
::ffff:192.168.0.2 - - [29/Sep/2019:12:28:46 +0000] "POST /rosemary/zone1/YE4QCM HTTP/1.1" 409 - "-" "-"
::ffff:192.168.0.2 - - [29/Sep/2019:12:28:46 +0000] "DELETE /rosemary/zone1/YE4QCM/mobiususer02.MOBIUS.BROWSER.APP_sub HTTP/1.1" 200 - "-" "-"
::ffff:192.168.0.2 - - [29/Sep/2019:12:28:46 +0000] "POST /rosemary/zone1/YE4QCM HTTP/1.1" 201 - "-" "-"
::ffff:192.168.0.2 - - [29/Sep/2019:12:28:47 +0000] "POST /rosemary/zone1/YE4QCM HTTP/1.1" 409 - "-" "-"
::ffff:192.168.0.2 - - [29/Sep/2019:12:28:47 +0000] "DELETE /rosemary/zone1/YE4QCM/mobiususer02.MOBIUS.BROWSER.APP_sub HTTP/1.1" 200 - "-" "-"
::ffff:192.168.0.2 - - [29/Sep/2019:12:28:47 +0000] "POST /rosemary/zone1/YE4QCM HTTP/1.1" 201 - "-" "-"
::ffff:192.168.0.2 - - [29/Sep/2019:12:28:48 +0000] "POST /rosemary/zone1/YE4QCM HTTP/1.1" 409 - "-" "-"
::ffff:192.168.0.2 - - [29/Sep/2019:12:28:48 +0000] "DELETE /rosemary/zone1/YE4QCM/mobiususer02.MOBIUS.BROWSER.APP_sub HTTP/1.1" 200 - "-" "-"
::ffff:192.168.0.2 - - [29/Sep/2019:12:28:48 +0000] "POST /rosemary/zone1/YE4QCM HTTP/1.1" 201 - "-" "-"
::ffff:192.168.0.33 - - [29/Sep/2019:12:29:00 +0000] "OPTIONS /rosemary/zone1/currentUser HTTP/1.1" 200 2 "http://114.71.220.111:3030/app/camera.html" "Mozilla/5.0 (Linux; Android 9; SM-T510) AppleWebKit/537.36 (KHTML, like Gecko) Chrome/77.0.3865.92 Safari/537.36"
::ffff:192.168.0.33 - - [29/Sep/2019:12:29:00 +0000] "OPTIONS /rosemary/zone1 HTTP/1.1" 200 2 "http://114.71.220.111:3030/app/camera.html" "Mozilla/5.0 (Linux; Android 9; SM-T510) AppleWebKit/537.36 (KHTML, like Gecko) Chrome/77.0.3865.92 Safari/537.36"
::ffff:192.168.0.1 - - [29/Sep/2019:12:29:00 +0000] "OPTIONS /rosemary/zone1/state/la HTTP/1.1" 200 2 "http://114.71.220.111:3030/app/camera.html" "Mozilla/5.0 (Linux; Android 9; SM-T510) AppleWebKit/537.36 (KHTML, like Gecko) Chrome/77.0.3865.92 Safari/537.36"
::ffff:192.168.0.33 - - [29/Sep/2019:12:29:01 +0000] "POST /rosemary/zone1 HTTP/1.1" 201 - "http://114.71.220.111:3030/app/camera.html" "Mozilla/5.0 (Linux; Android 9; SM-T510) AppleWebKit/537.36 (KHTML, like Gecko) Chrome/77.0.3865.92 Safari/537.36"
::ffff:192.168.0.33 - - [29/Sep/2019:12:29:01 +0000] "POST /rosemary/zone1/currentUser HTTP/1.1" 201 - "http://114.71.220.111:3030/app/camera.html" "Mozilla/5.0 (Linux; Android 9; SM-T510) AppleWebKit/537.36 (KHTML, like Gecko) Chrome/77.0.3865.92 Safari/537.36"
::ffff:192.168.0.2 - - [29/Sep/2019:12:29:01 +0000] "POST /rosemary/zone1/YQLAI8 HTTP/1.1" 201 - "-" "-"
::ffff:192.168.0.6 - - [29/Sep/2019:12:29:01 +0000] "POST /rosemary/zone1/YQLAI8 HTTP/1.1" 409 - "-" "-"
::ffff:192.168.0.6 - - [29/Sep/2019:12:29:01 +0000] "DELETE /rosemary/zone1/YQLAI8/mobiususer02.MOBIUS.BROWSER.APP_sub HTTP/1.1" 200 - "-" "-"
::ffff:192.168.0.6 - - [29/Sep/2019:12:29:01 +0000] "POST /rosemary/zone1/YQLAI8 HTTP/1.1" 201 - "-" "-"
::ffff:192.168.0.2 - - [29/Sep/2019:12:29:02 +0000] "POST /rosemary/zone1/YQLAI8 HTTP/1.1" 409 - "-" "-"
::ffff:192.168.0.2 - - [29/Sep/2019:12:29:02 +0000] "DELETE /rosemary/zone1/YQLAI8/mobiususer02.MOBIUS.BROWSER.APP_sub HTTP/1.1" 200 - "-" "-"
::ffff:192.168.0.2 - - [29/Sep/2019:12:29:02 +0000] "POST /rosemary/zone1/YQLAI8 HTTP/1.1" 201 - "-" "-"
::ffff:192.168.0.2 - - [29/Sep/2019:12:29:03 +0000] "POST /rosemary/zone1/YQLAI8 HTTP/1.1" 409 - "-" "-"
::ffff:192.168.0.2 - - [29/Sep/2019:12:29:03 +0000] "DELETE /rosemary/zone1/YQLAI8/mobiususer02.MOBIUS.BROWSER.APP_sub HTTP/1.1" 200 - "-" "-"
::ffff:192.168.0.2 - - [29/Sep/2019:12:29:03 +0000] "POST /rosemary/zone1/YQLAI8 HTTP/1.1" 201 - "-" "-"
::ffff:192.168.0.12 - - [29/Sep/2019:12:29:57 +0000] "OPTIONS /rosemary/zone1/currentUser HTTP/1.1" 200 2 "-" "Mozilla/5.0 (Windows NT 10.0; Win64; x64) AppleWebKit/537.36 (KHTML, like Gecko) Chrome/77.0.3865.90 Safari/537.36"
::ffff:192.168.0.12 - - [29/Sep/2019:12:29:57 +0000] "OPTIONS /rosemary/zone1 HTTP/1.1" 200 2 "-" "Mozilla/5.0 (Windows NT 10.0; Win64; x64) AppleWebKit/537.36 (KHTML, like Gecko) Chrome/77.0.3865.90 Safari/537.36"
::ffff:192.168.0.1 - - [29/Sep/2019:12:29:57 +0000] "OPTIONS /rosemary/zone1/state/la HTTP/1.1" 200 2 "-" "Mozilla/5.0 (Windows NT 10.0; Win64; x64) AppleWebKit/537.36 (KHTML, like Gecko) Chrome/77.0.3865.90 Safari/537.36"
::ffff:192.168.0.1 - - [29/Sep/2019:12:29:57 +0000] "GET /rosemary/zone1/state/la HTTP/1.1" 200 - "-" "Mozilla/5.0 (Windows NT 10.0; Win64; x64) AppleWebKit/537.36 (KHTML, like Gecko) Chrome/77.0.3865.90 Safari/537.36"
::ffff:192.168.0.12 - - [29/Sep/2019:12:29:57 +0000] "POST /rosemary/zone1 HTTP/1.1" 201 - "-" "Mozilla/5.0 (Windows NT 10.0; Win64; x64) AppleWebKit/537.36 (KHTML, like Gecko) Chrome/77.0.3865.90 Safari/537.36"
::ffff:192.168.0.12 - - [29/Sep/2019:12:29:57 +0000] "POST /rosemary/zone1/currentUser HTTP/1.1" 201 - "-" "Mozilla/5.0 (Windows NT 10.0; Win64; x64) AppleWebKit/537.36 (KHTML, like Gecko) Chrome/77.0.3865.90 Safari/537.36"
::ffff:192.168.0.2 - - [29/Sep/2019:12:29:58 +0000] "POST /rosemary/zone1/Y3B4H7 HTTP/1.1" 201 - "-" "-"
::ffff:192.168.0.6 - - [29/Sep/2019:12:29:58 +0000] "POST /rosemary/zone1/Y3B4H7 HTTP/1.1" 409 - "-" "-"
::ffff:192.168.0.6 - - [29/Sep/2019:12:29:58 +0000] "DELETE /rosemary/zone1/Y3B4H7/mobiususer02.MOBIUS.BROWSER.APP_sub HTTP/1.1" 200 - "-" "-"
::ffff:192.168.0.6 - - [29/Sep/2019:12:29:58 +0000] "POST /rosemary/zone1/Y3B4H7 HTTP/1.1" 201 - "-" "-"
::ffff:192.168.0.2 - - [29/Sep/2019:12:29:59 +0000] "POST /rosemary/zone1/Y3B4H7 HTTP/1.1" 409 - "-" "-"
::ffff:192.168.0.2 - - [29/Sep/2019:12:29:59 +0000] "DELETE /rosemary/zone1/Y3B4H7/mobiususer02.MOBIUS.BROWSER.APP_sub HTTP/1.1" 200 - "-" "-"
::ffff:192.168.0.2 - - [29/Sep/2019:12:29:59 +0000] "POST /rosemary/zone1/Y3B4H7 HTTP/1.1" 201 - "-" "-"
::ffff:192.168.0.2 - - [29/Sep/2019:12:30:00 +0000] "POST /rosemary/zone1/Y3B4H7 HTTP/1.1" 409 - "-" "-"
::ffff:192.168.0.2 - - [29/Sep/2019:12:30:00 +0000] "DELETE /rosemary/zone1/Y3B4H7/mobiususer02.MOBIUS.BROWSER.APP_sub HTTP/1.1" 200 - "-" "-"
::ffff:192.168.0.2 - - [29/Sep/2019:12:30:00 +0000] "POST /rosemary/zone1/Y3B4H7 HTTP/1.1" 201 - "-" "-"
::ffff:192.168.0.33 - - [29/Sep/2019:12:30:03 +0000] "OPTIONS /rosemary/zone1/currentUser HTTP/1.1" 200 2 "http://114.71.220.111:3030/app/cam_kiosk.html" "Mozilla/5.0 (Linux; Android 9; SM-T510) AppleWebKit/537.36 (KHTML, like Gecko) Chrome/77.0.3865.92 Safari/537.36"
::ffff:192.168.0.33 - - [29/Sep/2019:12:30:03 +0000] "OPTIONS /rosemary/zone1 HTTP/1.1" 200 2 "http://114.71.220.111:3030/app/cam_kiosk.html" "Mozilla/5.0 (Linux; Android 9; SM-T510) AppleWebKit/537.36 (KHTML, like Gecko) Chrome/77.0.3865.92 Safari/537.36"
::ffff:192.168.0.1 - - [29/Sep/2019:12:30:03 +0000] "OPTIONS /rosemary/zone1/state/la HTTP/1.1" 200 2 "http://114.71.220.111:3030/app/cam_kiosk.html" "Mozilla/5.0 (Linux; Android 9; SM-T510) AppleWebKit/537.36 (KHTML, like Gecko) Chrome/77.0.3865.92 Safari/537.36"
::ffff:192.168.0.33 - - [29/Sep/2019:12:30:03 +0000] "POST /rosemary/zone1 HTTP/1.1" 201 - "http://114.71.220.111:3030/app/cam_kiosk.html" "Mozilla/5.0 (Linux; Android 9; SM-T510) AppleWebKit/537.36 (KHTML, like Gecko) Chrome/77.0.3865.92 Safari/537.36"
::ffff:192.168.0.33 - - [29/Sep/2019:12:30:03 +0000] "POST /rosemary/zone1/currentUser HTTP/1.1" 201 - "http://114.71.220.111:3030/app/cam_kiosk.html" "Mozilla/5.0 (Linux; Android 9; SM-T510) AppleWebKit/537.36 (KHTML, like Gecko) Chrome/77.0.3865.92 Safari/537.36"
::ffff:192.168.0.6 - - [29/Sep/2019:12:30:03 +0000] "POST /rosemary/zone1/Y5G3BE HTTP/1.1" 201 - "-" "-"
::ffff:192.168.0.2 - - [29/Sep/2019:12:30:04 +0000] "POST /rosemary/zone1/Y5G3BE HTTP/1.1" 409 - "-" "-"
::ffff:192.168.0.2 - - [29/Sep/2019:12:30:04 +0000] "DELETE /rosemary/zone1/Y5G3BE/mobiususer02.MOBIUS.BROWSER.APP_sub HTTP/1.1" 200 - "-" "-"
::ffff:192.168.0.2 - - [29/Sep/2019:12:30:04 +0000] "POST /rosemary/zone1/Y5G3BE HTTP/1.1" 201 - "-" "-"
::ffff:192.168.0.2 - - [29/Sep/2019:12:30:05 +0000] "POST /rosemary/zone1/Y5G3BE HTTP/1.1" 409 - "-" "-"
::ffff:192.168.0.2 - - [29/Sep/2019:12:30:05 +0000] "DELETE /rosemary/zone1/Y5G3BE/mobiususer02.MOBIUS.BROWSER.APP_sub HTTP/1.1" 200 - "-" "-"
::ffff:192.168.0.2 - - [29/Sep/2019:12:30:05 +0000] "POST /rosemary/zone1/Y5G3BE HTTP/1.1" 201 - "-" "-"
::ffff:192.168.0.2 - - [29/Sep/2019:12:30:06 +0000] "POST /rosemary/zone1/Y5G3BE HTTP/1.1" 409 - "-" "-"
::ffff:192.168.0.2 - - [29/Sep/2019:12:30:06 +0000] "DELETE /rosemary/zone1/Y5G3BE/mobiususer02.MOBIUS.BROWSER.APP_sub HTTP/1.1" 200 - "-" "-"
::ffff:192.168.0.2 - - [29/Sep/2019:12:30:06 +0000] "POST /rosemary/zone1/Y5G3BE HTTP/1.1" 201 - "-" "-"
::ffff:192.168.0.33 - - [29/Sep/2019:12:30:39 +0000] "OPTIONS /rosemary/zone1/currentUser HTTP/1.1" 200 2 "http://114.71.220.111:3030/app/cam_kiosk.html" "Mozilla/5.0 (Linux; Android 9; SM-T510) AppleWebKit/537.36 (KHTML, like Gecko) Chrome/77.0.3865.92 Safari/537.36"
::ffff:192.168.0.33 - - [29/Sep/2019:12:30:39 +0000] "OPTIONS /rosemary/zone1 HTTP/1.1" 200 2 "http://114.71.220.111:3030/app/cam_kiosk.html" "Mozilla/5.0 (Linux; Android 9; SM-T510) AppleWebKit/537.36 (KHTML, like Gecko) Chrome/77.0.3865.92 Safari/537.36"
::ffff:192.168.0.1 - - [29/Sep/2019:12:30:39 +0000] "OPTIONS /rosemary/zone1/state/la HTTP/1.1" 200 2 "http://114.71.220.111:3030/app/cam_kiosk.html" "Mozilla/5.0 (Linux; Android 9; SM-T510) AppleWebKit/537.36 (KHTML, like Gecko) Chrome/77.0.3865.92 Safari/537.36"
::ffff:192.168.0.1 - - [29/Sep/2019:12:30:39 +0000] "GET /rosemary/zone1/state/la HTTP/1.1" 200 - "http://114.71.220.111:3030/app/cam_kiosk.html" "Mozilla/5.0 (Linux; Android 9; SM-T510) AppleWebKit/537.36 (KHTML, like Gecko) Chrome/77.0.3865.92 Safari/537.36"
::ffff:192.168.0.33 - - [29/Sep/2019:12:30:40 +0000] "POST /rosemary/zone1/currentUser HTTP/1.1" 201 - "http://114.71.220.111:3030/app/cam_kiosk.html" "Mozilla/5.0 (Linux; Android 9; SM-T510) AppleWebKit/537.36 (KHTML, like Gecko) Chrome/77.0.3865.92 Safari/537.36"
::ffff:192.168.0.33 - - [29/Sep/2019:12:30:40 +0000] "POST /rosemary/zone1 HTTP/1.1" 201 - "http://114.71.220.111:3030/app/cam_kiosk.html" "Mozilla/5.0 (Linux; Android 9; SM-T510) AppleWebKit/537.36 (KHTML, like Gecko) Chrome/77.0.3865.92 Safari/537.36"
::ffff:192.168.0.2 - - [29/Sep/2019:12:30:40 +0000] "POST /rosemary/zone1/Y85HNP HTTP/1.1" 201 - "-" "-"
::ffff:192.168.0.6 - - [29/Sep/2019:12:30:40 +0000] "POST /rosemary/zone1/Y85HNP HTTP/1.1" 409 - "-" "-"
::ffff:192.168.0.6 - - [29/Sep/2019:12:30:40 +0000] "DELETE /rosemary/zone1/Y85HNP/mobiususer02.MOBIUS.BROWSER.APP_sub HTTP/1.1" 200 - "-" "-"
::ffff:192.168.0.6 - - [29/Sep/2019:12:30:40 +0000] "POST /rosemary/zone1/Y85HNP HTTP/1.1" 201 - "-" "-"
::ffff:192.168.0.2 - - [29/Sep/2019:12:30:41 +0000] "POST /rosemary/zone1/Y85HNP HTTP/1.1" 409 - "-" "-"
::ffff:192.168.0.2 - - [29/Sep/2019:12:30:41 +0000] "DELETE /rosemary/zone1/Y85HNP/mobiususer02.MOBIUS.BROWSER.APP_sub HTTP/1.1" 200 - "-" "-"
::ffff:192.168.0.2 - - [29/Sep/2019:12:30:41 +0000] "POST /rosemary/zone1/Y85HNP HTTP/1.1" 201 - "-" "-"
::ffff:192.168.0.1 - - [29/Sep/2019:12:30:41 +0000] "GET /rosemary/zone1/state/la HTTP/1.1" 200 - "http://114.71.220.111:3030/app/camera.html" "Mozilla/5.0 (Linux; Android 9; SM-T510) AppleWebKit/537.36 (KHTML, like Gecko) Chrome/77.0.3865.92 Safari/537.36"
::ffff:192.168.0.33 - - [29/Sep/2019:12:30:41 +0000] "POST /rosemary/zone1 HTTP/1.1" 201 - "http://114.71.220.111:3030/app/camera.html" "Mozilla/5.0 (Linux; Android 9; SM-T510) AppleWebKit/537.36 (KHTML, like Gecko) Chrome/77.0.3865.92 Safari/537.36"
::ffff:192.168.0.33 - - [29/Sep/2019:12:30:41 +0000] "POST /rosemary/zone1/currentUser HTTP/1.1" 201 - "http://114.71.220.111:3030/app/camera.html" "Mozilla/5.0 (Linux; Android 9; SM-T510) AppleWebKit/537.36 (KHTML, like Gecko) Chrome/77.0.3865.92 Safari/537.36"
::ffff:192.168.0.2 - - [29/Sep/2019:12:30:42 +0000] "POST /rosemary/zone1/Y85HNP HTTP/1.1" 409 - "-" "-"
::ffff:192.168.0.2 - - [29/Sep/2019:12:30:42 +0000] "DELETE /rosemary/zone1/Y85HNP/mobiususer02.MOBIUS.BROWSER.APP_sub HTTP/1.1" 200 - "-" "-"
::ffff:192.168.0.2 - - [29/Sep/2019:12:30:42 +0000] "POST /rosemary/zone1/Y85HNP HTTP/1.1" 201 - "-" "-"
::ffff:192.168.0.6 - - [29/Sep/2019:12:30:42 +0000] "POST /rosemary/zone1/Y9B7G2 HTTP/1.1" 201 - "-" "-"
::ffff:192.168.0.2 - - [29/Sep/2019:12:30:43 +0000] "POST /rosemary/zone1/Y9B7G2 HTTP/1.1" 409 - "-" "-"
::ffff:192.168.0.2 - - [29/Sep/2019:12:30:43 +0000] "DELETE /rosemary/zone1/Y9B7G2/mobiususer02.MOBIUS.BROWSER.APP_sub HTTP/1.1" 200 - "-" "-"
::ffff:192.168.0.2 - - [29/Sep/2019:12:30:43 +0000] "POST /rosemary/zone1/Y9B7G2 HTTP/1.1" 201 - "-" "-"
::ffff:192.168.0.2 - - [29/Sep/2019:12:30:44 +0000] "POST /rosemary/zone1/Y9B7G2 HTTP/1.1" 409 - "-" "-"
::ffff:192.168.0.2 - - [29/Sep/2019:12:30:44 +0000] "DELETE /rosemary/zone1/Y9B7G2/mobiususer02.MOBIUS.BROWSER.APP_sub HTTP/1.1" 200 - "-" "-"
::ffff:192.168.0.2 - - [29/Sep/2019:12:30:44 +0000] "POST /rosemary/zone1/Y9B7G2 HTTP/1.1" 201 - "-" "-"
::ffff:192.168.0.2 - - [29/Sep/2019:12:30:45 +0000] "POST /rosemary/zone1/Y9B7G2 HTTP/1.1" 409 - "-" "-"
::ffff:192.168.0.2 - - [29/Sep/2019:12:30:45 +0000] "DELETE /rosemary/zone1/Y9B7G2/mobiususer02.MOBIUS.BROWSER.APP_sub HTTP/1.1" 200 - "-" "-"
::ffff:192.168.0.2 - - [29/Sep/2019:12:30:45 +0000] "POST /rosemary/zone1/Y9B7G2 HTTP/1.1" 201 - "-" "-"
::ffff:192.168.0.33 - - [29/Sep/2019:12:31:41 +0000] "OPTIONS /rosemary/zone1/currentUser HTTP/1.1" 200 2 "http://114.71.220.111:3030/app/camera.html" "Mozilla/5.0 (Linux; Android 9; SM-T510) AppleWebKit/537.36 (KHTML, like Gecko) Chrome/77.0.3865.92 Safari/537.36"
::ffff:192.168.0.33 - - [29/Sep/2019:12:31:41 +0000] "OPTIONS /rosemary/zone1 HTTP/1.1" 200 2 "http://114.71.220.111:3030/app/camera.html" "Mozilla/5.0 (Linux; Android 9; SM-T510) AppleWebKit/537.36 (KHTML, like Gecko) Chrome/77.0.3865.92 Safari/537.36"
::ffff:192.168.0.1 - - [29/Sep/2019:12:31:41 +0000] "OPTIONS /rosemary/zone1/state/la HTTP/1.1" 200 2 "http://114.71.220.111:3030/app/camera.html" "Mozilla/5.0 (Linux; Android 9; SM-T510) AppleWebKit/537.36 (KHTML, like Gecko) Chrome/77.0.3865.92 Safari/537.36"
::ffff:192.168.0.1 - - [29/Sep/2019:12:31:41 +0000] "GET /rosemary/zone1/state/la HTTP/1.1" 200 - "http://114.71.220.111:3030/app/camera.html" "Mozilla/5.0 (Linux; Android 9; SM-T510) AppleWebKit/537.36 (KHTML, like Gecko) Chrome/77.0.3865.92 Safari/537.36"
::ffff:192.168.0.12 - - [29/Sep/2019:12:31:41 +0000] "OPTIONS /rosemary/zone1 HTTP/1.1" 200 2 "-" "Mozilla/5.0 (Windows NT 10.0; Win64; x64) AppleWebKit/537.36 (KHTML, like Gecko) Chrome/77.0.3865.90 Safari/537.36"
::ffff:192.168.0.12 - - [29/Sep/2019:12:31:41 +0000] "OPTIONS /rosemary/zone1/currentUser HTTP/1.1" 200 2 "-" "Mozilla/5.0 (Windows NT 10.0; Win64; x64) AppleWebKit/537.36 (KHTML, like Gecko) Chrome/77.0.3865.90 Safari/537.36"
::ffff:192.168.0.1 - - [29/Sep/2019:12:31:41 +0000] "OPTIONS /rosemary/zone1/state/la HTTP/1.1" 200 2 "-" "Mozilla/5.0 (Windows NT 10.0; Win64; x64) AppleWebKit/537.36 (KHTML, like Gecko) Chrome/77.0.3865.90 Safari/537.36"
::ffff:192.168.0.1 - - [29/Sep/2019:12:31:41 +0000] "GET /rosemary/zone1/state/la HTTP/1.1" 200 - "-" "Mozilla/5.0 (Windows NT 10.0; Win64; x64) AppleWebKit/537.36 (KHTML, like Gecko) Chrome/77.0.3865.90 Safari/537.36"
::ffff:192.168.0.12 - - [29/Sep/2019:12:31:41 +0000] "POST /rosemary/zone1 HTTP/1.1" 201 - "-" "Mozilla/5.0 (Windows NT 10.0; Win64; x64) AppleWebKit/537.36 (KHTML, like Gecko) Chrome/77.0.3865.90 Safari/537.36"
::ffff:192.168.0.12 - - [29/Sep/2019:12:31:41 +0000] "POST /rosemary/zone1/currentUser HTTP/1.1" 201 - "-" "Mozilla/5.0 (Windows NT 10.0; Win64; x64) AppleWebKit/537.36 (KHTML, like Gecko) Chrome/77.0.3865.90 Safari/537.36"
::ffff:192.168.0.33 - - [29/Sep/2019:12:31:41 +0000] "POST /rosemary/zone1 HTTP/1.1" 201 - "http://114.71.220.111:3030/app/camera.html" "Mozilla/5.0 (Linux; Android 9; SM-T510) AppleWebKit/537.36 (KHTML, like Gecko) Chrome/77.0.3865.92 Safari/537.36"
::ffff:192.168.0.6 - - [29/Sep/2019:12:31:41 +0000] "POST /rosemary/zone1/Y18PJK HTTP/1.1" 201 - "-" "-"
::ffff:192.168.0.33 - - [29/Sep/2019:12:31:41 +0000] "POST /rosemary/zone1/currentUser HTTP/1.1" 201 - "http://114.71.220.111:3030/app/camera.html" "Mozilla/5.0 (Linux; Android 9; SM-T510) AppleWebKit/537.36 (KHTML, like Gecko) Chrome/77.0.3865.92 Safari/537.36"
::ffff:192.168.0.2 - - [29/Sep/2019:12:31:42 +0000] "POST /rosemary/zone1/Y18PJK HTTP/1.1" 409 - "-" "-"
::ffff:192.168.0.2 - - [29/Sep/2019:12:31:42 +0000] "DELETE /rosemary/zone1/Y18PJK/mobiususer02.MOBIUS.BROWSER.APP_sub HTTP/1.1" 200 - "-" "-"
::ffff:192.168.0.2 - - [29/Sep/2019:12:31:42 +0000] "POST /rosemary/zone1/Y18PJK HTTP/1.1" 201 - "-" "-"
::ffff:192.168.0.6 - - [29/Sep/2019:12:31:42 +0000] "POST /rosemary/zone1/YI4111 HTTP/1.1" 201 - "-" "-"
::ffff:192.168.0.2 - - [29/Sep/2019:12:31:43 +0000] "POST /rosemary/zone1/Y18PJK HTTP/1.1" 409 - "-" "-"
::ffff:192.168.0.2 - - [29/Sep/2019:12:31:43 +0000] "DELETE /rosemary/zone1/Y18PJK/mobiususer02.MOBIUS.BROWSER.APP_sub HTTP/1.1" 200 - "-" "-"
::ffff:192.168.0.2 - - [29/Sep/2019:12:31:43 +0000] "POST /rosemary/zone1/Y18PJK HTTP/1.1" 201 - "-" "-"
::ffff:192.168.0.2 - - [29/Sep/2019:12:31:44 +0000] "POST /rosemary/zone1/Y18PJK HTTP/1.1" 409 - "-" "-"
::ffff:192.168.0.2 - - [29/Sep/2019:12:31:44 +0000] "DELETE /rosemary/zone1/Y18PJK/mobiususer02.MOBIUS.BROWSER.APP_sub HTTP/1.1" 200 - "-" "-"
::ffff:192.168.0.2 - - [29/Sep/2019:12:31:44 +0000] "POST /rosemary/zone1/Y18PJK HTTP/1.1" 201 - "-" "-"
::ffff:192.168.0.2 - - [29/Sep/2019:12:31:45 +0000] "POST /rosemary/zone1/YI4111 HTTP/1.1" 409 - "-" "-"
::ffff:192.168.0.2 - - [29/Sep/2019:12:31:45 +0000] "DELETE /rosemary/zone1/YI4111/mobiususer02.MOBIUS.BROWSER.APP_sub HTTP/1.1" 200 - "-" "-"
::ffff:192.168.0.2 - - [29/Sep/2019:12:31:45 +0000] "POST /rosemary/zone1/YI4111 HTTP/1.1" 201 - "-" "-"
::ffff:192.168.0.2 - - [29/Sep/2019:12:31:46 +0000] "POST /rosemary/zone1/YI4111 HTTP/1.1" 409 - "-" "-"
::ffff:192.168.0.2 - - [29/Sep/2019:12:31:46 +0000] "DELETE /rosemary/zone1/YI4111/mobiususer02.MOBIUS.BROWSER.APP_sub HTTP/1.1" 200 - "-" "-"
::ffff:192.168.0.2 - - [29/Sep/2019:12:31:46 +0000] "POST /rosemary/zone1/YI4111 HTTP/1.1" 201 - "-" "-"
::ffff:192.168.0.2 - - [29/Sep/2019:12:31:47 +0000] "POST /rosemary/zone1/YI4111 HTTP/1.1" 409 - "-" "-"
::ffff:192.168.0.2 - - [29/Sep/2019:12:31:47 +0000] "DELETE /rosemary/zone1/YI4111/mobiususer02.MOBIUS.BROWSER.APP_sub HTTP/1.1" 200 - "-" "-"
::ffff:192.168.0.2 - - [29/Sep/2019:12:31:47 +0000] "POST /rosemary/zone1/YI4111 HTTP/1.1" 201 - "-" "-"
::ffff:192.168.0.12 - - [29/Sep/2019:12:31:57 +0000] "OPTIONS /rosemary/zone1/currentUser HTTP/1.1" 200 2 "-" "Mozilla/5.0 (Windows NT 10.0; Win64; x64) AppleWebKit/537.36 (KHTML, like Gecko) Chrome/77.0.3865.90 Safari/537.36"
::ffff:192.168.0.12 - - [29/Sep/2019:12:31:57 +0000] "OPTIONS /rosemary/zone1 HTTP/1.1" 200 2 "-" "Mozilla/5.0 (Windows NT 10.0; Win64; x64) AppleWebKit/537.36 (KHTML, like Gecko) Chrome/77.0.3865.90 Safari/537.36"
::ffff:192.168.0.1 - - [29/Sep/2019:12:31:57 +0000] "OPTIONS /rosemary/zone1/state/la HTTP/1.1" 200 2 "-" "Mozilla/5.0 (Windows NT 10.0; Win64; x64) AppleWebKit/537.36 (KHTML, like Gecko) Chrome/77.0.3865.90 Safari/537.36"
::ffff:192.168.0.1 - - [29/Sep/2019:12:31:57 +0000] "GET /rosemary/zone1/state/la HTTP/1.1" 200 - "-" "Mozilla/5.0 (Windows NT 10.0; Win64; x64) AppleWebKit/537.36 (KHTML, like Gecko) Chrome/77.0.3865.90 Safari/537.36"
::ffff:192.168.0.12 - - [29/Sep/2019:12:31:57 +0000] "POST /rosemary/zone1 HTTP/1.1" 201 - "-" "Mozilla/5.0 (Windows NT 10.0; Win64; x64) AppleWebKit/537.36 (KHTML, like Gecko) Chrome/77.0.3865.90 Safari/537.36"
::ffff:192.168.0.12 - - [29/Sep/2019:12:31:57 +0000] "POST /rosemary/zone1/currentUser HTTP/1.1" 201 - "-" "Mozilla/5.0 (Windows NT 10.0; Win64; x64) AppleWebKit/537.36 (KHTML, like Gecko) Chrome/77.0.3865.90 Safari/537.36"
::ffff:192.168.0.2 - - [29/Sep/2019:12:31:58 +0000] "POST /rosemary/zone1/Y2LM4F HTTP/1.1" 201 - "-" "-"
::ffff:192.168.0.6 - - [29/Sep/2019:12:31:58 +0000] "POST /rosemary/zone1/Y2LM4F HTTP/1.1" 409 - "-" "-"
::ffff:192.168.0.6 - - [29/Sep/2019:12:31:58 +0000] "DELETE /rosemary/zone1/Y2LM4F/mobiususer02.MOBIUS.BROWSER.APP_sub HTTP/1.1" 200 - "-" "-"
::ffff:192.168.0.6 - - [29/Sep/2019:12:31:58 +0000] "POST /rosemary/zone1/Y2LM4F HTTP/1.1" 201 - "-" "-"
::ffff:192.168.0.2 - - [29/Sep/2019:12:31:59 +0000] "POST /rosemary/zone1/Y2LM4F HTTP/1.1" 409 - "-" "-"
::ffff:192.168.0.2 - - [29/Sep/2019:12:31:59 +0000] "DELETE /rosemary/zone1/Y2LM4F/mobiususer02.MOBIUS.BROWSER.APP_sub HTTP/1.1" 200 - "-" "-"
::ffff:192.168.0.2 - - [29/Sep/2019:12:31:59 +0000] "POST /rosemary/zone1/Y2LM4F HTTP/1.1" 201 - "-" "-"
::ffff:192.168.0.2 - - [29/Sep/2019:12:32:00 +0000] "POST /rosemary/zone1/Y2LM4F HTTP/1.1" 409 - "-" "-"
::ffff:192.168.0.2 - - [29/Sep/2019:12:32:00 +0000] "DELETE /rosemary/zone1/Y2LM4F/mobiususer02.MOBIUS.BROWSER.APP_sub HTTP/1.1" 200 - "-" "-"
::ffff:192.168.0.2 - - [29/Sep/2019:12:32:00 +0000] "POST /rosemary/zone1/Y2LM4F HTTP/1.1" 201 - "-" "-"
::ffff:192.168.0.12 - - [29/Sep/2019:12:32:07 +0000] "OPTIONS /rosemary/zone1/currentUser HTTP/1.1" 200 2 "-" "Mozilla/5.0 (Windows NT 10.0; Win64; x64) AppleWebKit/537.36 (KHTML, like Gecko) Chrome/77.0.3865.90 Safari/537.36"
::ffff:192.168.0.12 - - [29/Sep/2019:12:32:07 +0000] "OPTIONS /rosemary/zone1 HTTP/1.1" 200 2 "-" "Mozilla/5.0 (Windows NT 10.0; Win64; x64) AppleWebKit/537.36 (KHTML, like Gecko) Chrome/77.0.3865.90 Safari/537.36"
::ffff:192.168.0.1 - - [29/Sep/2019:12:32:07 +0000] "OPTIONS /rosemary/zone1/state/la HTTP/1.1" 200 2 "-" "Mozilla/5.0 (Windows NT 10.0; Win64; x64) AppleWebKit/537.36 (KHTML, like Gecko) Chrome/77.0.3865.90 Safari/537.36"
::ffff:192.168.0.1 - - [29/Sep/2019:12:32:07 +0000] "GET /rosemary/zone1/state/la HTTP/1.1" 200 - "-" "Mozilla/5.0 (Windows NT 10.0; Win64; x64) AppleWebKit/537.36 (KHTML, like Gecko) Chrome/77.0.3865.90 Safari/537.36"
::ffff:192.168.0.12 - - [29/Sep/2019:12:32:07 +0000] "POST /rosemary/zone1 HTTP/1.1" 201 - "-" "Mozilla/5.0 (Windows NT 10.0; Win64; x64) AppleWebKit/537.36 (KHTML, like Gecko) Chrome/77.0.3865.90 Safari/537.36"
::ffff:192.168.0.12 - - [29/Sep/2019:12:32:07 +0000] "POST /rosemary/zone1/currentUser HTTP/1.1" 201 - "-" "Mozilla/5.0 (Windows NT 10.0; Win64; x64) AppleWebKit/537.36 (KHTML, like Gecko) Chrome/77.0.3865.90 Safari/537.36"
::ffff:192.168.0.2 - - [29/Sep/2019:12:32:08 +0000] "POST /rosemary/zone1/YFH3IM HTTP/1.1" 201 - "-" "-"
::ffff:192.168.0.6 - - [29/Sep/2019:12:32:08 +0000] "POST /rosemary/zone1/YFH3IM HTTP/1.1" 409 - "-" "-"
::ffff:192.168.0.6 - - [29/Sep/2019:12:32:08 +0000] "DELETE /rosemary/zone1/YFH3IM/mobiususer02.MOBIUS.BROWSER.APP_sub HTTP/1.1" 200 - "-" "-"
::ffff:192.168.0.6 - - [29/Sep/2019:12:32:08 +0000] "POST /rosemary/zone1/YFH3IM HTTP/1.1" 201 - "-" "-"
::ffff:192.168.0.2 - - [29/Sep/2019:12:32:09 +0000] "POST /rosemary/zone1/YFH3IM HTTP/1.1" 409 - "-" "-"
::ffff:192.168.0.2 - - [29/Sep/2019:12:32:09 +0000] "DELETE /rosemary/zone1/YFH3IM/mobiususer02.MOBIUS.BROWSER.APP_sub HTTP/1.1" 200 - "-" "-"
::ffff:192.168.0.2 - - [29/Sep/2019:12:32:09 +0000] "POST /rosemary/zone1/YFH3IM HTTP/1.1" 201 - "-" "-"
::ffff:192.168.0.2 - - [29/Sep/2019:12:32:10 +0000] "POST /rosemary/zone1/YFH3IM HTTP/1.1" 409 - "-" "-"
::ffff:192.168.0.2 - - [29/Sep/2019:12:32:10 +0000] "DELETE /rosemary/zone1/YFH3IM/mobiususer02.MOBIUS.BROWSER.APP_sub HTTP/1.1" 200 - "-" "-"
::ffff:192.168.0.2 - - [29/Sep/2019:12:32:10 +0000] "POST /rosemary/zone1/YFH3IM HTTP/1.1" 201 - "-" "-"
::ffff:192.168.0.33 - - [29/Sep/2019:12:32:23 +0000] "OPTIONS /rosemary/zone1/currentUser HTTP/1.1" 200 2 "http://114.71.220.111:3030/app/camera.html" "Mozilla/5.0 (Linux; Android 9; SM-T510) AppleWebKit/537.36 (KHTML, like Gecko) Chrome/77.0.3865.92 Safari/537.36"
::ffff:192.168.0.33 - - [29/Sep/2019:12:32:23 +0000] "OPTIONS /rosemary/zone1 HTTP/1.1" 200 2 "http://114.71.220.111:3030/app/camera.html" "Mozilla/5.0 (Linux; Android 9; SM-T510) AppleWebKit/537.36 (KHTML, like Gecko) Chrome/77.0.3865.92 Safari/537.36"
::ffff:192.168.0.1 - - [29/Sep/2019:12:32:23 +0000] "OPTIONS /rosemary/zone1/state/la HTTP/1.1" 200 2 "http://114.71.220.111:3030/app/camera.html" "Mozilla/5.0 (Linux; Android 9; SM-T510) AppleWebKit/537.36 (KHTML, like Gecko) Chrome/77.0.3865.92 Safari/537.36"
::ffff:192.168.0.1 - - [29/Sep/2019:12:32:23 +0000] "GET /rosemary/zone1/state/la HTTP/1.1" 200 - "http://114.71.220.111:3030/app/camera.html" "Mozilla/5.0 (Linux; Android 9; SM-T510) AppleWebKit/537.36 (KHTML, like Gecko) Chrome/77.0.3865.92 Safari/537.36"
::ffff:192.168.0.33 - - [29/Sep/2019:12:32:23 +0000] "POST /rosemary/zone1 HTTP/1.1" 201 - "http://114.71.220.111:3030/app/camera.html" "Mozilla/5.0 (Linux; Android 9; SM-T510) AppleWebKit/537.36 (KHTML, like Gecko) Chrome/77.0.3865.92 Safari/537.36"
::ffff:192.168.0.33 - - [29/Sep/2019:12:32:23 +0000] "POST /rosemary/zone1/currentUser HTTP/1.1" 201 - "http://114.71.220.111:3030/app/camera.html" "Mozilla/5.0 (Linux; Android 9; SM-T510) AppleWebKit/537.36 (KHTML, like Gecko) Chrome/77.0.3865.92 Safari/537.36"
::ffff:192.168.0.6 - - [29/Sep/2019:12:32:23 +0000] "POST /rosemary/zone1/YE872B HTTP/1.1" 201 - "-" "-"
::ffff:192.168.0.2 - - [29/Sep/2019:12:32:24 +0000] "POST /rosemary/zone1/YE872B HTTP/1.1" 409 - "-" "-"
::ffff:192.168.0.2 - - [29/Sep/2019:12:32:24 +0000] "DELETE /rosemary/zone1/YE872B/mobiususer02.MOBIUS.BROWSER.APP_sub HTTP/1.1" 200 - "-" "-"
::ffff:192.168.0.2 - - [29/Sep/2019:12:32:24 +0000] "POST /rosemary/zone1/YE872B HTTP/1.1" 201 - "-" "-"
::ffff:192.168.0.2 - - [29/Sep/2019:12:32:25 +0000] "POST /rosemary/zone1/YE872B HTTP/1.1" 409 - "-" "-"
::ffff:192.168.0.2 - - [29/Sep/2019:12:32:25 +0000] "DELETE /rosemary/zone1/YE872B/mobiususer02.MOBIUS.BROWSER.APP_sub HTTP/1.1" 200 - "-" "-"
::ffff:192.168.0.2 - - [29/Sep/2019:12:32:25 +0000] "POST /rosemary/zone1/YE872B HTTP/1.1" 201 - "-" "-"
::ffff:192.168.0.2 - - [29/Sep/2019:12:32:26 +0000] "POST /rosemary/zone1/YE872B HTTP/1.1" 409 - "-" "-"
::ffff:192.168.0.2 - - [29/Sep/2019:12:32:26 +0000] "DELETE /rosemary/zone1/YE872B/mobiususer02.MOBIUS.BROWSER.APP_sub HTTP/1.1" 200 - "-" "-"
::ffff:192.168.0.2 - - [29/Sep/2019:12:32:26 +0000] "POST /rosemary/zone1/YE872B HTTP/1.1" 201 - "-" "-"
::ffff:192.168.0.1 - - [29/Sep/2019:12:32:28 +0000] "OPTIONS /rosemary/zone1/state/la HTTP/1.1" 200 2 "http://114.71.220.111:3030/app/camera.html" "Mozilla/5.0 (Linux; Android 9; SM-T510) AppleWebKit/537.36 (KHTML, like Gecko) Chrome/77.0.3865.92 Safari/537.36"
::ffff:192.168.0.33 - - [29/Sep/2019:12:32:28 +0000] "OPTIONS /rosemary/zone1 HTTP/1.1" 200 2 "http://114.71.220.111:3030/app/camera.html" "Mozilla/5.0 (Linux; Android 9; SM-T510) AppleWebKit/537.36 (KHTML, like Gecko) Chrome/77.0.3865.92 Safari/537.36"
::ffff:192.168.0.33 - - [29/Sep/2019:12:32:28 +0000] "OPTIONS /rosemary/zone1/currentUser HTTP/1.1" 200 2 "http://114.71.220.111:3030/app/camera.html" "Mozilla/5.0 (Linux; Android 9; SM-T510) AppleWebKit/537.36 (KHTML, like Gecko) Chrome/77.0.3865.92 Safari/537.36"
::ffff:192.168.0.1 - - [29/Sep/2019:12:32:28 +0000] "GET /rosemary/zone1/state/la HTTP/1.1" 200 - "http://114.71.220.111:3030/app/camera.html" "Mozilla/5.0 (Linux; Android 9; SM-T510) AppleWebKit/537.36 (KHTML, like Gecko) Chrome/77.0.3865.92 Safari/537.36"
::ffff:192.168.0.33 - - [29/Sep/2019:12:32:28 +0000] "POST /rosemary/zone1 HTTP/1.1" 201 - "http://114.71.220.111:3030/app/camera.html" "Mozilla/5.0 (Linux; Android 9; SM-T510) AppleWebKit/537.36 (KHTML, like Gecko) Chrome/77.0.3865.92 Safari/537.36"
::ffff:192.168.0.33 - - [29/Sep/2019:12:32:28 +0000] "POST /rosemary/zone1/currentUser HTTP/1.1" 201 - "http://114.71.220.111:3030/app/camera.html" "Mozilla/5.0 (Linux; Android 9; SM-T510) AppleWebKit/537.36 (KHTML, like Gecko) Chrome/77.0.3865.92 Safari/537.36"
::ffff:192.168.0.2 - - [29/Sep/2019:12:32:29 +0000] "POST /rosemary/zone1/Y6N174 HTTP/1.1" 201 - "-" "-"
::ffff:192.168.0.6 - - [29/Sep/2019:12:32:29 +0000] "POST /rosemary/zone1/Y6N174 HTTP/1.1" 409 - "-" "-"
::ffff:192.168.0.6 - - [29/Sep/2019:12:32:29 +0000] "DELETE /rosemary/zone1/Y6N174/mobiususer02.MOBIUS.BROWSER.APP_sub HTTP/1.1" 200 - "-" "-"
::ffff:192.168.0.6 - - [29/Sep/2019:12:32:29 +0000] "POST /rosemary/zone1/Y6N174 HTTP/1.1" 201 - "-" "-"
::ffff:192.168.0.2 - - [29/Sep/2019:12:32:30 +0000] "POST /rosemary/zone1/Y6N174 HTTP/1.1" 409 - "-" "-"
::ffff:192.168.0.2 - - [29/Sep/2019:12:32:30 +0000] "DELETE /rosemary/zone1/Y6N174/mobiususer02.MOBIUS.BROWSER.APP_sub HTTP/1.1" 200 - "-" "-"
::ffff:192.168.0.2 - - [29/Sep/2019:12:32:30 +0000] "POST /rosemary/zone1/Y6N174 HTTP/1.1" 201 - "-" "-"
::ffff:192.168.0.2 - - [29/Sep/2019:12:32:31 +0000] "POST /rosemary/zone1/Y6N174 HTTP/1.1" 409 - "-" "-"
::ffff:192.168.0.2 - - [29/Sep/2019:12:32:31 +0000] "DELETE /rosemary/zone1/Y6N174/mobiususer02.MOBIUS.BROWSER.APP_sub HTTP/1.1" 200 - "-" "-"
::ffff:192.168.0.2 - - [29/Sep/2019:12:32:31 +0000] "POST /rosemary/zone1/Y6N174 HTTP/1.1" 201 - "-" "-"
::ffff:192.168.0.33 - - [29/Sep/2019:12:32:42 +0000] "OPTIONS /rosemary/zone1/currentUser HTTP/1.1" 200 2 "http://114.71.220.111:3030/app/camera.html" "Mozilla/5.0 (Linux; Android 9; SM-T510) AppleWebKit/537.36 (KHTML, like Gecko) Chrome/77.0.3865.92 Safari/537.36"
::ffff:192.168.0.33 - - [29/Sep/2019:12:32:42 +0000] "OPTIONS /rosemary/zone1 HTTP/1.1" 200 2 "http://114.71.220.111:3030/app/camera.html" "Mozilla/5.0 (Linux; Android 9; SM-T510) AppleWebKit/537.36 (KHTML, like Gecko) Chrome/77.0.3865.92 Safari/537.36"
::ffff:192.168.0.1 - - [29/Sep/2019:12:32:42 +0000] "OPTIONS /rosemary/zone1/state/la HTTP/1.1" 200 2 "http://114.71.220.111:3030/app/camera.html" "Mozilla/5.0 (Linux; Android 9; SM-T510) AppleWebKit/537.36 (KHTML, like Gecko) Chrome/77.0.3865.92 Safari/537.36"
::ffff:192.168.0.1 - - [29/Sep/2019:12:32:42 +0000] "GET /rosemary/zone1/state/la HTTP/1.1" 200 - "http://114.71.220.111:3030/app/camera.html" "Mozilla/5.0 (Linux; Android 9; SM-T510) AppleWebKit/537.36 (KHTML, like Gecko) Chrome/77.0.3865.92 Safari/537.36"
::ffff:192.168.0.33 - - [29/Sep/2019:12:32:42 +0000] "POST /rosemary/zone1 HTTP/1.1" 201 - "http://114.71.220.111:3030/app/camera.html" "Mozilla/5.0 (Linux; Android 9; SM-T510) AppleWebKit/537.36 (KHTML, like Gecko) Chrome/77.0.3865.92 Safari/537.36"
::ffff:192.168.0.33 - - [29/Sep/2019:12:32:42 +0000] "POST /rosemary/zone1/currentUser HTTP/1.1" 201 - "http://114.71.220.111:3030/app/camera.html" "Mozilla/5.0 (Linux; Android 9; SM-T510) AppleWebKit/537.36 (KHTML, like Gecko) Chrome/77.0.3865.92 Safari/537.36"
::ffff:192.168.0.2 - - [29/Sep/2019:12:32:42 +0000] "POST /rosemary/zone1/YBJG6E HTTP/1.1" 201 - "-" "-"
::ffff:192.168.0.6 - - [29/Sep/2019:12:32:42 +0000] "POST /rosemary/zone1/YBJG6E HTTP/1.1" 409 - "-" "-"
::ffff:192.168.0.6 - - [29/Sep/2019:12:32:42 +0000] "DELETE /rosemary/zone1/YBJG6E/mobiususer02.MOBIUS.BROWSER.APP_sub HTTP/1.1" 200 - "-" "-"
::ffff:192.168.0.6 - - [29/Sep/2019:12:32:42 +0000] "POST /rosemary/zone1/YBJG6E HTTP/1.1" 201 - "-" "-"
::ffff:192.168.0.2 - - [29/Sep/2019:12:32:43 +0000] "POST /rosemary/zone1/YBJG6E HTTP/1.1" 409 - "-" "-"
::ffff:192.168.0.2 - - [29/Sep/2019:12:32:43 +0000] "DELETE /rosemary/zone1/YBJG6E/mobiususer02.MOBIUS.BROWSER.APP_sub HTTP/1.1" 200 - "-" "-"
::ffff:192.168.0.2 - - [29/Sep/2019:12:32:43 +0000] "POST /rosemary/zone1/YBJG6E HTTP/1.1" 201 - "-" "-"
::ffff:192.168.0.2 - - [29/Sep/2019:12:32:44 +0000] "POST /rosemary/zone1/YBJG6E HTTP/1.1" 409 - "-" "-"
::ffff:192.168.0.2 - - [29/Sep/2019:12:32:44 +0000] "DELETE /rosemary/zone1/YBJG6E/mobiususer02.MOBIUS.BROWSER.APP_sub HTTP/1.1" 200 - "-" "-"
::ffff:192.168.0.2 - - [29/Sep/2019:12:32:44 +0000] "POST /rosemary/zone1/YBJG6E HTTP/1.1" 201 - "-" "-"
::ffff:192.168.0.33 - - [29/Sep/2019:12:32:47 +0000] "OPTIONS /rosemary/zone1/currentUser HTTP/1.1" 200 2 "http://114.71.220.111:3030/app/camera.html" "Mozilla/5.0 (Linux; Android 9; SM-T510) AppleWebKit/537.36 (KHTML, like Gecko) Chrome/77.0.3865.92 Safari/537.36"
::ffff:192.168.0.33 - - [29/Sep/2019:12:32:47 +0000] "OPTIONS /rosemary/zone1 HTTP/1.1" 200 2 "http://114.71.220.111:3030/app/camera.html" "Mozilla/5.0 (Linux; Android 9; SM-T510) AppleWebKit/537.36 (KHTML, like Gecko) Chrome/77.0.3865.92 Safari/537.36"
::ffff:192.168.0.1 - - [29/Sep/2019:12:32:47 +0000] "OPTIONS /rosemary/zone1/state/la HTTP/1.1" 200 2 "http://114.71.220.111:3030/app/camera.html" "Mozilla/5.0 (Linux; Android 9; SM-T510) AppleWebKit/537.36 (KHTML, like Gecko) Chrome/77.0.3865.92 Safari/537.36"
::ffff:192.168.0.1 - - [29/Sep/2019:12:32:47 +0000] "GET /rosemary/zone1/state/la HTTP/1.1" 200 - "http://114.71.220.111:3030/app/camera.html" "Mozilla/5.0 (Linux; Android 9; SM-T510) AppleWebKit/537.36 (KHTML, like Gecko) Chrome/77.0.3865.92 Safari/537.36"
::ffff:192.168.0.33 - - [29/Sep/2019:12:32:47 +0000] "POST /rosemary/zone1 HTTP/1.1" 201 - "http://114.71.220.111:3030/app/camera.html" "Mozilla/5.0 (Linux; Android 9; SM-T510) AppleWebKit/537.36 (KHTML, like Gecko) Chrome/77.0.3865.92 Safari/537.36"
::ffff:192.168.0.33 - - [29/Sep/2019:12:32:47 +0000] "POST /rosemary/zone1/currentUser HTTP/1.1" 201 - "http://114.71.220.111:3030/app/camera.html" "Mozilla/5.0 (Linux; Android 9; SM-T510) AppleWebKit/537.36 (KHTML, like Gecko) Chrome/77.0.3865.92 Safari/537.36"
::ffff:192.168.0.6 - - [29/Sep/2019:12:32:47 +0000] "POST /rosemary/zone1/YAPOFP HTTP/1.1" 201 - "-" "-"
::ffff:192.168.0.2 - - [29/Sep/2019:12:32:48 +0000] "POST /rosemary/zone1/YAPOFP HTTP/1.1" 409 - "-" "-"
::ffff:192.168.0.2 - - [29/Sep/2019:12:32:48 +0000] "DELETE /rosemary/zone1/YAPOFP/mobiususer02.MOBIUS.BROWSER.APP_sub HTTP/1.1" 200 - "-" "-"
::ffff:192.168.0.2 - - [29/Sep/2019:12:32:48 +0000] "POST /rosemary/zone1/YAPOFP HTTP/1.1" 201 - "-" "-"
::ffff:192.168.0.2 - - [29/Sep/2019:12:32:49 +0000] "POST /rosemary/zone1/YAPOFP HTTP/1.1" 409 - "-" "-"
::ffff:192.168.0.2 - - [29/Sep/2019:12:32:49 +0000] "DELETE /rosemary/zone1/YAPOFP/mobiususer02.MOBIUS.BROWSER.APP_sub HTTP/1.1" 200 - "-" "-"
::ffff:192.168.0.2 - - [29/Sep/2019:12:32:49 +0000] "POST /rosemary/zone1/YAPOFP HTTP/1.1" 201 - "-" "-"
::ffff:192.168.0.2 - - [29/Sep/2019:12:32:50 +0000] "POST /rosemary/zone1/YAPOFP HTTP/1.1" 409 - "-" "-"
::ffff:192.168.0.2 - - [29/Sep/2019:12:32:50 +0000] "DELETE /rosemary/zone1/YAPOFP/mobiususer02.MOBIUS.BROWSER.APP_sub HTTP/1.1" 200 - "-" "-"
::ffff:192.168.0.2 - - [29/Sep/2019:12:32:50 +0000] "POST /rosemary/zone1/YAPOFP HTTP/1.1" 201 - "-" "-"
::ffff:192.168.0.33 - - [29/Sep/2019:12:32:59 +0000] "OPTIONS /rosemary/zone1/currentUser HTTP/1.1" 200 2 "http://114.71.220.111:3030/app/camera.html" "Mozilla/5.0 (Linux; Android 9; SM-T510) AppleWebKit/537.36 (KHTML, like Gecko) Chrome/77.0.3865.92 Safari/537.36"
::ffff:192.168.0.33 - - [29/Sep/2019:12:32:59 +0000] "OPTIONS /rosemary/zone1 HTTP/1.1" 200 2 "http://114.71.220.111:3030/app/camera.html" "Mozilla/5.0 (Linux; Android 9; SM-T510) AppleWebKit/537.36 (KHTML, like Gecko) Chrome/77.0.3865.92 Safari/537.36"
::ffff:192.168.0.1 - - [29/Sep/2019:12:32:59 +0000] "OPTIONS /rosemary/zone1/state/la HTTP/1.1" 200 2 "http://114.71.220.111:3030/app/camera.html" "Mozilla/5.0 (Linux; Android 9; SM-T510) AppleWebKit/537.36 (KHTML, like Gecko) Chrome/77.0.3865.92 Safari/537.36"
::ffff:192.168.0.1 - - [29/Sep/2019:12:32:59 +0000] "GET /rosemary/zone1/state/la HTTP/1.1" 200 - "http://114.71.220.111:3030/app/camera.html" "Mozilla/5.0 (Linux; Android 9; SM-T510) AppleWebKit/537.36 (KHTML, like Gecko) Chrome/77.0.3865.92 Safari/537.36"
::ffff:192.168.0.33 - - [29/Sep/2019:12:32:59 +0000] "POST /rosemary/zone1 HTTP/1.1" 201 - "http://114.71.220.111:3030/app/camera.html" "Mozilla/5.0 (Linux; Android 9; SM-T510) AppleWebKit/537.36 (KHTML, like Gecko) Chrome/77.0.3865.92 Safari/537.36"
::ffff:192.168.0.33 - - [29/Sep/2019:12:32:59 +0000] "POST /rosemary/zone1/currentUser HTTP/1.1" 201 - "http://114.71.220.111:3030/app/camera.html" "Mozilla/5.0 (Linux; Android 9; SM-T510) AppleWebKit/537.36 (KHTML, like Gecko) Chrome/77.0.3865.92 Safari/537.36"
::ffff:192.168.0.2 - - [29/Sep/2019:12:33:00 +0000] "POST /rosemary/zone1/YMLQCJ HTTP/1.1" 201 - "-" "-"
::ffff:192.168.0.6 - - [29/Sep/2019:12:33:00 +0000] "POST /rosemary/zone1/YMLQCJ HTTP/1.1" 409 - "-" "-"
::ffff:192.168.0.6 - - [29/Sep/2019:12:33:00 +0000] "DELETE /rosemary/zone1/YMLQCJ/mobiususer02.MOBIUS.BROWSER.APP_sub HTTP/1.1" 200 - "-" "-"
::ffff:192.168.0.6 - - [29/Sep/2019:12:33:00 +0000] "POST /rosemary/zone1/YMLQCJ HTTP/1.1" 201 - "-" "-"
::ffff:192.168.0.2 - - [29/Sep/2019:12:33:01 +0000] "POST /rosemary/zone1/YMLQCJ HTTP/1.1" 409 - "-" "-"
::ffff:192.168.0.2 - - [29/Sep/2019:12:33:01 +0000] "DELETE /rosemary/zone1/YMLQCJ/mobiususer02.MOBIUS.BROWSER.APP_sub HTTP/1.1" 200 - "-" "-"
::ffff:192.168.0.2 - - [29/Sep/2019:12:33:01 +0000] "POST /rosemary/zone1/YMLQCJ HTTP/1.1" 201 - "-" "-"
::ffff:192.168.0.2 - - [29/Sep/2019:12:33:02 +0000] "POST /rosemary/zone1/YMLQCJ HTTP/1.1" 409 - "-" "-"
::ffff:192.168.0.2 - - [29/Sep/2019:12:33:02 +0000] "DELETE /rosemary/zone1/YMLQCJ/mobiususer02.MOBIUS.BROWSER.APP_sub HTTP/1.1" 200 - "-" "-"
::ffff:192.168.0.2 - - [29/Sep/2019:12:33:02 +0000] "POST /rosemary/zone1/YMLQCJ HTTP/1.1" 201 - "-" "-"
::ffff:192.168.0.33 - - [29/Sep/2019:12:33:09 +0000] "OPTIONS /rosemary/zone1/currentUser HTTP/1.1" 200 2 "http://114.71.220.111:3030/app/camera.html" "Mozilla/5.0 (Linux; Android 9; SM-T510) AppleWebKit/537.36 (KHTML, like Gecko) Chrome/77.0.3865.92 Safari/537.36"
::ffff:192.168.0.33 - - [29/Sep/2019:12:33:09 +0000] "OPTIONS /rosemary/zone1 HTTP/1.1" 200 2 "http://114.71.220.111:3030/app/camera.html" "Mozilla/5.0 (Linux; Android 9; SM-T510) AppleWebKit/537.36 (KHTML, like Gecko) Chrome/77.0.3865.92 Safari/537.36"
::ffff:192.168.0.1 - - [29/Sep/2019:12:33:09 +0000] "OPTIONS /rosemary/zone1/state/la HTTP/1.1" 200 2 "http://114.71.220.111:3030/app/camera.html" "Mozilla/5.0 (Linux; Android 9; SM-T510) AppleWebKit/537.36 (KHTML, like Gecko) Chrome/77.0.3865.92 Safari/537.36"
::ffff:192.168.0.1 - - [29/Sep/2019:12:33:09 +0000] "GET /rosemary/zone1/state/la HTTP/1.1" 200 - "http://114.71.220.111:3030/app/camera.html" "Mozilla/5.0 (Linux; Android 9; SM-T510) AppleWebKit/537.36 (KHTML, like Gecko) Chrome/77.0.3865.92 Safari/537.36"
::ffff:192.168.0.33 - - [29/Sep/2019:12:33:09 +0000] "POST /rosemary/zone1/currentUser HTTP/1.1" 201 - "http://114.71.220.111:3030/app/camera.html" "Mozilla/5.0 (Linux; Android 9; SM-T510) AppleWebKit/537.36 (KHTML, like Gecko) Chrome/77.0.3865.92 Safari/537.36"
::ffff:192.168.0.33 - - [29/Sep/2019:12:33:09 +0000] "POST /rosemary/zone1 HTTP/1.1" 201 - "http://114.71.220.111:3030/app/camera.html" "Mozilla/5.0 (Linux; Android 9; SM-T510) AppleWebKit/537.36 (KHTML, like Gecko) Chrome/77.0.3865.92 Safari/537.36"
::ffff:192.168.0.2 - - [29/Sep/2019:12:33:10 +0000] "POST /rosemary/zone1/Y6J19L HTTP/1.1" 201 - "-" "-"
::ffff:192.168.0.6 - - [29/Sep/2019:12:33:10 +0000] "POST /rosemary/zone1/Y6J19L HTTP/1.1" 409 - "-" "-"
::ffff:192.168.0.6 - - [29/Sep/2019:12:33:10 +0000] "DELETE /rosemary/zone1/Y6J19L/mobiususer02.MOBIUS.BROWSER.APP_sub HTTP/1.1" 200 - "-" "-"
::ffff:192.168.0.6 - - [29/Sep/2019:12:33:10 +0000] "POST /rosemary/zone1/Y6J19L HTTP/1.1" 201 - "-" "-"
::ffff:192.168.0.2 - - [29/Sep/2019:12:33:11 +0000] "POST /rosemary/zone1/Y6J19L HTTP/1.1" 409 - "-" "-"
::ffff:192.168.0.2 - - [29/Sep/2019:12:33:11 +0000] "DELETE /rosemary/zone1/Y6J19L/mobiususer02.MOBIUS.BROWSER.APP_sub HTTP/1.1" 200 - "-" "-"
::ffff:192.168.0.2 - - [29/Sep/2019:12:33:11 +0000] "POST /rosemary/zone1/Y6J19L HTTP/1.1" 201 - "-" "-"
::ffff:192.168.0.2 - - [29/Sep/2019:12:33:12 +0000] "POST /rosemary/zone1/Y6J19L HTTP/1.1" 409 - "-" "-"
::ffff:192.168.0.2 - - [29/Sep/2019:12:33:12 +0000] "DELETE /rosemary/zone1/Y6J19L/mobiususer02.MOBIUS.BROWSER.APP_sub HTTP/1.1" 200 - "-" "-"
::ffff:192.168.0.2 - - [29/Sep/2019:12:33:12 +0000] "POST /rosemary/zone1/Y6J19L HTTP/1.1" 201 - "-" "-"
::ffff:192.168.0.33 - - [29/Sep/2019:12:33:56 +0000] "OPTIONS /rosemary/zone1/currentUser HTTP/1.1" 200 2 "http://114.71.220.111:3030/app/camera.html" "Mozilla/5.0 (Linux; Android 9; SM-T510) AppleWebKit/537.36 (KHTML, like Gecko) Chrome/77.0.3865.92 Safari/537.36"
::ffff:192.168.0.33 - - [29/Sep/2019:12:33:56 +0000] "OPTIONS /rosemary/zone1 HTTP/1.1" 200 2 "http://114.71.220.111:3030/app/camera.html" "Mozilla/5.0 (Linux; Android 9; SM-T510) AppleWebKit/537.36 (KHTML, like Gecko) Chrome/77.0.3865.92 Safari/537.36"
