::ffff:127.0.0.1 - - [02/Sep/2019:06:58:26 +0000] "GET /rosemary HTTP/1.1" 200 - "-" "-"
::ffff:127.0.0.1 - - [02/Sep/2019:06:58:26 +0000] "GET /rosemary HTTP/1.1" 200 - "-" "-"
::ffff:127.0.0.1 - - [02/Sep/2019:06:58:27 +0000] "POST /rosemary HTTP/1.1" 409 - "-" "-"
::ffff:127.0.0.1 - - [02/Sep/2019:06:58:28 +0000] "GET /rosemary?fu=1&ty=29 HTTP/1.1" 200 - "-" "-"
::ffff:127.0.0.1 - - [02/Sep/2019:06:59:28 +0000] "GET /rosemary HTTP/1.1" 200 - "-" "-"
::ffff:127.0.0.1 - - [02/Sep/2019:06:59:28 +0000] "GET /rosemary HTTP/1.1" 200 - "-" "-"
::ffff:127.0.0.1 - - [02/Sep/2019:06:59:30 +0000] "POST /rosemary HTTP/1.1" 409 - "-" "-"
::ffff:127.0.0.1 - - [02/Sep/2019:06:59:30 +0000] "GET /rosemary?fu=1&ty=29 HTTP/1.1" 200 - "-" "-"
::ffff:192.168.0.3 - - [02/Sep/2019:07:00:52 +0000] "POST /rosemary HTTP/1.1" 409 - "-" "-"
::ffff:192.168.0.3 - - [02/Sep/2019:07:00:54 +0000] "GET /rosemary/zone1 HTTP/1.1" 200 - "-" "-"
::ffff:192.168.0.3 - - [02/Sep/2019:07:00:56 +0000] "POST /rosemary/zone1 HTTP/1.1" 409 - "-" "-"
::ffff:192.168.0.3 - - [02/Sep/2019:07:00:58 +0000] "POST /rosemary/zone1 HTTP/1.1" 409 - "-" "-"
::ffff:192.168.0.3 - - [02/Sep/2019:07:01:00 +0000] "POST /rosemary/zone1 HTTP/1.1" 409 - "-" "-"
::ffff:192.168.0.3 - - [02/Sep/2019:07:01:02 +0000] "DELETE /rosemary/zone1/cam1/sub HTTP/1.1" 200 - "-" "-"
::ffff:192.168.0.3 - - [02/Sep/2019:07:01:04 +0000] "DELETE /rosemary/zone1/state/sub HTTP/1.1" 200 - "-" "-"
::ffff:192.168.0.3 - - [02/Sep/2019:07:01:06 +0000] "DELETE /rosemary/zone1/currentUser/sub HTTP/1.1" 200 - "-" "-"
::ffff:192.168.0.3 - - [02/Sep/2019:07:01:08 +0000] "POST /rosemary/zone1/cam1 HTTP/1.1" 201 - "-" "-"
::ffff:192.168.0.3 - - [02/Sep/2019:07:01:10 +0000] "POST /rosemary/zone1/state HTTP/1.1" 201 - "-" "-"
::ffff:192.168.0.3 - - [02/Sep/2019:07:01:12 +0000] "POST /rosemary/zone1/currentUser HTTP/1.1" 201 - "-" "-"
::ffff:192.168.0.17 - - [02/Sep/2019:07:02:31 +0000] "OPTIONS /rosemary/zone1/currentUser HTTP/1.1" 200 2 "http://192.168.0.14/slide0.html" "Mozilla/5.0 (Windows NT 10.0; Win64; x64) AppleWebKit/537.36 (KHTML, like Gecko) Chrome/76.0.3809.100 Safari/537.36"
::ffff:192.168.0.17 - - [02/Sep/2019:07:02:31 +0000] "OPTIONS /rosemary/zone1/state HTTP/1.1" 200 2 "http://192.168.0.14/slide0.html" "Mozilla/5.0 (Windows NT 10.0; Win64; x64) AppleWebKit/537.36 (KHTML, like Gecko) Chrome/76.0.3809.100 Safari/537.36"
::ffff:192.168.0.17 - - [02/Sep/2019:07:02:31 +0000] "POST /rosemary/zone1/currentUser HTTP/1.1" 201 - "http://192.168.0.14/slide0.html" "Mozilla/5.0 (Windows NT 10.0; Win64; x64) AppleWebKit/537.36 (KHTML, like Gecko) Chrome/76.0.3809.100 Safari/537.36"
::ffff:192.168.0.17 - - [02/Sep/2019:07:02:31 +0000] "POST /rosemary/zone1/state HTTP/1.1" 201 - "http://192.168.0.14/slide0.html" "Mozilla/5.0 (Windows NT 10.0; Win64; x64) AppleWebKit/537.36 (KHTML, like Gecko) Chrome/76.0.3809.100 Safari/537.36"
::ffff:192.168.0.17 - - [02/Sep/2019:07:02:39 +0000] "OPTIONS /rosemary/zone1/cam1 HTTP/1.1" 200 2 "http://192.168.0.14/slide0.html" "Mozilla/5.0 (Windows NT 10.0; Win64; x64) AppleWebKit/537.36 (KHTML, like Gecko) Chrome/76.0.3809.100 Safari/537.36"
::ffff:192.168.0.17 - - [02/Sep/2019:07:02:39 +0000] "POST /rosemary/zone1/cam1 HTTP/1.1" 201 - "http://192.168.0.14/slide0.html" "Mozilla/5.0 (Windows NT 10.0; Win64; x64) AppleWebKit/537.36 (KHTML, like Gecko) Chrome/76.0.3809.100 Safari/537.36"
::ffff:192.168.0.1 - - [02/Sep/2019:07:02:50 +0000] "POST /rosemary/zone1/YG46FH HTTP/1.1" 404 - "-" "-"
::ffff:192.168.0.17 - - [02/Sep/2019:07:02:57 +0000] "OPTIONS /rosemary/zone1/state HTTP/1.1" 200 2 "http://192.168.0.14/slide0.html" "Mozilla/5.0 (Windows NT 10.0; Win64; x64) AppleWebKit/537.36 (KHTML, like Gecko) Chrome/76.0.3809.100 Safari/537.36"
::ffff:192.168.0.17 - - [02/Sep/2019:07:02:57 +0000] "OPTIONS /rosemary/zone1/currentUser HTTP/1.1" 200 2 "http://192.168.0.14/slide0.html" "Mozilla/5.0 (Windows NT 10.0; Win64; x64) AppleWebKit/537.36 (KHTML, like Gecko) Chrome/76.0.3809.100 Safari/537.36"
::ffff:192.168.0.17 - - [02/Sep/2019:07:02:57 +0000] "POST /rosemary/zone1/state HTTP/1.1" 201 - "http://192.168.0.14/slide0.html" "Mozilla/5.0 (Windows NT 10.0; Win64; x64) AppleWebKit/537.36 (KHTML, like Gecko) Chrome/76.0.3809.100 Safari/537.36"
::ffff:192.168.0.17 - - [02/Sep/2019:07:02:57 +0000] "POST /rosemary/zone1/currentUser HTTP/1.1" 201 - "http://192.168.0.14/slide0.html" "Mozilla/5.0 (Windows NT 10.0; Win64; x64) AppleWebKit/537.36 (KHTML, like Gecko) Chrome/76.0.3809.100 Safari/537.36"
::ffff:192.168.0.17 - - [02/Sep/2019:07:03:00 +0000] "OPTIONS /rosemary/zone1/cam1 HTTP/1.1" 200 2 "http://192.168.0.14/slide0.html" "Mozilla/5.0 (Windows NT 10.0; Win64; x64) AppleWebKit/537.36 (KHTML, like Gecko) Chrome/76.0.3809.100 Safari/537.36"
::ffff:192.168.0.17 - - [02/Sep/2019:07:03:01 +0000] "POST /rosemary/zone1/cam1 HTTP/1.1" 201 - "http://192.168.0.14/slide0.html" "Mozilla/5.0 (Windows NT 10.0; Win64; x64) AppleWebKit/537.36 (KHTML, like Gecko) Chrome/76.0.3809.100 Safari/537.36"
::ffff:192.168.0.1 - - [02/Sep/2019:07:03:06 +0000] "POST /rosemary/zone1/YJ92DE HTTP/1.1" 404 - "-" "-"
::ffff:192.168.0.17 - - [02/Sep/2019:07:03:10 +0000] "OPTIONS /rosemary/zone1/currentUser HTTP/1.1" 200 2 "http://192.168.0.14/slide0.html" "Mozilla/5.0 (Windows NT 10.0; Win64; x64) AppleWebKit/537.36 (KHTML, like Gecko) Chrome/76.0.3809.100 Safari/537.36"
::ffff:192.168.0.17 - - [02/Sep/2019:07:03:11 +0000] "OPTIONS /rosemary/zone1/state HTTP/1.1" 200 2 "http://192.168.0.14/slide0.html" "Mozilla/5.0 (Windows NT 10.0; Win64; x64) AppleWebKit/537.36 (KHTML, like Gecko) Chrome/76.0.3809.100 Safari/537.36"
::ffff:192.168.0.17 - - [02/Sep/2019:07:03:11 +0000] "POST /rosemary/zone1/currentUser HTTP/1.1" 201 - "http://192.168.0.14/slide0.html" "Mozilla/5.0 (Windows NT 10.0; Win64; x64) AppleWebKit/537.36 (KHTML, like Gecko) Chrome/76.0.3809.100 Safari/537.36"
::ffff:192.168.0.17 - - [02/Sep/2019:07:03:11 +0000] "POST /rosemary/zone1/state HTTP/1.1" 201 - "http://192.168.0.14/slide0.html" "Mozilla/5.0 (Windows NT 10.0; Win64; x64) AppleWebKit/537.36 (KHTML, like Gecko) Chrome/76.0.3809.100 Safari/537.36"
::ffff:192.168.0.17 - - [02/Sep/2019:07:03:13 +0000] "OPTIONS /rosemary/zone1/cam1 HTTP/1.1" 200 2 "http://192.168.0.14/slide0.html" "Mozilla/5.0 (Windows NT 10.0; Win64; x64) AppleWebKit/537.36 (KHTML, like Gecko) Chrome/76.0.3809.100 Safari/537.36"
::ffff:192.168.0.17 - - [02/Sep/2019:07:03:13 +0000] "POST /rosemary/zone1/cam1 HTTP/1.1" 201 - "http://192.168.0.14/slide0.html" "Mozilla/5.0 (Windows NT 10.0; Win64; x64) AppleWebKit/537.36 (KHTML, like Gecko) Chrome/76.0.3809.100 Safari/537.36"
::ffff:192.168.0.1 - - [02/Sep/2019:07:03:19 +0000] "POST /rosemary/zone1/Y9QD6L HTTP/1.1" 404 - "-" "-"
::ffff:192.168.0.17 - - [02/Sep/2019:07:03:24 +0000] "OPTIONS /rosemary/zone1/cam1 HTTP/1.1" 200 2 "http://192.168.0.14/slide0.html" "Mozilla/5.0 (Windows NT 10.0; Win64; x64) AppleWebKit/537.36 (KHTML, like Gecko) Chrome/76.0.3809.100 Safari/537.36"
::ffff:192.168.0.17 - - [02/Sep/2019:07:03:24 +0000] "POST /rosemary/zone1/cam1 HTTP/1.1" 201 - "http://192.168.0.14/slide0.html" "Mozilla/5.0 (Windows NT 10.0; Win64; x64) AppleWebKit/537.36 (KHTML, like Gecko) Chrome/76.0.3809.100 Safari/537.36"
::ffff:192.168.0.1 - - [02/Sep/2019:07:03:27 +0000] "POST /rosemary/zone1/Y9QD6L HTTP/1.1" 404 - "-" "-"
::ffff:192.168.0.17 - - [02/Sep/2019:07:03:33 +0000] "OPTIONS /rosemary/zone1/cam1 HTTP/1.1" 200 2 "http://192.168.0.14/slide0.html" "Mozilla/5.0 (Windows NT 10.0; Win64; x64) AppleWebKit/537.36 (KHTML, like Gecko) Chrome/76.0.3809.100 Safari/537.36"
::ffff:192.168.0.17 - - [02/Sep/2019:07:03:33 +0000] "POST /rosemary/zone1/cam1 HTTP/1.1" 201 - "http://192.168.0.14/slide0.html" "Mozilla/5.0 (Windows NT 10.0; Win64; x64) AppleWebKit/537.36 (KHTML, like Gecko) Chrome/76.0.3809.100 Safari/537.36"
::ffff:192.168.0.1 - - [02/Sep/2019:07:03:36 +0000] "POST /rosemary/zone1/Y9QD6L HTTP/1.1" 404 - "-" "-"
::ffff:192.168.0.17 - - [02/Sep/2019:07:03:42 +0000] "OPTIONS /rosemary/zone1/cam1 HTTP/1.1" 200 2 "http://192.168.0.14/slide0.html" "Mozilla/5.0 (Windows NT 10.0; Win64; x64) AppleWebKit/537.36 (KHTML, like Gecko) Chrome/76.0.3809.100 Safari/537.36"
::ffff:192.168.0.17 - - [02/Sep/2019:07:03:42 +0000] "POST /rosemary/zone1/cam1 HTTP/1.1" 201 - "http://192.168.0.14/slide0.html" "Mozilla/5.0 (Windows NT 10.0; Win64; x64) AppleWebKit/537.36 (KHTML, like Gecko) Chrome/76.0.3809.100 Safari/537.36"
::ffff:192.168.0.1 - - [02/Sep/2019:07:03:45 +0000] "POST /rosemary/zone1/Y9QD6L HTTP/1.1" 404 - "-" "-"
::ffff:192.168.0.17 - - [02/Sep/2019:07:21:46 +0000] "OPTIONS /rosemary/zone1/state HTTP/1.1" 200 2 "http://192.168.0.14/slide0.html" "Mozilla/5.0 (Windows NT 10.0; Win64; x64) AppleWebKit/537.36 (KHTML, like Gecko) Chrome/76.0.3809.100 Safari/537.36"
::ffff:192.168.0.17 - - [02/Sep/2019:07:21:46 +0000] "OPTIONS /rosemary/zone1/currentUser HTTP/1.1" 200 2 "http://192.168.0.14/slide0.html" "Mozilla/5.0 (Windows NT 10.0; Win64; x64) AppleWebKit/537.36 (KHTML, like Gecko) Chrome/76.0.3809.100 Safari/537.36"
::ffff:192.168.0.17 - - [02/Sep/2019:07:21:47 +0000] "POST /rosemary/zone1/currentUser HTTP/1.1" 201 - "http://192.168.0.14/slide0.html" "Mozilla/5.0 (Windows NT 10.0; Win64; x64) AppleWebKit/537.36 (KHTML, like Gecko) Chrome/76.0.3809.100 Safari/537.36"
::ffff:192.168.0.17 - - [02/Sep/2019:07:21:47 +0000] "POST /rosemary/zone1/state HTTP/1.1" 201 - "http://192.168.0.14/slide0.html" "Mozilla/5.0 (Windows NT 10.0; Win64; x64) AppleWebKit/537.36 (KHTML, like Gecko) Chrome/76.0.3809.100 Safari/537.36"
::ffff:192.168.0.17 - - [02/Sep/2019:07:21:51 +0000] "OPTIONS /rosemary/zone1/cam1 HTTP/1.1" 200 2 "http://192.168.0.14/slide0.html" "Mozilla/5.0 (Windows NT 10.0; Win64; x64) AppleWebKit/537.36 (KHTML, like Gecko) Chrome/76.0.3809.100 Safari/537.36"
::ffff:192.168.0.17 - - [02/Sep/2019:07:21:51 +0000] "POST /rosemary/zone1/cam1 HTTP/1.1" 201 - "http://192.168.0.14/slide0.html" "Mozilla/5.0 (Windows NT 10.0; Win64; x64) AppleWebKit/537.36 (KHTML, like Gecko) Chrome/76.0.3809.100 Safari/537.36"
::ffff:192.168.0.1 - - [02/Sep/2019:07:21:56 +0000] "POST /rosemary/zone1/Y519PE HTTP/1.1" 404 - "-" "-"
::ffff:192.168.0.17 - - [02/Sep/2019:07:21:56 +0000] "POST /rosemary/zone1/cam1 HTTP/1.1" 201 - "http://192.168.0.14/slide0.html" "Mozilla/5.0 (Windows NT 10.0; Win64; x64) AppleWebKit/537.36 (KHTML, like Gecko) Chrome/76.0.3809.100 Safari/537.36"
::ffff:192.168.0.1 - - [02/Sep/2019:07:22:00 +0000] "POST /rosemary/zone1/Y519PE HTTP/1.1" 404 - "-" "-"
::ffff:192.168.0.17 - - [02/Sep/2019:07:29:47 +0000] "OPTIONS /rosemary/zone1/currentUser HTTP/1.1" 200 2 "http://192.168.0.14/slide0.html" "Mozilla/5.0 (Windows NT 10.0; Win64; x64) AppleWebKit/537.36 (KHTML, like Gecko) Chrome/76.0.3809.100 Safari/537.36"
::ffff:192.168.0.17 - - [02/Sep/2019:07:29:47 +0000] "OPTIONS /rosemary/zone1/state HTTP/1.1" 200 2 "http://192.168.0.14/slide0.html" "Mozilla/5.0 (Windows NT 10.0; Win64; x64) AppleWebKit/537.36 (KHTML, like Gecko) Chrome/76.0.3809.100 Safari/537.36"
::ffff:192.168.0.17 - - [02/Sep/2019:07:29:47 +0000] "POST /rosemary/zone1/currentUser HTTP/1.1" 201 - "http://192.168.0.14/slide0.html" "Mozilla/5.0 (Windows NT 10.0; Win64; x64) AppleWebKit/537.36 (KHTML, like Gecko) Chrome/76.0.3809.100 Safari/537.36"
::ffff:192.168.0.17 - - [02/Sep/2019:07:29:47 +0000] "POST /rosemary/zone1/state HTTP/1.1" 201 - "http://192.168.0.14/slide0.html" "Mozilla/5.0 (Windows NT 10.0; Win64; x64) AppleWebKit/537.36 (KHTML, like Gecko) Chrome/76.0.3809.100 Safari/537.36"
::ffff:192.168.0.17 - - [02/Sep/2019:07:29:49 +0000] "OPTIONS /rosemary/zone1/cam1 HTTP/1.1" 200 2 "http://192.168.0.14/slide0.html" "Mozilla/5.0 (Windows NT 10.0; Win64; x64) AppleWebKit/537.36 (KHTML, like Gecko) Chrome/76.0.3809.100 Safari/537.36"
::ffff:192.168.0.17 - - [02/Sep/2019:07:29:49 +0000] "POST /rosemary/zone1/cam1 HTTP/1.1" 201 - "http://192.168.0.14/slide0.html" "Mozilla/5.0 (Windows NT 10.0; Win64; x64) AppleWebKit/537.36 (KHTML, like Gecko) Chrome/76.0.3809.100 Safari/537.36"
::ffff:192.168.0.1 - - [02/Sep/2019:07:29:53 +0000] "POST /rosemary/zone1/YDKGP2 HTTP/1.1" 404 - "-" "-"
::ffff:192.168.0.17 - - [02/Sep/2019:07:29:54 +0000] "POST /rosemary/zone1/cam1 HTTP/1.1" 201 - "http://192.168.0.14/slide0.html" "Mozilla/5.0 (Windows NT 10.0; Win64; x64) AppleWebKit/537.36 (KHTML, like Gecko) Chrome/76.0.3809.100 Safari/537.36"
::ffff:192.168.0.1 - - [02/Sep/2019:07:29:58 +0000] "POST /rosemary/zone1/YDKGP2 HTTP/1.1" 404 - "-" "-"
::ffff:192.168.0.17 - - [02/Sep/2019:07:30:01 +0000] "OPTIONS /rosemary/zone1/cam1 HTTP/1.1" 200 2 "http://192.168.0.14/slide0.html" "Mozilla/5.0 (Windows NT 10.0; Win64; x64) AppleWebKit/537.36 (KHTML, like Gecko) Chrome/76.0.3809.100 Safari/537.36"
::ffff:192.168.0.17 - - [02/Sep/2019:07:30:01 +0000] "POST /rosemary/zone1/cam1 HTTP/1.1" 201 - "http://192.168.0.14/slide0.html" "Mozilla/5.0 (Windows NT 10.0; Win64; x64) AppleWebKit/537.36 (KHTML, like Gecko) Chrome/76.0.3809.100 Safari/537.36"
::ffff:192.168.0.1 - - [02/Sep/2019:07:30:04 +0000] "POST /rosemary/zone1/YDKGP2 HTTP/1.1" 404 - "-" "-"
::ffff:192.168.0.17 - - [02/Sep/2019:07:30:09 +0000] "OPTIONS /rosemary/zone1/cam1 HTTP/1.1" 200 2 "http://192.168.0.14/slide0.html" "Mozilla/5.0 (Windows NT 10.0; Win64; x64) AppleWebKit/537.36 (KHTML, like Gecko) Chrome/76.0.3809.100 Safari/537.36"
::ffff:192.168.0.17 - - [02/Sep/2019:07:30:09 +0000] "POST /rosemary/zone1/cam1 HTTP/1.1" 201 - "http://192.168.0.14/slide0.html" "Mozilla/5.0 (Windows NT 10.0; Win64; x64) AppleWebKit/537.36 (KHTML, like Gecko) Chrome/76.0.3809.100 Safari/537.36"
::ffff:192.168.0.1 - - [02/Sep/2019:07:30:14 +0000] "POST /rosemary/zone1/YDKGP2 HTTP/1.1" 404 - "-" "-"
::ffff:192.168.0.17 - - [02/Sep/2019:07:41:59 +0000] "OPTIONS /rosemary/zone1/currentUser HTTP/1.1" 200 2 "http://192.168.0.14/slide0.html" "Mozilla/5.0 (Windows NT 10.0; Win64; x64) AppleWebKit/537.36 (KHTML, like Gecko) Chrome/76.0.3809.100 Safari/537.36"
::ffff:192.168.0.17 - - [02/Sep/2019:07:41:59 +0000] "OPTIONS /rosemary/zone1/state HTTP/1.1" 200 2 "http://192.168.0.14/slide0.html" "Mozilla/5.0 (Windows NT 10.0; Win64; x64) AppleWebKit/537.36 (KHTML, like Gecko) Chrome/76.0.3809.100 Safari/537.36"
::ffff:192.168.0.17 - - [02/Sep/2019:07:41:59 +0000] "POST /rosemary/zone1/currentUser HTTP/1.1" 201 - "http://192.168.0.14/slide0.html" "Mozilla/5.0 (Windows NT 10.0; Win64; x64) AppleWebKit/537.36 (KHTML, like Gecko) Chrome/76.0.3809.100 Safari/537.36"
::ffff:192.168.0.17 - - [02/Sep/2019:07:41:59 +0000] "POST /rosemary/zone1/state HTTP/1.1" 201 - "http://192.168.0.14/slide0.html" "Mozilla/5.0 (Windows NT 10.0; Win64; x64) AppleWebKit/537.36 (KHTML, like Gecko) Chrome/76.0.3809.100 Safari/537.36"
::ffff:192.168.0.17 - - [02/Sep/2019:07:42:01 +0000] "OPTIONS /rosemary/zone1/cam1 HTTP/1.1" 200 2 "http://192.168.0.14/slide0.html" "Mozilla/5.0 (Windows NT 10.0; Win64; x64) AppleWebKit/537.36 (KHTML, like Gecko) Chrome/76.0.3809.100 Safari/537.36"
::ffff:192.168.0.17 - - [02/Sep/2019:07:42:01 +0000] "POST /rosemary/zone1/cam1 HTTP/1.1" 201 - "http://192.168.0.14/slide0.html" "Mozilla/5.0 (Windows NT 10.0; Win64; x64) AppleWebKit/537.36 (KHTML, like Gecko) Chrome/76.0.3809.100 Safari/537.36"
::ffff:192.168.0.1 - - [02/Sep/2019:07:42:06 +0000] "POST /rosemary/zone1/YLPEHD HTTP/1.1" 404 - "-" "-"
::ffff:192.168.0.17 - - [02/Sep/2019:07:42:08 +0000] "OPTIONS /rosemary/zone1/cam1 HTTP/1.1" 200 2 "http://192.168.0.14/slide0.html" "Mozilla/5.0 (Windows NT 10.0; Win64; x64) AppleWebKit/537.36 (KHTML, like Gecko) Chrome/76.0.3809.100 Safari/537.36"
::ffff:192.168.0.17 - - [02/Sep/2019:07:42:08 +0000] "POST /rosemary/zone1/cam1 HTTP/1.1" 201 - "http://192.168.0.14/slide0.html" "Mozilla/5.0 (Windows NT 10.0; Win64; x64) AppleWebKit/537.36 (KHTML, like Gecko) Chrome/76.0.3809.100 Safari/537.36"
::ffff:192.168.0.1 - - [02/Sep/2019:07:42:12 +0000] "POST /rosemary/zone1/YLPEHD HTTP/1.1" 404 - "-" "-"
::ffff:192.168.0.17 - - [02/Sep/2019:07:42:29 +0000] "OPTIONS /rosemary/zone1/currentUser HTTP/1.1" 200 2 "http://192.168.0.14/slide0.html" "Mozilla/5.0 (Windows NT 10.0; Win64; x64) AppleWebKit/537.36 (KHTML, like Gecko) Chrome/76.0.3809.100 Safari/537.36"
::ffff:192.168.0.17 - - [02/Sep/2019:07:42:30 +0000] "OPTIONS /rosemary/zone1/state HTTP/1.1" 200 2 "http://192.168.0.14/slide0.html" "Mozilla/5.0 (Windows NT 10.0; Win64; x64) AppleWebKit/537.36 (KHTML, like Gecko) Chrome/76.0.3809.100 Safari/537.36"
::ffff:192.168.0.17 - - [02/Sep/2019:07:42:30 +0000] "POST /rosemary/zone1/currentUser HTTP/1.1" 201 - "http://192.168.0.14/slide0.html" "Mozilla/5.0 (Windows NT 10.0; Win64; x64) AppleWebKit/537.36 (KHTML, like Gecko) Chrome/76.0.3809.100 Safari/537.36"
::ffff:192.168.0.17 - - [02/Sep/2019:07:42:30 +0000] "POST /rosemary/zone1/state HTTP/1.1" 201 - "http://192.168.0.14/slide0.html" "Mozilla/5.0 (Windows NT 10.0; Win64; x64) AppleWebKit/537.36 (KHTML, like Gecko) Chrome/76.0.3809.100 Safari/537.36"
::ffff:192.168.0.17 - - [02/Sep/2019:07:42:31 +0000] "OPTIONS /rosemary/zone1/cam1 HTTP/1.1" 200 2 "http://192.168.0.14/slide0.html" "Mozilla/5.0 (Windows NT 10.0; Win64; x64) AppleWebKit/537.36 (KHTML, like Gecko) Chrome/76.0.3809.100 Safari/537.36"
::ffff:192.168.0.17 - - [02/Sep/2019:07:42:32 +0000] "POST /rosemary/zone1/cam1 HTTP/1.1" 201 - "http://192.168.0.14/slide0.html" "Mozilla/5.0 (Windows NT 10.0; Win64; x64) AppleWebKit/537.36 (KHTML, like Gecko) Chrome/76.0.3809.100 Safari/537.36"
::ffff:192.168.0.1 - - [02/Sep/2019:07:42:36 +0000] "POST /rosemary/zone1/YFP5PE HTTP/1.1" 404 - "-" "-"
::ffff:192.168.0.17 - - [02/Sep/2019:07:42:38 +0000] "OPTIONS /rosemary/zone1/cam1 HTTP/1.1" 200 2 "http://192.168.0.14/slide0.html" "Mozilla/5.0 (Windows NT 10.0; Win64; x64) AppleWebKit/537.36 (KHTML, like Gecko) Chrome/76.0.3809.100 Safari/537.36"
::ffff:192.168.0.17 - - [02/Sep/2019:07:42:38 +0000] "POST /rosemary/zone1/cam1 HTTP/1.1" 201 - "http://192.168.0.14/slide0.html" "Mozilla/5.0 (Windows NT 10.0; Win64; x64) AppleWebKit/537.36 (KHTML, like Gecko) Chrome/76.0.3809.100 Safari/537.36"
::ffff:192.168.0.1 - - [02/Sep/2019:07:42:41 +0000] "POST /rosemary/zone1/YFP5PE HTTP/1.1" 404 - "-" "-"
::ffff:192.168.0.17 - - [02/Sep/2019:07:44:52 +0000] "OPTIONS /rosemary/zone1/currentUser HTTP/1.1" 200 2 "http://192.168.0.14/slide0.html" "Mozilla/5.0 (Windows NT 10.0; Win64; x64) AppleWebKit/537.36 (KHTML, like Gecko) Chrome/76.0.3809.100 Safari/537.36"
::ffff:192.168.0.17 - - [02/Sep/2019:07:44:52 +0000] "OPTIONS /rosemary/zone1/state HTTP/1.1" 200 2 "http://192.168.0.14/slide0.html" "Mozilla/5.0 (Windows NT 10.0; Win64; x64) AppleWebKit/537.36 (KHTML, like Gecko) Chrome/76.0.3809.100 Safari/537.36"
::ffff:192.168.0.17 - - [02/Sep/2019:07:44:53 +0000] "POST /rosemary/zone1/state HTTP/1.1" 201 - "http://192.168.0.14/slide0.html" "Mozilla/5.0 (Windows NT 10.0; Win64; x64) AppleWebKit/537.36 (KHTML, like Gecko) Chrome/76.0.3809.100 Safari/537.36"
::ffff:192.168.0.17 - - [02/Sep/2019:07:44:53 +0000] "POST /rosemary/zone1/currentUser HTTP/1.1" 201 - "http://192.168.0.14/slide0.html" "Mozilla/5.0 (Windows NT 10.0; Win64; x64) AppleWebKit/537.36 (KHTML, like Gecko) Chrome/76.0.3809.100 Safari/537.36"
::ffff:192.168.0.17 - - [02/Sep/2019:07:44:54 +0000] "OPTIONS /rosemary/zone1/cam1 HTTP/1.1" 200 2 "http://192.168.0.14/slide0.html" "Mozilla/5.0 (Windows NT 10.0; Win64; x64) AppleWebKit/537.36 (KHTML, like Gecko) Chrome/76.0.3809.100 Safari/537.36"
::ffff:192.168.0.17 - - [02/Sep/2019:07:44:55 +0000] "POST /rosemary/zone1/cam1 HTTP/1.1" 201 - "http://192.168.0.14/slide0.html" "Mozilla/5.0 (Windows NT 10.0; Win64; x64) AppleWebKit/537.36 (KHTML, like Gecko) Chrome/76.0.3809.100 Safari/537.36"
::ffff:192.168.0.17 - - [02/Sep/2019:07:44:58 +0000] "POST /rosemary/zone1/cam1 HTTP/1.1" 201 - "http://192.168.0.14/slide0.html" "Mozilla/5.0 (Windows NT 10.0; Win64; x64) AppleWebKit/537.36 (KHTML, like Gecko) Chrome/76.0.3809.100 Safari/537.36"
::ffff:192.168.0.1 - - [02/Sep/2019:07:44:59 +0000] "POST /rosemary/zone1/YO16CA HTTP/1.1" 404 - "-" "-"
::ffff:192.168.0.17 - - [02/Sep/2019:07:45:01 +0000] "OPTIONS /rosemary/zone1/cam1 HTTP/1.1" 200 2 "http://192.168.0.14/slide0.html" "Mozilla/5.0 (Windows NT 10.0; Win64; x64) AppleWebKit/537.36 (KHTML, like Gecko) Chrome/76.0.3809.100 Safari/537.36"
::ffff:192.168.0.17 - - [02/Sep/2019:07:45:01 +0000] "POST /rosemary/zone1/cam1 HTTP/1.1" 201 - "http://192.168.0.14/slide0.html" "Mozilla/5.0 (Windows NT 10.0; Win64; x64) AppleWebKit/537.36 (KHTML, like Gecko) Chrome/76.0.3809.100 Safari/537.36"
::ffff:192.168.0.1 - - [02/Sep/2019:07:45:02 +0000] "POST /rosemary/zone1/YO16CA HTTP/1.1" 404 - "-" "-"
::ffff:192.168.0.1 - - [02/Sep/2019:07:45:04 +0000] "POST /rosemary/zone1/YO16CA HTTP/1.1" 404 - "-" "-"
::ffff:192.168.0.17 - - [02/Sep/2019:07:45:46 +0000] "OPTIONS /rosemary/zone1/currentUser HTTP/1.1" 200 2 "http://192.168.0.14/slide0.html" "Mozilla/5.0 (Windows NT 10.0; Win64; x64) AppleWebKit/537.36 (KHTML, like Gecko) Chrome/76.0.3809.100 Safari/537.36"
::ffff:192.168.0.17 - - [02/Sep/2019:07:45:46 +0000] "OPTIONS /rosemary/zone1/state HTTP/1.1" 200 2 "http://192.168.0.14/slide0.html" "Mozilla/5.0 (Windows NT 10.0; Win64; x64) AppleWebKit/537.36 (KHTML, like Gecko) Chrome/76.0.3809.100 Safari/537.36"
::ffff:192.168.0.17 - - [02/Sep/2019:07:45:46 +0000] "POST /rosemary/zone1/currentUser HTTP/1.1" 201 - "http://192.168.0.14/slide0.html" "Mozilla/5.0 (Windows NT 10.0; Win64; x64) AppleWebKit/537.36 (KHTML, like Gecko) Chrome/76.0.3809.100 Safari/537.36"
::ffff:192.168.0.17 - - [02/Sep/2019:07:45:46 +0000] "POST /rosemary/zone1/state HTTP/1.1" 201 - "http://192.168.0.14/slide0.html" "Mozilla/5.0 (Windows NT 10.0; Win64; x64) AppleWebKit/537.36 (KHTML, like Gecko) Chrome/76.0.3809.100 Safari/537.36"
::ffff:192.168.0.17 - - [02/Sep/2019:07:45:48 +0000] "OPTIONS /rosemary/zone1/cam1 HTTP/1.1" 200 2 "http://192.168.0.14/slide0.html" "Mozilla/5.0 (Windows NT 10.0; Win64; x64) AppleWebKit/537.36 (KHTML, like Gecko) Chrome/76.0.3809.100 Safari/537.36"
::ffff:192.168.0.17 - - [02/Sep/2019:07:45:48 +0000] "POST /rosemary/zone1/cam1 HTTP/1.1" 201 - "http://192.168.0.14/slide0.html" "Mozilla/5.0 (Windows NT 10.0; Win64; x64) AppleWebKit/537.36 (KHTML, like Gecko) Chrome/76.0.3809.100 Safari/537.36"
::ffff:127.0.0.1 - - [02/Sep/2019:07:45:48 +0000] "DELETE /rosemary/zone1/cam1/mobiususer02.MOBIUS.BROWSER.APP_sub HTTP/1.1" 200 - "-" "-"
::ffff:192.168.0.17 - - [02/Sep/2019:07:45:52 +0000] "POST /rosemary/zone1/cam1 HTTP/1.1" 201 - "http://192.168.0.14/slide0.html" "Mozilla/5.0 (Windows NT 10.0; Win64; x64) AppleWebKit/537.36 (KHTML, like Gecko) Chrome/76.0.3809.100 Safari/537.36"
::ffff:192.168.0.1 - - [02/Sep/2019:07:45:52 +0000] "POST /rosemary/zone1/YM1DP8 HTTP/1.1" 404 - "-" "-"
::ffff:192.168.0.1 - - [02/Sep/2019:07:45:56 +0000] "POST /rosemary/zone1/YM1DP8 HTTP/1.1" 404 - "-" "-"
::ffff:192.168.0.17 - - [02/Sep/2019:07:47:19 +0000] "OPTIONS /rosemary/zone1/currentUser HTTP/1.1" 200 2 "http://192.168.0.14/slide0.html" "Mozilla/5.0 (Windows NT 10.0; Win64; x64) AppleWebKit/537.36 (KHTML, like Gecko) Chrome/76.0.3809.100 Safari/537.36"
::ffff:192.168.0.17 - - [02/Sep/2019:07:47:19 +0000] "OPTIONS /rosemary/zone1/state HTTP/1.1" 200 2 "http://192.168.0.14/slide0.html" "Mozilla/5.0 (Windows NT 10.0; Win64; x64) AppleWebKit/537.36 (KHTML, like Gecko) Chrome/76.0.3809.100 Safari/537.36"
::ffff:192.168.0.17 - - [02/Sep/2019:07:47:19 +0000] "POST /rosemary/zone1/state HTTP/1.1" 201 - "http://192.168.0.14/slide0.html" "Mozilla/5.0 (Windows NT 10.0; Win64; x64) AppleWebKit/537.36 (KHTML, like Gecko) Chrome/76.0.3809.100 Safari/537.36"
::ffff:192.168.0.17 - - [02/Sep/2019:07:47:19 +0000] "POST /rosemary/zone1/currentUser HTTP/1.1" 201 - "http://192.168.0.14/slide0.html" "Mozilla/5.0 (Windows NT 10.0; Win64; x64) AppleWebKit/537.36 (KHTML, like Gecko) Chrome/76.0.3809.100 Safari/537.36"
::ffff:192.168.0.17 - - [02/Sep/2019:07:47:21 +0000] "OPTIONS /rosemary/zone1/cam1 HTTP/1.1" 200 2 "http://192.168.0.14/slide0.html" "Mozilla/5.0 (Windows NT 10.0; Win64; x64) AppleWebKit/537.36 (KHTML, like Gecko) Chrome/76.0.3809.100 Safari/537.36"
::ffff:192.168.0.17 - - [02/Sep/2019:07:47:22 +0000] "POST /rosemary/zone1/cam1 HTTP/1.1" 201 - "http://192.168.0.14/slide0.html" "Mozilla/5.0 (Windows NT 10.0; Win64; x64) AppleWebKit/537.36 (KHTML, like Gecko) Chrome/76.0.3809.100 Safari/537.36"
::ffff:192.168.0.1 - - [02/Sep/2019:07:47:25 +0000] "POST /rosemary/zone1/YEG9IE HTTP/1.1" 404 - "-" "-"
::ffff:192.168.0.17 - - [02/Sep/2019:07:47:26 +0000] "POST /rosemary/zone1/cam1 HTTP/1.1" 201 - "http://192.168.0.14/slide0.html" "Mozilla/5.0 (Windows NT 10.0; Win64; x64) AppleWebKit/537.36 (KHTML, like Gecko) Chrome/76.0.3809.100 Safari/537.36"
::ffff:192.168.0.1 - - [02/Sep/2019:07:47:30 +0000] "POST /rosemary/zone1/YEG9IE HTTP/1.1" 404 - "-" "-"
::ffff:192.168.0.17 - - [02/Sep/2019:07:47:32 +0000] "OPTIONS /rosemary/zone1/cam1 HTTP/1.1" 200 2 "http://192.168.0.14/slide0.html" "Mozilla/5.0 (Windows NT 10.0; Win64; x64) AppleWebKit/537.36 (KHTML, like Gecko) Chrome/76.0.3809.100 Safari/537.36"
::ffff:192.168.0.17 - - [02/Sep/2019:07:47:32 +0000] "POST /rosemary/zone1/cam1 HTTP/1.1" 201 - "http://192.168.0.14/slide0.html" "Mozilla/5.0 (Windows NT 10.0; Win64; x64) AppleWebKit/537.36 (KHTML, like Gecko) Chrome/76.0.3809.100 Safari/537.36"
::ffff:192.168.0.1 - - [02/Sep/2019:07:47:35 +0000] "POST /rosemary/zone1/YEG9IE HTTP/1.1" 404 - "-" "-"
::ffff:192.168.0.17 - - [02/Sep/2019:07:48:44 +0000] "OPTIONS /rosemary/zone1/currentUser HTTP/1.1" 200 2 "http://192.168.0.14/slide0.html" "Mozilla/5.0 (Windows NT 10.0; Win64; x64) AppleWebKit/537.36 (KHTML, like Gecko) Chrome/76.0.3809.100 Safari/537.36"
::ffff:192.168.0.17 - - [02/Sep/2019:07:48:44 +0000] "OPTIONS /rosemary/zone1/state HTTP/1.1" 200 2 "http://192.168.0.14/slide0.html" "Mozilla/5.0 (Windows NT 10.0; Win64; x64) AppleWebKit/537.36 (KHTML, like Gecko) Chrome/76.0.3809.100 Safari/537.36"
::ffff:192.168.0.17 - - [02/Sep/2019:07:48:44 +0000] "POST /rosemary/zone1/currentUser HTTP/1.1" 201 - "http://192.168.0.14/slide0.html" "Mozilla/5.0 (Windows NT 10.0; Win64; x64) AppleWebKit/537.36 (KHTML, like Gecko) Chrome/76.0.3809.100 Safari/537.36"
::ffff:192.168.0.17 - - [02/Sep/2019:07:48:44 +0000] "POST /rosemary/zone1/state HTTP/1.1" 201 - "http://192.168.0.14/slide0.html" "Mozilla/5.0 (Windows NT 10.0; Win64; x64) AppleWebKit/537.36 (KHTML, like Gecko) Chrome/76.0.3809.100 Safari/537.36"
::ffff:192.168.0.17 - - [02/Sep/2019:07:48:46 +0000] "OPTIONS /rosemary/zone1/cam1 HTTP/1.1" 200 2 "http://192.168.0.14/slide0.html" "Mozilla/5.0 (Windows NT 10.0; Win64; x64) AppleWebKit/537.36 (KHTML, like Gecko) Chrome/76.0.3809.100 Safari/537.36"
::ffff:192.168.0.17 - - [02/Sep/2019:07:48:47 +0000] "POST /rosemary/zone1/cam1 HTTP/1.1" 201 - "http://192.168.0.14/slide0.html" "Mozilla/5.0 (Windows NT 10.0; Win64; x64) AppleWebKit/537.36 (KHTML, like Gecko) Chrome/76.0.3809.100 Safari/537.36"
::ffff:192.168.0.17 - - [02/Sep/2019:07:48:50 +0000] "POST /rosemary/zone1/cam1 HTTP/1.1" 201 - "http://192.168.0.14/slide0.html" "Mozilla/5.0 (Windows NT 10.0; Win64; x64) AppleWebKit/537.36 (KHTML, like Gecko) Chrome/76.0.3809.100 Safari/537.36"
::ffff:192.168.0.1 - - [02/Sep/2019:07:48:50 +0000] "POST /rosemary/zone1/YNGG9C HTTP/1.1" 404 - "-" "-"
::ffff:192.168.0.1 - - [02/Sep/2019:07:48:54 +0000] "POST /rosemary/zone1/YNGG9C HTTP/1.1" 404 - "-" "-"
::ffff:192.168.0.17 - - [02/Sep/2019:08:06:27 +0000] "OPTIONS /rosemary/zone1/currentUser HTTP/1.1" 200 2 "http://192.168.0.14/slide0.html" "Mozilla/5.0 (Windows NT 10.0; Win64; x64) AppleWebKit/537.36 (KHTML, like Gecko) Chrome/76.0.3809.100 Safari/537.36"
::ffff:192.168.0.17 - - [02/Sep/2019:08:06:27 +0000] "OPTIONS /rosemary/zone1/state HTTP/1.1" 200 2 "http://192.168.0.14/slide0.html" "Mozilla/5.0 (Windows NT 10.0; Win64; x64) AppleWebKit/537.36 (KHTML, like Gecko) Chrome/76.0.3809.100 Safari/537.36"
::ffff:192.168.0.17 - - [02/Sep/2019:08:06:27 +0000] "POST /rosemary/zone1/currentUser HTTP/1.1" 201 - "http://192.168.0.14/slide0.html" "Mozilla/5.0 (Windows NT 10.0; Win64; x64) AppleWebKit/537.36 (KHTML, like Gecko) Chrome/76.0.3809.100 Safari/537.36"
::ffff:192.168.0.17 - - [02/Sep/2019:08:06:27 +0000] "POST /rosemary/zone1/state HTTP/1.1" 201 - "http://192.168.0.14/slide0.html" "Mozilla/5.0 (Windows NT 10.0; Win64; x64) AppleWebKit/537.36 (KHTML, like Gecko) Chrome/76.0.3809.100 Safari/537.36"
::ffff:192.168.0.17 - - [02/Sep/2019:08:06:29 +0000] "OPTIONS /rosemary/zone1/cam1 HTTP/1.1" 200 2 "http://192.168.0.14/slide0.html" "Mozilla/5.0 (Windows NT 10.0; Win64; x64) AppleWebKit/537.36 (KHTML, like Gecko) Chrome/76.0.3809.100 Safari/537.36"
::ffff:192.168.0.17 - - [02/Sep/2019:08:06:29 +0000] "POST /rosemary/zone1/cam1 HTTP/1.1" 201 - "http://192.168.0.14/slide0.html" "Mozilla/5.0 (Windows NT 10.0; Win64; x64) AppleWebKit/537.36 (KHTML, like Gecko) Chrome/76.0.3809.100 Safari/537.36"
::ffff:192.168.0.17 - - [02/Sep/2019:08:06:32 +0000] "POST /rosemary/zone1/cam1 HTTP/1.1" 201 - "http://192.168.0.14/slide0.html" "Mozilla/5.0 (Windows NT 10.0; Win64; x64) AppleWebKit/537.36 (KHTML, like Gecko) Chrome/76.0.3809.100 Safari/537.36"
::ffff:192.168.0.1 - - [02/Sep/2019:08:06:33 +0000] "POST /rosemary/zone1/Y625N4 HTTP/1.1" 404 - "-" "-"
::ffff:192.168.0.1 - - [02/Sep/2019:08:06:37 +0000] "POST /rosemary/zone1/Y625N4 HTTP/1.1" 404 - "-" "-"
::ffff:192.168.0.1 - - [02/Sep/2019:08:09:22 +0000] "POST /Mobius HTTP/1.1" 409 73 "-" "-"
::ffff:192.168.0.1 - - [02/Sep/2019:08:09:22 +0000] "GET /Mobius/mobiususer02.MOBIUS.BROWSER.APP HTTP/1.1" 200 257 "-" "-"
::ffff:192.168.0.1 - - [02/Sep/2019:08:09:22 +0000] "GET /Mobius/lsm HTTP/1.1" 200 260 "-" "-"
::ffff:192.168.0.1 - - [02/Sep/2019:08:09:23 +0000] "GET /Mobius HTTP/1.1" 200 214 "-" "-"
::ffff:192.168.0.1 - - [02/Sep/2019:08:09:23 +0000] "GET /Mobius/lsm HTTP/1.1" 200 260 "-" "-"
::ffff:192.168.0.1 - - [02/Sep/2019:08:09:23 +0000] "POST /Mobius/lsm HTTP/1.1" 201 283 "-" "-"
::ffff:192.168.0.1 - - [02/Sep/2019:08:09:23 +0000] "POST /Mobius/lsm HTTP/1.1" 409 77 "-" "-"
::ffff:192.168.0.1 - - [02/Sep/2019:08:09:23 +0000] "DELETE /Mobius/lsm/mobiususer02.MOBIUS.BROWSER.APP_sub HTTP/1.1" 200 283 "-" "-"
::ffff:192.168.0.1 - - [02/Sep/2019:08:09:23 +0000] "POST /Mobius/lsm HTTP/1.1" 201 282 "-" "-"
::ffff:192.168.0.1 - - [02/Sep/2019:08:09:30 +0000] "GET /Mobius/lsm?rcn=4&lvl=1&ty=23&ty=3&ty=9&ty=1&ty=24&ty=25 HTTP/1.1" 200 152518 "-" "-"
::ffff:192.168.0.17 - - [02/Sep/2019:08:09:46 +0000] "OPTIONS /rosemary/zone1/currentUser HTTP/1.1" 200 2 "http://192.168.0.14/slide0.html" "Mozilla/5.0 (Windows NT 10.0; Win64; x64) AppleWebKit/537.36 (KHTML, like Gecko) Chrome/76.0.3809.100 Safari/537.36"
::ffff:192.168.0.17 - - [02/Sep/2019:08:09:46 +0000] "OPTIONS /rosemary/zone1/state HTTP/1.1" 200 2 "http://192.168.0.14/slide0.html" "Mozilla/5.0 (Windows NT 10.0; Win64; x64) AppleWebKit/537.36 (KHTML, like Gecko) Chrome/76.0.3809.100 Safari/537.36"
::ffff:192.168.0.17 - - [02/Sep/2019:08:09:47 +0000] "POST /rosemary/zone1/currentUser HTTP/1.1" 201 - "http://192.168.0.14/slide0.html" "Mozilla/5.0 (Windows NT 10.0; Win64; x64) AppleWebKit/537.36 (KHTML, like Gecko) Chrome/76.0.3809.100 Safari/537.36"
::ffff:192.168.0.17 - - [02/Sep/2019:08:09:47 +0000] "POST /rosemary/zone1/state HTTP/1.1" 201 - "http://192.168.0.14/slide0.html" "Mozilla/5.0 (Windows NT 10.0; Win64; x64) AppleWebKit/537.36 (KHTML, like Gecko) Chrome/76.0.3809.100 Safari/537.36"
::ffff:192.168.0.17 - - [02/Sep/2019:08:09:48 +0000] "OPTIONS /rosemary/zone1/cam1 HTTP/1.1" 200 2 "http://192.168.0.14/slide0.html" "Mozilla/5.0 (Windows NT 10.0; Win64; x64) AppleWebKit/537.36 (KHTML, like Gecko) Chrome/76.0.3809.100 Safari/537.36"
::ffff:192.168.0.17 - - [02/Sep/2019:08:09:49 +0000] "POST /rosemary/zone1/cam1 HTTP/1.1" 201 - "http://192.168.0.14/slide0.html" "Mozilla/5.0 (Windows NT 10.0; Win64; x64) AppleWebKit/537.36 (KHTML, like Gecko) Chrome/76.0.3809.100 Safari/537.36"
::ffff:192.168.0.17 - - [02/Sep/2019:08:09:52 +0000] "POST /rosemary/zone1/cam1 HTTP/1.1" 201 - "http://192.168.0.14/slide0.html" "Mozilla/5.0 (Windows NT 10.0; Win64; x64) AppleWebKit/537.36 (KHTML, like Gecko) Chrome/76.0.3809.100 Safari/537.36"
::ffff:192.168.0.1 - - [02/Sep/2019:08:09:54 +0000] "POST /rosemary/zone1/YE8MG9 HTTP/1.1" 404 - "-" "-"
::ffff:192.168.0.1 - - [02/Sep/2019:08:09:57 +0000] "POST /rosemary/zone1/YE8MG9 HTTP/1.1" 404 - "-" "-"
::ffff:192.168.0.2 - - [02/Sep/2019:08:18:07 +0000] "POST /rosemary HTTP/1.1" 409 - "-" "-"
::ffff:192.168.0.2 - - [02/Sep/2019:08:18:07 +0000] "GET /rosemary/mobiususer02.MOBIUS.BROWSER.APP HTTP/1.1" 200 - "-" "-"
::ffff:192.168.0.2 - - [02/Sep/2019:08:18:07 +0000] "GET /rosemary/zone1 HTTP/1.1" 200 - "-" "-"
::ffff:192.168.0.2 - - [02/Sep/2019:08:18:07 +0000] "GET /rosemary HTTP/1.1" 200 - "-" "-"
::ffff:192.168.0.2 - - [02/Sep/2019:08:18:07 +0000] "GET /rosemary/zone1 HTTP/1.1" 200 - "-" "-"
::ffff:192.168.0.2 - - [02/Sep/2019:08:18:07 +0000] "POST /rosemary/zone1 HTTP/1.1" 409 - "-" "-"
::ffff:192.168.0.2 - - [02/Sep/2019:08:18:07 +0000] "DELETE /rosemary/zone1/mobiususer02.MOBIUS.BROWSER.APP_sub HTTP/1.1" 200 - "-" "-"
::ffff:192.168.0.2 - - [02/Sep/2019:08:18:07 +0000] "POST /rosemary/zone1 HTTP/1.1" 201 - "-" "-"
::ffff:192.168.0.2 - - [02/Sep/2019:08:18:07 +0000] "POST /rosemary/zone1 HTTP/1.1" 409 - "-" "-"
::ffff:192.168.0.2 - - [02/Sep/2019:08:18:07 +0000] "DELETE /rosemary/zone1/mobiususer02.MOBIUS.BROWSER.APP_sub HTTP/1.1" 200 - "-" "-"
::ffff:192.168.0.2 - - [02/Sep/2019:08:18:07 +0000] "POST /rosemary/zone1 HTTP/1.1" 201 - "-" "-"
::ffff:192.168.0.2 - - [02/Sep/2019:08:18:07 +0000] "GET /rosemary/zone1?rcn=4&lvl=1&ty=23&ty=3&ty=9&ty=1&ty=24&ty=25 HTTP/1.1" 200 - "-" "-"
::ffff:192.168.0.2 - - [02/Sep/2019:08:18:10 +0000] "POST /rosemary/zone1/email HTTP/1.1" 409 - "-" "-"
::ffff:192.168.0.2 - - [02/Sep/2019:08:18:10 +0000] "DELETE /rosemary/zone1/email/mobiususer02.MOBIUS.BROWSER.APP_sub HTTP/1.1" 200 - "-" "-"
::ffff:192.168.0.2 - - [02/Sep/2019:08:18:10 +0000] "POST /rosemary/zone1/email HTTP/1.1" 201 - "-" "-"
::ffff:192.168.0.2 - - [02/Sep/2019:08:18:10 +0000] "GET /rosemary/zone1/email?rcn=4&lvl=1&ty=23&ty=3&ty=24 HTTP/1.1" 200 - "-" "-"
::ffff:192.168.0.2 - - [02/Sep/2019:08:18:10 +0000] "GET /rosemary/zone1/email?rcn=4&lvl=1&ty=4&la=5 HTTP/1.1" 200 - "-" "-"
::ffff:192.168.0.2 - - [02/Sep/2019:08:18:12 +0000] "POST /rosemary/zone1/currentUser HTTP/1.1" 409 - "-" "-"
::ffff:192.168.0.2 - - [02/Sep/2019:08:18:12 +0000] "DELETE /rosemary/zone1/currentUser/mobiususer02.MOBIUS.BROWSER.APP_sub HTTP/1.1" 200 - "-" "-"
::ffff:192.168.0.2 - - [02/Sep/2019:08:18:12 +0000] "POST /rosemary/zone1/currentUser HTTP/1.1" 201 - "-" "-"
::ffff:192.168.0.2 - - [02/Sep/2019:08:18:12 +0000] "GET /rosemary/zone1/currentUser?rcn=4&lvl=1&ty=23&ty=3&ty=24 HTTP/1.1" 200 - "-" "-"
::ffff:192.168.0.2 - - [02/Sep/2019:08:18:12 +0000] "GET /rosemary/zone1/currentUser?rcn=4&lvl=1&ty=4&la=5 HTTP/1.1" 200 - "-" "-"
::ffff:192.168.0.2 - - [02/Sep/2019:08:18:14 +0000] "POST /rosemary/zone1/state HTTP/1.1" 409 - "-" "-"
::ffff:192.168.0.2 - - [02/Sep/2019:08:18:14 +0000] "DELETE /rosemary/zone1/state/mobiususer02.MOBIUS.BROWSER.APP_sub HTTP/1.1" 200 - "-" "-"
::ffff:192.168.0.2 - - [02/Sep/2019:08:18:14 +0000] "POST /rosemary/zone1/state HTTP/1.1" 201 - "-" "-"
::ffff:192.168.0.2 - - [02/Sep/2019:08:18:15 +0000] "GET /rosemary/zone1/state?rcn=4&lvl=1&ty=23&ty=3&ty=24 HTTP/1.1" 200 - "-" "-"
::ffff:192.168.0.2 - - [02/Sep/2019:08:18:15 +0000] "GET /rosemary/zone1/state?rcn=4&lvl=1&ty=4&la=5 HTTP/1.1" 200 - "-" "-"
::ffff:192.168.0.2 - - [02/Sep/2019:08:18:16 +0000] "POST /rosemary/zone1/cam1 HTTP/1.1" 201 - "-" "-"
::ffff:192.168.0.2 - - [02/Sep/2019:08:18:16 +0000] "GET /rosemary/zone1/cam1?rcn=4&lvl=1&ty=23&ty=3&ty=24 HTTP/1.1" 200 - "-" "-"
::ffff:192.168.0.2 - - [02/Sep/2019:08:18:16 +0000] "GET /rosemary/zone1/cam1?rcn=4&lvl=1&ty=4&la=5 HTTP/1.1" 200 - "-" "-"
::ffff:192.168.0.2 - - [02/Sep/2019:08:21:06 +0000] "GET /mfmlEajJWd HTTP/1.1" 200 - "-" "-"
::ffff:192.168.0.2 - - [02/Sep/2019:08:21:51 +0000] "POST /6erDrylekm HTTP/1.1" 201 - "-" "-"
::ffff:192.168.0.2 - - [02/Sep/2019:08:21:58 +0000] "POST /6erDrylekm HTTP/1.1" 201 - "-" "-"
::ffff:192.168.0.1 - - [02/Sep/2019:08:28:34 +0000] "OPTIONS /rosemary/zone1/state/la HTTP/1.1" 200 2 "-" "Mozilla/5.0 (Windows NT 10.0; Win64; x64) AppleWebKit/537.36 (KHTML, like Gecko) Chrome/76.0.3809.100 Safari/537.36"
::ffff:192.168.0.1 - - [02/Sep/2019:08:28:34 +0000] "GET /rosemary/zone1/state/la HTTP/1.1" 200 - "-" "Mozilla/5.0 (Windows NT 10.0; Win64; x64) AppleWebKit/537.36 (KHTML, like Gecko) Chrome/76.0.3809.100 Safari/537.36"
::ffff:192.168.0.1 - - [02/Sep/2019:08:28:41 +0000] "OPTIONS /rosemary/zone1/state/la HTTP/1.1" 200 2 "-" "Mozilla/5.0 (Windows NT 10.0; Win64; x64) AppleWebKit/537.36 (KHTML, like Gecko) Chrome/76.0.3809.100 Safari/537.36"
::ffff:192.168.0.1 - - [02/Sep/2019:08:28:41 +0000] "GET /rosemary/zone1/state/la HTTP/1.1" 200 - "-" "Mozilla/5.0 (Windows NT 10.0; Win64; x64) AppleWebKit/537.36 (KHTML, like Gecko) Chrome/76.0.3809.100 Safari/537.36"
::ffff:192.168.0.1 - - [02/Sep/2019:08:28:49 +0000] "OPTIONS /rosemary/zone1/state/la HTTP/1.1" 200 2 "-" "Mozilla/5.0 (Windows NT 10.0; Win64; x64) AppleWebKit/537.36 (KHTML, like Gecko) Chrome/76.0.3809.100 Safari/537.36"
::ffff:192.168.0.1 - - [02/Sep/2019:08:28:49 +0000] "GET /rosemary/zone1/state/la HTTP/1.1" 200 - "-" "Mozilla/5.0 (Windows NT 10.0; Win64; x64) AppleWebKit/537.36 (KHTML, like Gecko) Chrome/76.0.3809.100 Safari/537.36"
::ffff:192.168.0.2 - - [02/Sep/2019:08:29:09 +0000] "OPTIONS /rosemary/zone1/state HTTP/1.1" 200 2 "-" "Mozilla/5.0 (Windows NT 10.0; Win64; x64) AppleWebKit/537.36 (KHTML, like Gecko) Chrome/76.0.3809.100 Safari/537.36"
::ffff:192.168.0.2 - - [02/Sep/2019:08:29:09 +0000] "POST /rosemary/zone1/state HTTP/1.1" 201 - "-" "Mozilla/5.0 (Windows NT 10.0; Win64; x64) AppleWebKit/537.36 (KHTML, like Gecko) Chrome/76.0.3809.100 Safari/537.36"
::ffff:192.168.0.2 - - [02/Sep/2019:08:29:09 +0000] "OPTIONS /rosemary/zone1/currentUser/la HTTP/1.1" 200 2 "-" "Mozilla/5.0 (Windows NT 10.0; Win64; x64) AppleWebKit/537.36 (KHTML, like Gecko) Chrome/76.0.3809.100 Safari/537.36"
::ffff:192.168.0.2 - - [02/Sep/2019:08:29:09 +0000] "GET /rosemary/zone1/currentUser/la HTTP/1.1" 200 - "-" "Mozilla/5.0 (Windows NT 10.0; Win64; x64) AppleWebKit/537.36 (KHTML, like Gecko) Chrome/76.0.3809.100 Safari/537.36"
::ffff:192.168.0.2 - - [02/Sep/2019:08:29:36 +0000] "OPTIONS /rosemary/zone1/currentUser HTTP/1.1" 200 2 "-" "Mozilla/5.0 (Windows NT 10.0; Win64; x64) AppleWebKit/537.36 (KHTML, like Gecko) Chrome/76.0.3809.100 Safari/537.36"
::ffff:192.168.0.2 - - [02/Sep/2019:08:29:36 +0000] "OPTIONS /rosemary/zone1/state HTTP/1.1" 200 2 "-" "Mozilla/5.0 (Windows NT 10.0; Win64; x64) AppleWebKit/537.36 (KHTML, like Gecko) Chrome/76.0.3809.100 Safari/537.36"
::ffff:192.168.0.2 - - [02/Sep/2019:08:29:36 +0000] "POST /rosemary/zone1/currentUser HTTP/1.1" 201 - "-" "Mozilla/5.0 (Windows NT 10.0; Win64; x64) AppleWebKit/537.36 (KHTML, like Gecko) Chrome/76.0.3809.100 Safari/537.36"
::ffff:192.168.0.2 - - [02/Sep/2019:08:29:36 +0000] "POST /rosemary/zone1/state HTTP/1.1" 201 - "-" "Mozilla/5.0 (Windows NT 10.0; Win64; x64) AppleWebKit/537.36 (KHTML, like Gecko) Chrome/76.0.3809.100 Safari/537.36"
::ffff:192.168.0.2 - - [02/Sep/2019:08:30:07 +0000] "OPTIONS /rosemary/zone1/cam1 HTTP/1.1" 200 2 "-" "Mozilla/5.0 (Windows NT 10.0; Win64; x64) AppleWebKit/537.36 (KHTML, like Gecko) Chrome/76.0.3809.100 Safari/537.36"
::ffff:192.168.0.2 - - [02/Sep/2019:08:30:07 +0000] "POST /rosemary/zone1/cam1 HTTP/1.1" 201 - "-" "Mozilla/5.0 (Windows NT 10.0; Win64; x64) AppleWebKit/537.36 (KHTML, like Gecko) Chrome/76.0.3809.100 Safari/537.36"
::ffff:192.168.0.1 - - [02/Sep/2019:08:30:10 +0000] "POST /rosemary/zone1/Y26JDM HTTP/1.1" 404 - "-" "-"
::ffff:192.168.0.2 - - [02/Sep/2019:08:30:21 +0000] "OPTIONS /rosemary/zone1/cam1 HTTP/1.1" 200 2 "-" "Mozilla/5.0 (Windows NT 10.0; Win64; x64) AppleWebKit/537.36 (KHTML, like Gecko) Chrome/76.0.3809.100 Safari/537.36"
::ffff:192.168.0.2 - - [02/Sep/2019:08:30:21 +0000] "POST /rosemary/zone1/cam1 HTTP/1.1" 201 - "-" "Mozilla/5.0 (Windows NT 10.0; Win64; x64) AppleWebKit/537.36 (KHTML, like Gecko) Chrome/76.0.3809.100 Safari/537.36"
::ffff:192.168.0.2 - - [02/Sep/2019:08:30:25 +0000] "POST /rosemary/zone1/cam1 HTTP/1.1" 201 - "-" "Mozilla/5.0 (Windows NT 10.0; Win64; x64) AppleWebKit/537.36 (KHTML, like Gecko) Chrome/76.0.3809.100 Safari/537.36"
::ffff:192.168.0.2 - - [02/Sep/2019:08:30:30 +0000] "OPTIONS /rosemary/zone1/cam1 HTTP/1.1" 200 2 "-" "Mozilla/5.0 (Windows NT 10.0; Win64; x64) AppleWebKit/537.36 (KHTML, like Gecko) Chrome/76.0.3809.100 Safari/537.36"
::ffff:192.168.0.2 - - [02/Sep/2019:08:30:30 +0000] "POST /rosemary/zone1/cam1 HTTP/1.1" 201 - "-" "Mozilla/5.0 (Windows NT 10.0; Win64; x64) AppleWebKit/537.36 (KHTML, like Gecko) Chrome/76.0.3809.100 Safari/537.36"
::ffff:192.168.0.2 - - [02/Sep/2019:08:30:35 +0000] "OPTIONS /rosemary/zone1/cam1 HTTP/1.1" 200 2 "-" "Mozilla/5.0 (Windows NT 10.0; Win64; x64) AppleWebKit/537.36 (KHTML, like Gecko) Chrome/76.0.3809.100 Safari/537.36"
::ffff:192.168.0.2 - - [02/Sep/2019:08:30:35 +0000] "POST /rosemary/zone1/cam1 HTTP/1.1" 201 - "-" "Mozilla/5.0 (Windows NT 10.0; Win64; x64) AppleWebKit/537.36 (KHTML, like Gecko) Chrome/76.0.3809.100 Safari/537.36"
::ffff:192.168.0.2 - - [02/Sep/2019:08:30:39 +0000] "POST /rosemary/zone1/cam1 HTTP/1.1" 201 - "-" "Mozilla/5.0 (Windows NT 10.0; Win64; x64) AppleWebKit/537.36 (KHTML, like Gecko) Chrome/76.0.3809.100 Safari/537.36"
::ffff:192.168.0.2 - - [02/Sep/2019:08:32:21 +0000] "POST /KEic4o9TTc HTTP/1.1" 201 - "-" "-"
::ffff:192.168.0.1 - - [02/Sep/2019:08:32:28 +0000] "OPTIONS /rosemary/zone1/state/la HTTP/1.1" 200 2 "http://192.168.0.14/cam_kiosk.html" "Mozilla/5.0 (Linux; Android 9; SM-G950N) AppleWebKit/537.36 (KHTML, like Gecko) Chrome/76.0.3809.132 Mobile Safari/537.36"
::ffff:192.168.0.1 - - [02/Sep/2019:08:32:28 +0000] "GET /rosemary/zone1/state/la HTTP/1.1" 200 - "http://192.168.0.14/cam_kiosk.html" "Mozilla/5.0 (Linux; Android 9; SM-G950N) AppleWebKit/537.36 (KHTML, like Gecko) Chrome/76.0.3809.132 Mobile Safari/537.36"
::ffff:192.168.0.1 - - [02/Sep/2019:08:32:30 +0000] "GET /rosemary/zone1/state/la HTTP/1.1" 200 - "http://192.168.0.14/camera.html" "Mozilla/5.0 (Linux; Android 9; SM-G950N) AppleWebKit/537.36 (KHTML, like Gecko) Chrome/76.0.3809.132 Mobile Safari/537.36"
::ffff:192.168.0.29 - - [02/Sep/2019:08:32:34 +0000] "OPTIONS /rosemary/zone1/currentUser HTTP/1.1" 200 2 "http://192.168.0.14/slide0.html" "Mozilla/5.0 (Linux; Android 9; SM-G950N) AppleWebKit/537.36 (KHTML, like Gecko) Chrome/76.0.3809.132 Mobile Safari/537.36"
::ffff:192.168.0.29 - - [02/Sep/2019:08:32:34 +0000] "OPTIONS /rosemary/zone1/state HTTP/1.1" 200 2 "http://192.168.0.14/slide0.html" "Mozilla/5.0 (Linux; Android 9; SM-G950N) AppleWebKit/537.36 (KHTML, like Gecko) Chrome/76.0.3809.132 Mobile Safari/537.36"
::ffff:192.168.0.29 - - [02/Sep/2019:08:32:34 +0000] "POST /rosemary/zone1/currentUser HTTP/1.1" 201 - "http://192.168.0.14/slide0.html" "Mozilla/5.0 (Linux; Android 9; SM-G950N) AppleWebKit/537.36 (KHTML, like Gecko) Chrome/76.0.3809.132 Mobile Safari/537.36"
::ffff:192.168.0.29 - - [02/Sep/2019:08:32:34 +0000] "POST /rosemary/zone1/state HTTP/1.1" 201 - "http://192.168.0.14/slide0.html" "Mozilla/5.0 (Linux; Android 9; SM-G950N) AppleWebKit/537.36 (KHTML, like Gecko) Chrome/76.0.3809.132 Mobile Safari/537.36"
::ffff:192.168.0.29 - - [02/Sep/2019:08:32:47 +0000] "OPTIONS /rosemary/zone1/cam1 HTTP/1.1" 200 2 "http://192.168.0.14/slide0.html" "Mozilla/5.0 (Linux; Android 9; SM-G950N) AppleWebKit/537.36 (KHTML, like Gecko) Chrome/76.0.3809.132 Mobile Safari/537.36"
::ffff:192.168.0.29 - - [02/Sep/2019:08:32:47 +0000] "POST /rosemary/zone1/cam1 HTTP/1.1" 201 - "http://192.168.0.14/slide0.html" "Mozilla/5.0 (Linux; Android 9; SM-G950N) AppleWebKit/537.36 (KHTML, like Gecko) Chrome/76.0.3809.132 Mobile Safari/537.36"
::ffff:192.168.0.29 - - [02/Sep/2019:08:32:50 +0000] "POST /rosemary/zone1/cam1 HTTP/1.1" 201 - "http://192.168.0.14/slide0.html" "Mozilla/5.0 (Linux; Android 9; SM-G950N) AppleWebKit/537.36 (KHTML, like Gecko) Chrome/76.0.3809.132 Mobile Safari/537.36"
::ffff:192.168.0.29 - - [02/Sep/2019:08:32:56 +0000] "OPTIONS /rosemary/zone1/cam1 HTTP/1.1" 200 2 "http://192.168.0.14/slide0.html" "Mozilla/5.0 (Linux; Android 9; SM-G950N) AppleWebKit/537.36 (KHTML, like Gecko) Chrome/76.0.3809.132 Mobile Safari/537.36"
::ffff:192.168.0.29 - - [02/Sep/2019:08:32:56 +0000] "POST /rosemary/zone1/cam1 HTTP/1.1" 201 - "http://192.168.0.14/slide0.html" "Mozilla/5.0 (Linux; Android 9; SM-G950N) AppleWebKit/537.36 (KHTML, like Gecko) Chrome/76.0.3809.132 Mobile Safari/537.36"
::ffff:192.168.0.29 - - [02/Sep/2019:08:33:02 +0000] "OPTIONS /rosemary/zone1/cam1 HTTP/1.1" 200 2 "http://192.168.0.14/slide0.html" "Mozilla/5.0 (Linux; Android 9; SM-G950N) AppleWebKit/537.36 (KHTML, like Gecko) Chrome/76.0.3809.132 Mobile Safari/537.36"
::ffff:192.168.0.29 - - [02/Sep/2019:08:33:02 +0000] "POST /rosemary/zone1/cam1 HTTP/1.1" 201 - "http://192.168.0.14/slide0.html" "Mozilla/5.0 (Linux; Android 9; SM-G950N) AppleWebKit/537.36 (KHTML, like Gecko) Chrome/76.0.3809.132 Mobile Safari/537.36"
::ffff:192.168.0.29 - - [02/Sep/2019:08:33:05 +0000] "POST /rosemary/zone1/cam1 HTTP/1.1" 201 - "http://192.168.0.14/slide0.html" "Mozilla/5.0 (Linux; Android 9; SM-G950N) AppleWebKit/537.36 (KHTML, like Gecko) Chrome/76.0.3809.132 Mobile Safari/537.36"
::ffff:192.168.0.29 - - [02/Sep/2019:08:33:19 +0000] "OPTIONS /rosemary/zone1/cam1 HTTP/1.1" 200 2 "http://192.168.0.14/slide0.html" "Mozilla/5.0 (Linux; Android 9; SM-G950N) AppleWebKit/537.36 (KHTML, like Gecko) Chrome/76.0.3809.132 Mobile Safari/537.36"
::ffff:192.168.0.29 - - [02/Sep/2019:08:33:19 +0000] "POST /rosemary/zone1/cam1 HTTP/1.1" 201 - "http://192.168.0.14/slide0.html" "Mozilla/5.0 (Linux; Android 9; SM-G950N) AppleWebKit/537.36 (KHTML, like Gecko) Chrome/76.0.3809.132 Mobile Safari/537.36"
::ffff:192.168.0.29 - - [02/Sep/2019:08:33:23 +0000] "POST /rosemary/zone1/cam1 HTTP/1.1" 201 - "http://192.168.0.14/slide0.html" "Mozilla/5.0 (Linux; Android 9; SM-G950N) AppleWebKit/537.36 (KHTML, like Gecko) Chrome/76.0.3809.132 Mobile Safari/537.36"
::ffff:192.168.0.29 - - [02/Sep/2019:08:33:27 +0000] "OPTIONS /rosemary/zone1/cam1 HTTP/1.1" 200 2 "http://192.168.0.14/slide0.html" "Mozilla/5.0 (Linux; Android 9; SM-G950N) AppleWebKit/537.36 (KHTML, like Gecko) Chrome/76.0.3809.132 Mobile Safari/537.36"
::ffff:192.168.0.29 - - [02/Sep/2019:08:33:27 +0000] "POST /rosemary/zone1/cam1 HTTP/1.1" 201 - "http://192.168.0.14/slide0.html" "Mozilla/5.0 (Linux; Android 9; SM-G950N) AppleWebKit/537.36 (KHTML, like Gecko) Chrome/76.0.3809.132 Mobile Safari/537.36"
::ffff:192.168.0.29 - - [02/Sep/2019:08:33:30 +0000] "POST /rosemary/zone1/cam1 HTTP/1.1" 201 - "http://192.168.0.14/slide0.html" "Mozilla/5.0 (Linux; Android 9; SM-G950N) AppleWebKit/537.36 (KHTML, like Gecko) Chrome/76.0.3809.132 Mobile Safari/537.36"
::ffff:192.168.0.29 - - [02/Sep/2019:08:33:36 +0000] "OPTIONS /rosemary/zone1/cam1 HTTP/1.1" 200 2 "http://192.168.0.14/slide0.html" "Mozilla/5.0 (Linux; Android 9; SM-G950N) AppleWebKit/537.36 (KHTML, like Gecko) Chrome/76.0.3809.132 Mobile Safari/537.36"
::ffff:192.168.0.29 - - [02/Sep/2019:08:33:36 +0000] "POST /rosemary/zone1/cam1 HTTP/1.1" 201 - "http://192.168.0.14/slide0.html" "Mozilla/5.0 (Linux; Android 9; SM-G950N) AppleWebKit/537.36 (KHTML, like Gecko) Chrome/76.0.3809.132 Mobile Safari/537.36"
::ffff:192.168.0.29 - - [02/Sep/2019:08:33:39 +0000] "POST /rosemary/zone1/cam1 HTTP/1.1" 201 - "http://192.168.0.14/slide0.html" "Mozilla/5.0 (Linux; Android 9; SM-G950N) AppleWebKit/537.36 (KHTML, like Gecko) Chrome/76.0.3809.132 Mobile Safari/537.36"
::ffff:192.168.0.29 - - [02/Sep/2019:08:33:43 +0000] "OPTIONS /rosemary/zone1/cam1 HTTP/1.1" 200 2 "http://192.168.0.14/slide0.html" "Mozilla/5.0 (Linux; Android 9; SM-G950N) AppleWebKit/537.36 (KHTML, like Gecko) Chrome/76.0.3809.132 Mobile Safari/537.36"
::ffff:192.168.0.29 - - [02/Sep/2019:08:33:43 +0000] "POST /rosemary/zone1/cam1 HTTP/1.1" 201 - "http://192.168.0.14/slide0.html" "Mozilla/5.0 (Linux; Android 9; SM-G950N) AppleWebKit/537.36 (KHTML, like Gecko) Chrome/76.0.3809.132 Mobile Safari/537.36"
::ffff:192.168.0.29 - - [02/Sep/2019:08:33:54 +0000] "OPTIONS /rosemary/zone1/cam1 HTTP/1.1" 200 2 "http://192.168.0.14/slide0.html" "Mozilla/5.0 (Linux; Android 9; SM-G950N) AppleWebKit/537.36 (KHTML, like Gecko) Chrome/76.0.3809.132 Mobile Safari/537.36"
::ffff:192.168.0.29 - - [02/Sep/2019:08:33:54 +0000] "POST /rosemary/zone1/cam1 HTTP/1.1" 201 - "http://192.168.0.14/slide0.html" "Mozilla/5.0 (Linux; Android 9; SM-G950N) AppleWebKit/537.36 (KHTML, like Gecko) Chrome/76.0.3809.132 Mobile Safari/537.36"
::ffff:192.168.0.29 - - [02/Sep/2019:08:33:59 +0000] "POST /rosemary/zone1/cam1 HTTP/1.1" 201 - "http://192.168.0.14/slide0.html" "Mozilla/5.0 (Linux; Android 9; SM-G950N) AppleWebKit/537.36 (KHTML, like Gecko) Chrome/76.0.3809.132 Mobile Safari/537.36"
::ffff:192.168.0.29 - - [02/Sep/2019:08:34:05 +0000] "OPTIONS /rosemary/zone1/cam1 HTTP/1.1" 200 2 "http://192.168.0.14/slide0.html" "Mozilla/5.0 (Linux; Android 9; SM-G950N) AppleWebKit/537.36 (KHTML, like Gecko) Chrome/76.0.3809.132 Mobile Safari/537.36"
::ffff:192.168.0.29 - - [02/Sep/2019:08:34:05 +0000] "POST /rosemary/zone1/cam1 HTTP/1.1" 201 - "http://192.168.0.14/slide0.html" "Mozilla/5.0 (Linux; Android 9; SM-G950N) AppleWebKit/537.36 (KHTML, like Gecko) Chrome/76.0.3809.132 Mobile Safari/537.36"
::ffff:192.168.0.29 - - [02/Sep/2019:08:34:09 +0000] "POST /rosemary/zone1/cam1 HTTP/1.1" 201 - "http://192.168.0.14/slide0.html" "Mozilla/5.0 (Linux; Android 9; SM-G950N) AppleWebKit/537.36 (KHTML, like Gecko) Chrome/76.0.3809.132 Mobile Safari/537.36"
