::ffff:127.0.0.1 - - [01/Oct/2019:12:19:31 +0000] "GET /rosemary HTTP/1.1" 200 - "-" "-"
::ffff:127.0.0.1 - - [01/Oct/2019:12:19:31 +0000] "GET /rosemary HTTP/1.1" 200 - "-" "-"
::ffff:127.0.0.1 - - [01/Oct/2019:12:19:33 +0000] "POST /rosemary HTTP/1.1" 409 - "-" "-"
::ffff:127.0.0.1 - - [01/Oct/2019:12:19:33 +0000] "GET /rosemary?fu=1&ty=29 HTTP/1.1" 200 - "-" "-"
::ffff:192.168.0.8 - - [01/Oct/2019:12:19:52 +0000] "OPTIONS /rosemary/zone1/currentUser/la HTTP/1.1" 200 2 "-" "Mozilla/5.0 (Windows NT 10.0; Win64; x64) AppleWebKit/537.36 (KHTML, like Gecko) Chrome/77.0.3865.90 Safari/537.36"
::ffff:192.168.0.8 - - [01/Oct/2019:12:19:52 +0000] "GET /rosemary/zone1/currentUser/la HTTP/1.1" 200 - "-" "Mozilla/5.0 (Windows NT 10.0; Win64; x64) AppleWebKit/537.36 (KHTML, like Gecko) Chrome/77.0.3865.90 Safari/537.36"
::ffff:192.168.0.8 - - [01/Oct/2019:12:19:52 +0000] "GET /rosemary/zone1/currentUser/la HTTP/1.1" 200 - "-" "Mozilla/5.0 (Windows NT 10.0; Win64; x64) AppleWebKit/537.36 (KHTML, like Gecko) Chrome/77.0.3865.90 Safari/537.36"
::ffff:192.168.0.8 - - [01/Oct/2019:12:19:52 +0000] "OPTIONS /rosemary/zone1/1234?lim=10&rcn=4 HTTP/1.1" 200 2 "-" "Mozilla/5.0 (Windows NT 10.0; Win64; x64) AppleWebKit/537.36 (KHTML, like Gecko) Chrome/77.0.3865.90 Safari/537.36"
::ffff:192.168.0.8 - - [01/Oct/2019:12:19:52 +0000] "GET /rosemary/zone1/1234?lim=10&rcn=4 HTTP/1.1" 200 - "-" "Mozilla/5.0 (Windows NT 10.0; Win64; x64) AppleWebKit/537.36 (KHTML, like Gecko) Chrome/77.0.3865.90 Safari/537.36"
::ffff:192.168.0.8 - - [01/Oct/2019:12:20:07 +0000] "OPTIONS /rosemary/zone1/currentUser/la HTTP/1.1" 200 2 "-" "Mozilla/5.0 (Windows NT 10.0; Win64; x64) AppleWebKit/537.36 (KHTML, like Gecko) Chrome/77.0.3865.90 Safari/537.36"
::ffff:192.168.0.8 - - [01/Oct/2019:12:20:07 +0000] "GET /rosemary/zone1/currentUser/la HTTP/1.1" 200 - "-" "Mozilla/5.0 (Windows NT 10.0; Win64; x64) AppleWebKit/537.36 (KHTML, like Gecko) Chrome/77.0.3865.90 Safari/537.36"
::ffff:192.168.0.8 - - [01/Oct/2019:12:20:12 +0000] "OPTIONS /rosemary/zone1/1234?lim=10&rcn=4 HTTP/1.1" 200 2 "-" "Mozilla/5.0 (Windows NT 10.0; Win64; x64) AppleWebKit/537.36 (KHTML, like Gecko) Chrome/77.0.3865.90 Safari/537.36"
::ffff:192.168.0.3 - - [01/Oct/2019:12:21:28 +0000] "POST /rosemary HTTP/1.1" 409 - "-" "-"
::ffff:192.168.0.3 - - [01/Oct/2019:12:21:30 +0000] "GET /rosemary/zone1 HTTP/1.1" 200 - "-" "-"
::ffff:192.168.0.3 - - [01/Oct/2019:12:21:32 +0000] "POST /rosemary/zone1 HTTP/1.1" 409 - "-" "-"
::ffff:192.168.0.3 - - [01/Oct/2019:12:21:34 +0000] "POST /rosemary/zone1 HTTP/1.1" 409 - "-" "-"
::ffff:192.168.0.3 - - [01/Oct/2019:12:21:36 +0000] "POST /rosemary/zone1 HTTP/1.1" 409 - "-" "-"
::ffff:192.168.0.3 - - [01/Oct/2019:12:21:38 +0000] "DELETE /rosemary/zone1/cam1/sub HTTP/1.1" 200 - "-" "-"
::ffff:192.168.0.3 - - [01/Oct/2019:12:21:40 +0000] "DELETE /rosemary/zone1/state/sub HTTP/1.1" 200 - "-" "-"
::ffff:192.168.0.3 - - [01/Oct/2019:12:21:42 +0000] "DELETE /rosemary/zone1/currentUser/sub HTTP/1.1" 200 - "-" "-"
::ffff:192.168.0.3 - - [01/Oct/2019:12:21:44 +0000] "POST /rosemary/zone1/cam1 HTTP/1.1" 201 - "-" "-"
::ffff:192.168.0.3 - - [01/Oct/2019:12:21:46 +0000] "POST /rosemary/zone1/state HTTP/1.1" 201 - "-" "-"
::ffff:192.168.0.3 - - [01/Oct/2019:12:21:48 +0000] "POST /rosemary/zone1/currentUser HTTP/1.1" 201 - "-" "-"
::ffff:192.168.0.34 - - [01/Oct/2019:12:22:39 +0000] "POST /rosemary HTTP/1.1" 409 - "-" "-"
::ffff:192.168.0.34 - - [01/Oct/2019:12:22:41 +0000] "GET /rosemary/zone1 HTTP/1.1" 200 - "-" "-"
::ffff:192.168.0.34 - - [01/Oct/2019:12:22:43 +0000] "POST /rosemary/zone1 HTTP/1.1" 409 - "-" "-"
::ffff:192.168.0.34 - - [01/Oct/2019:12:22:45 +0000] "POST /rosemary/zone1 HTTP/1.1" 409 - "-" "-"
::ffff:192.168.0.34 - - [01/Oct/2019:12:22:47 +0000] "POST /rosemary/zone1 HTTP/1.1" 409 - "-" "-"
::ffff:192.168.0.34 - - [01/Oct/2019:12:22:49 +0000] "DELETE /rosemary/zone1/cam2/sub HTTP/1.1" 200 - "-" "-"
::ffff:192.168.0.34 - - [01/Oct/2019:12:22:51 +0000] "DELETE /rosemary/zone1/state/sub HTTP/1.1" 200 - "-" "-"
::ffff:192.168.0.34 - - [01/Oct/2019:12:22:53 +0000] "DELETE /rosemary/zone1/currentUser/sub HTTP/1.1" 200 - "-" "-"
::ffff:192.168.0.34 - - [01/Oct/2019:12:22:55 +0000] "POST /rosemary/zone1/cam2 HTTP/1.1" 201 - "-" "-"
::ffff:192.168.0.34 - - [01/Oct/2019:12:22:57 +0000] "POST /rosemary/zone1/state HTTP/1.1" 201 - "-" "-"
::ffff:192.168.0.34 - - [01/Oct/2019:12:22:59 +0000] "POST /rosemary/zone1/currentUser HTTP/1.1" 201 - "-" "-"
::ffff:192.168.0.33 - - [01/Oct/2019:12:59:15 +0000] "OPTIONS /rosemary/zone1/currentUser HTTP/1.1" 200 2 "http://114.71.220.111:3030/app/cam_kiosk.html" "Mozilla/5.0 (Linux; Android 9; SM-T510) AppleWebKit/537.36 (KHTML, like Gecko) Chrome/77.0.3865.92 Safari/537.36"
::ffff:192.168.0.33 - - [01/Oct/2019:12:59:15 +0000] "OPTIONS /rosemary/zone1 HTTP/1.1" 200 2 "http://114.71.220.111:3030/app/cam_kiosk.html" "Mozilla/5.0 (Linux; Android 9; SM-T510) AppleWebKit/537.36 (KHTML, like Gecko) Chrome/77.0.3865.92 Safari/537.36"
::ffff:192.168.0.1 - - [01/Oct/2019:12:59:15 +0000] "OPTIONS /rosemary/zone1/state/la HTTP/1.1" 200 2 "http://114.71.220.111:3030/app/cam_kiosk.html" "Mozilla/5.0 (Linux; Android 9; SM-T510) AppleWebKit/537.36 (KHTML, like Gecko) Chrome/77.0.3865.92 Safari/537.36"
::ffff:192.168.0.1 - - [01/Oct/2019:12:59:15 +0000] "GET /rosemary/zone1/state/la HTTP/1.1" 200 - "http://114.71.220.111:3030/app/cam_kiosk.html" "Mozilla/5.0 (Linux; Android 9; SM-T510) AppleWebKit/537.36 (KHTML, like Gecko) Chrome/77.0.3865.92 Safari/537.36"
::ffff:192.168.0.33 - - [01/Oct/2019:12:59:15 +0000] "POST /rosemary/zone1 HTTP/1.1" 201 - "http://114.71.220.111:3030/app/cam_kiosk.html" "Mozilla/5.0 (Linux; Android 9; SM-T510) AppleWebKit/537.36 (KHTML, like Gecko) Chrome/77.0.3865.92 Safari/537.36"
::ffff:192.168.0.33 - - [01/Oct/2019:12:59:15 +0000] "POST /rosemary/zone1/currentUser HTTP/1.1" 201 - "http://114.71.220.111:3030/app/cam_kiosk.html" "Mozilla/5.0 (Linux; Android 9; SM-T510) AppleWebKit/537.36 (KHTML, like Gecko) Chrome/77.0.3865.92 Safari/537.36"
::ffff:192.168.0.2 - - [01/Oct/2019:12:59:15 +0000] "POST /rosemary/zone1/YCPJB1 HTTP/1.1" 201 - "-" "-"
::ffff:192.168.0.2 - - [01/Oct/2019:12:59:16 +0000] "POST /rosemary/zone1/YCPJB1 HTTP/1.1" 409 - "-" "-"
::ffff:192.168.0.2 - - [01/Oct/2019:12:59:16 +0000] "DELETE /rosemary/zone1/YCPJB1/mobiususer02.MOBIUS.BROWSER.APP_sub HTTP/1.1" 200 - "-" "-"
::ffff:192.168.0.2 - - [01/Oct/2019:12:59:16 +0000] "POST /rosemary/zone1/YCPJB1 HTTP/1.1" 201 - "-" "-"
::ffff:192.168.0.2 - - [01/Oct/2019:12:59:17 +0000] "POST /rosemary/zone1/YCPJB1 HTTP/1.1" 409 - "-" "-"
::ffff:192.168.0.2 - - [01/Oct/2019:12:59:17 +0000] "DELETE /rosemary/zone1/YCPJB1/mobiususer02.MOBIUS.BROWSER.APP_sub HTTP/1.1" 200 - "-" "-"
::ffff:192.168.0.2 - - [01/Oct/2019:12:59:17 +0000] "POST /rosemary/zone1/YCPJB1 HTTP/1.1" 201 - "-" "-"
::ffff:192.168.0.33 - - [01/Oct/2019:13:08:08 +0000] "OPTIONS /rosemary/zone1/currentUser HTTP/1.1" 200 2 "http://114.71.220.111:3030/app/cam_kiosk.html" "Mozilla/5.0 (Linux; Android 9; SM-T510) AppleWebKit/537.36 (KHTML, like Gecko) Chrome/77.0.3865.92 Safari/537.36"
::ffff:192.168.0.33 - - [01/Oct/2019:13:08:08 +0000] "OPTIONS /rosemary/zone1 HTTP/1.1" 200 2 "http://114.71.220.111:3030/app/cam_kiosk.html" "Mozilla/5.0 (Linux; Android 9; SM-T510) AppleWebKit/537.36 (KHTML, like Gecko) Chrome/77.0.3865.92 Safari/537.36"
::ffff:192.168.0.1 - - [01/Oct/2019:13:08:08 +0000] "OPTIONS /rosemary/zone1/state/la HTTP/1.1" 200 2 "http://114.71.220.111:3030/app/cam_kiosk.html" "Mozilla/5.0 (Linux; Android 9; SM-T510) AppleWebKit/537.36 (KHTML, like Gecko) Chrome/77.0.3865.92 Safari/537.36"
::ffff:192.168.0.1 - - [01/Oct/2019:13:08:08 +0000] "GET /rosemary/zone1/state/la HTTP/1.1" 200 - "http://114.71.220.111:3030/app/cam_kiosk.html" "Mozilla/5.0 (Linux; Android 9; SM-T510) AppleWebKit/537.36 (KHTML, like Gecko) Chrome/77.0.3865.92 Safari/537.36"
::ffff:192.168.0.33 - - [01/Oct/2019:13:08:08 +0000] "POST /rosemary/zone1 HTTP/1.1" 201 - "http://114.71.220.111:3030/app/cam_kiosk.html" "Mozilla/5.0 (Linux; Android 9; SM-T510) AppleWebKit/537.36 (KHTML, like Gecko) Chrome/77.0.3865.92 Safari/537.36"
::ffff:192.168.0.33 - - [01/Oct/2019:13:08:08 +0000] "POST /rosemary/zone1/currentUser HTTP/1.1" 201 - "http://114.71.220.111:3030/app/cam_kiosk.html" "Mozilla/5.0 (Linux; Android 9; SM-T510) AppleWebKit/537.36 (KHTML, like Gecko) Chrome/77.0.3865.92 Safari/537.36"
::ffff:192.168.0.2 - - [01/Oct/2019:13:08:09 +0000] "POST /rosemary/zone1/Y9IDN6 HTTP/1.1" 201 - "-" "-"
::ffff:192.168.0.2 - - [01/Oct/2019:13:08:10 +0000] "POST /rosemary/zone1/Y9IDN6 HTTP/1.1" 409 - "-" "-"
::ffff:192.168.0.2 - - [01/Oct/2019:13:08:10 +0000] "DELETE /rosemary/zone1/Y9IDN6/mobiususer02.MOBIUS.BROWSER.APP_sub HTTP/1.1" 200 - "-" "-"
::ffff:192.168.0.2 - - [01/Oct/2019:13:08:10 +0000] "POST /rosemary/zone1/Y9IDN6 HTTP/1.1" 201 - "-" "-"
::ffff:192.168.0.2 - - [01/Oct/2019:13:08:11 +0000] "POST /rosemary/zone1/Y9IDN6 HTTP/1.1" 409 - "-" "-"
::ffff:192.168.0.2 - - [01/Oct/2019:13:08:11 +0000] "DELETE /rosemary/zone1/Y9IDN6/mobiususer02.MOBIUS.BROWSER.APP_sub HTTP/1.1" 200 - "-" "-"
::ffff:192.168.0.2 - - [01/Oct/2019:13:08:11 +0000] "POST /rosemary/zone1/Y9IDN6 HTTP/1.1" 201 - "-" "-"
::ffff:192.168.0.33 - - [01/Oct/2019:13:08:23 +0000] "OPTIONS /rosemary/zone1/currentUser HTTP/1.1" 200 2 "http://114.71.220.111:3030/app/camera.html" "Mozilla/5.0 (Linux; Android 9; SM-T510) AppleWebKit/537.36 (KHTML, like Gecko) Chrome/77.0.3865.92 Safari/537.36"
::ffff:192.168.0.33 - - [01/Oct/2019:13:08:23 +0000] "OPTIONS /rosemary/zone1 HTTP/1.1" 200 2 "http://114.71.220.111:3030/app/camera.html" "Mozilla/5.0 (Linux; Android 9; SM-T510) AppleWebKit/537.36 (KHTML, like Gecko) Chrome/77.0.3865.92 Safari/537.36"
::ffff:192.168.0.1 - - [01/Oct/2019:13:08:23 +0000] "OPTIONS /rosemary/zone1/state/la HTTP/1.1" 200 2 "http://114.71.220.111:3030/app/camera.html" "Mozilla/5.0 (Linux; Android 9; SM-T510) AppleWebKit/537.36 (KHTML, like Gecko) Chrome/77.0.3865.92 Safari/537.36"
::ffff:192.168.0.1 - - [01/Oct/2019:13:08:23 +0000] "GET /rosemary/zone1/state/la HTTP/1.1" 200 - "http://114.71.220.111:3030/app/camera.html" "Mozilla/5.0 (Linux; Android 9; SM-T510) AppleWebKit/537.36 (KHTML, like Gecko) Chrome/77.0.3865.92 Safari/537.36"
::ffff:192.168.0.33 - - [01/Oct/2019:13:08:23 +0000] "POST /rosemary/zone1/currentUser HTTP/1.1" 201 - "http://114.71.220.111:3030/app/camera.html" "Mozilla/5.0 (Linux; Android 9; SM-T510) AppleWebKit/537.36 (KHTML, like Gecko) Chrome/77.0.3865.92 Safari/537.36"
::ffff:192.168.0.33 - - [01/Oct/2019:13:08:23 +0000] "POST /rosemary/zone1 HTTP/1.1" 201 - "http://114.71.220.111:3030/app/camera.html" "Mozilla/5.0 (Linux; Android 9; SM-T510) AppleWebKit/537.36 (KHTML, like Gecko) Chrome/77.0.3865.92 Safari/537.36"
::ffff:192.168.0.2 - - [01/Oct/2019:13:08:24 +0000] "POST /rosemary/zone1/Y8AMLF HTTP/1.1" 201 - "-" "-"
::ffff:192.168.0.2 - - [01/Oct/2019:13:08:25 +0000] "POST /rosemary/zone1/Y8AMLF HTTP/1.1" 409 - "-" "-"
::ffff:192.168.0.2 - - [01/Oct/2019:13:08:25 +0000] "DELETE /rosemary/zone1/Y8AMLF/mobiususer02.MOBIUS.BROWSER.APP_sub HTTP/1.1" 200 - "-" "-"
::ffff:192.168.0.2 - - [01/Oct/2019:13:08:25 +0000] "POST /rosemary/zone1/Y8AMLF HTTP/1.1" 201 - "-" "-"
::ffff:192.168.0.2 - - [01/Oct/2019:13:08:26 +0000] "POST /rosemary/zone1/Y8AMLF HTTP/1.1" 409 - "-" "-"
::ffff:192.168.0.2 - - [01/Oct/2019:13:08:26 +0000] "DELETE /rosemary/zone1/Y8AMLF/mobiususer02.MOBIUS.BROWSER.APP_sub HTTP/1.1" 200 - "-" "-"
::ffff:192.168.0.2 - - [01/Oct/2019:13:08:26 +0000] "POST /rosemary/zone1/Y8AMLF HTTP/1.1" 201 - "-" "-"
::ffff:192.168.0.33 - - [01/Oct/2019:13:09:21 +0000] "OPTIONS /rosemary/zone1/currentUser HTTP/1.1" 200 2 "http://114.71.220.111:3030/app/camera.html" "Mozilla/5.0 (Linux; Android 9; SM-T510) AppleWebKit/537.36 (KHTML, like Gecko) Chrome/77.0.3865.92 Safari/537.36"
::ffff:192.168.0.33 - - [01/Oct/2019:13:09:21 +0000] "OPTIONS /rosemary/zone1 HTTP/1.1" 200 2 "http://114.71.220.111:3030/app/camera.html" "Mozilla/5.0 (Linux; Android 9; SM-T510) AppleWebKit/537.36 (KHTML, like Gecko) Chrome/77.0.3865.92 Safari/537.36"
::ffff:192.168.0.1 - - [01/Oct/2019:13:09:21 +0000] "OPTIONS /rosemary/zone1/state/la HTTP/1.1" 200 2 "http://114.71.220.111:3030/app/camera.html" "Mozilla/5.0 (Linux; Android 9; SM-T510) AppleWebKit/537.36 (KHTML, like Gecko) Chrome/77.0.3865.92 Safari/537.36"
::ffff:192.168.0.1 - - [01/Oct/2019:13:09:21 +0000] "GET /rosemary/zone1/state/la HTTP/1.1" 200 - "http://114.71.220.111:3030/app/camera.html" "Mozilla/5.0 (Linux; Android 9; SM-T510) AppleWebKit/537.36 (KHTML, like Gecko) Chrome/77.0.3865.92 Safari/537.36"
::ffff:192.168.0.33 - - [01/Oct/2019:13:09:21 +0000] "POST /rosemary/zone1 HTTP/1.1" 201 - "http://114.71.220.111:3030/app/camera.html" "Mozilla/5.0 (Linux; Android 9; SM-T510) AppleWebKit/537.36 (KHTML, like Gecko) Chrome/77.0.3865.92 Safari/537.36"
::ffff:192.168.0.33 - - [01/Oct/2019:13:09:21 +0000] "POST /rosemary/zone1/currentUser HTTP/1.1" 201 - "http://114.71.220.111:3030/app/camera.html" "Mozilla/5.0 (Linux; Android 9; SM-T510) AppleWebKit/537.36 (KHTML, like Gecko) Chrome/77.0.3865.92 Safari/537.36"
::ffff:192.168.0.2 - - [01/Oct/2019:13:09:21 +0000] "POST /rosemary/zone1/YLA9H6 HTTP/1.1" 201 - "-" "-"
::ffff:192.168.0.2 - - [01/Oct/2019:13:09:22 +0000] "POST /rosemary/zone1/YLA9H6 HTTP/1.1" 409 - "-" "-"
::ffff:192.168.0.2 - - [01/Oct/2019:13:09:22 +0000] "DELETE /rosemary/zone1/YLA9H6/mobiususer02.MOBIUS.BROWSER.APP_sub HTTP/1.1" 200 - "-" "-"
::ffff:192.168.0.2 - - [01/Oct/2019:13:09:22 +0000] "POST /rosemary/zone1/YLA9H6 HTTP/1.1" 201 - "-" "-"
::ffff:192.168.0.2 - - [01/Oct/2019:13:09:23 +0000] "POST /rosemary/zone1/YLA9H6 HTTP/1.1" 409 - "-" "-"
::ffff:192.168.0.2 - - [01/Oct/2019:13:09:23 +0000] "DELETE /rosemary/zone1/YLA9H6/mobiususer02.MOBIUS.BROWSER.APP_sub HTTP/1.1" 200 - "-" "-"
::ffff:192.168.0.2 - - [01/Oct/2019:13:09:23 +0000] "POST /rosemary/zone1/YLA9H6 HTTP/1.1" 201 - "-" "-"
::ffff:192.168.0.33 - - [01/Oct/2019:13:09:49 +0000] "OPTIONS /rosemary/zone1/currentUser/la HTTP/1.1" 200 2 "http://114.71.220.111:3030/app/slide0.html" "Mozilla/5.0 (Linux; Android 9; SM-T510) AppleWebKit/537.36 (KHTML, like Gecko) Chrome/77.0.3865.92 Safari/537.36"
::ffff:192.168.0.33 - - [01/Oct/2019:13:09:49 +0000] "GET /rosemary/zone1/currentUser/la HTTP/1.1" 200 - "http://114.71.220.111:3030/app/slide0.html" "Mozilla/5.0 (Linux; Android 9; SM-T510) AppleWebKit/537.36 (KHTML, like Gecko) Chrome/77.0.3865.92 Safari/537.36"
::ffff:192.168.0.33 - - [01/Oct/2019:13:09:50 +0000] "GET /rosemary/zone1/currentUser/la HTTP/1.1" 200 - "http://114.71.220.111:3030/app/slide0.html" "Mozilla/5.0 (Linux; Android 9; SM-T510) AppleWebKit/537.36 (KHTML, like Gecko) Chrome/77.0.3865.92 Safari/537.36"
::ffff:192.168.0.33 - - [01/Oct/2019:13:09:50 +0000] "OPTIONS /rosemary/zone1/1234?lim=10&rcn=4 HTTP/1.1" 200 2 "http://114.71.220.111:3030/app/slide0.html" "Mozilla/5.0 (Linux; Android 9; SM-T510) AppleWebKit/537.36 (KHTML, like Gecko) Chrome/77.0.3865.92 Safari/537.36"
::ffff:192.168.0.33 - - [01/Oct/2019:13:09:50 +0000] "GET /rosemary/zone1/1234?lim=10&rcn=4 HTTP/1.1" 200 - "http://114.71.220.111:3030/app/slide0.html" "Mozilla/5.0 (Linux; Android 9; SM-T510) AppleWebKit/537.36 (KHTML, like Gecko) Chrome/77.0.3865.92 Safari/537.36"
::ffff:192.168.0.33 - - [01/Oct/2019:13:10:04 +0000] "OPTIONS /rosemary/zone1/cam1 HTTP/1.1" 200 2 "http://114.71.220.111:3030/app/slide0.html" "Mozilla/5.0 (Linux; Android 9; SM-T510) AppleWebKit/537.36 (KHTML, like Gecko) Chrome/77.0.3865.92 Safari/537.36"
::ffff:192.168.0.33 - - [01/Oct/2019:13:10:04 +0000] "POST /rosemary/zone1/cam1 HTTP/1.1" 201 - "http://114.71.220.111:3030/app/slide0.html" "Mozilla/5.0 (Linux; Android 9; SM-T510) AppleWebKit/537.36 (KHTML, like Gecko) Chrome/77.0.3865.92 Safari/537.36"
::ffff:192.168.0.33 - - [01/Oct/2019:13:10:06 +0000] "POST /rosemary/zone1/cam1 HTTP/1.1" 201 - "http://114.71.220.111:3030/app/slide0.html" "Mozilla/5.0 (Linux; Android 9; SM-T510) AppleWebKit/537.36 (KHTML, like Gecko) Chrome/77.0.3865.92 Safari/537.36"
::ffff:192.168.0.33 - - [01/Oct/2019:13:10:07 +0000] "POST /rosemary/zone1/cam1 HTTP/1.1" 201 - "http://114.71.220.111:3030/app/slide0.html" "Mozilla/5.0 (Linux; Android 9; SM-T510) AppleWebKit/537.36 (KHTML, like Gecko) Chrome/77.0.3865.92 Safari/537.36"
::ffff:192.168.0.33 - - [01/Oct/2019:13:10:08 +0000] "POST /rosemary/zone1/cam1 HTTP/1.1" 201 - "http://114.71.220.111:3030/app/slide0.html" "Mozilla/5.0 (Linux; Android 9; SM-T510) AppleWebKit/537.36 (KHTML, like Gecko) Chrome/77.0.3865.92 Safari/537.36"
::ffff:192.168.0.33 - - [01/Oct/2019:13:10:09 +0000] "POST /rosemary/zone1/cam1 HTTP/1.1" 201 - "http://114.71.220.111:3030/app/slide0.html" "Mozilla/5.0 (Linux; Android 9; SM-T510) AppleWebKit/537.36 (KHTML, like Gecko) Chrome/77.0.3865.92 Safari/537.36"
::ffff:192.168.0.33 - - [01/Oct/2019:13:10:09 +0000] "POST /rosemary/zone1/cam1 HTTP/1.1" 201 - "http://114.71.220.111:3030/app/slide0.html" "Mozilla/5.0 (Linux; Android 9; SM-T510) AppleWebKit/537.36 (KHTML, like Gecko) Chrome/77.0.3865.92 Safari/537.36"
::ffff:192.168.0.33 - - [01/Oct/2019:13:10:09 +0000] "POST /rosemary/zone1/cam1 HTTP/1.1" 201 - "http://114.71.220.111:3030/app/slide0.html" "Mozilla/5.0 (Linux; Android 9; SM-T510) AppleWebKit/537.36 (KHTML, like Gecko) Chrome/77.0.3865.92 Safari/537.36"
::ffff:192.168.0.33 - - [01/Oct/2019:13:10:10 +0000] "OPTIONS /rosemary/zone1/cam1 HTTP/1.1" 200 2 "http://114.71.220.111:3030/app/slide0.html" "Mozilla/5.0 (Linux; Android 9; SM-T510) AppleWebKit/537.36 (KHTML, like Gecko) Chrome/77.0.3865.92 Safari/537.36"
::ffff:192.168.0.33 - - [01/Oct/2019:13:10:10 +0000] "OPTIONS /rosemary/zone1/cam1 HTTP/1.1" 200 2 "http://114.71.220.111:3030/app/slide0.html" "Mozilla/5.0 (Linux; Android 9; SM-T510) AppleWebKit/537.36 (KHTML, like Gecko) Chrome/77.0.3865.92 Safari/537.36"
::ffff:192.168.0.33 - - [01/Oct/2019:13:10:10 +0000] "OPTIONS /rosemary/zone1/cam1 HTTP/1.1" 200 2 "http://114.71.220.111:3030/app/slide0.html" "Mozilla/5.0 (Linux; Android 9; SM-T510) AppleWebKit/537.36 (KHTML, like Gecko) Chrome/77.0.3865.92 Safari/537.36"
::ffff:192.168.0.33 - - [01/Oct/2019:13:10:10 +0000] "OPTIONS /rosemary/zone1/cam1 HTTP/1.1" 200 2 "http://114.71.220.111:3030/app/slide0.html" "Mozilla/5.0 (Linux; Android 9; SM-T510) AppleWebKit/537.36 (KHTML, like Gecko) Chrome/77.0.3865.92 Safari/537.36"
::ffff:192.168.0.33 - - [01/Oct/2019:13:10:10 +0000] "POST /rosemary/zone1/cam1 HTTP/1.1" 201 - "http://114.71.220.111:3030/app/slide0.html" "Mozilla/5.0 (Linux; Android 9; SM-T510) AppleWebKit/537.36 (KHTML, like Gecko) Chrome/77.0.3865.92 Safari/537.36"
::ffff:192.168.0.33 - - [01/Oct/2019:13:10:10 +0000] "POST /rosemary/zone1/cam1 HTTP/1.1" 201 - "http://114.71.220.111:3030/app/slide0.html" "Mozilla/5.0 (Linux; Android 9; SM-T510) AppleWebKit/537.36 (KHTML, like Gecko) Chrome/77.0.3865.92 Safari/537.36"
::ffff:192.168.0.33 - - [01/Oct/2019:13:10:10 +0000] "POST /rosemary/zone1/cam1 HTTP/1.1" 201 - "http://114.71.220.111:3030/app/slide0.html" "Mozilla/5.0 (Linux; Android 9; SM-T510) AppleWebKit/537.36 (KHTML, like Gecko) Chrome/77.0.3865.92 Safari/537.36"
::ffff:192.168.0.33 - - [01/Oct/2019:13:10:10 +0000] "POST /rosemary/zone1/cam1 HTTP/1.1" 201 - "http://114.71.220.111:3030/app/slide0.html" "Mozilla/5.0 (Linux; Android 9; SM-T510) AppleWebKit/537.36 (KHTML, like Gecko) Chrome/77.0.3865.92 Safari/537.36"
::ffff:192.168.0.33 - - [01/Oct/2019:13:10:13 +0000] "POST /rosemary/zone1/cam1 HTTP/1.1" 201 - "http://114.71.220.111:3030/app/slide0.html" "Mozilla/5.0 (Linux; Android 9; SM-T510) AppleWebKit/537.36 (KHTML, like Gecko) Chrome/77.0.3865.92 Safari/537.36"
::ffff:192.168.0.33 - - [01/Oct/2019:13:10:14 +0000] "POST /rosemary/zone1/cam1 HTTP/1.1" 201 - "http://114.71.220.111:3030/app/slide0.html" "Mozilla/5.0 (Linux; Android 9; SM-T510) AppleWebKit/537.36 (KHTML, like Gecko) Chrome/77.0.3865.92 Safari/537.36"
::ffff:192.168.0.33 - - [01/Oct/2019:13:10:15 +0000] "OPTIONS /rosemary/zone1/cam1 HTTP/1.1" 200 2 "http://114.71.220.111:3030/app/slide0.html" "Mozilla/5.0 (Linux; Android 9; SM-T510) AppleWebKit/537.36 (KHTML, like Gecko) Chrome/77.0.3865.92 Safari/537.36"
::ffff:192.168.0.33 - - [01/Oct/2019:13:10:16 +0000] "POST /rosemary/zone1/cam1 HTTP/1.1" 201 - "http://114.71.220.111:3030/app/slide0.html" "Mozilla/5.0 (Linux; Android 9; SM-T510) AppleWebKit/537.36 (KHTML, like Gecko) Chrome/77.0.3865.92 Safari/537.36"
::ffff:192.168.0.33 - - [01/Oct/2019:13:10:24 +0000] "OPTIONS /rosemary/zone1/cam1 HTTP/1.1" 200 2 "http://114.71.220.111:3030/app/slide0.html" "Mozilla/5.0 (Linux; Android 9; SM-T510) AppleWebKit/537.36 (KHTML, like Gecko) Chrome/77.0.3865.92 Safari/537.36"
::ffff:192.168.0.33 - - [01/Oct/2019:13:10:24 +0000] "POST /rosemary/zone1/cam1 HTTP/1.1" 201 - "http://114.71.220.111:3030/app/slide0.html" "Mozilla/5.0 (Linux; Android 9; SM-T510) AppleWebKit/537.36 (KHTML, like Gecko) Chrome/77.0.3865.92 Safari/537.36"
::ffff:192.168.0.33 - - [01/Oct/2019:13:10:25 +0000] "POST /rosemary/zone1/cam1 HTTP/1.1" 201 - "http://114.71.220.111:3030/app/slide0.html" "Mozilla/5.0 (Linux; Android 9; SM-T510) AppleWebKit/537.36 (KHTML, like Gecko) Chrome/77.0.3865.92 Safari/537.36"
::ffff:192.168.0.33 - - [01/Oct/2019:13:10:26 +0000] "POST /rosemary/zone1/cam1 HTTP/1.1" 201 - "http://114.71.220.111:3030/app/slide0.html" "Mozilla/5.0 (Linux; Android 9; SM-T510) AppleWebKit/537.36 (KHTML, like Gecko) Chrome/77.0.3865.92 Safari/537.36"
::ffff:192.168.0.33 - - [01/Oct/2019:13:10:54 +0000] "OPTIONS /rosemary/zone1/cam1 HTTP/1.1" 200 2 "http://114.71.220.111:3030/app/slide0.html" "Mozilla/5.0 (Linux; Android 9; SM-T510) AppleWebKit/537.36 (KHTML, like Gecko) Chrome/77.0.3865.92 Safari/537.36"
::ffff:192.168.0.2 - - [01/Oct/2019:13:10:56 +0000] "POST /rosemary/zone1/YLA9H6 HTTP/1.1" 409 - "-" "-"
::ffff:192.168.0.2 - - [01/Oct/2019:13:10:56 +0000] "DELETE /rosemary/zone1/YLA9H6/mobiususer02.MOBIUS.BROWSER.APP_sub HTTP/1.1" 200 - "-" "-"
::ffff:192.168.0.2 - - [01/Oct/2019:13:10:56 +0000] "POST /rosemary/zone1/YLA9H6 HTTP/1.1" 201 - "-" "-"
::ffff:192.168.0.2 - - [01/Oct/2019:13:10:56 +0000] "GET /rosemary/zone1/YLA9H6?rcn=4&lvl=1&ty=23&ty=3&ty=24 HTTP/1.1" 200 - "-" "-"
::ffff:192.168.0.2 - - [01/Oct/2019:13:10:56 +0000] "GET /rosemary/zone1/YLA9H6?rcn=4&lvl=1&ty=4&la=5 HTTP/1.1" 200 - "-" "-"
::ffff:192.168.0.33 - - [01/Oct/2019:13:10:56 +0000] "POST /rosemary/zone1/cam1 HTTP/1.1" 201 - "http://114.71.220.111:3030/app/slide0.html" "Mozilla/5.0 (Linux; Android 9; SM-T510) AppleWebKit/537.36 (KHTML, like Gecko) Chrome/77.0.3865.92 Safari/537.36"
::ffff:192.168.0.1 - - [01/Oct/2019:13:10:56 +0000] "POST /rosemary/zone1/YLA9H6 HTTP/1.1" 201 - "-" "-"
::ffff:192.168.0.33 - - [01/Oct/2019:13:10:59 +0000] "OPTIONS /rosemary/zone1/currentUser/la HTTP/1.1" 200 2 "http://114.71.220.111:3030/app/slide0.html" "Mozilla/5.0 (Linux; Android 9; SM-T510) AppleWebKit/537.36 (KHTML, like Gecko) Chrome/77.0.3865.92 Safari/537.36"
::ffff:192.168.0.33 - - [01/Oct/2019:13:11:00 +0000] "GET /rosemary/zone1/currentUser/la HTTP/1.1" 200 - "http://114.71.220.111:3030/app/slide0.html" "Mozilla/5.0 (Linux; Android 9; SM-T510) AppleWebKit/537.36 (KHTML, like Gecko) Chrome/77.0.3865.92 Safari/537.36"
::ffff:192.168.0.33 - - [01/Oct/2019:13:11:00 +0000] "GET /rosemary/zone1/currentUser/la HTTP/1.1" 200 - "http://114.71.220.111:3030/app/slide0.html" "Mozilla/5.0 (Linux; Android 9; SM-T510) AppleWebKit/537.36 (KHTML, like Gecko) Chrome/77.0.3865.92 Safari/537.36"
::ffff:192.168.0.33 - - [01/Oct/2019:13:11:00 +0000] "OPTIONS /rosemary/zone1/1234?lim=10&rcn=4 HTTP/1.1" 200 2 "http://114.71.220.111:3030/app/slide0.html" "Mozilla/5.0 (Linux; Android 9; SM-T510) AppleWebKit/537.36 (KHTML, like Gecko) Chrome/77.0.3865.92 Safari/537.36"
::ffff:192.168.0.33 - - [01/Oct/2019:13:11:00 +0000] "GET /rosemary/zone1/1234?lim=10&rcn=4 HTTP/1.1" 200 - "http://114.71.220.111:3030/app/slide0.html" "Mozilla/5.0 (Linux; Android 9; SM-T510) AppleWebKit/537.36 (KHTML, like Gecko) Chrome/77.0.3865.92 Safari/537.36"
::ffff:192.168.0.33 - - [01/Oct/2019:13:11:02 +0000] "OPTIONS /rosemary/zone1/cam1 HTTP/1.1" 200 2 "http://114.71.220.111:3030/app/slide0.html" "Mozilla/5.0 (Linux; Android 9; SM-T510) AppleWebKit/537.36 (KHTML, like Gecko) Chrome/77.0.3865.92 Safari/537.36"
::ffff:192.168.0.33 - - [01/Oct/2019:13:11:02 +0000] "POST /rosemary/zone1/cam1 HTTP/1.1" 201 - "http://114.71.220.111:3030/app/slide0.html" "Mozilla/5.0 (Linux; Android 9; SM-T510) AppleWebKit/537.36 (KHTML, like Gecko) Chrome/77.0.3865.92 Safari/537.36"
::ffff:192.168.0.33 - - [01/Oct/2019:13:11:03 +0000] "POST /rosemary/zone1/cam1 HTTP/1.1" 201 - "http://114.71.220.111:3030/app/slide0.html" "Mozilla/5.0 (Linux; Android 9; SM-T510) AppleWebKit/537.36 (KHTML, like Gecko) Chrome/77.0.3865.92 Safari/537.36"
::ffff:192.168.0.33 - - [01/Oct/2019:13:11:03 +0000] "POST /rosemary/zone1/cam1 HTTP/1.1" 201 - "http://114.71.220.111:3030/app/slide0.html" "Mozilla/5.0 (Linux; Android 9; SM-T510) AppleWebKit/537.36 (KHTML, like Gecko) Chrome/77.0.3865.92 Safari/537.36"
::ffff:192.168.0.33 - - [01/Oct/2019:13:11:03 +0000] "POST /rosemary/zone1/cam1 HTTP/1.1" 201 - "http://114.71.220.111:3030/app/slide0.html" "Mozilla/5.0 (Linux; Android 9; SM-T510) AppleWebKit/537.36 (KHTML, like Gecko) Chrome/77.0.3865.92 Safari/537.36"
::ffff:192.168.0.2 - - [01/Oct/2019:13:11:13 +0000] "POST /6erDrylekm HTTP/1.1" 201 - "-" "-"
::ffff:192.168.0.3 - - [01/Oct/2019:13:11:22 +0000] "POST /rosemary HTTP/1.1" 409 - "-" "-"
::ffff:192.168.0.3 - - [01/Oct/2019:13:11:24 +0000] "GET /rosemary/zone1 HTTP/1.1" 200 - "-" "-"
::ffff:192.168.0.3 - - [01/Oct/2019:13:11:26 +0000] "POST /rosemary/zone1 HTTP/1.1" 409 - "-" "-"
::ffff:192.168.0.3 - - [01/Oct/2019:13:11:28 +0000] "POST /rosemary/zone1 HTTP/1.1" 409 - "-" "-"
::ffff:192.168.0.3 - - [01/Oct/2019:13:11:30 +0000] "POST /rosemary/zone1 HTTP/1.1" 409 - "-" "-"
::ffff:192.168.0.33 - - [01/Oct/2019:13:11:31 +0000] "OPTIONS /rosemary/zone1/currentUser/la HTTP/1.1" 200 2 "http://192.168.0.11/test/slide0.html" "Mozilla/5.0 (Linux; Android 9; SAMSUNG SM-T510) AppleWebKit/537.36 (KHTML, like Gecko) SamsungBrowser/10.1 Chrome/71.0.3578.99 Safari/537.36"
::ffff:192.168.0.33 - - [01/Oct/2019:13:11:31 +0000] "OPTIONS /rosemary/zone1/1234?lim=10&rcn=4 HTTP/1.1" 200 2 "http://192.168.0.11/test/slide0.html" "Mozilla/5.0 (Linux; Android 9; SAMSUNG SM-T510) AppleWebKit/537.36 (KHTML, like Gecko) SamsungBrowser/10.1 Chrome/71.0.3578.99 Safari/537.36"
::ffff:192.168.0.3 - - [01/Oct/2019:13:11:32 +0000] "DELETE /rosemary/zone1/cam1/sub HTTP/1.1" 200 - "-" "-"
::ffff:192.168.0.33 - - [01/Oct/2019:13:11:32 +0000] "OPTIONS /rosemary/zone1/currentUser HTTP/1.1" 200 2 "http://192.168.0.11/test/slide0.html" "Mozilla/5.0 (Linux; Android 9; SAMSUNG SM-T510) AppleWebKit/537.36 (KHTML, like Gecko) SamsungBrowser/10.1 Chrome/71.0.3578.99 Safari/537.36"
::ffff:192.168.0.33 - - [01/Oct/2019:13:11:32 +0000] "OPTIONS /rosemary/zone1 HTTP/1.1" 200 2 "http://192.168.0.11/test/slide0.html" "Mozilla/5.0 (Linux; Android 9; SAMSUNG SM-T510) AppleWebKit/537.36 (KHTML, like Gecko) SamsungBrowser/10.1 Chrome/71.0.3578.99 Safari/537.36"
::ffff:192.168.0.33 - - [01/Oct/2019:13:11:32 +0000] "OPTIONS /rosemary/zone1/state HTTP/1.1" 200 2 "http://192.168.0.11/test/slide0.html" "Mozilla/5.0 (Linux; Android 9; SAMSUNG SM-T510) AppleWebKit/537.36 (KHTML, like Gecko) SamsungBrowser/10.1 Chrome/71.0.3578.99 Safari/537.36"
::ffff:192.168.0.33 - - [01/Oct/2019:13:11:32 +0000] "POST /rosemary/zone1 HTTP/1.1" 409 - "http://192.168.0.11/test/slide0.html" "Mozilla/5.0 (Linux; Android 9; SAMSUNG SM-T510) AppleWebKit/537.36 (KHTML, like Gecko) SamsungBrowser/10.1 Chrome/71.0.3578.99 Safari/537.36"
::ffff:192.168.0.33 - - [01/Oct/2019:13:11:32 +0000] "POST /rosemary/zone1/currentUser HTTP/1.1" 201 - "http://192.168.0.11/test/slide0.html" "Mozilla/5.0 (Linux; Android 9; SAMSUNG SM-T510) AppleWebKit/537.36 (KHTML, like Gecko) SamsungBrowser/10.1 Chrome/71.0.3578.99 Safari/537.36"
::ffff:192.168.0.33 - - [01/Oct/2019:13:11:32 +0000] "POST /rosemary/zone1/state HTTP/1.1" 201 - "http://192.168.0.11/test/slide0.html" "Mozilla/5.0 (Linux; Android 9; SAMSUNG SM-T510) AppleWebKit/537.36 (KHTML, like Gecko) SamsungBrowser/10.1 Chrome/71.0.3578.99 Safari/537.36"
::ffff:192.168.0.3 - - [01/Oct/2019:13:11:34 +0000] "DELETE /rosemary/zone1/state/sub HTTP/1.1" 200 - "-" "-"
::ffff:192.168.0.3 - - [01/Oct/2019:13:11:36 +0000] "DELETE /rosemary/zone1/currentUser/sub HTTP/1.1" 200 - "-" "-"
::ffff:192.168.0.33 - - [01/Oct/2019:13:11:38 +0000] "OPTIONS /rosemary/zone1/currentUser/la HTTP/1.1" 200 2 "http://192.168.0.11/test/slide0.html" "Mozilla/5.0 (Linux; Android 9; SAMSUNG SM-T510) AppleWebKit/537.36 (KHTML, like Gecko) SamsungBrowser/10.1 Chrome/71.0.3578.99 Safari/537.36"
::ffff:192.168.0.33 - - [01/Oct/2019:13:11:38 +0000] "GET /rosemary/zone1/currentUser/la HTTP/1.1" 200 - "http://192.168.0.11/test/slide0.html" "Mozilla/5.0 (Linux; Android 9; SAMSUNG SM-T510) AppleWebKit/537.36 (KHTML, like Gecko) SamsungBrowser/10.1 Chrome/71.0.3578.99 Safari/537.36"
::ffff:192.168.0.33 - - [01/Oct/2019:13:11:38 +0000] "OPTIONS /rosemary/zone1/1234?lim=10&rcn=4 HTTP/1.1" 200 2 "http://192.168.0.11/test/slide0.html" "Mozilla/5.0 (Linux; Android 9; SAMSUNG SM-T510) AppleWebKit/537.36 (KHTML, like Gecko) SamsungBrowser/10.1 Chrome/71.0.3578.99 Safari/537.36"
::ffff:192.168.0.33 - - [01/Oct/2019:13:11:38 +0000] "GET /rosemary/zone1/1234?lim=10&rcn=4 HTTP/1.1" 200 - "http://192.168.0.11/test/slide0.html" "Mozilla/5.0 (Linux; Android 9; SAMSUNG SM-T510) AppleWebKit/537.36 (KHTML, like Gecko) SamsungBrowser/10.1 Chrome/71.0.3578.99 Safari/537.36"
::ffff:192.168.0.3 - - [01/Oct/2019:13:11:38 +0000] "POST /rosemary/zone1/cam1 HTTP/1.1" 201 - "-" "-"
::ffff:192.168.0.33 - - [01/Oct/2019:13:11:39 +0000] "OPTIONS /rosemary/zone1/currentUser HTTP/1.1" 200 2 "http://192.168.0.11/test/slide0.html" "Mozilla/5.0 (Linux; Android 9; SAMSUNG SM-T510) AppleWebKit/537.36 (KHTML, like Gecko) SamsungBrowser/10.1 Chrome/71.0.3578.99 Safari/537.36"
::ffff:192.168.0.33 - - [01/Oct/2019:13:11:39 +0000] "OPTIONS /rosemary/zone1 HTTP/1.1" 200 2 "http://192.168.0.11/test/slide0.html" "Mozilla/5.0 (Linux; Android 9; SAMSUNG SM-T510) AppleWebKit/537.36 (KHTML, like Gecko) SamsungBrowser/10.1 Chrome/71.0.3578.99 Safari/537.36"
::ffff:192.168.0.33 - - [01/Oct/2019:13:11:39 +0000] "OPTIONS /rosemary/zone1/state HTTP/1.1" 200 2 "http://192.168.0.11/test/slide0.html" "Mozilla/5.0 (Linux; Android 9; SAMSUNG SM-T510) AppleWebKit/537.36 (KHTML, like Gecko) SamsungBrowser/10.1 Chrome/71.0.3578.99 Safari/537.36"
::ffff:192.168.0.33 - - [01/Oct/2019:13:11:39 +0000] "POST /rosemary/zone1/currentUser HTTP/1.1" 201 - "http://192.168.0.11/test/slide0.html" "Mozilla/5.0 (Linux; Android 9; SAMSUNG SM-T510) AppleWebKit/537.36 (KHTML, like Gecko) SamsungBrowser/10.1 Chrome/71.0.3578.99 Safari/537.36"
::ffff:192.168.0.33 - - [01/Oct/2019:13:11:39 +0000] "POST /rosemary/zone1 HTTP/1.1" 409 - "http://192.168.0.11/test/slide0.html" "Mozilla/5.0 (Linux; Android 9; SAMSUNG SM-T510) AppleWebKit/537.36 (KHTML, like Gecko) SamsungBrowser/10.1 Chrome/71.0.3578.99 Safari/537.36"
::ffff:192.168.0.33 - - [01/Oct/2019:13:11:39 +0000] "POST /rosemary/zone1/state HTTP/1.1" 201 - "http://192.168.0.11/test/slide0.html" "Mozilla/5.0 (Linux; Android 9; SAMSUNG SM-T510) AppleWebKit/537.36 (KHTML, like Gecko) SamsungBrowser/10.1 Chrome/71.0.3578.99 Safari/537.36"
::ffff:192.168.0.3 - - [01/Oct/2019:13:11:40 +0000] "POST /rosemary/zone1/state HTTP/1.1" 201 - "-" "-"
::ffff:192.168.0.3 - - [01/Oct/2019:13:11:42 +0000] "POST /rosemary/zone1/currentUser HTTP/1.1" 201 - "-" "-"
::ffff:192.168.0.33 - - [01/Oct/2019:13:11:44 +0000] "OPTIONS /rosemary/zone1/currentUser/la HTTP/1.1" 200 2 "http://192.168.0.11/test/slide0.html" "Mozilla/5.0 (Linux; Android 9; SAMSUNG SM-T510) AppleWebKit/537.36 (KHTML, like Gecko) SamsungBrowser/10.1 Chrome/71.0.3578.99 Safari/537.36"
::ffff:192.168.0.33 - - [01/Oct/2019:13:11:45 +0000] "GET /rosemary/zone1/currentUser/la HTTP/1.1" 200 - "http://192.168.0.11/test/slide0.html" "Mozilla/5.0 (Linux; Android 9; SAMSUNG SM-T510) AppleWebKit/537.36 (KHTML, like Gecko) SamsungBrowser/10.1 Chrome/71.0.3578.99 Safari/537.36"
::ffff:192.168.0.33 - - [01/Oct/2019:13:11:45 +0000] "OPTIONS /rosemary/zone1/1234?lim=10&rcn=4 HTTP/1.1" 200 2 "http://192.168.0.11/test/slide0.html" "Mozilla/5.0 (Linux; Android 9; SAMSUNG SM-T510) AppleWebKit/537.36 (KHTML, like Gecko) SamsungBrowser/10.1 Chrome/71.0.3578.99 Safari/537.36"
::ffff:192.168.0.33 - - [01/Oct/2019:13:11:45 +0000] "GET /rosemary/zone1/1234?lim=10&rcn=4 HTTP/1.1" 200 - "http://192.168.0.11/test/slide0.html" "Mozilla/5.0 (Linux; Android 9; SAMSUNG SM-T510) AppleWebKit/537.36 (KHTML, like Gecko) SamsungBrowser/10.1 Chrome/71.0.3578.99 Safari/537.36"
::ffff:192.168.0.33 - - [01/Oct/2019:13:11:46 +0000] "OPTIONS /rosemary/zone1/currentUser HTTP/1.1" 200 2 "http://192.168.0.11/test/slide0.html" "Mozilla/5.0 (Linux; Android 9; SAMSUNG SM-T510) AppleWebKit/537.36 (KHTML, like Gecko) SamsungBrowser/10.1 Chrome/71.0.3578.99 Safari/537.36"
::ffff:192.168.0.33 - - [01/Oct/2019:13:11:46 +0000] "OPTIONS /rosemary/zone1 HTTP/1.1" 200 2 "http://192.168.0.11/test/slide0.html" "Mozilla/5.0 (Linux; Android 9; SAMSUNG SM-T510) AppleWebKit/537.36 (KHTML, like Gecko) SamsungBrowser/10.1 Chrome/71.0.3578.99 Safari/537.36"
::ffff:192.168.0.33 - - [01/Oct/2019:13:11:46 +0000] "OPTIONS /rosemary/zone1/state HTTP/1.1" 200 2 "http://192.168.0.11/test/slide0.html" "Mozilla/5.0 (Linux; Android 9; SAMSUNG SM-T510) AppleWebKit/537.36 (KHTML, like Gecko) SamsungBrowser/10.1 Chrome/71.0.3578.99 Safari/537.36"
::ffff:192.168.0.33 - - [01/Oct/2019:13:11:46 +0000] "POST /rosemary/zone1/currentUser HTTP/1.1" 201 - "http://192.168.0.11/test/slide0.html" "Mozilla/5.0 (Linux; Android 9; SAMSUNG SM-T510) AppleWebKit/537.36 (KHTML, like Gecko) SamsungBrowser/10.1 Chrome/71.0.3578.99 Safari/537.36"
::ffff:192.168.0.33 - - [01/Oct/2019:13:11:46 +0000] "POST /rosemary/zone1 HTTP/1.1" 409 - "http://192.168.0.11/test/slide0.html" "Mozilla/5.0 (Linux; Android 9; SAMSUNG SM-T510) AppleWebKit/537.36 (KHTML, like Gecko) SamsungBrowser/10.1 Chrome/71.0.3578.99 Safari/537.36"
::ffff:192.168.0.33 - - [01/Oct/2019:13:11:46 +0000] "POST /rosemary/zone1/state HTTP/1.1" 201 - "http://192.168.0.11/test/slide0.html" "Mozilla/5.0 (Linux; Android 9; SAMSUNG SM-T510) AppleWebKit/537.36 (KHTML, like Gecko) SamsungBrowser/10.1 Chrome/71.0.3578.99 Safari/537.36"
::ffff:192.168.0.2 - - [01/Oct/2019:13:11:56 +0000] "POST /6erDrylekm HTTP/1.1" 201 - "-" "-"
::ffff:192.168.0.33 - - [01/Oct/2019:13:12:04 +0000] "OPTIONS /rosemary/zone1/currentUser/la HTTP/1.1" 200 2 "http://114.71.220.111:3030/app/slide0.html" "Mozilla/5.0 (Linux; Android 9; SM-T510) AppleWebKit/537.36 (KHTML, like Gecko) Chrome/77.0.3865.92 Safari/537.36"
::ffff:192.168.0.33 - - [01/Oct/2019:13:12:04 +0000] "OPTIONS /rosemary/zone1/1234?lim=10&rcn=4 HTTP/1.1" 200 2 "http://114.71.220.111:3030/app/slide0.html" "Mozilla/5.0 (Linux; Android 9; SM-T510) AppleWebKit/537.36 (KHTML, like Gecko) Chrome/77.0.3865.92 Safari/537.36"
::ffff:192.168.0.33 - - [01/Oct/2019:13:12:14 +0000] "OPTIONS /rosemary/zone1/currentUser/la HTTP/1.1" 200 2 "http://114.71.220.111:3030/app/slide0.html" "Mozilla/5.0 (Linux; Android 9; SM-T510) AppleWebKit/537.36 (KHTML, like Gecko) Chrome/77.0.3865.92 Safari/537.36"
::ffff:192.168.0.33 - - [01/Oct/2019:13:12:14 +0000] "OPTIONS /rosemary/zone1/1234?lim=10&rcn=4 HTTP/1.1" 200 2 "http://114.71.220.111:3030/app/slide0.html" "Mozilla/5.0 (Linux; Android 9; SM-T510) AppleWebKit/537.36 (KHTML, like Gecko) Chrome/77.0.3865.92 Safari/537.36"
::ffff:192.168.0.33 - - [01/Oct/2019:13:13:19 +0000] "OPTIONS /rosemary/zone1/currentUser HTTP/1.1" 200 2 "http://114.71.220.111:3030/app/cam_kiosk.html" "Mozilla/5.0 (Linux; Android 9; SM-T510) AppleWebKit/537.36 (KHTML, like Gecko) Chrome/77.0.3865.92 Safari/537.36"
::ffff:192.168.0.33 - - [01/Oct/2019:13:13:19 +0000] "OPTIONS /rosemary/zone1 HTTP/1.1" 200 2 "http://114.71.220.111:3030/app/cam_kiosk.html" "Mozilla/5.0 (Linux; Android 9; SM-T510) AppleWebKit/537.36 (KHTML, like Gecko) Chrome/77.0.3865.92 Safari/537.36"
::ffff:192.168.0.1 - - [01/Oct/2019:13:13:19 +0000] "OPTIONS /rosemary/zone1/state/la HTTP/1.1" 200 2 "http://114.71.220.111:3030/app/cam_kiosk.html" "Mozilla/5.0 (Linux; Android 9; SM-T510) AppleWebKit/537.36 (KHTML, like Gecko) Chrome/77.0.3865.92 Safari/537.36"
::ffff:192.168.0.1 - - [01/Oct/2019:13:13:19 +0000] "GET /rosemary/zone1/state/la HTTP/1.1" 200 - "http://114.71.220.111:3030/app/cam_kiosk.html" "Mozilla/5.0 (Linux; Android 9; SM-T510) AppleWebKit/537.36 (KHTML, like Gecko) Chrome/77.0.3865.92 Safari/537.36"
::ffff:192.168.0.33 - - [01/Oct/2019:13:13:19 +0000] "POST /rosemary/zone1/currentUser HTTP/1.1" 201 - "http://114.71.220.111:3030/app/cam_kiosk.html" "Mozilla/5.0 (Linux; Android 9; SM-T510) AppleWebKit/537.36 (KHTML, like Gecko) Chrome/77.0.3865.92 Safari/537.36"
::ffff:192.168.0.33 - - [01/Oct/2019:13:13:19 +0000] "POST /rosemary/zone1 HTTP/1.1" 201 - "http://114.71.220.111:3030/app/cam_kiosk.html" "Mozilla/5.0 (Linux; Android 9; SM-T510) AppleWebKit/537.36 (KHTML, like Gecko) Chrome/77.0.3865.92 Safari/537.36"
::ffff:192.168.0.2 - - [01/Oct/2019:13:13:19 +0000] "POST /rosemary/zone1/YO88IP HTTP/1.1" 201 - "-" "-"
::ffff:192.168.0.2 - - [01/Oct/2019:13:13:19 +0000] "POST /rosemary/zone1/YO88IP HTTP/1.1" 409 - "-" "-"
::ffff:192.168.0.2 - - [01/Oct/2019:13:13:19 +0000] "DELETE /rosemary/zone1/YO88IP/mobiususer02.MOBIUS.BROWSER.APP_sub HTTP/1.1" 200 - "-" "-"
::ffff:192.168.0.2 - - [01/Oct/2019:13:13:20 +0000] "POST /rosemary/zone1/YO88IP HTTP/1.1" 201 - "-" "-"
::ffff:192.168.0.2 - - [01/Oct/2019:13:13:20 +0000] "POST /rosemary/zone1/YO88IP HTTP/1.1" 409 - "-" "-"
::ffff:192.168.0.2 - - [01/Oct/2019:13:13:20 +0000] "DELETE /rosemary/zone1/YO88IP/mobiususer02.MOBIUS.BROWSER.APP_sub HTTP/1.1" 200 - "-" "-"
::ffff:192.168.0.2 - - [01/Oct/2019:13:13:20 +0000] "POST /rosemary/zone1/YO88IP HTTP/1.1" 201 - "-" "-"
::ffff:192.168.0.1 - - [01/Oct/2019:13:13:21 +0000] "GET /rosemary/zone1/state/la HTTP/1.1" 200 - "http://114.71.220.111:3030/app/camera.html" "Mozilla/5.0 (Linux; Android 9; SM-T510) AppleWebKit/537.36 (KHTML, like Gecko) Chrome/77.0.3865.92 Safari/537.36"
::ffff:192.168.0.33 - - [01/Oct/2019:13:13:21 +0000] "POST /rosemary/zone1 HTTP/1.1" 201 - "http://114.71.220.111:3030/app/camera.html" "Mozilla/5.0 (Linux; Android 9; SM-T510) AppleWebKit/537.36 (KHTML, like Gecko) Chrome/77.0.3865.92 Safari/537.36"
::ffff:192.168.0.33 - - [01/Oct/2019:13:13:21 +0000] "POST /rosemary/zone1/currentUser HTTP/1.1" 201 - "http://114.71.220.111:3030/app/camera.html" "Mozilla/5.0 (Linux; Android 9; SM-T510) AppleWebKit/537.36 (KHTML, like Gecko) Chrome/77.0.3865.92 Safari/537.36"
::ffff:192.168.0.2 - - [01/Oct/2019:13:13:21 +0000] "POST /rosemary/zone1/Y1M93I HTTP/1.1" 201 - "-" "-"
::ffff:192.168.0.2 - - [01/Oct/2019:13:13:21 +0000] "POST /rosemary/zone1/Y1M93I HTTP/1.1" 409 - "-" "-"
::ffff:192.168.0.2 - - [01/Oct/2019:13:13:21 +0000] "DELETE /rosemary/zone1/Y1M93I/mobiususer02.MOBIUS.BROWSER.APP_sub HTTP/1.1" 200 - "-" "-"
::ffff:192.168.0.2 - - [01/Oct/2019:13:13:21 +0000] "POST /rosemary/zone1/Y1M93I HTTP/1.1" 201 - "-" "-"
::ffff:192.168.0.2 - - [01/Oct/2019:13:13:21 +0000] "POST /rosemary/zone1/Y1M93I HTTP/1.1" 409 - "-" "-"
::ffff:192.168.0.2 - - [01/Oct/2019:13:13:22 +0000] "DELETE /rosemary/zone1/Y1M93I/mobiususer02.MOBIUS.BROWSER.APP_sub HTTP/1.1" 200 - "-" "-"
::ffff:192.168.0.2 - - [01/Oct/2019:13:13:22 +0000] "POST /rosemary/zone1/Y1M93I HTTP/1.1" 201 - "-" "-"
::ffff:192.168.0.33 - - [01/Oct/2019:13:13:35 +0000] "OPTIONS /rosemary/zone1/currentUser/la HTTP/1.1" 200 2 "http://114.71.220.111:3030/app/slide0.html" "Mozilla/5.0 (Linux; Android 9; SM-T510) AppleWebKit/537.36 (KHTML, like Gecko) Chrome/77.0.3865.92 Safari/537.36"
::ffff:192.168.0.33 - - [01/Oct/2019:13:13:36 +0000] "GET /rosemary/zone1/currentUser/la HTTP/1.1" 200 - "http://114.71.220.111:3030/app/slide0.html" "Mozilla/5.0 (Linux; Android 9; SM-T510) AppleWebKit/537.36 (KHTML, like Gecko) Chrome/77.0.3865.92 Safari/537.36"
::ffff:192.168.0.33 - - [01/Oct/2019:13:13:36 +0000] "GET /rosemary/zone1/currentUser/la HTTP/1.1" 200 - "http://114.71.220.111:3030/app/slide0.html" "Mozilla/5.0 (Linux; Android 9; SM-T510) AppleWebKit/537.36 (KHTML, like Gecko) Chrome/77.0.3865.92 Safari/537.36"
::ffff:192.168.0.33 - - [01/Oct/2019:13:13:36 +0000] "OPTIONS /rosemary/zone1/1234?lim=10&rcn=4 HTTP/1.1" 200 2 "http://114.71.220.111:3030/app/slide0.html" "Mozilla/5.0 (Linux; Android 9; SM-T510) AppleWebKit/537.36 (KHTML, like Gecko) Chrome/77.0.3865.92 Safari/537.36"
::ffff:192.168.0.33 - - [01/Oct/2019:13:13:36 +0000] "GET /rosemary/zone1/1234?lim=10&rcn=4 HTTP/1.1" 200 - "http://114.71.220.111:3030/app/slide0.html" "Mozilla/5.0 (Linux; Android 9; SM-T510) AppleWebKit/537.36 (KHTML, like Gecko) Chrome/77.0.3865.92 Safari/537.36"
::ffff:192.168.0.33 - - [01/Oct/2019:13:13:54 +0000] "OPTIONS /rosemary/zone1/currentUser/la HTTP/1.1" 200 2 "http://114.71.220.111:3030/app/gallery.html" "Mozilla/5.0 (Linux; Android 9; SM-T510) AppleWebKit/537.36 (KHTML, like Gecko) Chrome/77.0.3865.92 Safari/537.36"
::ffff:192.168.0.33 - - [01/Oct/2019:13:13:54 +0000] "GET /rosemary/zone1/currentUser/la HTTP/1.1" 200 - "http://114.71.220.111:3030/app/gallery.html" "Mozilla/5.0 (Linux; Android 9; SM-T510) AppleWebKit/537.36 (KHTML, like Gecko) Chrome/77.0.3865.92 Safari/537.36"
::ffff:192.168.0.33 - - [01/Oct/2019:13:14:07 +0000] "OPTIONS /rosemary/zone1/currentUser/la HTTP/1.1" 200 2 "http://114.71.220.111:3030/app/slide0.html" "Mozilla/5.0 (Linux; Android 9; SM-T510) AppleWebKit/537.36 (KHTML, like Gecko) Chrome/77.0.3865.92 Safari/537.36"
::ffff:192.168.0.33 - - [01/Oct/2019:13:14:07 +0000] "OPTIONS /rosemary/zone1/1234?lim=10&rcn=4 HTTP/1.1" 200 2 "http://114.71.220.111:3030/app/slide0.html" "Mozilla/5.0 (Linux; Android 9; SM-T510) AppleWebKit/537.36 (KHTML, like Gecko) Chrome/77.0.3865.92 Safari/537.36"
::ffff:192.168.0.33 - - [01/Oct/2019:13:14:09 +0000] "OPTIONS /rosemary/zone1/cam1 HTTP/1.1" 200 2 "http://114.71.220.111:3030/app/slide0.html" "Mozilla/5.0 (Linux; Android 9; SM-T510) AppleWebKit/537.36 (KHTML, like Gecko) Chrome/77.0.3865.92 Safari/537.36"
::ffff:192.168.0.33 - - [01/Oct/2019:13:14:10 +0000] "POST /rosemary/zone1/cam1 HTTP/1.1" 201 - "http://114.71.220.111:3030/app/slide0.html" "Mozilla/5.0 (Linux; Android 9; SM-T510) AppleWebKit/537.36 (KHTML, like Gecko) Chrome/77.0.3865.92 Safari/537.36"
::ffff:192.168.0.1 - - [01/Oct/2019:13:14:11 +0000] "POST /rosemary/zone1/Y1M93I HTTP/1.1" 201 - "-" "-"
::ffff:192.168.0.33 - - [01/Oct/2019:13:14:13 +0000] "POST /rosemary/zone1/cam1 HTTP/1.1" 201 - "http://114.71.220.111:3030/app/slide0.html" "Mozilla/5.0 (Linux; Android 9; SM-T510) AppleWebKit/537.36 (KHTML, like Gecko) Chrome/77.0.3865.92 Safari/537.36"
::ffff:192.168.0.33 - - [01/Oct/2019:13:14:13 +0000] "POST /rosemary/zone1/cam1 HTTP/1.1" 201 - "http://114.71.220.111:3030/app/slide0.html" "Mozilla/5.0 (Linux; Android 9; SM-T510) AppleWebKit/537.36 (KHTML, like Gecko) Chrome/77.0.3865.92 Safari/537.36"
::ffff:192.168.0.33 - - [01/Oct/2019:13:14:13 +0000] "POST /rosemary/zone1/cam1 HTTP/1.1" 201 - "http://114.71.220.111:3030/app/slide0.html" "Mozilla/5.0 (Linux; Android 9; SM-T510) AppleWebKit/537.36 (KHTML, like Gecko) Chrome/77.0.3865.92 Safari/537.36"
::ffff:192.168.0.33 - - [01/Oct/2019:13:14:15 +0000] "POST /rosemary/zone1/cam1 HTTP/1.1" 201 - "http://114.71.220.111:3030/app/slide0.html" "Mozilla/5.0 (Linux; Android 9; SM-T510) AppleWebKit/537.36 (KHTML, like Gecko) Chrome/77.0.3865.92 Safari/537.36"
::ffff:192.168.0.1 - - [01/Oct/2019:13:14:15 +0000] "POST /rosemary/zone1/Y1M93I HTTP/1.1" 201 - "-" "-"
::ffff:192.168.0.33 - - [01/Oct/2019:13:14:18 +0000] "OPTIONS /rosemary/zone1/cam1 HTTP/1.1" 200 2 "http://114.71.220.111:3030/app/slide0.html" "Mozilla/5.0 (Linux; Android 9; SM-T510) AppleWebKit/537.36 (KHTML, like Gecko) Chrome/77.0.3865.92 Safari/537.36"
::ffff:192.168.0.33 - - [01/Oct/2019:13:14:18 +0000] "POST /rosemary/zone1/cam1 HTTP/1.1" 201 - "http://114.71.220.111:3030/app/slide0.html" "Mozilla/5.0 (Linux; Android 9; SM-T510) AppleWebKit/537.36 (KHTML, like Gecko) Chrome/77.0.3865.92 Safari/537.36"
::ffff:192.168.0.33 - - [01/Oct/2019:13:14:20 +0000] "POST /rosemary/zone1/cam1 HTTP/1.1" 201 - "http://114.71.220.111:3030/app/slide0.html" "Mozilla/5.0 (Linux; Android 9; SM-T510) AppleWebKit/537.36 (KHTML, like Gecko) Chrome/77.0.3865.92 Safari/537.36"
::ffff:192.168.0.33 - - [01/Oct/2019:13:14:22 +0000] "POST /rosemary/zone1/cam1 HTTP/1.1" 201 - "http://114.71.220.111:3030/app/slide0.html" "Mozilla/5.0 (Linux; Android 9; SM-T510) AppleWebKit/537.36 (KHTML, like Gecko) Chrome/77.0.3865.92 Safari/537.36"
::ffff:192.168.0.1 - - [01/Oct/2019:13:14:23 +0000] "POST /rosemary/zone1/Y1M93I HTTP/1.1" 201 - "-" "-"
::ffff:192.168.0.33 - - [01/Oct/2019:13:14:25 +0000] "OPTIONS /rosemary/zone1/cam1 HTTP/1.1" 200 2 "http://114.71.220.111:3030/app/slide0.html" "Mozilla/5.0 (Linux; Android 9; SM-T510) AppleWebKit/537.36 (KHTML, like Gecko) Chrome/77.0.3865.92 Safari/537.36"
::ffff:192.168.0.33 - - [01/Oct/2019:13:14:25 +0000] "POST /rosemary/zone1/cam1 HTTP/1.1" 201 - "http://114.71.220.111:3030/app/slide0.html" "Mozilla/5.0 (Linux; Android 9; SM-T510) AppleWebKit/537.36 (KHTML, like Gecko) Chrome/77.0.3865.92 Safari/537.36"
::ffff:192.168.0.33 - - [01/Oct/2019:13:14:26 +0000] "POST /rosemary/zone1/cam1 HTTP/1.1" 201 - "http://114.71.220.111:3030/app/slide0.html" "Mozilla/5.0 (Linux; Android 9; SM-T510) AppleWebKit/537.36 (KHTML, like Gecko) Chrome/77.0.3865.92 Safari/537.36"
::ffff:192.168.0.33 - - [01/Oct/2019:13:14:27 +0000] "POST /rosemary/zone1/cam1 HTTP/1.1" 201 - "http://114.71.220.111:3030/app/slide0.html" "Mozilla/5.0 (Linux; Android 9; SM-T510) AppleWebKit/537.36 (KHTML, like Gecko) Chrome/77.0.3865.92 Safari/537.36"
::ffff:192.168.0.33 - - [01/Oct/2019:13:14:27 +0000] "POST /rosemary/zone1/cam1 HTTP/1.1" 201 - "http://114.71.220.111:3030/app/slide0.html" "Mozilla/5.0 (Linux; Android 9; SM-T510) AppleWebKit/537.36 (KHTML, like Gecko) Chrome/77.0.3865.92 Safari/537.36"
::ffff:192.168.0.33 - - [01/Oct/2019:13:14:28 +0000] "POST /rosemary/zone1/cam1 HTTP/1.1" 201 - "http://114.71.220.111:3030/app/slide0.html" "Mozilla/5.0 (Linux; Android 9; SM-T510) AppleWebKit/537.36 (KHTML, like Gecko) Chrome/77.0.3865.92 Safari/537.36"
::ffff:192.168.0.33 - - [01/Oct/2019:13:14:30 +0000] "OPTIONS /rosemary/zone1/cam1 HTTP/1.1" 200 2 "http://114.71.220.111:3030/app/slide0.html" "Mozilla/5.0 (Linux; Android 9; SM-T510) AppleWebKit/537.36 (KHTML, like Gecko) Chrome/77.0.3865.92 Safari/537.36"
::ffff:192.168.0.33 - - [01/Oct/2019:13:14:31 +0000] "POST /rosemary/zone1/cam1 HTTP/1.1" 201 - "http://114.71.220.111:3030/app/slide0.html" "Mozilla/5.0 (Linux; Android 9; SM-T510) AppleWebKit/537.36 (KHTML, like Gecko) Chrome/77.0.3865.92 Safari/537.36"
::ffff:192.168.0.1 - - [01/Oct/2019:13:14:32 +0000] "POST /rosemary/zone1/Y1M93I HTTP/1.1" 201 - "-" "-"
::ffff:192.168.0.33 - - [01/Oct/2019:13:14:38 +0000] "OPTIONS /rosemary/zone1/currentUser/la HTTP/1.1" 200 2 "http://114.71.220.111:3030/app/gallery.html" "Mozilla/5.0 (Linux; Android 9; SM-T510) AppleWebKit/537.36 (KHTML, like Gecko) Chrome/77.0.3865.92 Safari/537.36"
::ffff:192.168.0.33 - - [01/Oct/2019:13:14:38 +0000] "GET /rosemary/zone1/currentUser/la HTTP/1.1" 200 - "http://114.71.220.111:3030/app/gallery.html" "Mozilla/5.0 (Linux; Android 9; SM-T510) AppleWebKit/537.36 (KHTML, like Gecko) Chrome/77.0.3865.92 Safari/537.36"
::ffff:192.168.0.8 - - [01/Oct/2019:13:17:35 +0000] "OPTIONS /rosemary/zone1/currentUser/la HTTP/1.1" 200 2 "-" "Mozilla/5.0 (Windows NT 10.0; Win64; x64) AppleWebKit/537.36 (KHTML, like Gecko) Chrome/77.0.3865.90 Safari/537.36"
::ffff:192.168.0.8 - - [01/Oct/2019:13:17:35 +0000] "GET /rosemary/zone1/currentUser/la HTTP/1.1" 200 - "-" "Mozilla/5.0 (Windows NT 10.0; Win64; x64) AppleWebKit/537.36 (KHTML, like Gecko) Chrome/77.0.3865.90 Safari/537.36"
::ffff:192.168.0.8 - - [01/Oct/2019:13:17:35 +0000] "GET /rosemary/zone1/currentUser/la HTTP/1.1" 200 - "-" "Mozilla/5.0 (Windows NT 10.0; Win64; x64) AppleWebKit/537.36 (KHTML, like Gecko) Chrome/77.0.3865.90 Safari/537.36"
::ffff:192.168.0.8 - - [01/Oct/2019:13:17:35 +0000] "OPTIONS /rosemary/zone1/Y1M93I?lim=10&rcn=4 HTTP/1.1" 200 2 "-" "Mozilla/5.0 (Windows NT 10.0; Win64; x64) AppleWebKit/537.36 (KHTML, like Gecko) Chrome/77.0.3865.90 Safari/537.36"
::ffff:192.168.0.8 - - [01/Oct/2019:13:17:35 +0000] "GET /rosemary/zone1/Y1M93I?lim=10&rcn=4 HTTP/1.1" 200 - "-" "Mozilla/5.0 (Windows NT 10.0; Win64; x64) AppleWebKit/537.36 (KHTML, like Gecko) Chrome/77.0.3865.90 Safari/537.36"
::ffff:192.168.0.8 - - [01/Oct/2019:13:18:04 +0000] "OPTIONS /rosemary/zone1/currentUser/la HTTP/1.1" 200 2 "-" "Mozilla/5.0 (Windows NT 10.0; Win64; x64) AppleWebKit/537.36 (KHTML, like Gecko) Chrome/77.0.3865.90 Safari/537.36"
::ffff:192.168.0.8 - - [01/Oct/2019:13:18:04 +0000] "GET /rosemary/zone1/currentUser/la HTTP/1.1" 200 - "-" "Mozilla/5.0 (Windows NT 10.0; Win64; x64) AppleWebKit/537.36 (KHTML, like Gecko) Chrome/77.0.3865.90 Safari/537.36"
::ffff:192.168.0.8 - - [01/Oct/2019:13:18:04 +0000] "GET /rosemary/zone1/currentUser/la HTTP/1.1" 200 - "-" "Mozilla/5.0 (Windows NT 10.0; Win64; x64) AppleWebKit/537.36 (KHTML, like Gecko) Chrome/77.0.3865.90 Safari/537.36"
::ffff:192.168.0.8 - - [01/Oct/2019:13:18:04 +0000] "OPTIONS /rosemary/zone1/Y1M93I?lim=10&rcn=4 HTTP/1.1" 200 2 "-" "Mozilla/5.0 (Windows NT 10.0; Win64; x64) AppleWebKit/537.36 (KHTML, like Gecko) Chrome/77.0.3865.90 Safari/537.36"
::ffff:192.168.0.8 - - [01/Oct/2019:13:18:04 +0000] "GET /rosemary/zone1/Y1M93I?lim=10&rcn=4 HTTP/1.1" 200 - "-" "Mozilla/5.0 (Windows NT 10.0; Win64; x64) AppleWebKit/537.36 (KHTML, like Gecko) Chrome/77.0.3865.90 Safari/537.36"
