::ffff:192.168.0.33 - - [29/Sep/2019:13:16:47 +0000] "POST /rosemary/zone1/currentUser HTTP/1.1" 201 - "http://114.71.220.111:3030/app/camera.html" "Mozilla/5.0 (Linux; Android 9; SM-T510) AppleWebKit/537.36 (KHTML, like Gecko) Chrome/77.0.3865.92 Safari/537.36"
::ffff:192.168.0.33 - - [29/Sep/2019:13:16:47 +0000] "POST /rosemary/zone1 HTTP/1.1" 201 - "http://114.71.220.111:3030/app/camera.html" "Mozilla/5.0 (Linux; Android 9; SM-T510) AppleWebKit/537.36 (KHTML, like Gecko) Chrome/77.0.3865.92 Safari/537.36"
::ffff:192.168.0.6 - - [29/Sep/2019:13:16:47 +0000] "POST /rosemary/zone1/YQAEH4 HTTP/1.1" 201 - "-" "-"
::ffff:192.168.0.33 - - [29/Sep/2019:13:16:53 +0000] "OPTIONS /rosemary/zone1/currentUser HTTP/1.1" 200 2 "http://114.71.220.111:3030/app/camera.html" "Mozilla/5.0 (Linux; Android 9; SM-T510) AppleWebKit/537.36 (KHTML, like Gecko) Chrome/77.0.3865.92 Safari/537.36"
::ffff:192.168.0.33 - - [29/Sep/2019:13:16:53 +0000] "OPTIONS /rosemary/zone1 HTTP/1.1" 200 2 "http://114.71.220.111:3030/app/camera.html" "Mozilla/5.0 (Linux; Android 9; SM-T510) AppleWebKit/537.36 (KHTML, like Gecko) Chrome/77.0.3865.92 Safari/537.36"
::ffff:192.168.0.1 - - [29/Sep/2019:13:16:53 +0000] "OPTIONS /rosemary/zone1/state/la HTTP/1.1" 200 2 "http://114.71.220.111:3030/app/camera.html" "Mozilla/5.0 (Linux; Android 9; SM-T510) AppleWebKit/537.36 (KHTML, like Gecko) Chrome/77.0.3865.92 Safari/537.36"
::ffff:192.168.0.1 - - [29/Sep/2019:13:16:53 +0000] "GET /rosemary/zone1/state/la HTTP/1.1" 200 - "http://114.71.220.111:3030/app/camera.html" "Mozilla/5.0 (Linux; Android 9; SM-T510) AppleWebKit/537.36 (KHTML, like Gecko) Chrome/77.0.3865.92 Safari/537.36"
::ffff:192.168.0.33 - - [29/Sep/2019:13:16:54 +0000] "POST /rosemary/zone1 HTTP/1.1" 201 - "http://114.71.220.111:3030/app/camera.html" "Mozilla/5.0 (Linux; Android 9; SM-T510) AppleWebKit/537.36 (KHTML, like Gecko) Chrome/77.0.3865.92 Safari/537.36"
::ffff:192.168.0.33 - - [29/Sep/2019:13:16:54 +0000] "POST /rosemary/zone1/currentUser HTTP/1.1" 201 - "http://114.71.220.111:3030/app/camera.html" "Mozilla/5.0 (Linux; Android 9; SM-T510) AppleWebKit/537.36 (KHTML, like Gecko) Chrome/77.0.3865.92 Safari/537.36"
::ffff:192.168.0.6 - - [29/Sep/2019:13:16:54 +0000] "POST /rosemary/zone1/YBPE8H HTTP/1.1" 201 - "-" "-"
::ffff:192.168.0.1 - - [29/Sep/2019:13:16:54 +0000] "GET /rosemary/zone1/state/la HTTP/1.1" 200 - "http://114.71.220.111:3030/app/camera.html" "Mozilla/5.0 (Linux; Android 9; SM-T510) AppleWebKit/537.36 (KHTML, like Gecko) Chrome/77.0.3865.92 Safari/537.36"
::ffff:192.168.0.33 - - [29/Sep/2019:13:16:54 +0000] "POST /rosemary/zone1 HTTP/1.1" 201 - "http://114.71.220.111:3030/app/camera.html" "Mozilla/5.0 (Linux; Android 9; SM-T510) AppleWebKit/537.36 (KHTML, like Gecko) Chrome/77.0.3865.92 Safari/537.36"
::ffff:192.168.0.33 - - [29/Sep/2019:13:16:54 +0000] "POST /rosemary/zone1/currentUser HTTP/1.1" 201 - "http://114.71.220.111:3030/app/camera.html" "Mozilla/5.0 (Linux; Android 9; SM-T510) AppleWebKit/537.36 (KHTML, like Gecko) Chrome/77.0.3865.92 Safari/537.36"
::ffff:192.168.0.6 - - [29/Sep/2019:13:16:55 +0000] "POST /rosemary/zone1/YH8D29 HTTP/1.1" 201 - "-" "-"
::ffff:192.168.0.33 - - [29/Sep/2019:13:17:11 +0000] "OPTIONS /rosemary/zone1/currentUser HTTP/1.1" 200 2 "http://114.71.220.111:3030/app/camera.html" "Mozilla/5.0 (Linux; Android 9; SM-T510) AppleWebKit/537.36 (KHTML, like Gecko) Chrome/77.0.3865.92 Safari/537.36"
::ffff:192.168.0.33 - - [29/Sep/2019:13:17:11 +0000] "OPTIONS /rosemary/zone1 HTTP/1.1" 200 2 "http://114.71.220.111:3030/app/camera.html" "Mozilla/5.0 (Linux; Android 9; SM-T510) AppleWebKit/537.36 (KHTML, like Gecko) Chrome/77.0.3865.92 Safari/537.36"
::ffff:192.168.0.1 - - [29/Sep/2019:13:17:11 +0000] "OPTIONS /rosemary/zone1/state/la HTTP/1.1" 200 2 "http://114.71.220.111:3030/app/camera.html" "Mozilla/5.0 (Linux; Android 9; SM-T510) AppleWebKit/537.36 (KHTML, like Gecko) Chrome/77.0.3865.92 Safari/537.36"
::ffff:192.168.0.1 - - [29/Sep/2019:13:17:11 +0000] "GET /rosemary/zone1/state/la HTTP/1.1" 200 - "http://114.71.220.111:3030/app/camera.html" "Mozilla/5.0 (Linux; Android 9; SM-T510) AppleWebKit/537.36 (KHTML, like Gecko) Chrome/77.0.3865.92 Safari/537.36"
::ffff:192.168.0.33 - - [29/Sep/2019:13:17:11 +0000] "POST /rosemary/zone1 HTTP/1.1" 201 - "http://114.71.220.111:3030/app/camera.html" "Mozilla/5.0 (Linux; Android 9; SM-T510) AppleWebKit/537.36 (KHTML, like Gecko) Chrome/77.0.3865.92 Safari/537.36"
::ffff:192.168.0.33 - - [29/Sep/2019:13:17:11 +0000] "POST /rosemary/zone1/currentUser HTTP/1.1" 201 - "http://114.71.220.111:3030/app/camera.html" "Mozilla/5.0 (Linux; Android 9; SM-T510) AppleWebKit/537.36 (KHTML, like Gecko) Chrome/77.0.3865.92 Safari/537.36"
::ffff:192.168.0.6 - - [29/Sep/2019:13:17:11 +0000] "POST /rosemary/zone1/YD7AJG HTTP/1.1" 201 - "-" "-"
::ffff:192.168.0.2 - - [29/Sep/2019:13:17:26 +0000] "POST /rosemary/zone1/Y4I75J HTTP/1.1" - - "-" "-"
::ffff:192.168.0.2 - - [29/Sep/2019:13:17:26 +0000] "POST /rosemary/zone1/Y4I75J HTTP/1.1" 409 - "-" "-"
::ffff:192.168.0.2 - - [29/Sep/2019:13:17:26 +0000] "DELETE /rosemary/zone1/Y4I75J/mobiususer02.MOBIUS.BROWSER.APP_sub HTTP/1.1" 200 - "-" "-"
::ffff:192.168.0.2 - - [29/Sep/2019:13:17:26 +0000] "POST /rosemary/zone1/Y4I75J HTTP/1.1" 201 - "-" "-"
::ffff:192.168.0.2 - - [29/Sep/2019:13:17:27 +0000] "POST /rosemary/zone1/Y4I75J HTTP/1.1" 409 - "-" "-"
::ffff:192.168.0.2 - - [29/Sep/2019:13:17:27 +0000] "DELETE /rosemary/zone1/Y4I75J/mobiususer02.MOBIUS.BROWSER.APP_sub HTTP/1.1" 200 - "-" "-"
::ffff:192.168.0.2 - - [29/Sep/2019:13:17:27 +0000] "POST /rosemary/zone1/Y4I75J HTTP/1.1" 201 - "-" "-"
::ffff:192.168.0.2 - - [29/Sep/2019:13:17:27 +0000] "POST /rosemary/zone1/Y7B793 HTTP/1.1" 409 - "-" "-"
::ffff:192.168.0.2 - - [29/Sep/2019:13:17:27 +0000] "DELETE /rosemary/zone1/Y7B793/mobiususer02.MOBIUS.BROWSER.APP_sub HTTP/1.1" 200 - "-" "-"
::ffff:192.168.0.2 - - [29/Sep/2019:13:17:27 +0000] "POST /rosemary/zone1/Y7B793 HTTP/1.1" 201 - "-" "-"
::ffff:192.168.0.2 - - [29/Sep/2019:13:17:27 +0000] "POST /rosemary/zone1/Y7B793 HTTP/1.1" 409 - "-" "-"
::ffff:192.168.0.2 - - [29/Sep/2019:13:17:27 +0000] "DELETE /rosemary/zone1/Y7B793/mobiususer02.MOBIUS.BROWSER.APP_sub HTTP/1.1" 200 - "-" "-"
::ffff:192.168.0.2 - - [29/Sep/2019:13:17:27 +0000] "POST /rosemary/zone1/Y7B793 HTTP/1.1" 201 - "-" "-"
::ffff:192.168.0.2 - - [29/Sep/2019:13:17:27 +0000] "POST /rosemary/zone1/Y7B793 HTTP/1.1" 409 - "-" "-"
::ffff:192.168.0.2 - - [29/Sep/2019:13:17:27 +0000] "DELETE /rosemary/zone1/Y7B793/mobiususer02.MOBIUS.BROWSER.APP_sub HTTP/1.1" 200 - "-" "-"
::ffff:192.168.0.2 - - [29/Sep/2019:13:17:27 +0000] "POST /rosemary/zone1/Y7B793 HTTP/1.1" 201 - "-" "-"
::ffff:192.168.0.2 - - [29/Sep/2019:13:17:27 +0000] "POST /rosemary/zone1/YHGHQ8 HTTP/1.1" 409 - "-" "-"
::ffff:192.168.0.2 - - [29/Sep/2019:13:17:27 +0000] "DELETE /rosemary/zone1/YHGHQ8/mobiususer02.MOBIUS.BROWSER.APP_sub HTTP/1.1" 200 - "-" "-"
::ffff:192.168.0.2 - - [29/Sep/2019:13:17:27 +0000] "POST /rosemary/zone1/YHGHQ8 HTTP/1.1" 201 - "-" "-"
::ffff:192.168.0.2 - - [29/Sep/2019:13:17:27 +0000] "POST /rosemary/zone1/YHGHQ8 HTTP/1.1" 409 - "-" "-"
::ffff:192.168.0.2 - - [29/Sep/2019:13:17:27 +0000] "DELETE /rosemary/zone1/YHGHQ8/mobiususer02.MOBIUS.BROWSER.APP_sub HTTP/1.1" 200 - "-" "-"
::ffff:192.168.0.2 - - [29/Sep/2019:13:17:28 +0000] "POST /rosemary/zone1/YHGHQ8 HTTP/1.1" 201 - "-" "-"
::ffff:192.168.0.2 - - [29/Sep/2019:13:17:28 +0000] "POST /rosemary/zone1/YHGHQ8 HTTP/1.1" 409 - "-" "-"
::ffff:192.168.0.2 - - [29/Sep/2019:13:17:28 +0000] "DELETE /rosemary/zone1/YHGHQ8/mobiususer02.MOBIUS.BROWSER.APP_sub HTTP/1.1" 200 - "-" "-"
::ffff:192.168.0.2 - - [29/Sep/2019:13:17:28 +0000] "POST /rosemary/zone1/YHGHQ8 HTTP/1.1" 201 - "-" "-"
::ffff:192.168.0.2 - - [29/Sep/2019:13:17:28 +0000] "POST /rosemary/zone1/YFH6ED HTTP/1.1" 409 - "-" "-"
::ffff:192.168.0.2 - - [29/Sep/2019:13:17:28 +0000] "DELETE /rosemary/zone1/YFH6ED/mobiususer02.MOBIUS.BROWSER.APP_sub HTTP/1.1" 200 - "-" "-"
::ffff:192.168.0.2 - - [29/Sep/2019:13:17:28 +0000] "POST /rosemary/zone1/YFH6ED HTTP/1.1" 201 - "-" "-"
::ffff:192.168.0.2 - - [29/Sep/2019:13:17:28 +0000] "POST /rosemary/zone1/YFH6ED HTTP/1.1" 409 - "-" "-"
::ffff:192.168.0.2 - - [29/Sep/2019:13:17:28 +0000] "DELETE /rosemary/zone1/YFH6ED/mobiususer02.MOBIUS.BROWSER.APP_sub HTTP/1.1" 200 - "-" "-"
::ffff:192.168.0.2 - - [29/Sep/2019:13:17:28 +0000] "POST /rosemary/zone1/YFH6ED HTTP/1.1" 201 - "-" "-"
::ffff:192.168.0.2 - - [29/Sep/2019:13:17:28 +0000] "POST /rosemary/zone1/YFH6ED HTTP/1.1" 409 - "-" "-"
::ffff:192.168.0.2 - - [29/Sep/2019:13:17:28 +0000] "DELETE /rosemary/zone1/YFH6ED/mobiususer02.MOBIUS.BROWSER.APP_sub HTTP/1.1" 200 - "-" "-"
::ffff:192.168.0.2 - - [29/Sep/2019:13:17:28 +0000] "POST /rosemary/zone1/YFH6ED HTTP/1.1" 201 - "-" "-"
::ffff:192.168.0.2 - - [29/Sep/2019:13:17:28 +0000] "POST /rosemary/zone1/YBAOL5 HTTP/1.1" 409 - "-" "-"
::ffff:192.168.0.2 - - [29/Sep/2019:13:17:28 +0000] "DELETE /rosemary/zone1/YBAOL5/mobiususer02.MOBIUS.BROWSER.APP_sub HTTP/1.1" 200 - "-" "-"
::ffff:192.168.0.2 - - [29/Sep/2019:13:17:29 +0000] "POST /rosemary/zone1/YBAOL5 HTTP/1.1" 201 - "-" "-"
::ffff:192.168.0.2 - - [29/Sep/2019:13:17:29 +0000] "POST /rosemary/zone1/YBAOL5 HTTP/1.1" 409 - "-" "-"
::ffff:192.168.0.2 - - [29/Sep/2019:13:17:29 +0000] "DELETE /rosemary/zone1/YBAOL5/mobiususer02.MOBIUS.BROWSER.APP_sub HTTP/1.1" 200 - "-" "-"
::ffff:192.168.0.2 - - [29/Sep/2019:13:17:29 +0000] "POST /rosemary/zone1/YBAOL5 HTTP/1.1" 201 - "-" "-"
::ffff:192.168.0.2 - - [29/Sep/2019:13:17:29 +0000] "POST /rosemary/zone1/YBAOL5 HTTP/1.1" 409 - "-" "-"
::ffff:192.168.0.2 - - [29/Sep/2019:13:17:29 +0000] "DELETE /rosemary/zone1/YBAOL5/mobiususer02.MOBIUS.BROWSER.APP_sub HTTP/1.1" 200 - "-" "-"
::ffff:192.168.0.2 - - [29/Sep/2019:13:17:29 +0000] "POST /rosemary/zone1/YBAOL5 HTTP/1.1" 201 - "-" "-"
::ffff:192.168.0.2 - - [29/Sep/2019:13:17:29 +0000] "POST /rosemary/zone1/YFC4NA HTTP/1.1" 409 - "-" "-"
::ffff:192.168.0.2 - - [29/Sep/2019:13:17:29 +0000] "DELETE /rosemary/zone1/YFC4NA/mobiususer02.MOBIUS.BROWSER.APP_sub HTTP/1.1" 200 - "-" "-"
::ffff:192.168.0.2 - - [29/Sep/2019:13:17:29 +0000] "POST /rosemary/zone1/YFC4NA HTTP/1.1" 201 - "-" "-"
::ffff:192.168.0.2 - - [29/Sep/2019:13:17:29 +0000] "POST /rosemary/zone1/YFC4NA HTTP/1.1" 409 - "-" "-"
::ffff:192.168.0.2 - - [29/Sep/2019:13:17:29 +0000] "DELETE /rosemary/zone1/YFC4NA/mobiususer02.MOBIUS.BROWSER.APP_sub HTTP/1.1" 200 - "-" "-"
::ffff:192.168.0.2 - - [29/Sep/2019:13:17:29 +0000] "POST /rosemary/zone1/YFC4NA HTTP/1.1" 201 - "-" "-"
::ffff:192.168.0.2 - - [29/Sep/2019:13:17:29 +0000] "POST /rosemary/zone1/YFC4NA HTTP/1.1" 409 - "-" "-"
::ffff:192.168.0.2 - - [29/Sep/2019:13:17:29 +0000] "DELETE /rosemary/zone1/YFC4NA/mobiususer02.MOBIUS.BROWSER.APP_sub HTTP/1.1" 200 - "-" "-"
::ffff:192.168.0.2 - - [29/Sep/2019:13:17:29 +0000] "POST /rosemary/zone1/YFC4NA HTTP/1.1" 201 - "-" "-"
::ffff:192.168.0.2 - - [29/Sep/2019:13:17:29 +0000] "POST /rosemary/zone1/Y8N524 HTTP/1.1" 409 - "-" "-"
::ffff:192.168.0.2 - - [29/Sep/2019:13:17:30 +0000] "DELETE /rosemary/zone1/Y8N524/mobiususer02.MOBIUS.BROWSER.APP_sub HTTP/1.1" 200 - "-" "-"
::ffff:192.168.0.2 - - [29/Sep/2019:13:17:30 +0000] "POST /rosemary/zone1/Y8N524 HTTP/1.1" 201 - "-" "-"
::ffff:192.168.0.2 - - [29/Sep/2019:13:17:30 +0000] "POST /rosemary/zone1/Y8N524 HTTP/1.1" 409 - "-" "-"
::ffff:192.168.0.2 - - [29/Sep/2019:13:17:30 +0000] "DELETE /rosemary/zone1/Y8N524/mobiususer02.MOBIUS.BROWSER.APP_sub HTTP/1.1" 200 - "-" "-"
::ffff:192.168.0.2 - - [29/Sep/2019:13:17:30 +0000] "POST /rosemary/zone1/Y8N524 HTTP/1.1" 201 - "-" "-"
::ffff:192.168.0.2 - - [29/Sep/2019:13:17:30 +0000] "POST /rosemary/zone1/Y8N524 HTTP/1.1" 409 - "-" "-"
::ffff:192.168.0.2 - - [29/Sep/2019:13:17:30 +0000] "DELETE /rosemary/zone1/Y8N524/mobiususer02.MOBIUS.BROWSER.APP_sub HTTP/1.1" 200 - "-" "-"
::ffff:192.168.0.2 - - [29/Sep/2019:13:17:30 +0000] "POST /rosemary/zone1/Y8N524 HTTP/1.1" 201 - "-" "-"
::ffff:192.168.0.2 - - [29/Sep/2019:13:17:30 +0000] "POST /rosemary/zone1/YCHK9N HTTP/1.1" 409 - "-" "-"
::ffff:192.168.0.2 - - [29/Sep/2019:13:17:30 +0000] "DELETE /rosemary/zone1/YCHK9N/mobiususer02.MOBIUS.BROWSER.APP_sub HTTP/1.1" 200 - "-" "-"
::ffff:192.168.0.2 - - [29/Sep/2019:13:17:30 +0000] "POST /rosemary/zone1/YCHK9N HTTP/1.1" 201 - "-" "-"
::ffff:192.168.0.2 - - [29/Sep/2019:13:17:30 +0000] "POST /rosemary/zone1/YCHK9N HTTP/1.1" 409 - "-" "-"
::ffff:192.168.0.2 - - [29/Sep/2019:13:17:30 +0000] "DELETE /rosemary/zone1/YCHK9N/mobiususer02.MOBIUS.BROWSER.APP_sub HTTP/1.1" 200 - "-" "-"
::ffff:192.168.0.2 - - [29/Sep/2019:13:17:30 +0000] "POST /rosemary/zone1/YCHK9N HTTP/1.1" 201 - "-" "-"
::ffff:192.168.0.2 - - [29/Sep/2019:13:17:30 +0000] "POST /rosemary/zone1/YCHK9N HTTP/1.1" 409 - "-" "-"
::ffff:192.168.0.2 - - [29/Sep/2019:13:17:30 +0000] "DELETE /rosemary/zone1/YCHK9N/mobiususer02.MOBIUS.BROWSER.APP_sub HTTP/1.1" 200 - "-" "-"
::ffff:192.168.0.2 - - [29/Sep/2019:13:17:30 +0000] "POST /rosemary/zone1/YCHK9N HTTP/1.1" 201 - "-" "-"
::ffff:192.168.0.2 - - [29/Sep/2019:13:17:30 +0000] "POST /rosemary/zone1/YQAEH4 HTTP/1.1" 409 - "-" "-"
::ffff:192.168.0.2 - - [29/Sep/2019:13:17:30 +0000] "DELETE /rosemary/zone1/YQAEH4/mobiususer02.MOBIUS.BROWSER.APP_sub HTTP/1.1" 200 - "-" "-"
::ffff:192.168.0.2 - - [29/Sep/2019:13:17:31 +0000] "POST /rosemary/zone1/YQAEH4 HTTP/1.1" 201 - "-" "-"
::ffff:192.168.0.2 - - [29/Sep/2019:13:17:31 +0000] "POST /rosemary/zone1/YQAEH4 HTTP/1.1" 409 - "-" "-"
::ffff:192.168.0.2 - - [29/Sep/2019:13:17:31 +0000] "DELETE /rosemary/zone1/YQAEH4/mobiususer02.MOBIUS.BROWSER.APP_sub HTTP/1.1" 200 - "-" "-"
::ffff:192.168.0.2 - - [29/Sep/2019:13:17:31 +0000] "POST /rosemary/zone1/YQAEH4 HTTP/1.1" 201 - "-" "-"
::ffff:192.168.0.2 - - [29/Sep/2019:13:17:31 +0000] "POST /rosemary/zone1/YQAEH4 HTTP/1.1" 409 - "-" "-"
::ffff:192.168.0.2 - - [29/Sep/2019:13:17:31 +0000] "DELETE /rosemary/zone1/YQAEH4/mobiususer02.MOBIUS.BROWSER.APP_sub HTTP/1.1" 200 - "-" "-"
::ffff:192.168.0.2 - - [29/Sep/2019:13:17:31 +0000] "POST /rosemary/zone1/YQAEH4 HTTP/1.1" 201 - "-" "-"
::ffff:192.168.0.2 - - [29/Sep/2019:13:17:31 +0000] "POST /rosemary/zone1/YBPE8H HTTP/1.1" 409 - "-" "-"
::ffff:192.168.0.2 - - [29/Sep/2019:13:17:31 +0000] "DELETE /rosemary/zone1/YBPE8H/mobiususer02.MOBIUS.BROWSER.APP_sub HTTP/1.1" 200 - "-" "-"
::ffff:192.168.0.2 - - [29/Sep/2019:13:17:31 +0000] "POST /rosemary/zone1/YBPE8H HTTP/1.1" 201 - "-" "-"
::ffff:192.168.0.2 - - [29/Sep/2019:13:17:31 +0000] "POST /rosemary/zone1/YBPE8H HTTP/1.1" 409 - "-" "-"
::ffff:192.168.0.2 - - [29/Sep/2019:13:17:31 +0000] "DELETE /rosemary/zone1/YBPE8H/mobiususer02.MOBIUS.BROWSER.APP_sub HTTP/1.1" 200 - "-" "-"
::ffff:192.168.0.2 - - [29/Sep/2019:13:17:31 +0000] "POST /rosemary/zone1/YBPE8H HTTP/1.1" 201 - "-" "-"
::ffff:192.168.0.2 - - [29/Sep/2019:13:17:32 +0000] "POST /rosemary/zone1/YBPE8H HTTP/1.1" 409 - "-" "-"
::ffff:192.168.0.2 - - [29/Sep/2019:13:17:32 +0000] "DELETE /rosemary/zone1/YBPE8H/mobiususer02.MOBIUS.BROWSER.APP_sub HTTP/1.1" 200 - "-" "-"
::ffff:192.168.0.2 - - [29/Sep/2019:13:17:32 +0000] "POST /rosemary/zone1/YBPE8H HTTP/1.1" 201 - "-" "-"
::ffff:192.168.0.2 - - [29/Sep/2019:13:17:32 +0000] "POST /rosemary/zone1/YH8D29 HTTP/1.1" 409 - "-" "-"
::ffff:192.168.0.2 - - [29/Sep/2019:13:17:32 +0000] "DELETE /rosemary/zone1/YH8D29/mobiususer02.MOBIUS.BROWSER.APP_sub HTTP/1.1" 200 - "-" "-"
::ffff:192.168.0.2 - - [29/Sep/2019:13:17:32 +0000] "POST /rosemary/zone1/YH8D29 HTTP/1.1" 201 - "-" "-"
::ffff:192.168.0.2 - - [29/Sep/2019:13:17:32 +0000] "POST /rosemary/zone1/YH8D29 HTTP/1.1" 409 - "-" "-"
::ffff:192.168.0.2 - - [29/Sep/2019:13:17:32 +0000] "DELETE /rosemary/zone1/YH8D29/mobiususer02.MOBIUS.BROWSER.APP_sub HTTP/1.1" 200 - "-" "-"
::ffff:192.168.0.2 - - [29/Sep/2019:13:17:32 +0000] "POST /rosemary/zone1/YH8D29 HTTP/1.1" 201 - "-" "-"
::ffff:192.168.0.2 - - [29/Sep/2019:13:17:32 +0000] "POST /rosemary/zone1/YH8D29 HTTP/1.1" 409 - "-" "-"
::ffff:192.168.0.2 - - [29/Sep/2019:13:17:32 +0000] "DELETE /rosemary/zone1/YH8D29/mobiususer02.MOBIUS.BROWSER.APP_sub HTTP/1.1" 200 - "-" "-"
::ffff:192.168.0.2 - - [29/Sep/2019:13:17:32 +0000] "POST /rosemary/zone1/YH8D29 HTTP/1.1" 201 - "-" "-"
::ffff:192.168.0.2 - - [29/Sep/2019:13:17:32 +0000] "POST /rosemary/zone1/YD7AJG HTTP/1.1" 409 - "-" "-"
::ffff:192.168.0.2 - - [29/Sep/2019:13:17:32 +0000] "DELETE /rosemary/zone1/YD7AJG/mobiususer02.MOBIUS.BROWSER.APP_sub HTTP/1.1" 200 - "-" "-"
::ffff:192.168.0.2 - - [29/Sep/2019:13:17:32 +0000] "POST /rosemary/zone1/YD7AJG HTTP/1.1" 201 - "-" "-"
::ffff:192.168.0.2 - - [29/Sep/2019:13:17:33 +0000] "POST /rosemary/zone1/YD7AJG HTTP/1.1" 409 - "-" "-"
::ffff:192.168.0.2 - - [29/Sep/2019:13:17:33 +0000] "DELETE /rosemary/zone1/YD7AJG/mobiususer02.MOBIUS.BROWSER.APP_sub HTTP/1.1" 200 - "-" "-"
::ffff:192.168.0.2 - - [29/Sep/2019:13:17:33 +0000] "POST /rosemary/zone1/YD7AJG HTTP/1.1" 201 - "-" "-"
::ffff:192.168.0.2 - - [29/Sep/2019:13:17:33 +0000] "POST /rosemary/zone1/YD7AJG HTTP/1.1" 409 - "-" "-"
::ffff:192.168.0.2 - - [29/Sep/2019:13:17:33 +0000] "DELETE /rosemary/zone1/YD7AJG/mobiususer02.MOBIUS.BROWSER.APP_sub HTTP/1.1" 200 - "-" "-"
::ffff:192.168.0.2 - - [29/Sep/2019:13:17:33 +0000] "POST /rosemary/zone1/YD7AJG HTTP/1.1" 201 - "-" "-"
::ffff:192.168.0.33 - - [29/Sep/2019:13:17:34 +0000] "OPTIONS /rosemary/zone1/currentUser HTTP/1.1" 200 2 "http://114.71.220.111:3030/app/camera.html" "Mozilla/5.0 (Linux; Android 9; SM-T510) AppleWebKit/537.36 (KHTML, like Gecko) Chrome/77.0.3865.92 Safari/537.36"
::ffff:192.168.0.33 - - [29/Sep/2019:13:17:34 +0000] "OPTIONS /rosemary/zone1 HTTP/1.1" 200 2 "http://114.71.220.111:3030/app/camera.html" "Mozilla/5.0 (Linux; Android 9; SM-T510) AppleWebKit/537.36 (KHTML, like Gecko) Chrome/77.0.3865.92 Safari/537.36"
::ffff:192.168.0.1 - - [29/Sep/2019:13:17:34 +0000] "OPTIONS /rosemary/zone1/state/la HTTP/1.1" 200 2 "http://114.71.220.111:3030/app/camera.html" "Mozilla/5.0 (Linux; Android 9; SM-T510) AppleWebKit/537.36 (KHTML, like Gecko) Chrome/77.0.3865.92 Safari/537.36"
::ffff:192.168.0.1 - - [29/Sep/2019:13:17:34 +0000] "GET /rosemary/zone1/state/la HTTP/1.1" 200 - "http://114.71.220.111:3030/app/camera.html" "Mozilla/5.0 (Linux; Android 9; SM-T510) AppleWebKit/537.36 (KHTML, like Gecko) Chrome/77.0.3865.92 Safari/537.36"
::ffff:192.168.0.33 - - [29/Sep/2019:13:17:35 +0000] "POST /rosemary/zone1 HTTP/1.1" 201 - "http://114.71.220.111:3030/app/camera.html" "Mozilla/5.0 (Linux; Android 9; SM-T510) AppleWebKit/537.36 (KHTML, like Gecko) Chrome/77.0.3865.92 Safari/537.36"
::ffff:192.168.0.33 - - [29/Sep/2019:13:17:35 +0000] "POST /rosemary/zone1/currentUser HTTP/1.1" 201 - "http://114.71.220.111:3030/app/camera.html" "Mozilla/5.0 (Linux; Android 9; SM-T510) AppleWebKit/537.36 (KHTML, like Gecko) Chrome/77.0.3865.92 Safari/537.36"
::ffff:192.168.0.2 - - [29/Sep/2019:13:17:35 +0000] "POST /rosemary/zone1/YL35KD HTTP/1.1" 201 - "-" "-"
::ffff:192.168.0.2 - - [29/Sep/2019:13:17:35 +0000] "POST /rosemary/zone1/YL35KD HTTP/1.1" 409 - "-" "-"
::ffff:192.168.0.6 - - [29/Sep/2019:13:17:35 +0000] "POST /rosemary/zone1/YL35KD HTTP/1.1" 409 - "-" "-"
::ffff:192.168.0.2 - - [29/Sep/2019:13:17:35 +0000] "DELETE /rosemary/zone1/YL35KD/mobiususer02.MOBIUS.BROWSER.APP_sub HTTP/1.1" 200 - "-" "-"
::ffff:192.168.0.6 - - [29/Sep/2019:13:17:35 +0000] "DELETE /rosemary/zone1/YL35KD/mobiususer02.MOBIUS.BROWSER.APP_sub HTTP/1.1" 200 - "-" "-"
::ffff:192.168.0.6 - - [29/Sep/2019:13:17:35 +0000] "POST /rosemary/zone1/YL35KD HTTP/1.1" 201 - "-" "-"
::ffff:192.168.0.1 - - [29/Sep/2019:13:17:36 +0000] "GET /rosemary/zone1/state/la HTTP/1.1" 200 - "http://114.71.220.111:3030/app/camera.html" "Mozilla/5.0 (Linux; Android 9; SM-T510) AppleWebKit/537.36 (KHTML, like Gecko) Chrome/77.0.3865.92 Safari/537.36"
::ffff:192.168.0.33 - - [29/Sep/2019:13:17:36 +0000] "POST /rosemary/zone1 HTTP/1.1" 201 - "http://114.71.220.111:3030/app/camera.html" "Mozilla/5.0 (Linux; Android 9; SM-T510) AppleWebKit/537.36 (KHTML, like Gecko) Chrome/77.0.3865.92 Safari/537.36"
::ffff:192.168.0.33 - - [29/Sep/2019:13:17:36 +0000] "POST /rosemary/zone1/currentUser HTTP/1.1" 201 - "http://114.71.220.111:3030/app/camera.html" "Mozilla/5.0 (Linux; Android 9; SM-T510) AppleWebKit/537.36 (KHTML, like Gecko) Chrome/77.0.3865.92 Safari/537.36"
::ffff:192.168.0.6 - - [29/Sep/2019:13:17:36 +0000] "POST /rosemary/zone1/YA9O29 HTTP/1.1" 201 - "-" "-"
::ffff:192.168.0.33 - - [29/Sep/2019:13:17:45 +0000] "OPTIONS /rosemary/zone1/currentUser HTTP/1.1" 200 2 "http://114.71.220.111:3030/app/camera.html" "Mozilla/5.0 (Linux; Android 9; SM-T510) AppleWebKit/537.36 (KHTML, like Gecko) Chrome/77.0.3865.92 Safari/537.36"
::ffff:192.168.0.33 - - [29/Sep/2019:13:17:45 +0000] "OPTIONS /rosemary/zone1 HTTP/1.1" 200 2 "http://114.71.220.111:3030/app/camera.html" "Mozilla/5.0 (Linux; Android 9; SM-T510) AppleWebKit/537.36 (KHTML, like Gecko) Chrome/77.0.3865.92 Safari/537.36"
::ffff:192.168.0.1 - - [29/Sep/2019:13:17:45 +0000] "OPTIONS /rosemary/zone1/state/la HTTP/1.1" 200 2 "http://114.71.220.111:3030/app/camera.html" "Mozilla/5.0 (Linux; Android 9; SM-T510) AppleWebKit/537.36 (KHTML, like Gecko) Chrome/77.0.3865.92 Safari/537.36"
::ffff:192.168.0.1 - - [29/Sep/2019:13:17:45 +0000] "GET /rosemary/zone1/state/la HTTP/1.1" 200 - "http://114.71.220.111:3030/app/camera.html" "Mozilla/5.0 (Linux; Android 9; SM-T510) AppleWebKit/537.36 (KHTML, like Gecko) Chrome/77.0.3865.92 Safari/537.36"
::ffff:192.168.0.33 - - [29/Sep/2019:13:17:46 +0000] "POST /rosemary/zone1 HTTP/1.1" 201 - "http://114.71.220.111:3030/app/camera.html" "Mozilla/5.0 (Linux; Android 9; SM-T510) AppleWebKit/537.36 (KHTML, like Gecko) Chrome/77.0.3865.92 Safari/537.36"
::ffff:192.168.0.33 - - [29/Sep/2019:13:17:46 +0000] "POST /rosemary/zone1/currentUser HTTP/1.1" 201 - "http://114.71.220.111:3030/app/camera.html" "Mozilla/5.0 (Linux; Android 9; SM-T510) AppleWebKit/537.36 (KHTML, like Gecko) Chrome/77.0.3865.92 Safari/537.36"
::ffff:192.168.0.6 - - [29/Sep/2019:13:17:46 +0000] "POST /rosemary/zone1/YADD3F HTTP/1.1" 201 - "-" "-"
::ffff:192.168.0.33 - - [29/Sep/2019:13:17:55 +0000] "OPTIONS /rosemary/zone1/currentUser HTTP/1.1" 200 2 "http://114.71.220.111:3030/app/camera.html" "Mozilla/5.0 (Linux; Android 9; SM-T510) AppleWebKit/537.36 (KHTML, like Gecko) Chrome/77.0.3865.92 Safari/537.36"
::ffff:192.168.0.33 - - [29/Sep/2019:13:17:55 +0000] "OPTIONS /rosemary/zone1 HTTP/1.1" 200 2 "http://114.71.220.111:3030/app/camera.html" "Mozilla/5.0 (Linux; Android 9; SM-T510) AppleWebKit/537.36 (KHTML, like Gecko) Chrome/77.0.3865.92 Safari/537.36"
::ffff:192.168.0.1 - - [29/Sep/2019:13:17:55 +0000] "OPTIONS /rosemary/zone1/state/la HTTP/1.1" 200 2 "http://114.71.220.111:3030/app/camera.html" "Mozilla/5.0 (Linux; Android 9; SM-T510) AppleWebKit/537.36 (KHTML, like Gecko) Chrome/77.0.3865.92 Safari/537.36"
::ffff:192.168.0.1 - - [29/Sep/2019:13:17:55 +0000] "GET /rosemary/zone1/state/la HTTP/1.1" 200 - "http://114.71.220.111:3030/app/camera.html" "Mozilla/5.0 (Linux; Android 9; SM-T510) AppleWebKit/537.36 (KHTML, like Gecko) Chrome/77.0.3865.92 Safari/537.36"
::ffff:192.168.0.33 - - [29/Sep/2019:13:17:55 +0000] "POST /rosemary/zone1/currentUser HTTP/1.1" 201 - "http://114.71.220.111:3030/app/camera.html" "Mozilla/5.0 (Linux; Android 9; SM-T510) AppleWebKit/537.36 (KHTML, like Gecko) Chrome/77.0.3865.92 Safari/537.36"
::ffff:192.168.0.33 - - [29/Sep/2019:13:17:55 +0000] "POST /rosemary/zone1 HTTP/1.1" 201 - "http://114.71.220.111:3030/app/camera.html" "Mozilla/5.0 (Linux; Android 9; SM-T510) AppleWebKit/537.36 (KHTML, like Gecko) Chrome/77.0.3865.92 Safari/537.36"
::ffff:192.168.0.6 - - [29/Sep/2019:13:17:56 +0000] "POST /rosemary/zone1/YCGDJ1 HTTP/1.1" 201 - "-" "-"
::ffff:192.168.0.33 - - [29/Sep/2019:13:18:04 +0000] "OPTIONS /rosemary/zone1/currentUser HTTP/1.1" 200 2 "http://114.71.220.111:3030/app/camera.html" "Mozilla/5.0 (Linux; Android 9; SM-T510) AppleWebKit/537.36 (KHTML, like Gecko) Chrome/77.0.3865.92 Safari/537.36"
::ffff:192.168.0.33 - - [29/Sep/2019:13:18:04 +0000] "OPTIONS /rosemary/zone1 HTTP/1.1" 200 2 "http://114.71.220.111:3030/app/camera.html" "Mozilla/5.0 (Linux; Android 9; SM-T510) AppleWebKit/537.36 (KHTML, like Gecko) Chrome/77.0.3865.92 Safari/537.36"
::ffff:192.168.0.1 - - [29/Sep/2019:13:18:04 +0000] "OPTIONS /rosemary/zone1/state/la HTTP/1.1" 200 2 "http://114.71.220.111:3030/app/camera.html" "Mozilla/5.0 (Linux; Android 9; SM-T510) AppleWebKit/537.36 (KHTML, like Gecko) Chrome/77.0.3865.92 Safari/537.36"
::ffff:192.168.0.1 - - [29/Sep/2019:13:18:05 +0000] "GET /rosemary/zone1/state/la HTTP/1.1" 200 - "http://114.71.220.111:3030/app/camera.html" "Mozilla/5.0 (Linux; Android 9; SM-T510) AppleWebKit/537.36 (KHTML, like Gecko) Chrome/77.0.3865.92 Safari/537.36"
::ffff:192.168.0.33 - - [29/Sep/2019:13:18:05 +0000] "POST /rosemary/zone1 HTTP/1.1" 201 - "http://114.71.220.111:3030/app/camera.html" "Mozilla/5.0 (Linux; Android 9; SM-T510) AppleWebKit/537.36 (KHTML, like Gecko) Chrome/77.0.3865.92 Safari/537.36"
::ffff:192.168.0.33 - - [29/Sep/2019:13:18:05 +0000] "POST /rosemary/zone1/currentUser HTTP/1.1" 201 - "http://114.71.220.111:3030/app/camera.html" "Mozilla/5.0 (Linux; Android 9; SM-T510) AppleWebKit/537.36 (KHTML, like Gecko) Chrome/77.0.3865.92 Safari/537.36"
::ffff:192.168.0.6 - - [29/Sep/2019:13:18:05 +0000] "POST /rosemary/zone1/YDKC7A HTTP/1.1" 201 - "-" "-"
::ffff:192.168.0.33 - - [29/Sep/2019:13:18:29 +0000] "OPTIONS /rosemary/zone1/currentUser HTTP/1.1" 200 2 "http://114.71.220.111:3030/app/camera.html" "Mozilla/5.0 (Linux; Android 9; SM-T510) AppleWebKit/537.36 (KHTML, like Gecko) Chrome/77.0.3865.92 Safari/537.36"
::ffff:192.168.0.33 - - [29/Sep/2019:13:18:29 +0000] "OPTIONS /rosemary/zone1 HTTP/1.1" 200 2 "http://114.71.220.111:3030/app/camera.html" "Mozilla/5.0 (Linux; Android 9; SM-T510) AppleWebKit/537.36 (KHTML, like Gecko) Chrome/77.0.3865.92 Safari/537.36"
::ffff:192.168.0.1 - - [29/Sep/2019:13:18:29 +0000] "OPTIONS /rosemary/zone1/state/la HTTP/1.1" 200 2 "http://114.71.220.111:3030/app/camera.html" "Mozilla/5.0 (Linux; Android 9; SM-T510) AppleWebKit/537.36 (KHTML, like Gecko) Chrome/77.0.3865.92 Safari/537.36"
::ffff:192.168.0.1 - - [29/Sep/2019:13:18:30 +0000] "GET /rosemary/zone1/state/la HTTP/1.1" 200 - "http://114.71.220.111:3030/app/camera.html" "Mozilla/5.0 (Linux; Android 9; SM-T510) AppleWebKit/537.36 (KHTML, like Gecko) Chrome/77.0.3865.92 Safari/537.36"
::ffff:192.168.0.33 - - [29/Sep/2019:13:18:30 +0000] "POST /rosemary/zone1 HTTP/1.1" 201 - "http://114.71.220.111:3030/app/camera.html" "Mozilla/5.0 (Linux; Android 9; SM-T510) AppleWebKit/537.36 (KHTML, like Gecko) Chrome/77.0.3865.92 Safari/537.36"
::ffff:192.168.0.33 - - [29/Sep/2019:13:18:30 +0000] "POST /rosemary/zone1/currentUser HTTP/1.1" 201 - "http://114.71.220.111:3030/app/camera.html" "Mozilla/5.0 (Linux; Android 9; SM-T510) AppleWebKit/537.36 (KHTML, like Gecko) Chrome/77.0.3865.92 Safari/537.36"
::ffff:192.168.0.6 - - [29/Sep/2019:13:18:30 +0000] "POST /rosemary/zone1/Y4F4BA HTTP/1.1" 201 - "-" "-"
::ffff:192.168.0.33 - - [29/Sep/2019:13:19:09 +0000] "OPTIONS /rosemary/zone1/currentUser HTTP/1.1" 200 2 "http://114.71.220.111:3030/app/camera.html" "Mozilla/5.0 (Linux; Android 9; SM-T510) AppleWebKit/537.36 (KHTML, like Gecko) Chrome/77.0.3865.92 Safari/537.36"
::ffff:192.168.0.33 - - [29/Sep/2019:13:19:09 +0000] "OPTIONS /rosemary/zone1 HTTP/1.1" 200 2 "http://114.71.220.111:3030/app/camera.html" "Mozilla/5.0 (Linux; Android 9; SM-T510) AppleWebKit/537.36 (KHTML, like Gecko) Chrome/77.0.3865.92 Safari/537.36"
::ffff:192.168.0.1 - - [29/Sep/2019:13:19:09 +0000] "OPTIONS /rosemary/zone1/state/la HTTP/1.1" 200 2 "http://114.71.220.111:3030/app/camera.html" "Mozilla/5.0 (Linux; Android 9; SM-T510) AppleWebKit/537.36 (KHTML, like Gecko) Chrome/77.0.3865.92 Safari/537.36"
::ffff:192.168.0.1 - - [29/Sep/2019:13:19:09 +0000] "GET /rosemary/zone1/state/la HTTP/1.1" 200 - "http://114.71.220.111:3030/app/camera.html" "Mozilla/5.0 (Linux; Android 9; SM-T510) AppleWebKit/537.36 (KHTML, like Gecko) Chrome/77.0.3865.92 Safari/537.36"
::ffff:192.168.0.33 - - [29/Sep/2019:13:19:09 +0000] "POST /rosemary/zone1 HTTP/1.1" 201 - "http://114.71.220.111:3030/app/camera.html" "Mozilla/5.0 (Linux; Android 9; SM-T510) AppleWebKit/537.36 (KHTML, like Gecko) Chrome/77.0.3865.92 Safari/537.36"
::ffff:192.168.0.33 - - [29/Sep/2019:13:19:09 +0000] "POST /rosemary/zone1/currentUser HTTP/1.1" 201 - "http://114.71.220.111:3030/app/camera.html" "Mozilla/5.0 (Linux; Android 9; SM-T510) AppleWebKit/537.36 (KHTML, like Gecko) Chrome/77.0.3865.92 Safari/537.36"
::ffff:192.168.0.6 - - [29/Sep/2019:13:19:10 +0000] "POST /rosemary/zone1/Y3N46I HTTP/1.1" 201 - "-" "-"
::ffff:192.168.0.33 - - [29/Sep/2019:13:19:17 +0000] "OPTIONS /rosemary/zone1/currentUser HTTP/1.1" 200 2 "http://114.71.220.111:3030/app/camera.html" "Mozilla/5.0 (Linux; Android 9; SM-T510) AppleWebKit/537.36 (KHTML, like Gecko) Chrome/77.0.3865.92 Safari/537.36"
::ffff:192.168.0.33 - - [29/Sep/2019:13:19:17 +0000] "OPTIONS /rosemary/zone1 HTTP/1.1" 200 2 "http://114.71.220.111:3030/app/camera.html" "Mozilla/5.0 (Linux; Android 9; SM-T510) AppleWebKit/537.36 (KHTML, like Gecko) Chrome/77.0.3865.92 Safari/537.36"
::ffff:192.168.0.1 - - [29/Sep/2019:13:19:17 +0000] "OPTIONS /rosemary/zone1/state/la HTTP/1.1" 200 2 "http://114.71.220.111:3030/app/camera.html" "Mozilla/5.0 (Linux; Android 9; SM-T510) AppleWebKit/537.36 (KHTML, like Gecko) Chrome/77.0.3865.92 Safari/537.36"
::ffff:192.168.0.1 - - [29/Sep/2019:13:19:17 +0000] "GET /rosemary/zone1/state/la HTTP/1.1" 200 - "http://114.71.220.111:3030/app/camera.html" "Mozilla/5.0 (Linux; Android 9; SM-T510) AppleWebKit/537.36 (KHTML, like Gecko) Chrome/77.0.3865.92 Safari/537.36"
::ffff:192.168.0.33 - - [29/Sep/2019:13:19:18 +0000] "POST /rosemary/zone1 HTTP/1.1" 201 - "http://114.71.220.111:3030/app/camera.html" "Mozilla/5.0 (Linux; Android 9; SM-T510) AppleWebKit/537.36 (KHTML, like Gecko) Chrome/77.0.3865.92 Safari/537.36"
::ffff:192.168.0.33 - - [29/Sep/2019:13:19:18 +0000] "POST /rosemary/zone1/currentUser HTTP/1.1" 201 - "http://114.71.220.111:3030/app/camera.html" "Mozilla/5.0 (Linux; Android 9; SM-T510) AppleWebKit/537.36 (KHTML, like Gecko) Chrome/77.0.3865.92 Safari/537.36"
::ffff:192.168.0.6 - - [29/Sep/2019:13:19:18 +0000] "POST /rosemary/zone1/YN3AL9 HTTP/1.1" 201 - "-" "-"
::ffff:192.168.0.8 - - [29/Sep/2019:13:19:30 +0000] "OPTIONS /rosemary/zone1/currentUser/la HTTP/1.1" 200 2 "-" "Mozilla/5.0 (Windows NT 10.0; Win64; x64) AppleWebKit/537.36 (KHTML, like Gecko) Chrome/77.0.3865.90 Safari/537.36"
::ffff:192.168.0.8 - - [29/Sep/2019:13:19:30 +0000] "GET /rosemary/zone1/currentUser/la HTTP/1.1" 200 - "-" "Mozilla/5.0 (Windows NT 10.0; Win64; x64) AppleWebKit/537.36 (KHTML, like Gecko) Chrome/77.0.3865.90 Safari/537.36"
::ffff:192.168.0.8 - - [29/Sep/2019:13:19:30 +0000] "OPTIONS /rosemary/zone1/YN3AL9?lim=10&rcn=4 HTTP/1.1" 200 2 "-" "Mozilla/5.0 (Windows NT 10.0; Win64; x64) AppleWebKit/537.36 (KHTML, like Gecko) Chrome/77.0.3865.90 Safari/537.36"
::ffff:192.168.0.8 - - [29/Sep/2019:13:19:30 +0000] "GET /rosemary/zone1/YN3AL9?lim=10&rcn=4 HTTP/1.1" 200 - "-" "Mozilla/5.0 (Windows NT 10.0; Win64; x64) AppleWebKit/537.36 (KHTML, like Gecko) Chrome/77.0.3865.90 Safari/537.36"
::ffff:192.168.0.8 - - [29/Sep/2019:13:19:30 +0000] "OPTIONS /rosemary/zone1/currentUser HTTP/1.1" 200 2 "-" "Mozilla/5.0 (Windows NT 10.0; Win64; x64) AppleWebKit/537.36 (KHTML, like Gecko) Chrome/77.0.3865.90 Safari/537.36"
::ffff:192.168.0.8 - - [29/Sep/2019:13:19:30 +0000] "OPTIONS /rosemary/zone1 HTTP/1.1" 200 2 "-" "Mozilla/5.0 (Windows NT 10.0; Win64; x64) AppleWebKit/537.36 (KHTML, like Gecko) Chrome/77.0.3865.90 Safari/537.36"
::ffff:192.168.0.8 - - [29/Sep/2019:13:19:30 +0000] "OPTIONS /rosemary/zone1/state HTTP/1.1" 200 2 "-" "Mozilla/5.0 (Windows NT 10.0; Win64; x64) AppleWebKit/537.36 (KHTML, like Gecko) Chrome/77.0.3865.90 Safari/537.36"
::ffff:192.168.0.8 - - [29/Sep/2019:13:19:30 +0000] "POST /rosemary/zone1 HTTP/1.1" 409 - "-" "Mozilla/5.0 (Windows NT 10.0; Win64; x64) AppleWebKit/537.36 (KHTML, like Gecko) Chrome/77.0.3865.90 Safari/537.36"
::ffff:192.168.0.8 - - [29/Sep/2019:13:19:30 +0000] "POST /rosemary/zone1/currentUser HTTP/1.1" 201 - "-" "Mozilla/5.0 (Windows NT 10.0; Win64; x64) AppleWebKit/537.36 (KHTML, like Gecko) Chrome/77.0.3865.90 Safari/537.36"
::ffff:192.168.0.8 - - [29/Sep/2019:13:19:30 +0000] "POST /rosemary/zone1/state HTTP/1.1" 201 - "-" "Mozilla/5.0 (Windows NT 10.0; Win64; x64) AppleWebKit/537.36 (KHTML, like Gecko) Chrome/77.0.3865.90 Safari/537.36"
::ffff:192.168.0.2 - - [29/Sep/2019:13:19:35 +0000] "POST /rosemary/zone1/YL35KD HTTP/1.1" - - "-" "-"
::ffff:192.168.0.2 - - [29/Sep/2019:13:19:35 +0000] "POST /rosemary/zone1/YL35KD HTTP/1.1" 409 - "-" "-"
::ffff:192.168.0.2 - - [29/Sep/2019:13:19:35 +0000] "DELETE /rosemary/zone1/YL35KD/mobiususer02.MOBIUS.BROWSER.APP_sub HTTP/1.1" 200 - "-" "-"
::ffff:192.168.0.2 - - [29/Sep/2019:13:19:36 +0000] "POST /rosemary/zone1/YL35KD HTTP/1.1" 201 - "-" "-"
::ffff:192.168.0.2 - - [29/Sep/2019:13:19:36 +0000] "POST /rosemary/zone1/YA9O29 HTTP/1.1" 409 - "-" "-"
::ffff:192.168.0.2 - - [29/Sep/2019:13:19:36 +0000] "DELETE /rosemary/zone1/YA9O29/mobiususer02.MOBIUS.BROWSER.APP_sub HTTP/1.1" 200 - "-" "-"
::ffff:192.168.0.2 - - [29/Sep/2019:13:19:36 +0000] "POST /rosemary/zone1/YA9O29 HTTP/1.1" 201 - "-" "-"
::ffff:192.168.0.2 - - [29/Sep/2019:13:19:36 +0000] "POST /rosemary/zone1/YA9O29 HTTP/1.1" 409 - "-" "-"
::ffff:192.168.0.2 - - [29/Sep/2019:13:19:36 +0000] "DELETE /rosemary/zone1/YA9O29/mobiususer02.MOBIUS.BROWSER.APP_sub HTTP/1.1" 200 - "-" "-"
::ffff:192.168.0.2 - - [29/Sep/2019:13:19:36 +0000] "POST /rosemary/zone1/YA9O29 HTTP/1.1" 201 - "-" "-"
::ffff:192.168.0.2 - - [29/Sep/2019:13:19:36 +0000] "POST /rosemary/zone1/YA9O29 HTTP/1.1" 409 - "-" "-"
::ffff:192.168.0.2 - - [29/Sep/2019:13:19:36 +0000] "DELETE /rosemary/zone1/YA9O29/mobiususer02.MOBIUS.BROWSER.APP_sub HTTP/1.1" 200 - "-" "-"
::ffff:192.168.0.2 - - [29/Sep/2019:13:19:36 +0000] "POST /rosemary/zone1/YA9O29 HTTP/1.1" 201 - "-" "-"
::ffff:192.168.0.2 - - [29/Sep/2019:13:19:36 +0000] "POST /rosemary/zone1/YADD3F HTTP/1.1" 409 - "-" "-"
::ffff:192.168.0.2 - - [29/Sep/2019:13:19:36 +0000] "DELETE /rosemary/zone1/YADD3F/mobiususer02.MOBIUS.BROWSER.APP_sub HTTP/1.1" 200 - "-" "-"
::ffff:192.168.0.2 - - [29/Sep/2019:13:19:36 +0000] "POST /rosemary/zone1/YADD3F HTTP/1.1" 201 - "-" "-"
::ffff:192.168.0.2 - - [29/Sep/2019:13:19:37 +0000] "POST /rosemary/zone1/YADD3F HTTP/1.1" 409 - "-" "-"
::ffff:192.168.0.2 - - [29/Sep/2019:13:19:37 +0000] "DELETE /rosemary/zone1/YADD3F/mobiususer02.MOBIUS.BROWSER.APP_sub HTTP/1.1" 200 - "-" "-"
::ffff:192.168.0.2 - - [29/Sep/2019:13:19:37 +0000] "POST /rosemary/zone1/YADD3F HTTP/1.1" 201 - "-" "-"
::ffff:192.168.0.2 - - [29/Sep/2019:13:19:37 +0000] "POST /rosemary/zone1/YADD3F HTTP/1.1" 409 - "-" "-"
::ffff:192.168.0.2 - - [29/Sep/2019:13:19:37 +0000] "DELETE /rosemary/zone1/YADD3F/mobiususer02.MOBIUS.BROWSER.APP_sub HTTP/1.1" 200 - "-" "-"
::ffff:192.168.0.2 - - [29/Sep/2019:13:19:37 +0000] "POST /rosemary/zone1/YADD3F HTTP/1.1" 201 - "-" "-"
::ffff:192.168.0.2 - - [29/Sep/2019:13:19:37 +0000] "POST /rosemary/zone1/YCGDJ1 HTTP/1.1" 409 - "-" "-"
::ffff:192.168.0.2 - - [29/Sep/2019:13:19:37 +0000] "DELETE /rosemary/zone1/YCGDJ1/mobiususer02.MOBIUS.BROWSER.APP_sub HTTP/1.1" 200 - "-" "-"
::ffff:192.168.0.2 - - [29/Sep/2019:13:19:37 +0000] "POST /rosemary/zone1/YCGDJ1 HTTP/1.1" 201 - "-" "-"
::ffff:192.168.0.2 - - [29/Sep/2019:13:19:37 +0000] "POST /rosemary/zone1/YCGDJ1 HTTP/1.1" 409 - "-" "-"
::ffff:192.168.0.2 - - [29/Sep/2019:13:19:37 +0000] "DELETE /rosemary/zone1/YCGDJ1/mobiususer02.MOBIUS.BROWSER.APP_sub HTTP/1.1" 200 - "-" "-"
::ffff:192.168.0.2 - - [29/Sep/2019:13:19:37 +0000] "POST /rosemary/zone1/YCGDJ1 HTTP/1.1" 201 - "-" "-"
::ffff:192.168.0.2 - - [29/Sep/2019:13:19:37 +0000] "POST /rosemary/zone1/YCGDJ1 HTTP/1.1" 409 - "-" "-"
::ffff:192.168.0.2 - - [29/Sep/2019:13:19:37 +0000] "DELETE /rosemary/zone1/YCGDJ1/mobiususer02.MOBIUS.BROWSER.APP_sub HTTP/1.1" 200 - "-" "-"
::ffff:192.168.0.2 - - [29/Sep/2019:13:19:38 +0000] "POST /rosemary/zone1/YCGDJ1 HTTP/1.1" 201 - "-" "-"
::ffff:192.168.0.2 - - [29/Sep/2019:13:19:38 +0000] "POST /rosemary/zone1/YDKC7A HTTP/1.1" 409 - "-" "-"
::ffff:192.168.0.2 - - [29/Sep/2019:13:19:38 +0000] "DELETE /rosemary/zone1/YDKC7A/mobiususer02.MOBIUS.BROWSER.APP_sub HTTP/1.1" 200 - "-" "-"
::ffff:192.168.0.2 - - [29/Sep/2019:13:19:38 +0000] "POST /rosemary/zone1/YDKC7A HTTP/1.1" 201 - "-" "-"
::ffff:192.168.0.2 - - [29/Sep/2019:13:19:38 +0000] "POST /rosemary/zone1/YDKC7A HTTP/1.1" 409 - "-" "-"
::ffff:192.168.0.2 - - [29/Sep/2019:13:19:38 +0000] "DELETE /rosemary/zone1/YDKC7A/mobiususer02.MOBIUS.BROWSER.APP_sub HTTP/1.1" 200 - "-" "-"
::ffff:192.168.0.2 - - [29/Sep/2019:13:19:38 +0000] "POST /rosemary/zone1/YDKC7A HTTP/1.1" 201 - "-" "-"
::ffff:192.168.0.2 - - [29/Sep/2019:13:19:38 +0000] "POST /rosemary/zone1/YDKC7A HTTP/1.1" 409 - "-" "-"
::ffff:192.168.0.2 - - [29/Sep/2019:13:19:38 +0000] "DELETE /rosemary/zone1/YDKC7A/mobiususer02.MOBIUS.BROWSER.APP_sub HTTP/1.1" 200 - "-" "-"
::ffff:192.168.0.2 - - [29/Sep/2019:13:19:38 +0000] "POST /rosemary/zone1/YDKC7A HTTP/1.1" 201 - "-" "-"
::ffff:192.168.0.2 - - [29/Sep/2019:13:19:38 +0000] "POST /rosemary/zone1/Y4F4BA HTTP/1.1" 409 - "-" "-"
::ffff:192.168.0.2 - - [29/Sep/2019:13:19:38 +0000] "DELETE /rosemary/zone1/Y4F4BA/mobiususer02.MOBIUS.BROWSER.APP_sub HTTP/1.1" 200 - "-" "-"
::ffff:192.168.0.2 - - [29/Sep/2019:13:19:38 +0000] "POST /rosemary/zone1/Y4F4BA HTTP/1.1" 201 - "-" "-"
::ffff:192.168.0.2 - - [29/Sep/2019:13:19:38 +0000] "POST /rosemary/zone1/Y4F4BA HTTP/1.1" 409 - "-" "-"
::ffff:192.168.0.2 - - [29/Sep/2019:13:19:38 +0000] "DELETE /rosemary/zone1/Y4F4BA/mobiususer02.MOBIUS.BROWSER.APP_sub HTTP/1.1" 200 - "-" "-"
::ffff:192.168.0.2 - - [29/Sep/2019:13:19:38 +0000] "POST /rosemary/zone1/Y4F4BA HTTP/1.1" 201 - "-" "-"
::ffff:192.168.0.2 - - [29/Sep/2019:13:19:38 +0000] "POST /rosemary/zone1/Y4F4BA HTTP/1.1" 409 - "-" "-"
::ffff:192.168.0.2 - - [29/Sep/2019:13:19:38 +0000] "DELETE /rosemary/zone1/Y4F4BA/mobiususer02.MOBIUS.BROWSER.APP_sub HTTP/1.1" 200 - "-" "-"
::ffff:192.168.0.2 - - [29/Sep/2019:13:19:39 +0000] "POST /rosemary/zone1/Y4F4BA HTTP/1.1" 201 - "-" "-"
::ffff:192.168.0.2 - - [29/Sep/2019:13:19:39 +0000] "POST /rosemary/zone1/Y3N46I HTTP/1.1" 409 - "-" "-"
::ffff:192.168.0.2 - - [29/Sep/2019:13:19:39 +0000] "DELETE /rosemary/zone1/Y3N46I/mobiususer02.MOBIUS.BROWSER.APP_sub HTTP/1.1" 200 - "-" "-"
::ffff:192.168.0.2 - - [29/Sep/2019:13:19:39 +0000] "POST /rosemary/zone1/Y3N46I HTTP/1.1" 201 - "-" "-"
::ffff:192.168.0.2 - - [29/Sep/2019:13:19:39 +0000] "POST /rosemary/zone1/Y3N46I HTTP/1.1" 409 - "-" "-"
::ffff:192.168.0.2 - - [29/Sep/2019:13:19:39 +0000] "DELETE /rosemary/zone1/Y3N46I/mobiususer02.MOBIUS.BROWSER.APP_sub HTTP/1.1" 200 - "-" "-"
::ffff:192.168.0.2 - - [29/Sep/2019:13:19:39 +0000] "POST /rosemary/zone1/Y3N46I HTTP/1.1" 201 - "-" "-"
::ffff:192.168.0.2 - - [29/Sep/2019:13:19:39 +0000] "POST /rosemary/zone1/Y3N46I HTTP/1.1" 409 - "-" "-"
::ffff:192.168.0.2 - - [29/Sep/2019:13:19:39 +0000] "DELETE /rosemary/zone1/Y3N46I/mobiususer02.MOBIUS.BROWSER.APP_sub HTTP/1.1" 200 - "-" "-"
::ffff:192.168.0.2 - - [29/Sep/2019:13:19:39 +0000] "POST /rosemary/zone1/Y3N46I HTTP/1.1" 201 - "-" "-"
::ffff:192.168.0.2 - - [29/Sep/2019:13:19:39 +0000] "POST /rosemary/zone1/YN3AL9 HTTP/1.1" 409 - "-" "-"
::ffff:192.168.0.2 - - [29/Sep/2019:13:19:39 +0000] "DELETE /rosemary/zone1/YN3AL9/mobiususer02.MOBIUS.BROWSER.APP_sub HTTP/1.1" 200 - "-" "-"
::ffff:192.168.0.2 - - [29/Sep/2019:13:19:40 +0000] "POST /rosemary/zone1/YN3AL9 HTTP/1.1" 201 - "-" "-"
::ffff:192.168.0.2 - - [29/Sep/2019:13:19:40 +0000] "POST /rosemary/zone1/YN3AL9 HTTP/1.1" 409 - "-" "-"
::ffff:192.168.0.2 - - [29/Sep/2019:13:19:40 +0000] "DELETE /rosemary/zone1/YN3AL9/mobiususer02.MOBIUS.BROWSER.APP_sub HTTP/1.1" 200 - "-" "-"
::ffff:192.168.0.2 - - [29/Sep/2019:13:19:40 +0000] "POST /rosemary/zone1/YN3AL9 HTTP/1.1" 201 - "-" "-"
::ffff:192.168.0.2 - - [29/Sep/2019:13:19:40 +0000] "POST /rosemary/zone1/YN3AL9 HTTP/1.1" 409 - "-" "-"
::ffff:192.168.0.2 - - [29/Sep/2019:13:19:40 +0000] "DELETE /rosemary/zone1/YN3AL9/mobiususer02.MOBIUS.BROWSER.APP_sub HTTP/1.1" 200 - "-" "-"
::ffff:192.168.0.2 - - [29/Sep/2019:13:19:40 +0000] "POST /rosemary/zone1/YN3AL9 HTTP/1.1" 201 - "-" "-"
::ffff:192.168.0.8 - - [29/Sep/2019:13:19:56 +0000] "OPTIONS /rosemary/zone1/currentUser/la HTTP/1.1" 200 2 "-" "Mozilla/5.0 (Windows NT 10.0; Win64; x64) AppleWebKit/537.36 (KHTML, like Gecko) Chrome/77.0.3865.90 Safari/537.36"
::ffff:192.168.0.8 - - [29/Sep/2019:13:19:56 +0000] "GET /rosemary/zone1/currentUser/la HTTP/1.1" 200 - "-" "Mozilla/5.0 (Windows NT 10.0; Win64; x64) AppleWebKit/537.36 (KHTML, like Gecko) Chrome/77.0.3865.90 Safari/537.36"
::ffff:192.168.0.8 - - [29/Sep/2019:13:19:56 +0000] "OPTIONS /rosemary/zone1/1234?lim=10&rcn=4 HTTP/1.1" 200 2 "-" "Mozilla/5.0 (Windows NT 10.0; Win64; x64) AppleWebKit/537.36 (KHTML, like Gecko) Chrome/77.0.3865.90 Safari/537.36"
::ffff:192.168.0.8 - - [29/Sep/2019:13:19:56 +0000] "GET /rosemary/zone1/1234?lim=10&rcn=4 HTTP/1.1" 200 - "-" "Mozilla/5.0 (Windows NT 10.0; Win64; x64) AppleWebKit/537.36 (KHTML, like Gecko) Chrome/77.0.3865.90 Safari/537.36"
::ffff:192.168.0.8 - - [29/Sep/2019:13:20:02 +0000] "OPTIONS /rosemary/zone1/currentUser HTTP/1.1" 200 2 "-" "Mozilla/5.0 (Windows NT 10.0; Win64; x64) AppleWebKit/537.36 (KHTML, like Gecko) Chrome/77.0.3865.90 Safari/537.36"
::ffff:192.168.0.8 - - [29/Sep/2019:13:20:02 +0000] "OPTIONS /rosemary/zone1 HTTP/1.1" 200 2 "-" "Mozilla/5.0 (Windows NT 10.0; Win64; x64) AppleWebKit/537.36 (KHTML, like Gecko) Chrome/77.0.3865.90 Safari/537.36"
::ffff:192.168.0.8 - - [29/Sep/2019:13:20:02 +0000] "OPTIONS /rosemary/zone1/state HTTP/1.1" 200 2 "-" "Mozilla/5.0 (Windows NT 10.0; Win64; x64) AppleWebKit/537.36 (KHTML, like Gecko) Chrome/77.0.3865.90 Safari/537.36"
::ffff:192.168.0.8 - - [29/Sep/2019:13:20:02 +0000] "POST /rosemary/zone1 HTTP/1.1" 409 - "-" "Mozilla/5.0 (Windows NT 10.0; Win64; x64) AppleWebKit/537.36 (KHTML, like Gecko) Chrome/77.0.3865.90 Safari/537.36"
::ffff:192.168.0.8 - - [29/Sep/2019:13:20:03 +0000] "POST /rosemary/zone1/currentUser HTTP/1.1" 201 - "-" "Mozilla/5.0 (Windows NT 10.0; Win64; x64) AppleWebKit/537.36 (KHTML, like Gecko) Chrome/77.0.3865.90 Safari/537.36"
::ffff:192.168.0.8 - - [29/Sep/2019:13:20:03 +0000] "POST /rosemary/zone1/state HTTP/1.1" 201 - "-" "Mozilla/5.0 (Windows NT 10.0; Win64; x64) AppleWebKit/537.36 (KHTML, like Gecko) Chrome/77.0.3865.90 Safari/537.36"
::ffff:192.168.0.33 - - [29/Sep/2019:13:20:07 +0000] "OPTIONS /rosemary/zone1/currentUser HTTP/1.1" 200 2 "http://114.71.220.111:3030/app/camera.html" "Mozilla/5.0 (Linux; Android 9; SM-T510) AppleWebKit/537.36 (KHTML, like Gecko) Chrome/77.0.3865.92 Safari/537.36"
::ffff:192.168.0.33 - - [29/Sep/2019:13:20:07 +0000] "OPTIONS /rosemary/zone1 HTTP/1.1" 200 2 "http://114.71.220.111:3030/app/camera.html" "Mozilla/5.0 (Linux; Android 9; SM-T510) AppleWebKit/537.36 (KHTML, like Gecko) Chrome/77.0.3865.92 Safari/537.36"
::ffff:192.168.0.1 - - [29/Sep/2019:13:20:07 +0000] "OPTIONS /rosemary/zone1/state/la HTTP/1.1" 200 2 "http://114.71.220.111:3030/app/camera.html" "Mozilla/5.0 (Linux; Android 9; SM-T510) AppleWebKit/537.36 (KHTML, like Gecko) Chrome/77.0.3865.92 Safari/537.36"
::ffff:192.168.0.1 - - [29/Sep/2019:13:20:07 +0000] "GET /rosemary/zone1/state/la HTTP/1.1" 200 - "http://114.71.220.111:3030/app/camera.html" "Mozilla/5.0 (Linux; Android 9; SM-T510) AppleWebKit/537.36 (KHTML, like Gecko) Chrome/77.0.3865.92 Safari/537.36"
::ffff:192.168.0.33 - - [29/Sep/2019:13:20:07 +0000] "POST /rosemary/zone1/currentUser HTTP/1.1" 201 - "http://114.71.220.111:3030/app/camera.html" "Mozilla/5.0 (Linux; Android 9; SM-T510) AppleWebKit/537.36 (KHTML, like Gecko) Chrome/77.0.3865.92 Safari/537.36"
::ffff:192.168.0.33 - - [29/Sep/2019:13:20:07 +0000] "POST /rosemary/zone1 HTTP/1.1" 201 - "http://114.71.220.111:3030/app/camera.html" "Mozilla/5.0 (Linux; Android 9; SM-T510) AppleWebKit/537.36 (KHTML, like Gecko) Chrome/77.0.3865.92 Safari/537.36"
::ffff:192.168.0.2 - - [29/Sep/2019:13:20:07 +0000] "POST /rosemary/zone1/YMM8E6 HTTP/1.1" 409 - "-" "-"
::ffff:192.168.0.6 - - [29/Sep/2019:13:20:07 +0000] "POST /rosemary/zone1/YMM8E6 HTTP/1.1" 201 - "-" "-"
::ffff:192.168.0.2 - - [29/Sep/2019:13:20:07 +0000] "DELETE /rosemary/zone1/YMM8E6/mobiususer02.MOBIUS.BROWSER.APP_sub HTTP/1.1" 200 - "-" "-"
::ffff:192.168.0.2 - - [29/Sep/2019:13:20:07 +0000] "POST /rosemary/zone1/YMM8E6 HTTP/1.1" 201 - "-" "-"
::ffff:192.168.0.2 - - [29/Sep/2019:13:20:07 +0000] "POST /rosemary/zone1/YMM8E6 HTTP/1.1" 409 - "-" "-"
::ffff:192.168.0.2 - - [29/Sep/2019:13:20:07 +0000] "DELETE /rosemary/zone1/YMM8E6/mobiususer02.MOBIUS.BROWSER.APP_sub HTTP/1.1" 200 - "-" "-"
::ffff:192.168.0.2 - - [29/Sep/2019:13:20:08 +0000] "POST /rosemary/zone1/YMM8E6 HTTP/1.1" 201 - "-" "-"
::ffff:192.168.0.2 - - [29/Sep/2019:13:20:08 +0000] "POST /rosemary/zone1/YMM8E6 HTTP/1.1" 409 - "-" "-"
::ffff:192.168.0.2 - - [29/Sep/2019:13:20:08 +0000] "DELETE /rosemary/zone1/YMM8E6/mobiususer02.MOBIUS.BROWSER.APP_sub HTTP/1.1" 200 - "-" "-"
::ffff:192.168.0.2 - - [29/Sep/2019:13:20:08 +0000] "POST /rosemary/zone1/YMM8E6 HTTP/1.1" 201 - "-" "-"
::ffff:192.168.0.33 - - [29/Sep/2019:13:20:13 +0000] "OPTIONS /rosemary/zone1/currentUser HTTP/1.1" 200 2 "http://114.71.220.111:3030/app/camera.html" "Mozilla/5.0 (Linux; Android 9; SM-T510) AppleWebKit/537.36 (KHTML, like Gecko) Chrome/77.0.3865.92 Safari/537.36"
::ffff:192.168.0.33 - - [29/Sep/2019:13:20:13 +0000] "OPTIONS /rosemary/zone1 HTTP/1.1" 200 2 "http://114.71.220.111:3030/app/camera.html" "Mozilla/5.0 (Linux; Android 9; SM-T510) AppleWebKit/537.36 (KHTML, like Gecko) Chrome/77.0.3865.92 Safari/537.36"
::ffff:192.168.0.1 - - [29/Sep/2019:13:20:13 +0000] "OPTIONS /rosemary/zone1/state/la HTTP/1.1" 200 2 "http://114.71.220.111:3030/app/camera.html" "Mozilla/5.0 (Linux; Android 9; SM-T510) AppleWebKit/537.36 (KHTML, like Gecko) Chrome/77.0.3865.92 Safari/537.36"
::ffff:192.168.0.1 - - [29/Sep/2019:13:20:13 +0000] "GET /rosemary/zone1/state/la HTTP/1.1" 200 - "http://114.71.220.111:3030/app/camera.html" "Mozilla/5.0 (Linux; Android 9; SM-T510) AppleWebKit/537.36 (KHTML, like Gecko) Chrome/77.0.3865.92 Safari/537.36"
::ffff:192.168.0.33 - - [29/Sep/2019:13:20:13 +0000] "POST /rosemary/zone1 HTTP/1.1" 201 - "http://114.71.220.111:3030/app/camera.html" "Mozilla/5.0 (Linux; Android 9; SM-T510) AppleWebKit/537.36 (KHTML, like Gecko) Chrome/77.0.3865.92 Safari/537.36"
::ffff:192.168.0.33 - - [29/Sep/2019:13:20:13 +0000] "POST /rosemary/zone1/currentUser HTTP/1.1" 201 - "http://114.71.220.111:3030/app/camera.html" "Mozilla/5.0 (Linux; Android 9; SM-T510) AppleWebKit/537.36 (KHTML, like Gecko) Chrome/77.0.3865.92 Safari/537.36"
::ffff:192.168.0.2 - - [29/Sep/2019:13:20:14 +0000] "POST /rosemary/zone1/Y8KMGL HTTP/1.1" 201 - "-" "-"
::ffff:192.168.0.2 - - [29/Sep/2019:13:20:14 +0000] "POST /rosemary/zone1/Y8KMGL HTTP/1.1" 409 - "-" "-"
::ffff:192.168.0.2 - - [29/Sep/2019:13:20:14 +0000] "DELETE /rosemary/zone1/Y8KMGL/mobiususer02.MOBIUS.BROWSER.APP_sub HTTP/1.1" 200 - "-" "-"
::ffff:192.168.0.2 - - [29/Sep/2019:13:20:14 +0000] "POST /rosemary/zone1/Y8KMGL HTTP/1.1" 201 - "-" "-"
::ffff:192.168.0.2 - - [29/Sep/2019:13:20:14 +0000] "POST /rosemary/zone1/Y8KMGL HTTP/1.1" 409 - "-" "-"
::ffff:192.168.0.2 - - [29/Sep/2019:13:20:14 +0000] "DELETE /rosemary/zone1/Y8KMGL/mobiususer02.MOBIUS.BROWSER.APP_sub HTTP/1.1" 200 - "-" "-"
::ffff:192.168.0.2 - - [29/Sep/2019:13:20:14 +0000] "POST /rosemary/zone1/Y8KMGL HTTP/1.1" 201 - "-" "-"
::ffff:192.168.0.6 - - [29/Sep/2019:13:20:14 +0000] "POST /rosemary/zone1/Y8KMGL HTTP/1.1" 409 - "-" "-"
::ffff:192.168.0.6 - - [29/Sep/2019:13:20:14 +0000] "DELETE /rosemary/zone1/Y8KMGL/mobiususer02.MOBIUS.BROWSER.APP_sub HTTP/1.1" 200 - "-" "-"
::ffff:192.168.0.6 - - [29/Sep/2019:13:20:14 +0000] "POST /rosemary/zone1/Y8KMGL HTTP/1.1" 201 - "-" "-"
::ffff:192.168.0.1 - - [29/Sep/2019:13:20:15 +0000] "GET /rosemary/zone1/state/la HTTP/1.1" 200 - "http://114.71.220.111:3030/app/camera.html" "Mozilla/5.0 (Linux; Android 9; SM-T510) AppleWebKit/537.36 (KHTML, like Gecko) Chrome/77.0.3865.92 Safari/537.36"
::ffff:192.168.0.33 - - [29/Sep/2019:13:20:15 +0000] "POST /rosemary/zone1 HTTP/1.1" 201 - "http://114.71.220.111:3030/app/camera.html" "Mozilla/5.0 (Linux; Android 9; SM-T510) AppleWebKit/537.36 (KHTML, like Gecko) Chrome/77.0.3865.92 Safari/537.36"
::ffff:192.168.0.33 - - [29/Sep/2019:13:20:15 +0000] "POST /rosemary/zone1/currentUser HTTP/1.1" 201 - "http://114.71.220.111:3030/app/camera.html" "Mozilla/5.0 (Linux; Android 9; SM-T510) AppleWebKit/537.36 (KHTML, like Gecko) Chrome/77.0.3865.92 Safari/537.36"
::ffff:192.168.0.2 - - [29/Sep/2019:13:20:15 +0000] "POST /rosemary/zone1/YH546A HTTP/1.1" 409 - "-" "-"
::ffff:192.168.0.6 - - [29/Sep/2019:13:20:15 +0000] "POST /rosemary/zone1/YH546A HTTP/1.1" 201 - "-" "-"
::ffff:192.168.0.2 - - [29/Sep/2019:13:20:15 +0000] "DELETE /rosemary/zone1/YH546A/mobiususer02.MOBIUS.BROWSER.APP_sub HTTP/1.1" 200 - "-" "-"
::ffff:192.168.0.2 - - [29/Sep/2019:13:20:15 +0000] "POST /rosemary/zone1/YH546A HTTP/1.1" 201 - "-" "-"
::ffff:192.168.0.2 - - [29/Sep/2019:13:20:16 +0000] "POST /rosemary/zone1/YH546A HTTP/1.1" 409 - "-" "-"
::ffff:192.168.0.2 - - [29/Sep/2019:13:20:16 +0000] "DELETE /rosemary/zone1/YH546A/mobiususer02.MOBIUS.BROWSER.APP_sub HTTP/1.1" 200 - "-" "-"
::ffff:192.168.0.2 - - [29/Sep/2019:13:20:16 +0000] "POST /rosemary/zone1/YH546A HTTP/1.1" 201 - "-" "-"
::ffff:192.168.0.2 - - [29/Sep/2019:13:20:16 +0000] "POST /rosemary/zone1/YH546A HTTP/1.1" 409 - "-" "-"
::ffff:192.168.0.2 - - [29/Sep/2019:13:20:16 +0000] "DELETE /rosemary/zone1/YH546A/mobiususer02.MOBIUS.BROWSER.APP_sub HTTP/1.1" 200 - "-" "-"
