::ffff:192.168.0.28 - - [22/Aug/2019:03:48:17 +0000] "POST /rosemary/zone1/cam1 HTTP/1.1" 201 - "http://192.168.0.27/slide0.html" "Mozilla/5.0 (iPad; CPU OS 12_3_1 like Mac OS X) AppleWebKit/605.1.15 (KHTML, like Gecko) Version/12.1.1 Mobile/15E148 Safari/604.1"
::ffff:192.168.0.28 - - [22/Aug/2019:03:48:23 +0000] "OPTIONS /rosemary/zone1/cam1 HTTP/1.1" 200 2 "http://192.168.0.27/slide0.html" "Mozilla/5.0 (iPad; CPU OS 12_3_1 like Mac OS X) AppleWebKit/605.1.15 (KHTML, like Gecko) Version/12.1.1 Mobile/15E148 Safari/604.1"
::ffff:192.168.0.28 - - [22/Aug/2019:03:48:23 +0000] "POST /rosemary/zone1/cam1 HTTP/1.1" 201 - "http://192.168.0.27/slide0.html" "Mozilla/5.0 (iPad; CPU OS 12_3_1 like Mac OS X) AppleWebKit/605.1.15 (KHTML, like Gecko) Version/12.1.1 Mobile/15E148 Safari/604.1"
::ffff:192.168.0.28 - - [22/Aug/2019:03:48:27 +0000] "POST /rosemary/zone1/cam1 HTTP/1.1" 201 - "http://192.168.0.27/slide0.html" "Mozilla/5.0 (iPad; CPU OS 12_3_1 like Mac OS X) AppleWebKit/605.1.15 (KHTML, like Gecko) Version/12.1.1 Mobile/15E148 Safari/604.1"
::ffff:192.168.0.28 - - [22/Aug/2019:03:48:40 +0000] "OPTIONS /rosemary/zone1/cam1 HTTP/1.1" 200 2 "http://192.168.0.27/slide0.html" "Mozilla/5.0 (iPad; CPU OS 12_3_1 like Mac OS X) AppleWebKit/605.1.15 (KHTML, like Gecko) Version/12.1.1 Mobile/15E148 Safari/604.1"
::ffff:192.168.0.28 - - [22/Aug/2019:03:48:44 +0000] "POST /rosemary/zone1/cam1 HTTP/1.1" 201 - "http://192.168.0.27/slide0.html" "Mozilla/5.0 (iPad; CPU OS 12_3_1 like Mac OS X) AppleWebKit/605.1.15 (KHTML, like Gecko) Version/12.1.1 Mobile/15E148 Safari/604.1"
::ffff:192.168.0.1 - - [22/Aug/2019:03:48:48 +0000] "POST /rosemary/zone1/YEB3CP HTTP/1.1" 404 - "-" "-"
::ffff:192.168.0.28 - - [22/Aug/2019:03:49:24 +0000] "OPTIONS /rosemary/zone1/cam1 HTTP/1.1" 200 2 "http://192.168.0.27/slide0.html" "Mozilla/5.0 (iPad; CPU OS 12_3_1 like Mac OS X) AppleWebKit/605.1.15 (KHTML, like Gecko) Version/12.1.1 Mobile/15E148 Safari/604.1"
::ffff:192.168.0.28 - - [22/Aug/2019:03:49:26 +0000] "POST /rosemary/zone1/cam1 HTTP/1.1" 201 - "http://192.168.0.27/slide0.html" "Mozilla/5.0 (iPad; CPU OS 12_3_1 like Mac OS X) AppleWebKit/605.1.15 (KHTML, like Gecko) Version/12.1.1 Mobile/15E148 Safari/604.1"
::ffff:192.168.0.1 - - [22/Aug/2019:03:49:29 +0000] "POST /rosemary/zone1/YEB3CP HTTP/1.1" 404 - "-" "-"
::ffff:192.168.0.28 - - [22/Aug/2019:03:49:49 +0000] "OPTIONS /rosemary/zone1/currentUser HTTP/1.1" 200 2 "http://192.168.0.27/slide0.html" "Mozilla/5.0 (iPad; CPU OS 12_3_1 like Mac OS X) AppleWebKit/605.1.15 (KHTML, like Gecko) Version/12.1.1 Mobile/15E148 Safari/604.1"
::ffff:192.168.0.28 - - [22/Aug/2019:03:49:49 +0000] "OPTIONS /rosemary/zone1/state HTTP/1.1" 200 2 "http://192.168.0.27/slide0.html" "Mozilla/5.0 (iPad; CPU OS 12_3_1 like Mac OS X) AppleWebKit/605.1.15 (KHTML, like Gecko) Version/12.1.1 Mobile/15E148 Safari/604.1"
::ffff:192.168.0.28 - - [22/Aug/2019:03:49:49 +0000] "POST /rosemary/zone1/currentUser HTTP/1.1" 201 - "http://192.168.0.27/slide0.html" "Mozilla/5.0 (iPad; CPU OS 12_3_1 like Mac OS X) AppleWebKit/605.1.15 (KHTML, like Gecko) Version/12.1.1 Mobile/15E148 Safari/604.1"
::ffff:192.168.0.28 - - [22/Aug/2019:03:49:49 +0000] "POST /rosemary/zone1/state HTTP/1.1" 201 - "http://192.168.0.27/slide0.html" "Mozilla/5.0 (iPad; CPU OS 12_3_1 like Mac OS X) AppleWebKit/605.1.15 (KHTML, like Gecko) Version/12.1.1 Mobile/15E148 Safari/604.1"
::ffff:192.168.0.28 - - [22/Aug/2019:03:50:05 +0000] "OPTIONS /rosemary/zone1/state HTTP/1.1" 200 2 "http://192.168.0.27/gallery.html" "Mozilla/5.0 (iPad; CPU OS 12_3_1 like Mac OS X) AppleWebKit/605.1.15 (KHTML, like Gecko) Version/12.1.1 Mobile/15E148 Safari/604.1"
::ffff:192.168.0.28 - - [22/Aug/2019:03:50:05 +0000] "OPTIONS /rosemary/zone1/currentUser/la HTTP/1.1" 200 2 "http://192.168.0.27/gallery.html" "Mozilla/5.0 (iPad; CPU OS 12_3_1 like Mac OS X) AppleWebKit/605.1.15 (KHTML, like Gecko) Version/12.1.1 Mobile/15E148 Safari/604.1"
::ffff:192.168.0.28 - - [22/Aug/2019:03:50:05 +0000] "GET /rosemary/zone1/currentUser/la HTTP/1.1" 200 - "http://192.168.0.27/gallery.html" "Mozilla/5.0 (iPad; CPU OS 12_3_1 like Mac OS X) AppleWebKit/605.1.15 (KHTML, like Gecko) Version/12.1.1 Mobile/15E148 Safari/604.1"
::ffff:192.168.0.28 - - [22/Aug/2019:03:50:06 +0000] "POST /rosemary/zone1/state HTTP/1.1" 201 - "http://192.168.0.27/gallery.html" "Mozilla/5.0 (iPad; CPU OS 12_3_1 like Mac OS X) AppleWebKit/605.1.15 (KHTML, like Gecko) Version/12.1.1 Mobile/15E148 Safari/604.1"
::ffff:192.168.0.28 - - [22/Aug/2019:03:50:31 +0000] "OPTIONS /rosemary/zone1/email HTTP/1.1" 200 2 "http://192.168.0.27/contact.html" "Mozilla/5.0 (iPad; CPU OS 12_3_1 like Mac OS X) AppleWebKit/605.1.15 (KHTML, like Gecko) Version/12.1.1 Mobile/15E148 Safari/604.1"
::ffff:192.168.0.28 - - [22/Aug/2019:03:50:32 +0000] "POST /rosemary/zone1/email HTTP/1.1" 201 - "http://192.168.0.27/contact.html" "Mozilla/5.0 (iPad; CPU OS 12_3_1 like Mac OS X) AppleWebKit/605.1.15 (KHTML, like Gecko) Version/12.1.1 Mobile/15E148 Safari/604.1"
::ffff:192.168.0.1 - - [22/Aug/2019:03:51:01 +0000] "OPTIONS /rosemary/zone1/state/la HTTP/1.1" 200 2 "-" "Mozilla/5.0 (Linux; Android 6.0.1; SAMSUNG SM-T375L Build/MMB29K) AppleWebKit/537.36 (KHTML, like Gecko) SamsungBrowser/9.4 Chrome/67.0.3396.87 Safari/537.36"
::ffff:192.168.0.1 - - [22/Aug/2019:03:51:01 +0000] "GET /rosemary/zone1/state/la HTTP/1.1" 200 - "http://192.168.0.27/cam_kiosk.html" "Mozilla/5.0 (Linux; Android 6.0.1; SAMSUNG SM-T375L Build/MMB29K) AppleWebKit/537.36 (KHTML, like Gecko) SamsungBrowser/9.4 Chrome/67.0.3396.87 Safari/537.36"
::ffff:192.168.0.1 - - [22/Aug/2019:03:51:04 +0000] "GET /rosemary/zone1/state/la HTTP/1.1" 200 - "http://192.168.0.27/camera.html" "Mozilla/5.0 (Linux; Android 6.0.1; SAMSUNG SM-T375L Build/MMB29K) AppleWebKit/537.36 (KHTML, like Gecko) SamsungBrowser/9.4 Chrome/67.0.3396.87 Safari/537.36"
::ffff:192.168.0.23 - - [22/Aug/2019:03:51:11 +0000] "OPTIONS /rosemary/zone1/currentUser HTTP/1.1" 200 2 "-" "Mozilla/5.0 (Linux; Android 6.0.1; SAMSUNG SM-T375L Build/MMB29K) AppleWebKit/537.36 (KHTML, like Gecko) SamsungBrowser/9.4 Chrome/67.0.3396.87 Safari/537.36"
::ffff:192.168.0.23 - - [22/Aug/2019:03:51:11 +0000] "OPTIONS /rosemary/zone1/state HTTP/1.1" 200 2 "-" "Mozilla/5.0 (Linux; Android 6.0.1; SAMSUNG SM-T375L Build/MMB29K) AppleWebKit/537.36 (KHTML, like Gecko) SamsungBrowser/9.4 Chrome/67.0.3396.87 Safari/537.36"
::ffff:192.168.0.23 - - [22/Aug/2019:03:51:12 +0000] "POST /rosemary/zone1/currentUser HTTP/1.1" 201 - "http://192.168.0.27/slide0.html" "Mozilla/5.0 (Linux; Android 6.0.1; SAMSUNG SM-T375L Build/MMB29K) AppleWebKit/537.36 (KHTML, like Gecko) SamsungBrowser/9.4 Chrome/67.0.3396.87 Safari/537.36"
::ffff:192.168.0.23 - - [22/Aug/2019:03:51:12 +0000] "POST /rosemary/zone1/state HTTP/1.1" 201 - "http://192.168.0.27/slide0.html" "Mozilla/5.0 (Linux; Android 6.0.1; SAMSUNG SM-T375L Build/MMB29K) AppleWebKit/537.36 (KHTML, like Gecko) SamsungBrowser/9.4 Chrome/67.0.3396.87 Safari/537.36"
::ffff:192.168.0.23 - - [22/Aug/2019:03:51:15 +0000] "OPTIONS /rosemary/zone1/cam1 HTTP/1.1" 200 2 "-" "Mozilla/5.0 (Linux; Android 6.0.1; SAMSUNG SM-T375L Build/MMB29K) AppleWebKit/537.36 (KHTML, like Gecko) SamsungBrowser/9.4 Chrome/67.0.3396.87 Safari/537.36"
::ffff:192.168.0.23 - - [22/Aug/2019:03:51:16 +0000] "POST /rosemary/zone1/cam1 HTTP/1.1" 201 - "http://192.168.0.27/slide0.html" "Mozilla/5.0 (Linux; Android 6.0.1; SAMSUNG SM-T375L Build/MMB29K) AppleWebKit/537.36 (KHTML, like Gecko) SamsungBrowser/9.4 Chrome/67.0.3396.87 Safari/537.36"
::ffff:192.168.0.23 - - [22/Aug/2019:03:51:22 +0000] "OPTIONS /rosemary/zone1/cam1 HTTP/1.1" 200 2 "-" "Mozilla/5.0 (Linux; Android 6.0.1; SAMSUNG SM-T375L Build/MMB29K) AppleWebKit/537.36 (KHTML, like Gecko) SamsungBrowser/9.4 Chrome/67.0.3396.87 Safari/537.36"
::ffff:192.168.0.23 - - [22/Aug/2019:03:51:22 +0000] "POST /rosemary/zone1/cam1 HTTP/1.1" 201 - "http://192.168.0.27/slide0.html" "Mozilla/5.0 (Linux; Android 6.0.1; SAMSUNG SM-T375L Build/MMB29K) AppleWebKit/537.36 (KHTML, like Gecko) SamsungBrowser/9.4 Chrome/67.0.3396.87 Safari/537.36"
::ffff:192.168.0.23 - - [22/Aug/2019:03:51:27 +0000] "POST /rosemary/zone1/cam1 HTTP/1.1" 201 - "http://192.168.0.27/slide0.html" "Mozilla/5.0 (Linux; Android 6.0.1; SAMSUNG SM-T375L Build/MMB29K) AppleWebKit/537.36 (KHTML, like Gecko) SamsungBrowser/9.4 Chrome/67.0.3396.87 Safari/537.36"
::ffff:192.168.0.23 - - [22/Aug/2019:03:51:31 +0000] "OPTIONS /rosemary/zone1/cam1 HTTP/1.1" 200 2 "-" "Mozilla/5.0 (Linux; Android 6.0.1; SAMSUNG SM-T375L Build/MMB29K) AppleWebKit/537.36 (KHTML, like Gecko) SamsungBrowser/9.4 Chrome/67.0.3396.87 Safari/537.36"
::ffff:192.168.0.23 - - [22/Aug/2019:03:51:34 +0000] "POST /rosemary/zone1/cam1 HTTP/1.1" 201 - "http://192.168.0.27/slide0.html" "Mozilla/5.0 (Linux; Android 6.0.1; SAMSUNG SM-T375L Build/MMB29K) AppleWebKit/537.36 (KHTML, like Gecko) SamsungBrowser/9.4 Chrome/67.0.3396.87 Safari/537.36"
::ffff:192.168.0.1 - - [22/Aug/2019:03:51:38 +0000] "POST /rosemary/zone1/Y8Q1JA HTTP/1.1" 404 - "-" "-"
::ffff:192.168.0.23 - - [22/Aug/2019:03:51:42 +0000] "OPTIONS /rosemary/zone1/currentUser/la HTTP/1.1" 200 2 "-" "Mozilla/5.0 (Linux; Android 6.0.1; SAMSUNG SM-T375L Build/MMB29K) AppleWebKit/537.36 (KHTML, like Gecko) SamsungBrowser/9.4 Chrome/67.0.3396.87 Safari/537.36"
::ffff:192.168.0.23 - - [22/Aug/2019:03:51:42 +0000] "OPTIONS /rosemary/zone1/state HTTP/1.1" 200 2 "-" "Mozilla/5.0 (Linux; Android 6.0.1; SAMSUNG SM-T375L Build/MMB29K) AppleWebKit/537.36 (KHTML, like Gecko) SamsungBrowser/9.4 Chrome/67.0.3396.87 Safari/537.36"
::ffff:192.168.0.23 - - [22/Aug/2019:03:51:42 +0000] "GET /rosemary/zone1/currentUser/la HTTP/1.1" 200 - "http://192.168.0.27/gallery.html" "Mozilla/5.0 (Linux; Android 6.0.1; SAMSUNG SM-T375L Build/MMB29K) AppleWebKit/537.36 (KHTML, like Gecko) SamsungBrowser/9.4 Chrome/67.0.3396.87 Safari/537.36"
::ffff:192.168.0.23 - - [22/Aug/2019:03:51:43 +0000] "POST /rosemary/zone1/state HTTP/1.1" 201 - "http://192.168.0.27/gallery.html" "Mozilla/5.0 (Linux; Android 6.0.1; SAMSUNG SM-T375L Build/MMB29K) AppleWebKit/537.36 (KHTML, like Gecko) SamsungBrowser/9.4 Chrome/67.0.3396.87 Safari/537.36"
::ffff:192.168.0.1 - - [22/Aug/2019:03:53:17 +0000] "OPTIONS /rosemary/zone1/state/la HTTP/1.1" 200 2 "http://192.168.0.27/cam_kiosk.html" "Mozilla/5.0 (iPad; CPU OS 12_3_1 like Mac OS X) AppleWebKit/605.1.15 (KHTML, like Gecko) Version/12.1.1 Mobile/15E148 Safari/604.1"
::ffff:192.168.0.1 - - [22/Aug/2019:03:53:17 +0000] "GET /rosemary/zone1/state/la HTTP/1.1" 200 - "http://192.168.0.27/cam_kiosk.html" "Mozilla/5.0 (iPad; CPU OS 12_3_1 like Mac OS X) AppleWebKit/605.1.15 (KHTML, like Gecko) Version/12.1.1 Mobile/15E148 Safari/604.1"
::ffff:192.168.0.1 - - [22/Aug/2019:03:53:19 +0000] "GET /rosemary/zone1/state/la HTTP/1.1" 200 - "http://192.168.0.27/camera.html" "Mozilla/5.0 (iPad; CPU OS 12_3_1 like Mac OS X) AppleWebKit/605.1.15 (KHTML, like Gecko) Version/12.1.1 Mobile/15E148 Safari/604.1"
::ffff:192.168.0.1 - - [22/Aug/2019:03:54:34 +0000] "OPTIONS /rosemary/zone1/state/la HTTP/1.1" 200 2 "http://192.168.0.27/cam_kiosk.html" "Mozilla/5.0 (iPad; CPU OS 12_3_1 like Mac OS X) AppleWebKit/605.1.15 (KHTML, like Gecko) Version/12.1.1 Mobile/15E148 Safari/604.1"
::ffff:192.168.0.1 - - [22/Aug/2019:03:54:34 +0000] "GET /rosemary/zone1/state/la HTTP/1.1" 200 - "http://192.168.0.27/cam_kiosk.html" "Mozilla/5.0 (iPad; CPU OS 12_3_1 like Mac OS X) AppleWebKit/605.1.15 (KHTML, like Gecko) Version/12.1.1 Mobile/15E148 Safari/604.1"
::ffff:192.168.0.1 - - [22/Aug/2019:03:54:41 +0000] "OPTIONS /rosemary/zone1/state/la HTTP/1.1" 200 2 "http://192.168.0.27/cam_kiosk.html" "Mozilla/5.0 (Windows NT 10.0; Win64; x64) AppleWebKit/537.36 (KHTML, like Gecko) Chrome/76.0.3809.100 Safari/537.36"
::ffff:192.168.0.1 - - [22/Aug/2019:03:54:41 +0000] "GET /rosemary/zone1/state/la HTTP/1.1" 200 - "http://192.168.0.27/cam_kiosk.html" "Mozilla/5.0 (Windows NT 10.0; Win64; x64) AppleWebKit/537.36 (KHTML, like Gecko) Chrome/76.0.3809.100 Safari/537.36"
::ffff:192.168.0.1 - - [22/Aug/2019:03:54:44 +0000] "GET /rosemary/zone1/state/la HTTP/1.1" 200 - "http://192.168.0.27/camera.html" "Mozilla/5.0 (Windows NT 10.0; Win64; x64) AppleWebKit/537.36 (KHTML, like Gecko) Chrome/76.0.3809.100 Safari/537.36"
::ffff:192.168.0.17 - - [22/Aug/2019:03:54:47 +0000] "OPTIONS /rosemary/zone1/currentUser HTTP/1.1" 200 2 "http://192.168.0.27/slide0.html" "Mozilla/5.0 (Windows NT 10.0; Win64; x64) AppleWebKit/537.36 (KHTML, like Gecko) Chrome/76.0.3809.100 Safari/537.36"
::ffff:192.168.0.17 - - [22/Aug/2019:03:54:47 +0000] "OPTIONS /rosemary/zone1/state HTTP/1.1" 200 2 "http://192.168.0.27/slide0.html" "Mozilla/5.0 (Windows NT 10.0; Win64; x64) AppleWebKit/537.36 (KHTML, like Gecko) Chrome/76.0.3809.100 Safari/537.36"
::ffff:192.168.0.17 - - [22/Aug/2019:03:54:47 +0000] "POST /rosemary/zone1/currentUser HTTP/1.1" 201 - "http://192.168.0.27/slide0.html" "Mozilla/5.0 (Windows NT 10.0; Win64; x64) AppleWebKit/537.36 (KHTML, like Gecko) Chrome/76.0.3809.100 Safari/537.36"
::ffff:192.168.0.17 - - [22/Aug/2019:03:54:49 +0000] "POST /rosemary/zone1/state HTTP/1.1" 201 - "http://192.168.0.27/slide0.html" "Mozilla/5.0 (Windows NT 10.0; Win64; x64) AppleWebKit/537.36 (KHTML, like Gecko) Chrome/76.0.3809.100 Safari/537.36"
::ffff:192.168.0.1 - - [22/Aug/2019:03:55:02 +0000] "OPTIONS /rosemary/zone1/state/la HTTP/1.1" 200 2 "http://192.168.0.27/camera.html" "Mozilla/5.0 (iPad; CPU OS 12_3_1 like Mac OS X) AppleWebKit/605.1.15 (KHTML, like Gecko) Version/12.1.1 Mobile/15E148 Safari/604.1"
::ffff:192.168.0.1 - - [22/Aug/2019:03:55:02 +0000] "GET /rosemary/zone1/state/la HTTP/1.1" 200 - "http://192.168.0.27/camera.html" "Mozilla/5.0 (iPad; CPU OS 12_3_1 like Mac OS X) AppleWebKit/605.1.15 (KHTML, like Gecko) Version/12.1.1 Mobile/15E148 Safari/604.1"
::ffff:192.168.0.2 - - [22/Aug/2019:03:55:14 +0000] "POST /KEic4o9TTc HTTP/1.1" 201 - "-" "-"
::ffff:192.168.0.1 - - [22/Aug/2019:03:55:17 +0000] "OPTIONS /rosemary/zone1/state/la HTTP/1.1" 200 2 "http://192.168.0.27/camera.html" "Mozilla/5.0 (iPad; CPU OS 12_3_1 like Mac OS X) AppleWebKit/605.1.15 (KHTML, like Gecko) Version/12.1.1 Mobile/15E148 Safari/604.1"
::ffff:192.168.0.1 - - [22/Aug/2019:03:55:17 +0000] "GET /rosemary/zone1/state/la HTTP/1.1" 200 - "http://192.168.0.27/camera.html" "Mozilla/5.0 (iPad; CPU OS 12_3_1 like Mac OS X) AppleWebKit/605.1.15 (KHTML, like Gecko) Version/12.1.1 Mobile/15E148 Safari/604.1"
::ffff:192.168.0.23 - - [22/Aug/2019:03:55:37 +0000] "OPTIONS /rosemary/zone1/currentUser HTTP/1.1" 200 2 "-" "Mozilla/5.0 (Linux; Android 6.0.1; SAMSUNG SM-T375L Build/MMB29K) AppleWebKit/537.36 (KHTML, like Gecko) SamsungBrowser/9.4 Chrome/67.0.3396.87 Safari/537.36"
::ffff:192.168.0.23 - - [22/Aug/2019:03:55:37 +0000] "OPTIONS /rosemary/zone1/state HTTP/1.1" 200 2 "-" "Mozilla/5.0 (Linux; Android 6.0.1; SAMSUNG SM-T375L Build/MMB29K) AppleWebKit/537.36 (KHTML, like Gecko) SamsungBrowser/9.4 Chrome/67.0.3396.87 Safari/537.36"
::ffff:192.168.0.23 - - [22/Aug/2019:03:55:37 +0000] "POST /rosemary/zone1/state HTTP/1.1" 201 - "http://192.168.0.27/slide0.html" "Mozilla/5.0 (Linux; Android 6.0.1; SAMSUNG SM-T375L Build/MMB29K) AppleWebKit/537.36 (KHTML, like Gecko) SamsungBrowser/9.4 Chrome/67.0.3396.87 Safari/537.36"
::ffff:192.168.0.23 - - [22/Aug/2019:03:55:37 +0000] "POST /rosemary/zone1/currentUser HTTP/1.1" 201 - "http://192.168.0.27/slide0.html" "Mozilla/5.0 (Linux; Android 6.0.1; SAMSUNG SM-T375L Build/MMB29K) AppleWebKit/537.36 (KHTML, like Gecko) SamsungBrowser/9.4 Chrome/67.0.3396.87 Safari/537.36"
::ffff:192.168.0.23 - - [22/Aug/2019:03:55:45 +0000] "OPTIONS /rosemary/zone1/currentUser/la HTTP/1.1" 200 2 "-" "Mozilla/5.0 (Linux; Android 6.0.1; SAMSUNG SM-T375L Build/MMB29K) AppleWebKit/537.36 (KHTML, like Gecko) SamsungBrowser/9.4 Chrome/67.0.3396.87 Safari/537.36"
::ffff:192.168.0.23 - - [22/Aug/2019:03:55:45 +0000] "OPTIONS /rosemary/zone1/state HTTP/1.1" 200 2 "-" "Mozilla/5.0 (Linux; Android 6.0.1; SAMSUNG SM-T375L Build/MMB29K) AppleWebKit/537.36 (KHTML, like Gecko) SamsungBrowser/9.4 Chrome/67.0.3396.87 Safari/537.36"
::ffff:192.168.0.23 - - [22/Aug/2019:03:55:45 +0000] "GET /rosemary/zone1/currentUser/la HTTP/1.1" 200 - "http://192.168.0.27/gallery.html" "Mozilla/5.0 (Linux; Android 6.0.1; SAMSUNG SM-T375L Build/MMB29K) AppleWebKit/537.36 (KHTML, like Gecko) SamsungBrowser/9.4 Chrome/67.0.3396.87 Safari/537.36"
::ffff:192.168.0.23 - - [22/Aug/2019:03:55:46 +0000] "POST /rosemary/zone1/state HTTP/1.1" 201 - "http://192.168.0.27/gallery.html" "Mozilla/5.0 (Linux; Android 6.0.1; SAMSUNG SM-T375L Build/MMB29K) AppleWebKit/537.36 (KHTML, like Gecko) SamsungBrowser/9.4 Chrome/67.0.3396.87 Safari/537.36"
::ffff:192.168.0.17 - - [22/Aug/2019:03:56:35 +0000] "OPTIONS /rosemary/zone1/currentUser HTTP/1.1" 200 2 "http://192.168.0.27/slide0.html" "Mozilla/5.0 (Windows NT 10.0; Win64; x64) AppleWebKit/537.36 (KHTML, like Gecko) Chrome/76.0.3809.100 Safari/537.36"
::ffff:192.168.0.17 - - [22/Aug/2019:03:56:35 +0000] "OPTIONS /rosemary/zone1/state HTTP/1.1" 200 2 "http://192.168.0.27/slide0.html" "Mozilla/5.0 (Windows NT 10.0; Win64; x64) AppleWebKit/537.36 (KHTML, like Gecko) Chrome/76.0.3809.100 Safari/537.36"
::ffff:192.168.0.17 - - [22/Aug/2019:03:56:35 +0000] "POST /rosemary/zone1/currentUser HTTP/1.1" 201 - "http://192.168.0.27/slide0.html" "Mozilla/5.0 (Windows NT 10.0; Win64; x64) AppleWebKit/537.36 (KHTML, like Gecko) Chrome/76.0.3809.100 Safari/537.36"
::ffff:192.168.0.17 - - [22/Aug/2019:03:56:35 +0000] "POST /rosemary/zone1/state HTTP/1.1" 201 - "http://192.168.0.27/slide0.html" "Mozilla/5.0 (Windows NT 10.0; Win64; x64) AppleWebKit/537.36 (KHTML, like Gecko) Chrome/76.0.3809.100 Safari/537.36"
::ffff:192.168.0.2 - - [22/Aug/2019:03:56:46 +0000] "POST /KEic4o9TTc HTTP/1.1" 201 - "-" "-"
::ffff:192.168.0.1 - - [22/Aug/2019:03:56:55 +0000] "OPTIONS /rosemary/zone1/state/la HTTP/1.1" 200 2 "http://192.168.0.27/cam_kiosk.html" "Mozilla/5.0 (iPad; CPU OS 12_3_1 like Mac OS X) AppleWebKit/605.1.15 (KHTML, like Gecko) Version/12.1.1 Mobile/15E148 Safari/604.1"
::ffff:192.168.0.1 - - [22/Aug/2019:03:56:55 +0000] "GET /rosemary/zone1/state/la HTTP/1.1" 200 - "http://192.168.0.27/cam_kiosk.html" "Mozilla/5.0 (iPad; CPU OS 12_3_1 like Mac OS X) AppleWebKit/605.1.15 (KHTML, like Gecko) Version/12.1.1 Mobile/15E148 Safari/604.1"
::ffff:192.168.0.1 - - [22/Aug/2019:03:57:01 +0000] "OPTIONS /rosemary/zone1/state/la HTTP/1.1" 200 2 "http://192.168.0.27/camera.html" "Mozilla/5.0 (iPad; CPU OS 12_3_1 like Mac OS X) AppleWebKit/605.1.15 (KHTML, like Gecko) Version/12.1.1 Mobile/15E148 Safari/604.1"
::ffff:192.168.0.1 - - [22/Aug/2019:03:57:01 +0000] "GET /rosemary/zone1/state/la HTTP/1.1" 200 - "http://192.168.0.27/camera.html" "Mozilla/5.0 (iPad; CPU OS 12_3_1 like Mac OS X) AppleWebKit/605.1.15 (KHTML, like Gecko) Version/12.1.1 Mobile/15E148 Safari/604.1"
::ffff:192.168.0.1 - - [22/Aug/2019:03:59:41 +0000] "OPTIONS /rosemary/zone1/state/la HTTP/1.1" 200 2 "http://192.168.0.27/cam_kiosk.html" "Mozilla/5.0 (Windows NT 10.0; Win64; x64) AppleWebKit/537.36 (KHTML, like Gecko) Chrome/76.0.3809.100 Safari/537.36"
::ffff:192.168.0.1 - - [22/Aug/2019:03:59:41 +0000] "GET /rosemary/zone1/state/la HTTP/1.1" 200 - "http://192.168.0.27/cam_kiosk.html" "Mozilla/5.0 (Windows NT 10.0; Win64; x64) AppleWebKit/537.36 (KHTML, like Gecko) Chrome/76.0.3809.100 Safari/537.36"
::ffff:192.168.0.1 - - [22/Aug/2019:03:59:43 +0000] "GET /rosemary/zone1/state/la HTTP/1.1" 200 - "http://192.168.0.27/camera.html" "Mozilla/5.0 (Windows NT 10.0; Win64; x64) AppleWebKit/537.36 (KHTML, like Gecko) Chrome/76.0.3809.100 Safari/537.36"
::ffff:192.168.0.17 - - [22/Aug/2019:03:59:44 +0000] "OPTIONS /rosemary/zone1/currentUser HTTP/1.1" 200 2 "http://192.168.0.27/slide0.html" "Mozilla/5.0 (Windows NT 10.0; Win64; x64) AppleWebKit/537.36 (KHTML, like Gecko) Chrome/76.0.3809.100 Safari/537.36"
::ffff:192.168.0.17 - - [22/Aug/2019:03:59:44 +0000] "OPTIONS /rosemary/zone1/state HTTP/1.1" 200 2 "http://192.168.0.27/slide0.html" "Mozilla/5.0 (Windows NT 10.0; Win64; x64) AppleWebKit/537.36 (KHTML, like Gecko) Chrome/76.0.3809.100 Safari/537.36"
::ffff:192.168.0.17 - - [22/Aug/2019:03:59:44 +0000] "POST /rosemary/zone1/state HTTP/1.1" 201 - "http://192.168.0.27/slide0.html" "Mozilla/5.0 (Windows NT 10.0; Win64; x64) AppleWebKit/537.36 (KHTML, like Gecko) Chrome/76.0.3809.100 Safari/537.36"
::ffff:192.168.0.17 - - [22/Aug/2019:03:59:44 +0000] "POST /rosemary/zone1/currentUser HTTP/1.1" 201 - "http://192.168.0.27/slide0.html" "Mozilla/5.0 (Windows NT 10.0; Win64; x64) AppleWebKit/537.36 (KHTML, like Gecko) Chrome/76.0.3809.100 Safari/537.36"
::ffff:192.168.0.17 - - [22/Aug/2019:04:01:05 +0000] "OPTIONS /rosemary/zone1/currentUser HTTP/1.1" 200 2 "http://192.168.0.27/slide0.html" "Mozilla/5.0 (Windows NT 10.0; Win64; x64) AppleWebKit/537.36 (KHTML, like Gecko) Chrome/76.0.3809.100 Safari/537.36"
::ffff:192.168.0.17 - - [22/Aug/2019:04:01:05 +0000] "OPTIONS /rosemary/zone1/state HTTP/1.1" 200 2 "http://192.168.0.27/slide0.html" "Mozilla/5.0 (Windows NT 10.0; Win64; x64) AppleWebKit/537.36 (KHTML, like Gecko) Chrome/76.0.3809.100 Safari/537.36"
::ffff:192.168.0.17 - - [22/Aug/2019:04:01:05 +0000] "POST /rosemary/zone1/currentUser HTTP/1.1" 201 - "http://192.168.0.27/slide0.html" "Mozilla/5.0 (Windows NT 10.0; Win64; x64) AppleWebKit/537.36 (KHTML, like Gecko) Chrome/76.0.3809.100 Safari/537.36"
::ffff:192.168.0.17 - - [22/Aug/2019:04:01:05 +0000] "POST /rosemary/zone1/state HTTP/1.1" 201 - "http://192.168.0.27/slide0.html" "Mozilla/5.0 (Windows NT 10.0; Win64; x64) AppleWebKit/537.36 (KHTML, like Gecko) Chrome/76.0.3809.100 Safari/537.36"
::ffff:192.168.0.28 - - [22/Aug/2019:04:01:23 +0000] "OPTIONS /rosemary/zone1/email HTTP/1.1" 200 2 "http://192.168.0.27/contact.html" "Mozilla/5.0 (iPad; CPU OS 12_3_1 like Mac OS X) AppleWebKit/605.1.15 (KHTML, like Gecko) Version/12.1.1 Mobile/15E148 Safari/604.1"
::ffff:192.168.0.28 - - [22/Aug/2019:04:01:27 +0000] "POST /rosemary/zone1/email HTTP/1.1" 201 - "http://192.168.0.27/contact.html" "Mozilla/5.0 (iPad; CPU OS 12_3_1 like Mac OS X) AppleWebKit/605.1.15 (KHTML, like Gecko) Version/12.1.1 Mobile/15E148 Safari/604.1"
::ffff:192.168.0.17 - - [22/Aug/2019:04:02:18 +0000] "OPTIONS /rosemary/zone1/currentUser HTTP/1.1" 200 2 "http://192.168.0.27/slide0.html" "Mozilla/5.0 (Windows NT 10.0; Win64; x64) AppleWebKit/537.36 (KHTML, like Gecko) Chrome/76.0.3809.100 Safari/537.36"
::ffff:192.168.0.17 - - [22/Aug/2019:04:02:18 +0000] "OPTIONS /rosemary/zone1/state HTTP/1.1" 200 2 "http://192.168.0.27/slide0.html" "Mozilla/5.0 (Windows NT 10.0; Win64; x64) AppleWebKit/537.36 (KHTML, like Gecko) Chrome/76.0.3809.100 Safari/537.36"
::ffff:192.168.0.17 - - [22/Aug/2019:04:02:18 +0000] "POST /rosemary/zone1/state HTTP/1.1" 201 - "http://192.168.0.27/slide0.html" "Mozilla/5.0 (Windows NT 10.0; Win64; x64) AppleWebKit/537.36 (KHTML, like Gecko) Chrome/76.0.3809.100 Safari/537.36"
::ffff:192.168.0.17 - - [22/Aug/2019:04:02:18 +0000] "POST /rosemary/zone1/currentUser HTTP/1.1" 201 - "http://192.168.0.27/slide0.html" "Mozilla/5.0 (Windows NT 10.0; Win64; x64) AppleWebKit/537.36 (KHTML, like Gecko) Chrome/76.0.3809.100 Safari/537.36"
::ffff:192.168.0.1 - - [22/Aug/2019:04:03:02 +0000] "OPTIONS /rosemary/zone1/state/la HTTP/1.1" 200 2 "http://192.168.0.27/cam_kiosk.html" "Mozilla/5.0 (iPad; CPU OS 12_3_1 like Mac OS X) AppleWebKit/605.1.15 (KHTML, like Gecko) Version/12.1.1 Mobile/15E148 Safari/604.1"
::ffff:192.168.0.1 - - [22/Aug/2019:04:03:02 +0000] "GET /rosemary/zone1/state/la HTTP/1.1" 200 - "http://192.168.0.27/cam_kiosk.html" "Mozilla/5.0 (iPad; CPU OS 12_3_1 like Mac OS X) AppleWebKit/605.1.15 (KHTML, like Gecko) Version/12.1.1 Mobile/15E148 Safari/604.1"
::ffff:192.168.0.1 - - [22/Aug/2019:04:03:06 +0000] "GET /rosemary/zone1/state/la HTTP/1.1" 200 - "http://192.168.0.27/camera.html" "Mozilla/5.0 (iPad; CPU OS 12_3_1 like Mac OS X) AppleWebKit/605.1.15 (KHTML, like Gecko) Version/12.1.1 Mobile/15E148 Safari/604.1"
::ffff:192.168.0.2 - - [22/Aug/2019:04:03:16 +0000] "POST /KEic4o9TTc HTTP/1.1" 201 - "-" "-"
::ffff:192.168.0.17 - - [22/Aug/2019:04:04:10 +0000] "OPTIONS /rosemary/zone1/currentUser HTTP/1.1" 200 2 "http://192.168.0.27/slide0.html" "Mozilla/5.0 (Windows NT 10.0; Win64; x64) AppleWebKit/537.36 (KHTML, like Gecko) Chrome/76.0.3809.100 Safari/537.36"
::ffff:192.168.0.17 - - [22/Aug/2019:04:04:10 +0000] "OPTIONS /rosemary/zone1/state HTTP/1.1" 200 2 "http://192.168.0.27/slide0.html" "Mozilla/5.0 (Windows NT 10.0; Win64; x64) AppleWebKit/537.36 (KHTML, like Gecko) Chrome/76.0.3809.100 Safari/537.36"
::ffff:192.168.0.17 - - [22/Aug/2019:04:04:10 +0000] "POST /rosemary/zone1/state HTTP/1.1" 201 - "http://192.168.0.27/slide0.html" "Mozilla/5.0 (Windows NT 10.0; Win64; x64) AppleWebKit/537.36 (KHTML, like Gecko) Chrome/76.0.3809.100 Safari/537.36"
::ffff:192.168.0.17 - - [22/Aug/2019:04:04:10 +0000] "POST /rosemary/zone1/currentUser HTTP/1.1" 201 - "http://192.168.0.27/slide0.html" "Mozilla/5.0 (Windows NT 10.0; Win64; x64) AppleWebKit/537.36 (KHTML, like Gecko) Chrome/76.0.3809.100 Safari/537.36"
::ffff:192.168.0.1 - - [22/Aug/2019:04:04:19 +0000] "OPTIONS /rosemary/zone1/state/la HTTP/1.1" 200 2 "http://192.168.0.27/cam_kiosk.html" "Mozilla/5.0 (Windows NT 10.0; Win64; x64) AppleWebKit/537.36 (KHTML, like Gecko) Chrome/76.0.3809.100 Safari/537.36"
::ffff:192.168.0.1 - - [22/Aug/2019:04:04:19 +0000] "GET /rosemary/zone1/state/la HTTP/1.1" 200 - "http://192.168.0.27/cam_kiosk.html" "Mozilla/5.0 (Linux; Android 6.0; Nexus 5 Build/MRA58N) AppleWebKit/537.36 (KHTML, like Gecko) Chrome/76.0.3809.100 Mobile Safari/537.36"
::ffff:192.168.0.1 - - [22/Aug/2019:04:04:23 +0000] "GET /rosemary/zone1/state/la HTTP/1.1" 200 - "http://192.168.0.27/camera.html" "Mozilla/5.0 (Linux; Android 6.0; Nexus 5 Build/MRA58N) AppleWebKit/537.36 (KHTML, like Gecko) Chrome/76.0.3809.100 Mobile Safari/537.36"
::ffff:192.168.0.2 - - [22/Aug/2019:04:04:39 +0000] "POST /KEic4o9TTc HTTP/1.1" 201 - "-" "-"
::ffff:192.168.0.1 - - [22/Aug/2019:04:04:44 +0000] "OPTIONS /rosemary/zone1/state/la HTTP/1.1" 200 2 "http://192.168.0.27/camera.html" "Mozilla/5.0 (Windows NT 10.0; Win64; x64) AppleWebKit/537.36 (KHTML, like Gecko) Chrome/76.0.3809.100 Safari/537.36"
::ffff:192.168.0.1 - - [22/Aug/2019:04:04:44 +0000] "GET /rosemary/zone1/state/la HTTP/1.1" 200 - "http://192.168.0.27/camera.html" "Mozilla/5.0 (Linux; Android 6.0; Nexus 5 Build/MRA58N) AppleWebKit/537.36 (KHTML, like Gecko) Chrome/76.0.3809.100 Mobile Safari/537.36"
::ffff:192.168.0.8 - - [22/Aug/2019:04:04:46 +0000] "OPTIONS /rosemary/zone1/currentUser HTTP/1.1" 200 2 "http://192.168.0.27/slide0.html" "Mozilla/5.0 (Windows NT 10.0; Win64; x64) AppleWebKit/537.36 (KHTML, like Gecko) Chrome/76.0.3809.100 Safari/537.36"
::ffff:192.168.0.8 - - [22/Aug/2019:04:04:46 +0000] "OPTIONS /rosemary/zone1/state HTTP/1.1" 200 2 "http://192.168.0.27/slide0.html" "Mozilla/5.0 (Windows NT 10.0; Win64; x64) AppleWebKit/537.36 (KHTML, like Gecko) Chrome/76.0.3809.100 Safari/537.36"
::ffff:192.168.0.8 - - [22/Aug/2019:04:04:46 +0000] "POST /rosemary/zone1/currentUser HTTP/1.1" 201 - "http://192.168.0.27/slide0.html" "Mozilla/5.0 (Linux; Android 6.0; Nexus 5 Build/MRA58N) AppleWebKit/537.36 (KHTML, like Gecko) Chrome/76.0.3809.100 Mobile Safari/537.36"
::ffff:192.168.0.8 - - [22/Aug/2019:04:04:46 +0000] "POST /rosemary/zone1/state HTTP/1.1" 201 - "http://192.168.0.27/slide0.html" "Mozilla/5.0 (Linux; Android 6.0; Nexus 5 Build/MRA58N) AppleWebKit/537.36 (KHTML, like Gecko) Chrome/76.0.3809.100 Mobile Safari/537.36"
::ffff:192.168.0.17 - - [22/Aug/2019:04:04:48 +0000] "OPTIONS /rosemary/zone1/currentUser HTTP/1.1" 200 2 "http://192.168.0.27/slide0.html" "Mozilla/5.0 (Windows NT 10.0; Win64; x64) AppleWebKit/537.36 (KHTML, like Gecko) Chrome/76.0.3809.100 Safari/537.36"
::ffff:192.168.0.17 - - [22/Aug/2019:04:04:48 +0000] "OPTIONS /rosemary/zone1/state HTTP/1.1" 200 2 "http://192.168.0.27/slide0.html" "Mozilla/5.0 (Windows NT 10.0; Win64; x64) AppleWebKit/537.36 (KHTML, like Gecko) Chrome/76.0.3809.100 Safari/537.36"
::ffff:192.168.0.17 - - [22/Aug/2019:04:04:48 +0000] "POST /rosemary/zone1/currentUser HTTP/1.1" 201 - "http://192.168.0.27/slide0.html" "Mozilla/5.0 (Windows NT 10.0; Win64; x64) AppleWebKit/537.36 (KHTML, like Gecko) Chrome/76.0.3809.100 Safari/537.36"
::ffff:192.168.0.17 - - [22/Aug/2019:04:04:48 +0000] "POST /rosemary/zone1/state HTTP/1.1" 201 - "http://192.168.0.27/slide0.html" "Mozilla/5.0 (Windows NT 10.0; Win64; x64) AppleWebKit/537.36 (KHTML, like Gecko) Chrome/76.0.3809.100 Safari/537.36"
::ffff:192.168.0.8 - - [22/Aug/2019:04:04:49 +0000] "OPTIONS /rosemary/zone1/cam1 HTTP/1.1" 200 2 "http://192.168.0.27/slide0.html" "Mozilla/5.0 (Windows NT 10.0; Win64; x64) AppleWebKit/537.36 (KHTML, like Gecko) Chrome/76.0.3809.100 Safari/537.36"
::ffff:192.168.0.8 - - [22/Aug/2019:04:04:49 +0000] "POST /rosemary/zone1/cam1 HTTP/1.1" 201 - "http://192.168.0.27/slide0.html" "Mozilla/5.0 (Linux; Android 6.0; Nexus 5 Build/MRA58N) AppleWebKit/537.36 (KHTML, like Gecko) Chrome/76.0.3809.100 Mobile Safari/537.36"
::ffff:192.168.0.1 - - [22/Aug/2019:04:04:52 +0000] "POST /rosemary/zone1/YE1IMN HTTP/1.1" 404 - "-" "-"
::ffff:192.168.0.8 - - [22/Aug/2019:04:04:56 +0000] "OPTIONS /rosemary/zone1/cam1 HTTP/1.1" 200 2 "http://192.168.0.27/slide0.html" "Mozilla/5.0 (Windows NT 10.0; Win64; x64) AppleWebKit/537.36 (KHTML, like Gecko) Chrome/76.0.3809.100 Safari/537.36"
::ffff:192.168.0.8 - - [22/Aug/2019:04:04:56 +0000] "POST /rosemary/zone1/cam1 HTTP/1.1" 201 - "http://192.168.0.27/slide0.html" "Mozilla/5.0 (Linux; Android 6.0; Nexus 5 Build/MRA58N) AppleWebKit/537.36 (KHTML, like Gecko) Chrome/76.0.3809.100 Mobile Safari/537.36"
::ffff:192.168.0.1 - - [22/Aug/2019:04:04:59 +0000] "POST /rosemary/zone1/YE1IMN HTTP/1.1" 404 - "-" "-"
::ffff:192.168.0.8 - - [22/Aug/2019:04:05:02 +0000] "OPTIONS /rosemary/zone1/cam1 HTTP/1.1" 200 2 "http://192.168.0.27/slide0.html" "Mozilla/5.0 (Windows NT 10.0; Win64; x64) AppleWebKit/537.36 (KHTML, like Gecko) Chrome/76.0.3809.100 Safari/537.36"
::ffff:192.168.0.8 - - [22/Aug/2019:04:05:02 +0000] "POST /rosemary/zone1/cam1 HTTP/1.1" 201 - "http://192.168.0.27/slide0.html" "Mozilla/5.0 (Linux; Android 6.0; Nexus 5 Build/MRA58N) AppleWebKit/537.36 (KHTML, like Gecko) Chrome/76.0.3809.100 Mobile Safari/537.36"
::ffff:192.168.0.1 - - [22/Aug/2019:04:05:05 +0000] "POST /rosemary/zone1/YE1IMN HTTP/1.1" 404 - "-" "-"
::ffff:192.168.0.8 - - [22/Aug/2019:04:05:08 +0000] "OPTIONS /rosemary/zone1/cam1 HTTP/1.1" 200 2 "http://192.168.0.27/slide0.html" "Mozilla/5.0 (Windows NT 10.0; Win64; x64) AppleWebKit/537.36 (KHTML, like Gecko) Chrome/76.0.3809.100 Safari/537.36"
::ffff:192.168.0.8 - - [22/Aug/2019:04:05:08 +0000] "POST /rosemary/zone1/cam1 HTTP/1.1" 201 - "http://192.168.0.27/slide0.html" "Mozilla/5.0 (Linux; Android 6.0; Nexus 5 Build/MRA58N) AppleWebKit/537.36 (KHTML, like Gecko) Chrome/76.0.3809.100 Mobile Safari/537.36"
::ffff:192.168.0.1 - - [22/Aug/2019:04:05:11 +0000] "POST /rosemary/zone1/YE1IMN HTTP/1.1" 404 - "-" "-"
::ffff:192.168.0.8 - - [22/Aug/2019:04:05:30 +0000] "OPTIONS /rosemary/zone1/cam1 HTTP/1.1" 200 2 "http://192.168.0.27/slide0.html" "Mozilla/5.0 (Windows NT 10.0; Win64; x64) AppleWebKit/537.36 (KHTML, like Gecko) Chrome/76.0.3809.100 Safari/537.36"
::ffff:192.168.0.8 - - [22/Aug/2019:04:05:30 +0000] "POST /rosemary/zone1/cam1 HTTP/1.1" 201 - "http://192.168.0.27/slide0.html" "Mozilla/5.0 (Linux; Android 6.0; Nexus 5 Build/MRA58N) AppleWebKit/537.36 (KHTML, like Gecko) Chrome/76.0.3809.100 Mobile Safari/537.36"
::ffff:192.168.0.1 - - [22/Aug/2019:04:05:33 +0000] "POST /rosemary/zone1/YE1IMN HTTP/1.1" 404 - "-" "-"
::ffff:192.168.0.8 - - [22/Aug/2019:04:05:50 +0000] "OPTIONS /rosemary/zone1/cam1 HTTP/1.1" 200 2 "http://192.168.0.27/slide0.html" "Mozilla/5.0 (Windows NT 10.0; Win64; x64) AppleWebKit/537.36 (KHTML, like Gecko) Chrome/76.0.3809.100 Safari/537.36"
::ffff:192.168.0.8 - - [22/Aug/2019:04:05:50 +0000] "POST /rosemary/zone1/cam1 HTTP/1.1" 201 - "http://192.168.0.27/slide0.html" "Mozilla/5.0 (Linux; Android 6.0; Nexus 5 Build/MRA58N) AppleWebKit/537.36 (KHTML, like Gecko) Chrome/76.0.3809.100 Mobile Safari/537.36"
::ffff:192.168.0.8 - - [22/Aug/2019:04:05:56 +0000] "OPTIONS /rosemary/zone1/cam1 HTTP/1.1" 200 2 "http://192.168.0.27/slide0.html" "Mozilla/5.0 (Windows NT 10.0; Win64; x64) AppleWebKit/537.36 (KHTML, like Gecko) Chrome/76.0.3809.100 Safari/537.36"
::ffff:192.168.0.8 - - [22/Aug/2019:04:05:56 +0000] "POST /rosemary/zone1/cam1 HTTP/1.1" 201 - "http://192.168.0.27/slide0.html" "Mozilla/5.0 (Linux; Android 6.0; Nexus 5 Build/MRA58N) AppleWebKit/537.36 (KHTML, like Gecko) Chrome/76.0.3809.100 Mobile Safari/537.36"
::ffff:192.168.0.8 - - [22/Aug/2019:04:06:06 +0000] "OPTIONS /rosemary/zone1/state HTTP/1.1" 200 2 "http://192.168.0.27/gallery.html" "Mozilla/5.0 (Windows NT 10.0; Win64; x64) AppleWebKit/537.36 (KHTML, like Gecko) Chrome/76.0.3809.100 Safari/537.36"
::ffff:192.168.0.8 - - [22/Aug/2019:04:06:06 +0000] "OPTIONS /rosemary/zone1/currentUser/la HTTP/1.1" 200 2 "http://192.168.0.27/gallery.html" "Mozilla/5.0 (Windows NT 10.0; Win64; x64) AppleWebKit/537.36 (KHTML, like Gecko) Chrome/76.0.3809.100 Safari/537.36"
::ffff:192.168.0.8 - - [22/Aug/2019:04:06:06 +0000] "GET /rosemary/zone1/currentUser/la HTTP/1.1" 200 - "http://192.168.0.27/gallery.html" "Mozilla/5.0 (Linux; Android 6.0; Nexus 5 Build/MRA58N) AppleWebKit/537.36 (KHTML, like Gecko) Chrome/76.0.3809.100 Mobile Safari/537.36"
::ffff:192.168.0.8 - - [22/Aug/2019:04:06:06 +0000] "POST /rosemary/zone1/state HTTP/1.1" 201 - "http://192.168.0.27/gallery.html" "Mozilla/5.0 (Linux; Android 6.0; Nexus 5 Build/MRA58N) AppleWebKit/537.36 (KHTML, like Gecko) Chrome/76.0.3809.100 Mobile Safari/537.36"
::ffff:192.168.0.17 - - [22/Aug/2019:04:06:14 +0000] "OPTIONS /rosemary/zone1/currentUser HTTP/1.1" 200 2 "http://192.168.0.27/slide0.html" "Mozilla/5.0 (Windows NT 10.0; Win64; x64) AppleWebKit/537.36 (KHTML, like Gecko) Chrome/76.0.3809.100 Safari/537.36"
::ffff:192.168.0.17 - - [22/Aug/2019:04:06:14 +0000] "OPTIONS /rosemary/zone1/state HTTP/1.1" 200 2 "http://192.168.0.27/slide0.html" "Mozilla/5.0 (Windows NT 10.0; Win64; x64) AppleWebKit/537.36 (KHTML, like Gecko) Chrome/76.0.3809.100 Safari/537.36"
::ffff:192.168.0.17 - - [22/Aug/2019:04:06:14 +0000] "POST /rosemary/zone1/state HTTP/1.1" 201 - "http://192.168.0.27/slide0.html" "Mozilla/5.0 (Windows NT 10.0; Win64; x64) AppleWebKit/537.36 (KHTML, like Gecko) Chrome/76.0.3809.100 Safari/537.36"
::ffff:192.168.0.17 - - [22/Aug/2019:04:06:14 +0000] "POST /rosemary/zone1/currentUser HTTP/1.1" 201 - "http://192.168.0.27/slide0.html" "Mozilla/5.0 (Windows NT 10.0; Win64; x64) AppleWebKit/537.36 (KHTML, like Gecko) Chrome/76.0.3809.100 Safari/537.36"
::ffff:192.168.0.1 - - [22/Aug/2019:04:06:19 +0000] "OPTIONS /rosemary/zone1/state/la HTTP/1.1" 200 2 "http://192.168.0.27/cam_kiosk.html" "Mozilla/5.0 (iPad; CPU OS 12_3_1 like Mac OS X) AppleWebKit/605.1.15 (KHTML, like Gecko) Version/12.1.1 Mobile/15E148 Safari/604.1"
::ffff:192.168.0.1 - - [22/Aug/2019:04:06:19 +0000] "GET /rosemary/zone1/state/la HTTP/1.1" 200 - "http://192.168.0.27/cam_kiosk.html" "Mozilla/5.0 (iPad; CPU OS 12_3_1 like Mac OS X) AppleWebKit/605.1.15 (KHTML, like Gecko) Version/12.1.1 Mobile/15E148 Safari/604.1"
::ffff:192.168.0.1 - - [22/Aug/2019:04:06:21 +0000] "GET /rosemary/zone1/state/la HTTP/1.1" 200 - "http://192.168.0.27/camera.html" "Mozilla/5.0 (iPad; CPU OS 12_3_1 like Mac OS X) AppleWebKit/605.1.15 (KHTML, like Gecko) Version/12.1.1 Mobile/15E148 Safari/604.1"
::ffff:192.168.0.2 - - [22/Aug/2019:04:08:05 +0000] "POST /KEic4o9TTc HTTP/1.1" 201 - "-" "-"
::ffff:192.168.0.1 - - [22/Aug/2019:04:09:42 +0000] "GET /rosemary/zone1/state/la HTTP/1.1" 200 - "http://192.168.0.27/camera.html" "Mozilla/5.0 (iPad; CPU OS 12_3_1 like Mac OS X) AppleWebKit/605.1.15 (KHTML, like Gecko) Version/12.1.1 Mobile/15E148 Safari/604.1"
::ffff:192.168.0.1 - - [22/Aug/2019:04:09:42 +0000] "OPTIONS /rosemary/zone1/state/la HTTP/1.1" 200 2 "http://192.168.0.27/camera.html" "Mozilla/5.0 (iPad; CPU OS 12_3_1 like Mac OS X) AppleWebKit/605.1.15 (KHTML, like Gecko) Version/12.1.1 Mobile/15E148 Safari/604.1"
::ffff:192.168.0.28 - - [22/Aug/2019:04:09:45 +0000] "OPTIONS /rosemary/zone1/state HTTP/1.1" 200 2 "http://192.168.0.27/slide0.html" "Mozilla/5.0 (iPad; CPU OS 12_3_1 like Mac OS X) AppleWebKit/605.1.15 (KHTML, like Gecko) Version/12.1.1 Mobile/15E148 Safari/604.1"
::ffff:192.168.0.28 - - [22/Aug/2019:04:09:45 +0000] "OPTIONS /rosemary/zone1/currentUser HTTP/1.1" 200 2 "http://192.168.0.27/slide0.html" "Mozilla/5.0 (iPad; CPU OS 12_3_1 like Mac OS X) AppleWebKit/605.1.15 (KHTML, like Gecko) Version/12.1.1 Mobile/15E148 Safari/604.1"
::ffff:192.168.0.28 - - [22/Aug/2019:04:09:45 +0000] "POST /rosemary/zone1/state HTTP/1.1" 201 - "http://192.168.0.27/slide0.html" "Mozilla/5.0 (iPad; CPU OS 12_3_1 like Mac OS X) AppleWebKit/605.1.15 (KHTML, like Gecko) Version/12.1.1 Mobile/15E148 Safari/604.1"
::ffff:192.168.0.28 - - [22/Aug/2019:04:09:45 +0000] "POST /rosemary/zone1/currentUser HTTP/1.1" 201 - "http://192.168.0.27/slide0.html" "Mozilla/5.0 (iPad; CPU OS 12_3_1 like Mac OS X) AppleWebKit/605.1.15 (KHTML, like Gecko) Version/12.1.1 Mobile/15E148 Safari/604.1"
::ffff:192.168.0.28 - - [22/Aug/2019:04:09:51 +0000] "OPTIONS /rosemary/zone1/cam1 HTTP/1.1" 200 2 "http://192.168.0.27/slide0.html" "Mozilla/5.0 (iPad; CPU OS 12_3_1 like Mac OS X) AppleWebKit/605.1.15 (KHTML, like Gecko) Version/12.1.1 Mobile/15E148 Safari/604.1"
::ffff:192.168.0.28 - - [22/Aug/2019:04:09:51 +0000] "POST /rosemary/zone1/cam1 HTTP/1.1" 201 - "http://192.168.0.27/slide0.html" "Mozilla/5.0 (iPad; CPU OS 12_3_1 like Mac OS X) AppleWebKit/605.1.15 (KHTML, like Gecko) Version/12.1.1 Mobile/15E148 Safari/604.1"
::ffff:192.168.0.28 - - [22/Aug/2019:04:09:59 +0000] "OPTIONS /rosemary/zone1/cam1 HTTP/1.1" 200 2 "http://192.168.0.27/slide0.html" "Mozilla/5.0 (iPad; CPU OS 12_3_1 like Mac OS X) AppleWebKit/605.1.15 (KHTML, like Gecko) Version/12.1.1 Mobile/15E148 Safari/604.1"
::ffff:192.168.0.28 - - [22/Aug/2019:04:09:59 +0000] "POST /rosemary/zone1/cam1 HTTP/1.1" 201 - "http://192.168.0.27/slide0.html" "Mozilla/5.0 (iPad; CPU OS 12_3_1 like Mac OS X) AppleWebKit/605.1.15 (KHTML, like Gecko) Version/12.1.1 Mobile/15E148 Safari/604.1"
::ffff:192.168.0.28 - - [22/Aug/2019:04:10:02 +0000] "POST /rosemary/zone1/cam1 HTTP/1.1" 201 - "http://192.168.0.27/slide0.html" "Mozilla/5.0 (iPad; CPU OS 12_3_1 like Mac OS X) AppleWebKit/605.1.15 (KHTML, like Gecko) Version/12.1.1 Mobile/15E148 Safari/604.1"
::ffff:192.168.0.28 - - [22/Aug/2019:04:10:09 +0000] "OPTIONS /rosemary/zone1/cam1 HTTP/1.1" 200 2 "http://192.168.0.27/slide0.html" "Mozilla/5.0 (iPad; CPU OS 12_3_1 like Mac OS X) AppleWebKit/605.1.15 (KHTML, like Gecko) Version/12.1.1 Mobile/15E148 Safari/604.1"
::ffff:192.168.0.28 - - [22/Aug/2019:04:10:11 +0000] "POST /rosemary/zone1/cam1 HTTP/1.1" 201 - "http://192.168.0.27/slide0.html" "Mozilla/5.0 (iPad; CPU OS 12_3_1 like Mac OS X) AppleWebKit/605.1.15 (KHTML, like Gecko) Version/12.1.1 Mobile/15E148 Safari/604.1"
::ffff:192.168.0.1 - - [22/Aug/2019:04:10:14 +0000] "POST /rosemary/zone1/YHFEF1 HTTP/1.1" 404 - "-" "-"
::ffff:192.168.0.28 - - [22/Aug/2019:04:10:22 +0000] "OPTIONS /rosemary/zone1/state HTTP/1.1" 200 2 "http://192.168.0.27/gallery.html" "Mozilla/5.0 (iPad; CPU OS 12_3_1 like Mac OS X) AppleWebKit/605.1.15 (KHTML, like Gecko) Version/12.1.1 Mobile/15E148 Safari/604.1"
::ffff:192.168.0.28 - - [22/Aug/2019:04:10:22 +0000] "OPTIONS /rosemary/zone1/currentUser/la HTTP/1.1" 200 2 "http://192.168.0.27/gallery.html" "Mozilla/5.0 (iPad; CPU OS 12_3_1 like Mac OS X) AppleWebKit/605.1.15 (KHTML, like Gecko) Version/12.1.1 Mobile/15E148 Safari/604.1"
::ffff:192.168.0.28 - - [22/Aug/2019:04:10:22 +0000] "GET /rosemary/zone1/currentUser/la HTTP/1.1" 200 - "http://192.168.0.27/gallery.html" "Mozilla/5.0 (iPad; CPU OS 12_3_1 like Mac OS X) AppleWebKit/605.1.15 (KHTML, like Gecko) Version/12.1.1 Mobile/15E148 Safari/604.1"
::ffff:192.168.0.28 - - [22/Aug/2019:04:10:22 +0000] "POST /rosemary/zone1/state HTTP/1.1" 201 - "http://192.168.0.27/gallery.html" "Mozilla/5.0 (iPad; CPU OS 12_3_1 like Mac OS X) AppleWebKit/605.1.15 (KHTML, like Gecko) Version/12.1.1 Mobile/15E148 Safari/604.1"
::ffff:192.168.0.1 - - [22/Aug/2019:04:15:01 +0000] "OPTIONS /rosemary/zone1/state/la HTTP/1.1" 200 2 "http://192.168.0.27/cam_kiosk.html" "Mozilla/5.0 (Linux; Android 8.1.0; SM-P580) AppleWebKit/537.36 (KHTML, like Gecko) Chrome/76.0.3809.111 Safari/537.36"
::ffff:192.168.0.1 - - [22/Aug/2019:04:15:01 +0000] "GET /rosemary/zone1/state/la HTTP/1.1" 200 - "http://192.168.0.27/cam_kiosk.html" "Mozilla/5.0 (Linux; Android 8.1.0; SM-P580) AppleWebKit/537.36 (KHTML, like Gecko) Chrome/76.0.3809.111 Safari/537.36"
::ffff:192.168.0.1 - - [22/Aug/2019:04:15:05 +0000] "GET /rosemary/zone1/state/la HTTP/1.1" 200 - "http://192.168.0.27/camera.html" "Mozilla/5.0 (Linux; Android 8.1.0; SM-P580) AppleWebKit/537.36 (KHTML, like Gecko) Chrome/76.0.3809.111 Safari/537.36"
::ffff:192.168.0.13 - - [22/Aug/2019:04:15:08 +0000] "OPTIONS /rosemary/zone1/currentUser HTTP/1.1" 200 2 "http://192.168.0.27/slide0.html" "Mozilla/5.0 (Linux; Android 8.1.0; SM-P580) AppleWebKit/537.36 (KHTML, like Gecko) Chrome/76.0.3809.111 Safari/537.36"
::ffff:192.168.0.13 - - [22/Aug/2019:04:15:08 +0000] "OPTIONS /rosemary/zone1/state HTTP/1.1" 200 2 "http://192.168.0.27/slide0.html" "Mozilla/5.0 (Linux; Android 8.1.0; SM-P580) AppleWebKit/537.36 (KHTML, like Gecko) Chrome/76.0.3809.111 Safari/537.36"
::ffff:192.168.0.13 - - [22/Aug/2019:04:15:08 +0000] "POST /rosemary/zone1/currentUser HTTP/1.1" 201 - "http://192.168.0.27/slide0.html" "Mozilla/5.0 (Linux; Android 8.1.0; SM-P580) AppleWebKit/537.36 (KHTML, like Gecko) Chrome/76.0.3809.111 Safari/537.36"
::ffff:192.168.0.13 - - [22/Aug/2019:04:15:08 +0000] "POST /rosemary/zone1/state HTTP/1.1" 201 - "http://192.168.0.27/slide0.html" "Mozilla/5.0 (Linux; Android 8.1.0; SM-P580) AppleWebKit/537.36 (KHTML, like Gecko) Chrome/76.0.3809.111 Safari/537.36"
::ffff:192.168.0.13 - - [22/Aug/2019:04:15:10 +0000] "OPTIONS /rosemary/zone1/cam1 HTTP/1.1" 200 2 "http://192.168.0.27/slide0.html" "Mozilla/5.0 (Linux; Android 8.1.0; SM-P580) AppleWebKit/537.36 (KHTML, like Gecko) Chrome/76.0.3809.111 Safari/537.36"
::ffff:192.168.0.13 - - [22/Aug/2019:04:15:11 +0000] "POST /rosemary/zone1/cam1 HTTP/1.1" 201 - "http://192.168.0.27/slide0.html" "Mozilla/5.0 (Linux; Android 8.1.0; SM-P580) AppleWebKit/537.36 (KHTML, like Gecko) Chrome/76.0.3809.111 Safari/537.36"
::ffff:192.168.0.13 - - [22/Aug/2019:04:15:15 +0000] "POST /rosemary/zone1/cam1 HTTP/1.1" 201 - "http://192.168.0.27/slide0.html" "Mozilla/5.0 (Linux; Android 8.1.0; SM-P580) AppleWebKit/537.36 (KHTML, like Gecko) Chrome/76.0.3809.111 Safari/537.36"
::ffff:192.168.0.1 - - [22/Aug/2019:04:15:15 +0000] "POST /rosemary/zone1/Y5NB8C HTTP/1.1" 404 - "-" "-"
::ffff:192.168.0.13 - - [22/Aug/2019:04:15:25 +0000] "OPTIONS /rosemary/zone1/state HTTP/1.1" 200 2 "http://192.168.0.27/gallery.html" "Mozilla/5.0 (Linux; Android 8.1.0; SM-P580) AppleWebKit/537.36 (KHTML, like Gecko) Chrome/76.0.3809.111 Safari/537.36"
::ffff:192.168.0.13 - - [22/Aug/2019:04:15:25 +0000] "OPTIONS /rosemary/zone1/currentUser/la HTTP/1.1" 200 2 "http://192.168.0.27/gallery.html" "Mozilla/5.0 (Linux; Android 8.1.0; SM-P580) AppleWebKit/537.36 (KHTML, like Gecko) Chrome/76.0.3809.111 Safari/537.36"
::ffff:192.168.0.13 - - [22/Aug/2019:04:15:25 +0000] "GET /rosemary/zone1/currentUser/la HTTP/1.1" 200 - "http://192.168.0.27/gallery.html" "Mozilla/5.0 (Linux; Android 8.1.0; SM-P580) AppleWebKit/537.36 (KHTML, like Gecko) Chrome/76.0.3809.111 Safari/537.36"
::ffff:192.168.0.13 - - [22/Aug/2019:04:15:25 +0000] "POST /rosemary/zone1/state HTTP/1.1" 201 - "http://192.168.0.27/gallery.html" "Mozilla/5.0 (Linux; Android 8.1.0; SM-P580) AppleWebKit/537.36 (KHTML, like Gecko) Chrome/76.0.3809.111 Safari/537.36"
::ffff:192.168.0.17 - - [22/Aug/2019:04:15:25 +0000] "OPTIONS /rosemary/zone1/currentUser HTTP/1.1" 200 2 "http://192.168.0.27/slide0.html" "Mozilla/5.0 (Windows NT 10.0; Win64; x64) AppleWebKit/537.36 (KHTML, like Gecko) Chrome/76.0.3809.100 Safari/537.36"
::ffff:192.168.0.17 - - [22/Aug/2019:04:15:25 +0000] "OPTIONS /rosemary/zone1/state HTTP/1.1" 200 2 "http://192.168.0.27/slide0.html" "Mozilla/5.0 (Windows NT 10.0; Win64; x64) AppleWebKit/537.36 (KHTML, like Gecko) Chrome/76.0.3809.100 Safari/537.36"
::ffff:192.168.0.17 - - [22/Aug/2019:04:15:25 +0000] "POST /rosemary/zone1/state HTTP/1.1" 201 - "http://192.168.0.27/slide0.html" "Mozilla/5.0 (Windows NT 10.0; Win64; x64) AppleWebKit/537.36 (KHTML, like Gecko) Chrome/76.0.3809.100 Safari/537.36"
::ffff:192.168.0.17 - - [22/Aug/2019:04:15:25 +0000] "POST /rosemary/zone1/currentUser HTTP/1.1" 201 - "http://192.168.0.27/slide0.html" "Mozilla/5.0 (Windows NT 10.0; Win64; x64) AppleWebKit/537.36 (KHTML, like Gecko) Chrome/76.0.3809.100 Safari/537.36"
::ffff:192.168.0.17 - - [22/Aug/2019:04:16:30 +0000] "OPTIONS /rosemary/zone1/currentUser HTTP/1.1" 200 2 "http://192.168.0.27/slide0.html" "Mozilla/5.0 (Windows NT 10.0; Win64; x64) AppleWebKit/537.36 (KHTML, like Gecko) Chrome/76.0.3809.100 Safari/537.36"
::ffff:192.168.0.17 - - [22/Aug/2019:04:16:30 +0000] "OPTIONS /rosemary/zone1/state HTTP/1.1" 200 2 "http://192.168.0.27/slide0.html" "Mozilla/5.0 (Windows NT 10.0; Win64; x64) AppleWebKit/537.36 (KHTML, like Gecko) Chrome/76.0.3809.100 Safari/537.36"
::ffff:192.168.0.17 - - [22/Aug/2019:04:16:30 +0000] "POST /rosemary/zone1/state HTTP/1.1" 201 - "http://192.168.0.27/slide0.html" "Mozilla/5.0 (Windows NT 10.0; Win64; x64) AppleWebKit/537.36 (KHTML, like Gecko) Chrome/76.0.3809.100 Safari/537.36"
::ffff:192.168.0.17 - - [22/Aug/2019:04:16:30 +0000] "POST /rosemary/zone1/currentUser HTTP/1.1" 201 - "http://192.168.0.27/slide0.html" "Mozilla/5.0 (Windows NT 10.0; Win64; x64) AppleWebKit/537.36 (KHTML, like Gecko) Chrome/76.0.3809.100 Safari/537.36"
::ffff:192.168.0.1 - - [22/Aug/2019:04:18:46 +0000] "OPTIONS /rosemary/zone1/state/la HTTP/1.1" 200 2 "http://192.168.0.27/cam_kiosk.html" "Mozilla/5.0 (Windows NT 10.0; Win64; x64) AppleWebKit/537.36 (KHTML, like Gecko) Chrome/76.0.3809.100 Safari/537.36"
::ffff:192.168.0.1 - - [22/Aug/2019:04:18:46 +0000] "GET /rosemary/zone1/state/la HTTP/1.1" 200 - "http://192.168.0.27/cam_kiosk.html" "Mozilla/5.0 (Windows NT 10.0; Win64; x64) AppleWebKit/537.36 (KHTML, like Gecko) Chrome/76.0.3809.100 Safari/537.36"
::ffff:192.168.0.1 - - [22/Aug/2019:04:18:49 +0000] "GET /rosemary/zone1/state/la HTTP/1.1" 200 - "http://192.168.0.27/camera.html" "Mozilla/5.0 (Windows NT 10.0; Win64; x64) AppleWebKit/537.36 (KHTML, like Gecko) Chrome/76.0.3809.100 Safari/537.36"
::ffff:192.168.0.13 - - [22/Aug/2019:04:18:59 +0000] "OPTIONS /rosemary/zone1/currentUser HTTP/1.1" 200 2 "http://192.168.0.27/slide0.html" "Mozilla/5.0 (Linux; Android 8.1.0; SM-P580) AppleWebKit/537.36 (KHTML, like Gecko) Chrome/76.0.3809.111 Safari/537.36"
::ffff:192.168.0.13 - - [22/Aug/2019:04:18:59 +0000] "OPTIONS /rosemary/zone1/state HTTP/1.1" 200 2 "http://192.168.0.27/slide0.html" "Mozilla/5.0 (Linux; Android 8.1.0; SM-P580) AppleWebKit/537.36 (KHTML, like Gecko) Chrome/76.0.3809.111 Safari/537.36"
::ffff:192.168.0.13 - - [22/Aug/2019:04:18:59 +0000] "POST /rosemary/zone1/currentUser HTTP/1.1" 201 - "http://192.168.0.27/slide0.html" "Mozilla/5.0 (Linux; Android 8.1.0; SM-P580) AppleWebKit/537.36 (KHTML, like Gecko) Chrome/76.0.3809.111 Safari/537.36"
::ffff:192.168.0.13 - - [22/Aug/2019:04:18:59 +0000] "POST /rosemary/zone1/state HTTP/1.1" 201 - "http://192.168.0.27/slide0.html" "Mozilla/5.0 (Linux; Android 8.1.0; SM-P580) AppleWebKit/537.36 (KHTML, like Gecko) Chrome/76.0.3809.111 Safari/537.36"
::ffff:192.168.0.2 - - [22/Aug/2019:04:19:01 +0000] "POST /KEic4o9TTc HTTP/1.1" 201 - "-" "-"
::ffff:192.168.0.1 - - [22/Aug/2019:04:19:06 +0000] "OPTIONS /rosemary/zone1/state/la HTTP/1.1" 200 2 "http://192.168.0.27/camera.html" "Mozilla/5.0 (Windows NT 10.0; Win64; x64) AppleWebKit/537.36 (KHTML, like Gecko) Chrome/76.0.3809.100 Safari/537.36"
::ffff:192.168.0.1 - - [22/Aug/2019:04:19:06 +0000] "GET /rosemary/zone1/state/la HTTP/1.1" 200 - "http://192.168.0.27/camera.html" "Mozilla/5.0 (Windows NT 10.0; Win64; x64) AppleWebKit/537.36 (KHTML, like Gecko) Chrome/76.0.3809.100 Safari/537.36"
::ffff:192.168.0.8 - - [22/Aug/2019:04:19:07 +0000] "OPTIONS /rosemary/zone1/currentUser HTTP/1.1" 200 2 "http://192.168.0.27/slide0.html" "Mozilla/5.0 (Windows NT 10.0; Win64; x64) AppleWebKit/537.36 (KHTML, like Gecko) Chrome/76.0.3809.100 Safari/537.36"
::ffff:192.168.0.8 - - [22/Aug/2019:04:19:07 +0000] "OPTIONS /rosemary/zone1/state HTTP/1.1" 200 2 "http://192.168.0.27/slide0.html" "Mozilla/5.0 (Windows NT 10.0; Win64; x64) AppleWebKit/537.36 (KHTML, like Gecko) Chrome/76.0.3809.100 Safari/537.36"
::ffff:192.168.0.8 - - [22/Aug/2019:04:19:08 +0000] "POST /rosemary/zone1/state HTTP/1.1" 201 - "http://192.168.0.27/slide0.html" "Mozilla/5.0 (Windows NT 10.0; Win64; x64) AppleWebKit/537.36 (KHTML, like Gecko) Chrome/76.0.3809.100 Safari/537.36"
::ffff:192.168.0.8 - - [22/Aug/2019:04:19:08 +0000] "POST /rosemary/zone1/currentUser HTTP/1.1" 201 - "http://192.168.0.27/slide0.html" "Mozilla/5.0 (Windows NT 10.0; Win64; x64) AppleWebKit/537.36 (KHTML, like Gecko) Chrome/76.0.3809.100 Safari/537.36"
::ffff:192.168.0.8 - - [22/Aug/2019:04:19:13 +0000] "OPTIONS /rosemary/zone1/state HTTP/1.1" 200 2 "http://192.168.0.27/gallery.html" "Mozilla/5.0 (Windows NT 10.0; Win64; x64) AppleWebKit/537.36 (KHTML, like Gecko) Chrome/76.0.3809.100 Safari/537.36"
::ffff:192.168.0.8 - - [22/Aug/2019:04:19:13 +0000] "OPTIONS /rosemary/zone1/currentUser/la HTTP/1.1" 200 2 "http://192.168.0.27/gallery.html" "Mozilla/5.0 (Windows NT 10.0; Win64; x64) AppleWebKit/537.36 (KHTML, like Gecko) Chrome/76.0.3809.100 Safari/537.36"
