::ffff:192.168.0.3 - - [22/Aug/2019:02:57:47 +0000] "POST /rosemary HTTP/1.1" 409 - "-" "-"
::ffff:192.168.0.3 - - [22/Aug/2019:02:57:49 +0000] "GET /rosemary/zone1 HTTP/1.1" 200 - "-" "-"
::ffff:192.168.0.3 - - [22/Aug/2019:02:57:51 +0000] "POST /rosemary/zone1 HTTP/1.1" 409 - "-" "-"
::ffff:192.168.0.3 - - [22/Aug/2019:02:57:53 +0000] "POST /rosemary/zone1 HTTP/1.1" 409 - "-" "-"
::ffff:192.168.0.3 - - [22/Aug/2019:02:57:55 +0000] "POST /rosemary/zone1 HTTP/1.1" 409 - "-" "-"
::ffff:192.168.0.3 - - [22/Aug/2019:02:57:57 +0000] "DELETE /rosemary/zone1/cam1/sub HTTP/1.1" 200 - "-" "-"
::ffff:192.168.0.3 - - [22/Aug/2019:02:57:59 +0000] "DELETE /rosemary/zone1/state/sub HTTP/1.1" 200 - "-" "-"
::ffff:192.168.0.3 - - [22/Aug/2019:02:58:01 +0000] "DELETE /rosemary/zone1/currentUser/sub HTTP/1.1" 200 - "-" "-"
::ffff:192.168.0.3 - - [22/Aug/2019:02:58:03 +0000] "POST /rosemary/zone1/cam1 HTTP/1.1" 201 - "-" "-"
::ffff:192.168.0.3 - - [22/Aug/2019:02:58:05 +0000] "POST /rosemary/zone1/state HTTP/1.1" 201 - "-" "-"
::ffff:192.168.0.3 - - [22/Aug/2019:02:58:07 +0000] "POST /rosemary/zone1/currentUser HTTP/1.1" 201 - "-" "-"
::ffff:192.168.0.2 - - [22/Aug/2019:03:02:44 +0000] "POST /6erDrylekm HTTP/1.1" 201 - "-" "-"
::ffff:192.168.0.2 - - [22/Aug/2019:03:02:57 +0000] "POST /6erDrylekm HTTP/1.1" 201 - "-" "-"
::ffff:192.168.0.2 - - [22/Aug/2019:03:03:19 +0000] "POST /6erDrylekm HTTP/1.1" 201 - "-" "-"
::ffff:192.168.0.2 - - [22/Aug/2019:03:03:29 +0000] "POST /6erDrylekm HTTP/1.1" 201 - "-" "-"
::ffff:192.168.0.2 - - [22/Aug/2019:03:04:04 +0000] "POST /6erDrylekm HTTP/1.1" 201 - "-" "-"
::ffff:192.168.0.2 - - [22/Aug/2019:03:04:29 +0000] "POST /6erDrylekm HTTP/1.1" 201 - "-" "-"
::ffff:192.168.0.2 - - [22/Aug/2019:03:05:04 +0000] "POST /6erDrylekm HTTP/1.1" 201 - "-" "-"
::ffff:192.168.0.13 - - [22/Aug/2019:03:06:08 +0000] "OPTIONS /rosemary/zone1/currentUser/la HTTP/1.1" 200 2 "http://192.168.0.27/gallery.html" "Mozilla/5.0 (Linux; Android 8.1.0; SM-P580) AppleWebKit/537.36 (KHTML, like Gecko) Chrome/76.0.3809.111 Safari/537.36"
::ffff:192.168.0.13 - - [22/Aug/2019:03:06:08 +0000] "OPTIONS /rosemary/zone1/state HTTP/1.1" 200 2 "http://192.168.0.27/gallery.html" "Mozilla/5.0 (Linux; Android 8.1.0; SM-P580) AppleWebKit/537.36 (KHTML, like Gecko) Chrome/76.0.3809.111 Safari/537.36"
::ffff:192.168.0.13 - - [22/Aug/2019:03:06:08 +0000] "GET /rosemary/zone1/currentUser/la HTTP/1.1" 200 - "http://192.168.0.27/gallery.html" "Mozilla/5.0 (Linux; Android 8.1.0; SM-P580) AppleWebKit/537.36 (KHTML, like Gecko) Chrome/76.0.3809.111 Safari/537.36"
::ffff:192.168.0.13 - - [22/Aug/2019:03:06:08 +0000] "POST /rosemary/zone1/state HTTP/1.1" 201 - "http://192.168.0.27/gallery.html" "Mozilla/5.0 (Linux; Android 8.1.0; SM-P580) AppleWebKit/537.36 (KHTML, like Gecko) Chrome/76.0.3809.111 Safari/537.36"
::ffff:192.168.0.1 - - [22/Aug/2019:03:07:02 +0000] "OPTIONS /rosemary/zone1/state/la HTTP/1.1" 200 2 "http://192.168.0.27/cam_kiosk.html" "Mozilla/5.0 (Linux; Android 8.1.0; SM-P580) AppleWebKit/537.36 (KHTML, like Gecko) Chrome/76.0.3809.111 Safari/537.36"
::ffff:192.168.0.1 - - [22/Aug/2019:03:07:02 +0000] "GET /rosemary/zone1/state/la HTTP/1.1" 200 - "http://192.168.0.27/cam_kiosk.html" "Mozilla/5.0 (Linux; Android 8.1.0; SM-P580) AppleWebKit/537.36 (KHTML, like Gecko) Chrome/76.0.3809.111 Safari/537.36"
::ffff:192.168.0.1 - - [22/Aug/2019:03:08:04 +0000] "OPTIONS /rosemary/zone1/state/la HTTP/1.1" 200 2 "http://192.168.0.27/cam_kiosk.html" "Mozilla/5.0 (Linux; Android 8.1.0; SM-P580) AppleWebKit/537.36 (KHTML, like Gecko) Chrome/76.0.3809.111 Safari/537.36"
::ffff:192.168.0.1 - - [22/Aug/2019:03:08:04 +0000] "GET /rosemary/zone1/state/la HTTP/1.1" 200 - "http://192.168.0.27/cam_kiosk.html" "Mozilla/5.0 (Linux; Android 8.1.0; SM-P580) AppleWebKit/537.36 (KHTML, like Gecko) Chrome/76.0.3809.111 Safari/537.36"
::ffff:192.168.0.1 - - [22/Aug/2019:03:08:09 +0000] "OPTIONS /rosemary/zone1/state/la HTTP/1.1" 200 2 "http://192.168.0.27/cam_kiosk.html" "Mozilla/5.0 (Linux; Android 8.1.0; SM-P580) AppleWebKit/537.36 (KHTML, like Gecko) Chrome/76.0.3809.111 Safari/537.36"
::ffff:192.168.0.1 - - [22/Aug/2019:03:08:09 +0000] "GET /rosemary/zone1/state/la HTTP/1.1" 200 - "http://192.168.0.27/cam_kiosk.html" "Mozilla/5.0 (Linux; Android 8.1.0; SM-P580) AppleWebKit/537.36 (KHTML, like Gecko) Chrome/76.0.3809.111 Safari/537.36"
::ffff:192.168.0.1 - - [22/Aug/2019:03:08:22 +0000] "OPTIONS /rosemary/zone1/state/la HTTP/1.1" 200 2 "http://192.168.0.27/cam_kiosk.html" "Mozilla/5.0 (Linux; Android 8.1.0; SM-P580) AppleWebKit/537.36 (KHTML, like Gecko) Chrome/76.0.3809.111 Safari/537.36"
::ffff:192.168.0.1 - - [22/Aug/2019:03:08:22 +0000] "GET /rosemary/zone1/state/la HTTP/1.1" 200 - "http://192.168.0.27/cam_kiosk.html" "Mozilla/5.0 (Linux; Android 8.1.0; SM-P580) AppleWebKit/537.36 (KHTML, like Gecko) Chrome/76.0.3809.111 Safari/537.36"
::ffff:192.168.0.1 - - [22/Aug/2019:03:09:28 +0000] "OPTIONS /rosemary/zone1/state/la HTTP/1.1" 200 2 "http://192.168.0.27/camera.html" "Mozilla/5.0 (Linux; Android 8.1.0; SM-P580) AppleWebKit/537.36 (KHTML, like Gecko) Chrome/76.0.3809.111 Safari/537.36"
::ffff:192.168.0.1 - - [22/Aug/2019:03:09:28 +0000] "GET /rosemary/zone1/state/la HTTP/1.1" 200 - "http://192.168.0.27/camera.html" "Mozilla/5.0 (Linux; Android 8.1.0; SM-P580) AppleWebKit/537.36 (KHTML, like Gecko) Chrome/76.0.3809.111 Safari/537.36"
::ffff:192.168.0.1 - - [22/Aug/2019:03:09:33 +0000] "GET /rosemary/zone1/state/la HTTP/1.1" 200 - "http://192.168.0.27/camera.html" "Mozilla/5.0 (Linux; Android 8.1.0; SM-P580) AppleWebKit/537.36 (KHTML, like Gecko) Chrome/76.0.3809.111 Safari/537.36"
::ffff:192.168.0.1 - - [22/Aug/2019:03:09:40 +0000] "OPTIONS /rosemary/zone1/state/la HTTP/1.1" 200 2 "http://192.168.0.27/camera.html" "Mozilla/5.0 (Linux; Android 8.1.0; SM-P580) AppleWebKit/537.36 (KHTML, like Gecko) Chrome/76.0.3809.111 Safari/537.36"
::ffff:192.168.0.1 - - [22/Aug/2019:03:09:40 +0000] "GET /rosemary/zone1/state/la HTTP/1.1" 200 - "http://192.168.0.27/camera.html" "Mozilla/5.0 (Linux; Android 8.1.0; SM-P580) AppleWebKit/537.36 (KHTML, like Gecko) Chrome/76.0.3809.111 Safari/537.36"
::ffff:192.168.0.1 - - [22/Aug/2019:03:10:05 +0000] "OPTIONS /rosemary/zone1/state/la HTTP/1.1" 200 2 "http://192.168.0.27/camera.html" "Mozilla/5.0 (Linux; Android 8.1.0; SM-P580) AppleWebKit/537.36 (KHTML, like Gecko) Chrome/76.0.3809.111 Safari/537.36"
::ffff:192.168.0.1 - - [22/Aug/2019:03:10:05 +0000] "GET /rosemary/zone1/state/la HTTP/1.1" 200 - "http://192.168.0.27/camera.html" "Mozilla/5.0 (Linux; Android 8.1.0; SM-P580) AppleWebKit/537.36 (KHTML, like Gecko) Chrome/76.0.3809.111 Safari/537.36"
::ffff:192.168.0.1 - - [22/Aug/2019:03:10:07 +0000] "GET /rosemary/zone1/state/la HTTP/1.1" 200 - "http://192.168.0.27/camera.html" "Mozilla/5.0 (Linux; Android 8.1.0; SM-P580) AppleWebKit/537.36 (KHTML, like Gecko) Chrome/76.0.3809.111 Safari/537.36"
::ffff:192.168.0.1 - - [22/Aug/2019:03:21:09 +0000] "OPTIONS /rosemary/zone1/state/la HTTP/1.1" 200 2 "http://192.168.0.27/cam_kiosk.html" "Mozilla/5.0 (Linux; Android 8.1.0; SM-P580) AppleWebKit/537.36 (KHTML, like Gecko) Chrome/76.0.3809.111 Safari/537.36"
::ffff:192.168.0.1 - - [22/Aug/2019:03:21:10 +0000] "GET /rosemary/zone1/state/la HTTP/1.1" 200 - "http://192.168.0.27/cam_kiosk.html" "Mozilla/5.0 (Linux; Android 8.1.0; SM-P580) AppleWebKit/537.36 (KHTML, like Gecko) Chrome/76.0.3809.111 Safari/537.36"
::ffff:192.168.0.1 - - [22/Aug/2019:03:21:11 +0000] "GET /rosemary/zone1/state/la HTTP/1.1" 200 - "http://192.168.0.27/camera.html" "Mozilla/5.0 (Linux; Android 8.1.0; SM-P580) AppleWebKit/537.36 (KHTML, like Gecko) Chrome/76.0.3809.111 Safari/537.36"
::ffff:192.168.0.13 - - [22/Aug/2019:03:21:13 +0000] "OPTIONS /rosemary/zone1/currentUser HTTP/1.1" 200 2 "http://192.168.0.27/slide0.html" "Mozilla/5.0 (Linux; Android 8.1.0; SM-P580) AppleWebKit/537.36 (KHTML, like Gecko) Chrome/76.0.3809.111 Safari/537.36"
::ffff:192.168.0.13 - - [22/Aug/2019:03:21:13 +0000] "OPTIONS /rosemary/zone1/state HTTP/1.1" 200 2 "http://192.168.0.27/slide0.html" "Mozilla/5.0 (Linux; Android 8.1.0; SM-P580) AppleWebKit/537.36 (KHTML, like Gecko) Chrome/76.0.3809.111 Safari/537.36"
::ffff:192.168.0.13 - - [22/Aug/2019:03:21:13 +0000] "POST /rosemary/zone1/currentUser HTTP/1.1" 201 - "http://192.168.0.27/slide0.html" "Mozilla/5.0 (Linux; Android 8.1.0; SM-P580) AppleWebKit/537.36 (KHTML, like Gecko) Chrome/76.0.3809.111 Safari/537.36"
::ffff:192.168.0.13 - - [22/Aug/2019:03:21:13 +0000] "POST /rosemary/zone1/state HTTP/1.1" 201 - "http://192.168.0.27/slide0.html" "Mozilla/5.0 (Linux; Android 8.1.0; SM-P580) AppleWebKit/537.36 (KHTML, like Gecko) Chrome/76.0.3809.111 Safari/537.36"
::ffff:192.168.0.3 - - [22/Aug/2019:03:21:24 +0000] "POST /rosemary HTTP/1.1" 409 - "-" "-"
::ffff:192.168.0.3 - - [22/Aug/2019:03:21:26 +0000] "GET /rosemary/zone1 HTTP/1.1" 200 - "-" "-"
::ffff:192.168.0.3 - - [22/Aug/2019:03:21:28 +0000] "POST /rosemary/zone1 HTTP/1.1" 409 - "-" "-"
::ffff:192.168.0.3 - - [22/Aug/2019:03:21:30 +0000] "POST /rosemary/zone1 HTTP/1.1" 409 - "-" "-"
::ffff:192.168.0.3 - - [22/Aug/2019:03:21:32 +0000] "POST /rosemary/zone1 HTTP/1.1" 409 - "-" "-"
::ffff:192.168.0.13 - - [22/Aug/2019:03:21:33 +0000] "OPTIONS /rosemary/zone1/state HTTP/1.1" 200 2 "http://192.168.0.27/gallery.html" "Mozilla/5.0 (Linux; Android 8.1.0; SM-P580) AppleWebKit/537.36 (KHTML, like Gecko) Chrome/76.0.3809.111 Safari/537.36"
::ffff:192.168.0.13 - - [22/Aug/2019:03:21:33 +0000] "OPTIONS /rosemary/zone1/currentUser/la HTTP/1.1" 200 2 "http://192.168.0.27/gallery.html" "Mozilla/5.0 (Linux; Android 8.1.0; SM-P580) AppleWebKit/537.36 (KHTML, like Gecko) Chrome/76.0.3809.111 Safari/537.36"
::ffff:192.168.0.13 - - [22/Aug/2019:03:21:33 +0000] "POST /rosemary/zone1/state HTTP/1.1" 201 - "http://192.168.0.27/gallery.html" "Mozilla/5.0 (Linux; Android 8.1.0; SM-P580) AppleWebKit/537.36 (KHTML, like Gecko) Chrome/76.0.3809.111 Safari/537.36"
::ffff:192.168.0.13 - - [22/Aug/2019:03:21:33 +0000] "GET /rosemary/zone1/currentUser/la HTTP/1.1" 200 - "http://192.168.0.27/gallery.html" "Mozilla/5.0 (Linux; Android 8.1.0; SM-P580) AppleWebKit/537.36 (KHTML, like Gecko) Chrome/76.0.3809.111 Safari/537.36"
::ffff:192.168.0.3 - - [22/Aug/2019:03:21:34 +0000] "DELETE /rosemary/zone1/cam1/sub HTTP/1.1" 200 - "-" "-"
::ffff:192.168.0.3 - - [22/Aug/2019:03:21:36 +0000] "DELETE /rosemary/zone1/state/sub HTTP/1.1" 200 - "-" "-"
::ffff:192.168.0.3 - - [22/Aug/2019:03:21:38 +0000] "DELETE /rosemary/zone1/currentUser/sub HTTP/1.1" 200 - "-" "-"
::ffff:192.168.0.3 - - [22/Aug/2019:03:21:40 +0000] "POST /rosemary/zone1/cam1 HTTP/1.1" 201 - "-" "-"
::ffff:192.168.0.3 - - [22/Aug/2019:03:21:42 +0000] "POST /rosemary/zone1/state HTTP/1.1" 201 - "-" "-"
::ffff:192.168.0.3 - - [22/Aug/2019:03:21:44 +0000] "POST /rosemary/zone1/currentUser HTTP/1.1" 201 - "-" "-"
::ffff:192.168.0.1 - - [22/Aug/2019:03:21:49 +0000] "OPTIONS /rosemary/zone1/state/la HTTP/1.1" 200 2 "http://192.168.0.27/cam_kiosk.html" "Mozilla/5.0 (Linux; Android 8.1.0; SM-P580) AppleWebKit/537.36 (KHTML, like Gecko) Chrome/76.0.3809.111 Safari/537.36"
::ffff:192.168.0.1 - - [22/Aug/2019:03:21:49 +0000] "GET /rosemary/zone1/state/la HTTP/1.1" 200 - "http://192.168.0.27/cam_kiosk.html" "Mozilla/5.0 (Linux; Android 8.1.0; SM-P580) AppleWebKit/537.36 (KHTML, like Gecko) Chrome/76.0.3809.111 Safari/537.36"
::ffff:192.168.0.1 - - [22/Aug/2019:03:21:52 +0000] "GET /rosemary/zone1/state/la HTTP/1.1" 200 - "http://192.168.0.27/camera.html" "Mozilla/5.0 (Linux; Android 8.1.0; SM-P580) AppleWebKit/537.36 (KHTML, like Gecko) Chrome/76.0.3809.111 Safari/537.36"
::ffff:192.168.0.13 - - [22/Aug/2019:03:21:54 +0000] "OPTIONS /rosemary/zone1/currentUser HTTP/1.1" 200 2 "http://192.168.0.27/slide0.html" "Mozilla/5.0 (Linux; Android 8.1.0; SM-P580) AppleWebKit/537.36 (KHTML, like Gecko) Chrome/76.0.3809.111 Safari/537.36"
::ffff:192.168.0.13 - - [22/Aug/2019:03:21:54 +0000] "OPTIONS /rosemary/zone1/state HTTP/1.1" 200 2 "http://192.168.0.27/slide0.html" "Mozilla/5.0 (Linux; Android 8.1.0; SM-P580) AppleWebKit/537.36 (KHTML, like Gecko) Chrome/76.0.3809.111 Safari/537.36"
::ffff:192.168.0.13 - - [22/Aug/2019:03:21:54 +0000] "POST /rosemary/zone1/currentUser HTTP/1.1" 201 - "http://192.168.0.27/slide0.html" "Mozilla/5.0 (Linux; Android 8.1.0; SM-P580) AppleWebKit/537.36 (KHTML, like Gecko) Chrome/76.0.3809.111 Safari/537.36"
::ffff:192.168.0.13 - - [22/Aug/2019:03:21:54 +0000] "POST /rosemary/zone1/state HTTP/1.1" 201 - "http://192.168.0.27/slide0.html" "Mozilla/5.0 (Linux; Android 8.1.0; SM-P580) AppleWebKit/537.36 (KHTML, like Gecko) Chrome/76.0.3809.111 Safari/537.36"
::ffff:192.168.0.13 - - [22/Aug/2019:03:22:27 +0000] "OPTIONS /rosemary/zone1/cam1 HTTP/1.1" 200 2 "http://192.168.0.27/slide0.html" "Mozilla/5.0 (Linux; Android 8.1.0; SM-P580) AppleWebKit/537.36 (KHTML, like Gecko) Chrome/76.0.3809.111 Safari/537.36"
::ffff:192.168.0.13 - - [22/Aug/2019:03:22:27 +0000] "POST /rosemary/zone1/cam1 HTTP/1.1" 201 - "http://192.168.0.27/slide0.html" "Mozilla/5.0 (Linux; Android 8.1.0; SM-P580) AppleWebKit/537.36 (KHTML, like Gecko) Chrome/76.0.3809.111 Safari/537.36"
::ffff:192.168.0.13 - - [22/Aug/2019:03:22:31 +0000] "POST /rosemary/zone1/cam1 HTTP/1.1" 201 - "http://192.168.0.27/slide0.html" "Mozilla/5.0 (Linux; Android 8.1.0; SM-P580) AppleWebKit/537.36 (KHTML, like Gecko) Chrome/76.0.3809.111 Safari/537.36"
::ffff:192.168.0.1 - - [22/Aug/2019:03:22:34 +0000] "POST /rosemary/zone1/Y1D5E1 HTTP/1.1" 404 - "-" "-"
::ffff:192.168.0.13 - - [22/Aug/2019:03:22:57 +0000] "OPTIONS /rosemary/zone1/cam1 HTTP/1.1" 200 2 "http://192.168.0.27/slide0.html" "Mozilla/5.0 (Linux; Android 8.1.0; SM-P580) AppleWebKit/537.36 (KHTML, like Gecko) Chrome/76.0.3809.111 Safari/537.36"
::ffff:192.168.0.13 - - [22/Aug/2019:03:22:57 +0000] "POST /rosemary/zone1/cam1 HTTP/1.1" 201 - "http://192.168.0.27/slide0.html" "Mozilla/5.0 (Linux; Android 8.1.0; SM-P580) AppleWebKit/537.36 (KHTML, like Gecko) Chrome/76.0.3809.111 Safari/537.36"
::ffff:192.168.0.13 - - [22/Aug/2019:03:23:00 +0000] "POST /rosemary/zone1/cam1 HTTP/1.1" 201 - "http://192.168.0.27/slide0.html" "Mozilla/5.0 (Linux; Android 8.1.0; SM-P580) AppleWebKit/537.36 (KHTML, like Gecko) Chrome/76.0.3809.111 Safari/537.36"
::ffff:192.168.0.13 - - [22/Aug/2019:03:23:03 +0000] "OPTIONS /rosemary/zone1/cam1 HTTP/1.1" 200 2 "http://192.168.0.27/slide0.html" "Mozilla/5.0 (Linux; Android 8.1.0; SM-P580) AppleWebKit/537.36 (KHTML, like Gecko) Chrome/76.0.3809.111 Safari/537.36"
::ffff:192.168.0.13 - - [22/Aug/2019:03:23:03 +0000] "POST /rosemary/zone1/cam1 HTTP/1.1" 201 - "http://192.168.0.27/slide0.html" "Mozilla/5.0 (Linux; Android 8.1.0; SM-P580) AppleWebKit/537.36 (KHTML, like Gecko) Chrome/76.0.3809.111 Safari/537.36"
::ffff:192.168.0.13 - - [22/Aug/2019:03:23:05 +0000] "POST /rosemary/zone1/cam1 HTTP/1.1" 201 - "http://192.168.0.27/slide0.html" "Mozilla/5.0 (Linux; Android 8.1.0; SM-P580) AppleWebKit/537.36 (KHTML, like Gecko) Chrome/76.0.3809.111 Safari/537.36"
::ffff:192.168.0.13 - - [22/Aug/2019:03:23:11 +0000] "OPTIONS /rosemary/zone1/cam1 HTTP/1.1" 200 2 "http://192.168.0.27/slide0.html" "Mozilla/5.0 (Linux; Android 8.1.0; SM-P580) AppleWebKit/537.36 (KHTML, like Gecko) Chrome/76.0.3809.111 Safari/537.36"
::ffff:192.168.0.13 - - [22/Aug/2019:03:23:11 +0000] "POST /rosemary/zone1/cam1 HTTP/1.1" 201 - "http://192.168.0.27/slide0.html" "Mozilla/5.0 (Linux; Android 8.1.0; SM-P580) AppleWebKit/537.36 (KHTML, like Gecko) Chrome/76.0.3809.111 Safari/537.36"
::ffff:192.168.0.1 - - [22/Aug/2019:03:23:14 +0000] "POST /rosemary/zone1/Y1D5E1 HTTP/1.1" 404 - "-" "-"
::ffff:192.168.0.13 - - [22/Aug/2019:03:23:26 +0000] "OPTIONS /rosemary/zone1/state HTTP/1.1" 200 2 "http://192.168.0.27/gallery.html" "Mozilla/5.0 (Linux; Android 8.1.0; SM-P580) AppleWebKit/537.36 (KHTML, like Gecko) Chrome/76.0.3809.111 Safari/537.36"
::ffff:192.168.0.13 - - [22/Aug/2019:03:23:27 +0000] "OPTIONS /rosemary/zone1/currentUser/la HTTP/1.1" 200 2 "http://192.168.0.27/gallery.html" "Mozilla/5.0 (Linux; Android 8.1.0; SM-P580) AppleWebKit/537.36 (KHTML, like Gecko) Chrome/76.0.3809.111 Safari/537.36"
::ffff:192.168.0.13 - - [22/Aug/2019:03:23:27 +0000] "GET /rosemary/zone1/currentUser/la HTTP/1.1" 200 - "http://192.168.0.27/gallery.html" "Mozilla/5.0 (Linux; Android 8.1.0; SM-P580) AppleWebKit/537.36 (KHTML, like Gecko) Chrome/76.0.3809.111 Safari/537.36"
::ffff:192.168.0.13 - - [22/Aug/2019:03:23:27 +0000] "POST /rosemary/zone1/state HTTP/1.1" 201 - "http://192.168.0.27/gallery.html" "Mozilla/5.0 (Linux; Android 8.1.0; SM-P580) AppleWebKit/537.36 (KHTML, like Gecko) Chrome/76.0.3809.111 Safari/537.36"
::ffff:192.168.0.13 - - [22/Aug/2019:03:23:36 +0000] "OPTIONS /rosemary/zone1/state HTTP/1.1" 200 2 "http://192.168.0.27/gallery.html" "Mozilla/5.0 (Linux; Android 8.1.0; SM-P580) AppleWebKit/537.36 (KHTML, like Gecko) Chrome/76.0.3809.111 Safari/537.36"
::ffff:192.168.0.13 - - [22/Aug/2019:03:23:36 +0000] "OPTIONS /rosemary/zone1/currentUser/la HTTP/1.1" 200 2 "http://192.168.0.27/gallery.html" "Mozilla/5.0 (Linux; Android 8.1.0; SM-P580) AppleWebKit/537.36 (KHTML, like Gecko) Chrome/76.0.3809.111 Safari/537.36"
::ffff:192.168.0.13 - - [22/Aug/2019:03:23:36 +0000] "POST /rosemary/zone1/state HTTP/1.1" 201 - "http://192.168.0.27/gallery.html" "Mozilla/5.0 (Linux; Android 8.1.0; SM-P580) AppleWebKit/537.36 (KHTML, like Gecko) Chrome/76.0.3809.111 Safari/537.36"
::ffff:192.168.0.13 - - [22/Aug/2019:03:23:37 +0000] "OPTIONS /rosemary/zone1/currentUser HTTP/1.1" 200 2 "http://192.168.0.27/slide0.html" "Mozilla/5.0 (Linux; Android 8.1.0; SM-P580) AppleWebKit/537.36 (KHTML, like Gecko) Chrome/76.0.3809.111 Safari/537.36"
::ffff:192.168.0.13 - - [22/Aug/2019:03:23:37 +0000] "POST /rosemary/zone1/state HTTP/1.1" 201 - "http://192.168.0.27/slide0.html" "Mozilla/5.0 (Linux; Android 8.1.0; SM-P580) AppleWebKit/537.36 (KHTML, like Gecko) Chrome/76.0.3809.111 Safari/537.36"
::ffff:192.168.0.13 - - [22/Aug/2019:03:23:37 +0000] "POST /rosemary/zone1/currentUser HTTP/1.1" 201 - "http://192.168.0.27/slide0.html" "Mozilla/5.0 (Linux; Android 8.1.0; SM-P580) AppleWebKit/537.36 (KHTML, like Gecko) Chrome/76.0.3809.111 Safari/537.36"
::ffff:192.168.0.14 - - [22/Aug/2019:03:31:34 +0000] "POST /rosemary HTTP/1.1" 409 - "-" "-"
::ffff:192.168.0.14 - - [22/Aug/2019:03:31:36 +0000] "GET /rosemary/zone1 HTTP/1.1" 200 - "-" "-"
::ffff:192.168.0.14 - - [22/Aug/2019:03:31:38 +0000] "POST /rosemary/zone1 HTTP/1.1" 409 - "-" "-"
::ffff:192.168.0.14 - - [22/Aug/2019:03:31:40 +0000] "POST /rosemary/zone1 HTTP/1.1" 409 - "-" "-"
::ffff:192.168.0.14 - - [22/Aug/2019:03:31:42 +0000] "DELETE /rosemary/zone1/currentUser/sub HTTP/1.1" 200 - "-" "-"
::ffff:192.168.0.14 - - [22/Aug/2019:03:31:44 +0000] "DELETE /rosemary/zone1/email/sub HTTP/1.1" 200 - "-" "-"
::ffff:192.168.0.14 - - [22/Aug/2019:03:31:46 +0000] "POST /rosemary/zone1/currentUser HTTP/1.1" 201 - "-" "-"
::ffff:192.168.0.14 - - [22/Aug/2019:03:31:48 +0000] "POST /rosemary/zone1/email HTTP/1.1" 201 - "-" "-"
::ffff:192.168.0.13 - - [22/Aug/2019:03:34:29 +0000] "OPTIONS /rosemary/zone1/cam1 HTTP/1.1" 200 2 "http://192.168.0.27/slide0.html" "Mozilla/5.0 (Linux; Android 8.1.0; SM-P580) AppleWebKit/537.36 (KHTML, like Gecko) Chrome/76.0.3809.111 Safari/537.36"
::ffff:192.168.0.13 - - [22/Aug/2019:03:34:29 +0000] "POST /rosemary/zone1/cam1 HTTP/1.1" 201 - "http://192.168.0.27/slide0.html" "Mozilla/5.0 (Linux; Android 8.1.0; SM-P580) AppleWebKit/537.36 (KHTML, like Gecko) Chrome/76.0.3809.111 Safari/537.36"
::ffff:192.168.0.1 - - [22/Aug/2019:03:34:33 +0000] "POST /rosemary/zone1/Y21FBK HTTP/1.1" 404 - "-" "-"
::ffff:192.168.0.13 - - [22/Aug/2019:03:34:40 +0000] "OPTIONS /rosemary/zone1/cam1 HTTP/1.1" 200 2 "http://192.168.0.27/slide0.html" "Mozilla/5.0 (Linux; Android 8.1.0; SM-P580) AppleWebKit/537.36 (KHTML, like Gecko) Chrome/76.0.3809.111 Safari/537.36"
::ffff:192.168.0.13 - - [22/Aug/2019:03:34:40 +0000] "POST /rosemary/zone1/cam1 HTTP/1.1" 201 - "http://192.168.0.27/slide0.html" "Mozilla/5.0 (Linux; Android 8.1.0; SM-P580) AppleWebKit/537.36 (KHTML, like Gecko) Chrome/76.0.3809.111 Safari/537.36"
::ffff:192.168.0.1 - - [22/Aug/2019:03:34:43 +0000] "POST /rosemary/zone1/Y21FBK HTTP/1.1" 404 - "-" "-"
::ffff:192.168.0.13 - - [22/Aug/2019:03:34:49 +0000] "OPTIONS /rosemary/zone1/cam1 HTTP/1.1" 200 2 "http://192.168.0.27/slide0.html" "Mozilla/5.0 (Linux; Android 8.1.0; SM-P580) AppleWebKit/537.36 (KHTML, like Gecko) Chrome/76.0.3809.111 Safari/537.36"
::ffff:192.168.0.13 - - [22/Aug/2019:03:34:49 +0000] "POST /rosemary/zone1/cam1 HTTP/1.1" 201 - "http://192.168.0.27/slide0.html" "Mozilla/5.0 (Linux; Android 8.1.0; SM-P580) AppleWebKit/537.36 (KHTML, like Gecko) Chrome/76.0.3809.111 Safari/537.36"
::ffff:192.168.0.1 - - [22/Aug/2019:03:34:52 +0000] "POST /rosemary/zone1/Y21FBK HTTP/1.1" 404 - "-" "-"
::ffff:192.168.0.13 - - [22/Aug/2019:03:35:05 +0000] "OPTIONS /rosemary/zone1/currentUser HTTP/1.1" 200 2 "http://192.168.0.27/slide0.html" "Mozilla/5.0 (Linux; Android 8.1.0; SM-P580) AppleWebKit/537.36 (KHTML, like Gecko) Chrome/76.0.3809.111 Safari/537.36"
::ffff:192.168.0.13 - - [22/Aug/2019:03:35:05 +0000] "OPTIONS /rosemary/zone1/state HTTP/1.1" 200 2 "http://192.168.0.27/slide0.html" "Mozilla/5.0 (Linux; Android 8.1.0; SM-P580) AppleWebKit/537.36 (KHTML, like Gecko) Chrome/76.0.3809.111 Safari/537.36"
::ffff:192.168.0.13 - - [22/Aug/2019:03:35:05 +0000] "POST /rosemary/zone1/currentUser HTTP/1.1" 201 - "http://192.168.0.27/slide0.html" "Mozilla/5.0 (Linux; Android 8.1.0; SM-P580) AppleWebKit/537.36 (KHTML, like Gecko) Chrome/76.0.3809.111 Safari/537.36"
::ffff:192.168.0.13 - - [22/Aug/2019:03:35:05 +0000] "POST /rosemary/zone1/state HTTP/1.1" 201 - "http://192.168.0.27/slide0.html" "Mozilla/5.0 (Linux; Android 8.1.0; SM-P580) AppleWebKit/537.36 (KHTML, like Gecko) Chrome/76.0.3809.111 Safari/537.36"
::ffff:192.168.0.13 - - [22/Aug/2019:03:35:09 +0000] "OPTIONS /rosemary/zone1/currentUser/la HTTP/1.1" 200 2 "http://192.168.0.27/gallery.html" "Mozilla/5.0 (Linux; Android 8.1.0; SM-P580) AppleWebKit/537.36 (KHTML, like Gecko) Chrome/76.0.3809.111 Safari/537.36"
::ffff:192.168.0.13 - - [22/Aug/2019:03:35:09 +0000] "GET /rosemary/zone1/currentUser/la HTTP/1.1" 200 - "http://192.168.0.27/gallery.html" "Mozilla/5.0 (Linux; Android 8.1.0; SM-P580) AppleWebKit/537.36 (KHTML, like Gecko) Chrome/76.0.3809.111 Safari/537.36"
::ffff:192.168.0.13 - - [22/Aug/2019:03:35:09 +0000] "POST /rosemary/zone1/state HTTP/1.1" 201 - "http://192.168.0.27/gallery.html" "Mozilla/5.0 (Linux; Android 8.1.0; SM-P580) AppleWebKit/537.36 (KHTML, like Gecko) Chrome/76.0.3809.111 Safari/537.36"
::ffff:192.168.0.1 - - [22/Aug/2019:03:35:19 +0000] "OPTIONS /rosemary/zone1/state/la HTTP/1.1" 200 2 "http://192.168.0.27/cam_kiosk.html" "Mozilla/5.0 (Linux; Android 8.1.0; SM-P580) AppleWebKit/537.36 (KHTML, like Gecko) Chrome/76.0.3809.111 Safari/537.36"
::ffff:192.168.0.1 - - [22/Aug/2019:03:35:19 +0000] "GET /rosemary/zone1/state/la HTTP/1.1" 200 - "http://192.168.0.27/cam_kiosk.html" "Mozilla/5.0 (Linux; Android 8.1.0; SM-P580) AppleWebKit/537.36 (KHTML, like Gecko) Chrome/76.0.3809.111 Safari/537.36"
::ffff:192.168.0.1 - - [22/Aug/2019:03:35:21 +0000] "GET /rosemary/zone1/state/la HTTP/1.1" 200 - "http://192.168.0.27/camera.html" "Mozilla/5.0 (Linux; Android 8.1.0; SM-P580) AppleWebKit/537.36 (KHTML, like Gecko) Chrome/76.0.3809.111 Safari/537.36"
::ffff:192.168.0.13 - - [22/Aug/2019:03:35:48 +0000] "OPTIONS /rosemary/zone1/currentUser HTTP/1.1" 200 2 "http://192.168.0.27/slide0.html" "Mozilla/5.0 (Linux; Android 8.1.0; SM-P580) AppleWebKit/537.36 (KHTML, like Gecko) Chrome/76.0.3809.111 Safari/537.36"
::ffff:192.168.0.13 - - [22/Aug/2019:03:35:48 +0000] "OPTIONS /rosemary/zone1/state HTTP/1.1" 200 2 "http://192.168.0.27/slide0.html" "Mozilla/5.0 (Linux; Android 8.1.0; SM-P580) AppleWebKit/537.36 (KHTML, like Gecko) Chrome/76.0.3809.111 Safari/537.36"
::ffff:192.168.0.13 - - [22/Aug/2019:03:35:48 +0000] "POST /rosemary/zone1/currentUser HTTP/1.1" 201 - "http://192.168.0.27/slide0.html" "Mozilla/5.0 (Linux; Android 8.1.0; SM-P580) AppleWebKit/537.36 (KHTML, like Gecko) Chrome/76.0.3809.111 Safari/537.36"
::ffff:192.168.0.13 - - [22/Aug/2019:03:35:48 +0000] "POST /rosemary/zone1/state HTTP/1.1" 201 - "http://192.168.0.27/slide0.html" "Mozilla/5.0 (Linux; Android 8.1.0; SM-P580) AppleWebKit/537.36 (KHTML, like Gecko) Chrome/76.0.3809.111 Safari/537.36"
::ffff:192.168.0.13 - - [22/Aug/2019:03:35:50 +0000] "OPTIONS /rosemary/zone1/cam1 HTTP/1.1" 200 2 "http://192.168.0.27/slide0.html" "Mozilla/5.0 (Linux; Android 8.1.0; SM-P580) AppleWebKit/537.36 (KHTML, like Gecko) Chrome/76.0.3809.111 Safari/537.36"
::ffff:192.168.0.13 - - [22/Aug/2019:03:35:50 +0000] "POST /rosemary/zone1/cam1 HTTP/1.1" 201 - "http://192.168.0.27/slide0.html" "Mozilla/5.0 (Linux; Android 8.1.0; SM-P580) AppleWebKit/537.36 (KHTML, like Gecko) Chrome/76.0.3809.111 Safari/537.36"
::ffff:192.168.0.1 - - [22/Aug/2019:03:35:54 +0000] "POST /rosemary/zone1/YAEPE5 HTTP/1.1" 404 - "-" "-"
::ffff:192.168.0.13 - - [22/Aug/2019:03:36:04 +0000] "OPTIONS /rosemary/zone1/cam1 HTTP/1.1" 200 2 "http://192.168.0.27/slide0.html" "Mozilla/5.0 (Linux; Android 8.1.0; SM-P580) AppleWebKit/537.36 (KHTML, like Gecko) Chrome/76.0.3809.111 Safari/537.36"
::ffff:192.168.0.13 - - [22/Aug/2019:03:36:04 +0000] "POST /rosemary/zone1/cam1 HTTP/1.1" 201 - "http://192.168.0.27/slide0.html" "Mozilla/5.0 (Linux; Android 8.1.0; SM-P580) AppleWebKit/537.36 (KHTML, like Gecko) Chrome/76.0.3809.111 Safari/537.36"
::ffff:192.168.0.1 - - [22/Aug/2019:03:36:07 +0000] "POST /rosemary/zone1/YAEPE5 HTTP/1.1" 404 - "-" "-"
::ffff:192.168.0.13 - - [22/Aug/2019:03:36:27 +0000] "OPTIONS /rosemary/zone1/cam1 HTTP/1.1" 200 2 "http://192.168.0.27/slide0.html" "Mozilla/5.0 (Linux; Android 8.1.0; SM-P580) AppleWebKit/537.36 (KHTML, like Gecko) Chrome/76.0.3809.111 Safari/537.36"
::ffff:192.168.0.13 - - [22/Aug/2019:03:36:27 +0000] "POST /rosemary/zone1/cam1 HTTP/1.1" 201 - "http://192.168.0.27/slide0.html" "Mozilla/5.0 (Linux; Android 8.1.0; SM-P580) AppleWebKit/537.36 (KHTML, like Gecko) Chrome/76.0.3809.111 Safari/537.36"
::ffff:192.168.0.13 - - [22/Aug/2019:03:36:32 +0000] "POST /rosemary/zone1/cam1 HTTP/1.1" 201 - "http://192.168.0.27/slide0.html" "Mozilla/5.0 (Linux; Android 8.1.0; SM-P580) AppleWebKit/537.36 (KHTML, like Gecko) Chrome/76.0.3809.111 Safari/537.36"
::ffff:192.168.0.1 - - [22/Aug/2019:03:36:36 +0000] "POST /rosemary/zone1/YAEPE5 HTTP/1.1" 404 - "-" "-"
::ffff:192.168.0.13 - - [22/Aug/2019:03:36:45 +0000] "OPTIONS /rosemary/zone1/state HTTP/1.1" 200 2 "http://192.168.0.27/gallery.html" "Mozilla/5.0 (Linux; Android 8.1.0; SM-P580) AppleWebKit/537.36 (KHTML, like Gecko) Chrome/76.0.3809.111 Safari/537.36"
::ffff:192.168.0.13 - - [22/Aug/2019:03:36:45 +0000] "OPTIONS /rosemary/zone1/currentUser/la HTTP/1.1" 200 2 "http://192.168.0.27/gallery.html" "Mozilla/5.0 (Linux; Android 8.1.0; SM-P580) AppleWebKit/537.36 (KHTML, like Gecko) Chrome/76.0.3809.111 Safari/537.36"
::ffff:192.168.0.13 - - [22/Aug/2019:03:36:45 +0000] "GET /rosemary/zone1/currentUser/la HTTP/1.1" 200 - "http://192.168.0.27/gallery.html" "Mozilla/5.0 (Linux; Android 8.1.0; SM-P580) AppleWebKit/537.36 (KHTML, like Gecko) Chrome/76.0.3809.111 Safari/537.36"
::ffff:192.168.0.13 - - [22/Aug/2019:03:36:45 +0000] "POST /rosemary/zone1/state HTTP/1.1" 201 - "http://192.168.0.27/gallery.html" "Mozilla/5.0 (Linux; Android 8.1.0; SM-P580) AppleWebKit/537.36 (KHTML, like Gecko) Chrome/76.0.3809.111 Safari/537.36"
::ffff:192.168.0.13 - - [22/Aug/2019:03:37:34 +0000] "OPTIONS /rosemary/zone1/state HTTP/1.1" 200 2 "http://192.168.0.27/gallery.html" "Mozilla/5.0 (Linux; Android 8.1.0; SM-P580) AppleWebKit/537.36 (KHTML, like Gecko) Chrome/76.0.3809.111 Safari/537.36"
::ffff:192.168.0.13 - - [22/Aug/2019:03:37:34 +0000] "OPTIONS /rosemary/zone1/currentUser/la HTTP/1.1" 200 2 "http://192.168.0.27/gallery.html" "Mozilla/5.0 (Linux; Android 8.1.0; SM-P580) AppleWebKit/537.36 (KHTML, like Gecko) Chrome/76.0.3809.111 Safari/537.36"
::ffff:192.168.0.13 - - [22/Aug/2019:03:37:34 +0000] "POST /rosemary/zone1/state HTTP/1.1" 201 - "http://192.168.0.27/gallery.html" "Mozilla/5.0 (Linux; Android 8.1.0; SM-P580) AppleWebKit/537.36 (KHTML, like Gecko) Chrome/76.0.3809.111 Safari/537.36"
::ffff:192.168.0.1 - - [22/Aug/2019:03:39:37 +0000] "OPTIONS /rosemary/zone1/state/la HTTP/1.1" 200 2 "-" "Mozilla/5.0 (Linux; Android 8.1.0; SAMSUNG SM-P580 Build/M1AJQ) AppleWebKit/537.36 (KHTML, like Gecko) SamsungBrowser/9.4 Chrome/67.0.3396.87 Safari/537.36"
::ffff:192.168.0.1 - - [22/Aug/2019:03:39:37 +0000] "GET /rosemary/zone1/state/la HTTP/1.1" 200 - "http://192.168.0.27/cam_kiosk.html" "Mozilla/5.0 (Linux; Android 8.1.0; SAMSUNG SM-P580 Build/M1AJQ) AppleWebKit/537.36 (KHTML, like Gecko) SamsungBrowser/9.4 Chrome/67.0.3396.87 Safari/537.36"
::ffff:192.168.0.1 - - [22/Aug/2019:03:39:40 +0000] "GET /rosemary/zone1/state/la HTTP/1.1" 200 - "http://192.168.0.27/camera.html" "Mozilla/5.0 (Linux; Android 8.1.0; SAMSUNG SM-P580 Build/M1AJQ) AppleWebKit/537.36 (KHTML, like Gecko) SamsungBrowser/9.4 Chrome/67.0.3396.87 Safari/537.36"
::ffff:192.168.0.13 - - [22/Aug/2019:03:39:43 +0000] "OPTIONS /rosemary/zone1/currentUser HTTP/1.1" 200 2 "-" "Mozilla/5.0 (Linux; Android 8.1.0; SAMSUNG SM-P580 Build/M1AJQ) AppleWebKit/537.36 (KHTML, like Gecko) SamsungBrowser/9.4 Chrome/67.0.3396.87 Safari/537.36"
::ffff:192.168.0.13 - - [22/Aug/2019:03:39:43 +0000] "OPTIONS /rosemary/zone1/state HTTP/1.1" 200 2 "-" "Mozilla/5.0 (Linux; Android 8.1.0; SAMSUNG SM-P580 Build/M1AJQ) AppleWebKit/537.36 (KHTML, like Gecko) SamsungBrowser/9.4 Chrome/67.0.3396.87 Safari/537.36"
::ffff:192.168.0.13 - - [22/Aug/2019:03:39:43 +0000] "POST /rosemary/zone1/currentUser HTTP/1.1" 201 - "http://192.168.0.27/slide0.html" "Mozilla/5.0 (Linux; Android 8.1.0; SAMSUNG SM-P580 Build/M1AJQ) AppleWebKit/537.36 (KHTML, like Gecko) SamsungBrowser/9.4 Chrome/67.0.3396.87 Safari/537.36"
::ffff:192.168.0.13 - - [22/Aug/2019:03:39:43 +0000] "POST /rosemary/zone1/state HTTP/1.1" 201 - "http://192.168.0.27/slide0.html" "Mozilla/5.0 (Linux; Android 8.1.0; SAMSUNG SM-P580 Build/M1AJQ) AppleWebKit/537.36 (KHTML, like Gecko) SamsungBrowser/9.4 Chrome/67.0.3396.87 Safari/537.36"
::ffff:192.168.0.13 - - [22/Aug/2019:03:39:52 +0000] "OPTIONS /rosemary/zone1/cam1 HTTP/1.1" 200 2 "-" "Mozilla/5.0 (Linux; Android 8.1.0; SAMSUNG SM-P580 Build/M1AJQ) AppleWebKit/537.36 (KHTML, like Gecko) SamsungBrowser/9.4 Chrome/67.0.3396.87 Safari/537.36"
::ffff:192.168.0.13 - - [22/Aug/2019:03:39:54 +0000] "POST /rosemary/zone1/cam1 HTTP/1.1" 201 - "http://192.168.0.27/slide0.html" "Mozilla/5.0 (Linux; Android 8.1.0; SAMSUNG SM-P580 Build/M1AJQ) AppleWebKit/537.36 (KHTML, like Gecko) SamsungBrowser/9.4 Chrome/67.0.3396.87 Safari/537.36"
::ffff:192.168.0.1 - - [22/Aug/2019:03:39:58 +0000] "POST /rosemary/zone1/Y79319 HTTP/1.1" 404 - "-" "-"
::ffff:192.168.0.13 - - [22/Aug/2019:03:40:00 +0000] "OPTIONS /rosemary/zone1/cam1 HTTP/1.1" 200 2 "-" "Mozilla/5.0 (Linux; Android 8.1.0; SAMSUNG SM-P580 Build/M1AJQ) AppleWebKit/537.36 (KHTML, like Gecko) SamsungBrowser/9.4 Chrome/67.0.3396.87 Safari/537.36"
::ffff:192.168.0.13 - - [22/Aug/2019:03:40:03 +0000] "POST /rosemary/zone1/cam1 HTTP/1.1" 201 - "http://192.168.0.27/slide0.html" "Mozilla/5.0 (Linux; Android 8.1.0; SAMSUNG SM-P580 Build/M1AJQ) AppleWebKit/537.36 (KHTML, like Gecko) SamsungBrowser/9.4 Chrome/67.0.3396.87 Safari/537.36"
::ffff:192.168.0.1 - - [22/Aug/2019:03:40:06 +0000] "POST /rosemary/zone1/Y79319 HTTP/1.1" 404 - "-" "-"
::ffff:192.168.0.13 - - [22/Aug/2019:03:40:16 +0000] "OPTIONS /rosemary/zone1/currentUser/la HTTP/1.1" 200 2 "-" "Mozilla/5.0 (Linux; Android 8.1.0; SAMSUNG SM-P580 Build/M1AJQ) AppleWebKit/537.36 (KHTML, like Gecko) SamsungBrowser/9.4 Chrome/67.0.3396.87 Safari/537.36"
::ffff:192.168.0.13 - - [22/Aug/2019:03:40:16 +0000] "OPTIONS /rosemary/zone1/state HTTP/1.1" 200 2 "-" "Mozilla/5.0 (Linux; Android 8.1.0; SAMSUNG SM-P580 Build/M1AJQ) AppleWebKit/537.36 (KHTML, like Gecko) SamsungBrowser/9.4 Chrome/67.0.3396.87 Safari/537.36"
::ffff:192.168.0.13 - - [22/Aug/2019:03:40:16 +0000] "GET /rosemary/zone1/currentUser/la HTTP/1.1" 200 - "http://192.168.0.27/gallery.html" "Mozilla/5.0 (Linux; Android 8.1.0; SAMSUNG SM-P580 Build/M1AJQ) AppleWebKit/537.36 (KHTML, like Gecko) SamsungBrowser/9.4 Chrome/67.0.3396.87 Safari/537.36"
::ffff:192.168.0.13 - - [22/Aug/2019:03:40:16 +0000] "POST /rosemary/zone1/state HTTP/1.1" 201 - "http://192.168.0.27/gallery.html" "Mozilla/5.0 (Linux; Android 8.1.0; SAMSUNG SM-P580 Build/M1AJQ) AppleWebKit/537.36 (KHTML, like Gecko) SamsungBrowser/9.4 Chrome/67.0.3396.87 Safari/537.36"
::ffff:192.168.0.13 - - [22/Aug/2019:03:40:23 +0000] "OPTIONS /rosemary/zone1/currentUser HTTP/1.1" 200 2 "-" "Mozilla/5.0 (Linux; Android 8.1.0; SAMSUNG SM-P580 Build/M1AJQ) AppleWebKit/537.36 (KHTML, like Gecko) SamsungBrowser/9.4 Chrome/67.0.3396.87 Safari/537.36"
::ffff:192.168.0.13 - - [22/Aug/2019:03:40:23 +0000] "OPTIONS /rosemary/zone1/state HTTP/1.1" 200 2 "-" "Mozilla/5.0 (Linux; Android 8.1.0; SAMSUNG SM-P580 Build/M1AJQ) AppleWebKit/537.36 (KHTML, like Gecko) SamsungBrowser/9.4 Chrome/67.0.3396.87 Safari/537.36"
::ffff:192.168.0.13 - - [22/Aug/2019:03:40:23 +0000] "POST /rosemary/zone1/state HTTP/1.1" 201 - "http://192.168.0.27/slide0.html" "Mozilla/5.0 (Linux; Android 8.1.0; SAMSUNG SM-P580 Build/M1AJQ) AppleWebKit/537.36 (KHTML, like Gecko) SamsungBrowser/9.4 Chrome/67.0.3396.87 Safari/537.36"
::ffff:192.168.0.13 - - [22/Aug/2019:03:40:23 +0000] "POST /rosemary/zone1/currentUser HTTP/1.1" 201 - "http://192.168.0.27/slide0.html" "Mozilla/5.0 (Linux; Android 8.1.0; SAMSUNG SM-P580 Build/M1AJQ) AppleWebKit/537.36 (KHTML, like Gecko) SamsungBrowser/9.4 Chrome/67.0.3396.87 Safari/537.36"
::ffff:192.168.0.1 - - [22/Aug/2019:03:41:11 +0000] "OPTIONS /rosemary/zone1/state/la HTTP/1.1" 200 2 "http://192.168.0.27/cam_kiosk.html" "Mozilla/5.0 (Linux; Android 6.0.1; SM-T375L) AppleWebKit/537.36 (KHTML, like Gecko) Chrome/75.0.3770.101 Safari/537.36"
::ffff:192.168.0.1 - - [22/Aug/2019:03:41:11 +0000] "GET /rosemary/zone1/state/la HTTP/1.1" 200 - "http://192.168.0.27/cam_kiosk.html" "Mozilla/5.0 (Linux; Android 6.0.1; SM-T375L) AppleWebKit/537.36 (KHTML, like Gecko) Chrome/75.0.3770.101 Safari/537.36"
::ffff:192.168.0.1 - - [22/Aug/2019:03:41:18 +0000] "OPTIONS /rosemary/zone1/state/la HTTP/1.1" 200 2 "http://192.168.0.27/camera.html" "Mozilla/5.0 (Linux; Android 6.0.1; SM-T375L) AppleWebKit/537.36 (KHTML, like Gecko) Chrome/75.0.3770.101 Safari/537.36"
::ffff:192.168.0.1 - - [22/Aug/2019:03:41:18 +0000] "GET /rosemary/zone1/state/la HTTP/1.1" 200 - "http://192.168.0.27/camera.html" "Mozilla/5.0 (Linux; Android 6.0.1; SM-T375L) AppleWebKit/537.36 (KHTML, like Gecko) Chrome/75.0.3770.101 Safari/537.36"
::ffff:192.168.0.2 - - [22/Aug/2019:03:41:38 +0000] "POST /KEic4o9TTc HTTP/1.1" 201 - "-" "-"
::ffff:192.168.0.1 - - [22/Aug/2019:03:41:45 +0000] "OPTIONS /rosemary/zone1/state/la HTTP/1.1" 200 2 "http://192.168.0.27/cam_kiosk.html" "Mozilla/5.0 (Linux; Android 6.0.1; SM-T375L) AppleWebKit/537.36 (KHTML, like Gecko) Chrome/75.0.3770.101 Safari/537.36"
::ffff:192.168.0.1 - - [22/Aug/2019:03:41:48 +0000] "GET /rosemary/zone1/state/la HTTP/1.1" 200 - "http://192.168.0.27/camera.html" "Mozilla/5.0 (Linux; Android 6.0.1; SM-T375L) AppleWebKit/537.36 (KHTML, like Gecko) Chrome/75.0.3770.101 Safari/537.36"
::ffff:192.168.0.23 - - [22/Aug/2019:03:41:54 +0000] "OPTIONS /rosemary/zone1/currentUser HTTP/1.1" 200 2 "http://192.168.0.27/slide0.html" "Mozilla/5.0 (Linux; Android 6.0.1; SM-T375L) AppleWebKit/537.36 (KHTML, like Gecko) Chrome/75.0.3770.101 Safari/537.36"
::ffff:192.168.0.23 - - [22/Aug/2019:03:41:54 +0000] "OPTIONS /rosemary/zone1/state HTTP/1.1" 200 2 "http://192.168.0.27/slide0.html" "Mozilla/5.0 (Linux; Android 6.0.1; SM-T375L) AppleWebKit/537.36 (KHTML, like Gecko) Chrome/75.0.3770.101 Safari/537.36"
::ffff:192.168.0.23 - - [22/Aug/2019:03:41:55 +0000] "POST /rosemary/zone1/currentUser HTTP/1.1" 201 - "http://192.168.0.27/slide0.html" "Mozilla/5.0 (Linux; Android 6.0.1; SM-T375L) AppleWebKit/537.36 (KHTML, like Gecko) Chrome/75.0.3770.101 Safari/537.36"
::ffff:192.168.0.23 - - [22/Aug/2019:03:41:55 +0000] "POST /rosemary/zone1/state HTTP/1.1" 201 - "http://192.168.0.27/slide0.html" "Mozilla/5.0 (Linux; Android 6.0.1; SM-T375L) AppleWebKit/537.36 (KHTML, like Gecko) Chrome/75.0.3770.101 Safari/537.36"
::ffff:192.168.0.23 - - [22/Aug/2019:03:42:19 +0000] "OPTIONS /rosemary/zone1/cam1 HTTP/1.1" 200 2 "http://192.168.0.27/slide0.html" "Mozilla/5.0 (Linux; Android 6.0.1; SM-T375L) AppleWebKit/537.36 (KHTML, like Gecko) Chrome/75.0.3770.101 Safari/537.36"
::ffff:192.168.0.23 - - [22/Aug/2019:03:42:19 +0000] "POST /rosemary/zone1/cam1 HTTP/1.1" 201 - "http://192.168.0.27/slide0.html" "Mozilla/5.0 (Linux; Android 6.0.1; SM-T375L) AppleWebKit/537.36 (KHTML, like Gecko) Chrome/75.0.3770.101 Safari/537.36"
::ffff:192.168.0.1 - - [22/Aug/2019:03:42:22 +0000] "POST /rosemary/zone1/YLB3A3 HTTP/1.1" 404 - "-" "-"
::ffff:192.168.0.23 - - [22/Aug/2019:03:42:24 +0000] "POST /rosemary/zone1/cam1 HTTP/1.1" 201 - "http://192.168.0.27/slide0.html" "Mozilla/5.0 (Linux; Android 6.0.1; SM-T375L) AppleWebKit/537.36 (KHTML, like Gecko) Chrome/75.0.3770.101 Safari/537.36"
::ffff:192.168.0.1 - - [22/Aug/2019:03:42:26 +0000] "POST /rosemary/zone1/YLB3A3 HTTP/1.1" 404 - "-" "-"
::ffff:192.168.0.1 - - [22/Aug/2019:03:43:06 +0000] "OPTIONS /rosemary/zone1/state/la HTTP/1.1" 200 2 "http://192.168.0.27/camera.html" "Mozilla/5.0 (Linux; Android 6.0.1; SM-T375L) AppleWebKit/537.36 (KHTML, like Gecko) Chrome/75.0.3770.101 Safari/537.36"
::ffff:192.168.0.13 - - [22/Aug/2019:03:44:23 +0000] "OPTIONS /rosemary/zone1/state HTTP/1.1" 200 2 "http://192.168.0.27/gallery.html" "Mozilla/5.0 (Linux; Android 8.1.0; SM-P580) AppleWebKit/537.36 (KHTML, like Gecko) Chrome/76.0.3809.111 Safari/537.36"
::ffff:192.168.0.13 - - [22/Aug/2019:03:44:23 +0000] "OPTIONS /rosemary/zone1/currentUser/la HTTP/1.1" 200 2 "http://192.168.0.27/gallery.html" "Mozilla/5.0 (Linux; Android 8.1.0; SM-P580) AppleWebKit/537.36 (KHTML, like Gecko) Chrome/76.0.3809.111 Safari/537.36"
::ffff:192.168.0.13 - - [22/Aug/2019:03:44:23 +0000] "POST /rosemary/zone1/state HTTP/1.1" 201 - "http://192.168.0.27/gallery.html" "Mozilla/5.0 (Linux; Android 8.1.0; SM-P580) AppleWebKit/537.36 (KHTML, like Gecko) Chrome/76.0.3809.111 Safari/537.36"
::ffff:192.168.0.1 - - [22/Aug/2019:03:45:47 +0000] "OPTIONS /rosemary/zone1/state/la HTTP/1.1" 200 2 "http://192.168.0.27/cam_kiosk.html" "Mozilla/5.0 (Linux; Android 6.0.1; SM-T375L) AppleWebKit/537.36 (KHTML, like Gecko) Chrome/75.0.3770.101 Safari/537.36"
::ffff:192.168.0.1 - - [22/Aug/2019:03:45:47 +0000] "GET /rosemary/zone1/state/la HTTP/1.1" 200 - "http://192.168.0.27/cam_kiosk.html" "Mozilla/5.0 (Linux; Android 6.0.1; SM-T375L) AppleWebKit/537.36 (KHTML, like Gecko) Chrome/75.0.3770.101 Safari/537.36"
::ffff:192.168.0.1 - - [22/Aug/2019:03:45:51 +0000] "GET /rosemary/zone1/state/la HTTP/1.1" 200 - "http://192.168.0.27/camera.html" "Mozilla/5.0 (Linux; Android 6.0.1; SM-T375L) AppleWebKit/537.36 (KHTML, like Gecko) Chrome/75.0.3770.101 Safari/537.36"
::ffff:192.168.0.23 - - [22/Aug/2019:03:45:56 +0000] "OPTIONS /rosemary/zone1/currentUser HTTP/1.1" 200 2 "http://192.168.0.27/slide0.html" "Mozilla/5.0 (Linux; Android 6.0.1; SM-T375L) AppleWebKit/537.36 (KHTML, like Gecko) Chrome/75.0.3770.101 Safari/537.36"
::ffff:192.168.0.23 - - [22/Aug/2019:03:45:56 +0000] "POST /rosemary/zone1/currentUser HTTP/1.1" 201 - "http://192.168.0.27/slide0.html" "Mozilla/5.0 (Linux; Android 6.0.1; SM-T375L) AppleWebKit/537.36 (KHTML, like Gecko) Chrome/75.0.3770.101 Safari/537.36"
::ffff:192.168.0.23 - - [22/Aug/2019:03:45:56 +0000] "OPTIONS /rosemary/zone1/state HTTP/1.1" 200 2 "http://192.168.0.27/slide0.html" "Mozilla/5.0 (Linux; Android 6.0.1; SM-T375L) AppleWebKit/537.36 (KHTML, like Gecko) Chrome/75.0.3770.101 Safari/537.36"
::ffff:192.168.0.23 - - [22/Aug/2019:03:45:56 +0000] "POST /rosemary/zone1/state HTTP/1.1" 201 - "http://192.168.0.27/slide0.html" "Mozilla/5.0 (Linux; Android 6.0.1; SM-T375L) AppleWebKit/537.36 (KHTML, like Gecko) Chrome/75.0.3770.101 Safari/537.36"
::ffff:192.168.0.23 - - [22/Aug/2019:03:45:57 +0000] "OPTIONS /rosemary/zone1/cam1 HTTP/1.1" 200 2 "http://192.168.0.27/slide0.html" "Mozilla/5.0 (Linux; Android 6.0.1; SM-T375L) AppleWebKit/537.36 (KHTML, like Gecko) Chrome/75.0.3770.101 Safari/537.36"
::ffff:192.168.0.23 - - [22/Aug/2019:03:45:57 +0000] "POST /rosemary/zone1/cam1 HTTP/1.1" 201 - "http://192.168.0.27/slide0.html" "Mozilla/5.0 (Linux; Android 6.0.1; SM-T375L) AppleWebKit/537.36 (KHTML, like Gecko) Chrome/75.0.3770.101 Safari/537.36"
::ffff:192.168.0.23 - - [22/Aug/2019:03:46:03 +0000] "OPTIONS /rosemary/zone1/cam1 HTTP/1.1" 200 2 "http://192.168.0.27/slide0.html" "Mozilla/5.0 (Linux; Android 6.0.1; SM-T375L) AppleWebKit/537.36 (KHTML, like Gecko) Chrome/75.0.3770.101 Safari/537.36"
::ffff:192.168.0.23 - - [22/Aug/2019:03:46:03 +0000] "POST /rosemary/zone1/cam1 HTTP/1.1" 201 - "http://192.168.0.27/slide0.html" "Mozilla/5.0 (Linux; Android 6.0.1; SM-T375L) AppleWebKit/537.36 (KHTML, like Gecko) Chrome/75.0.3770.101 Safari/537.36"
::ffff:192.168.0.23 - - [22/Aug/2019:03:46:10 +0000] "OPTIONS /rosemary/zone1/cam1 HTTP/1.1" 200 2 "http://192.168.0.27/slide0.html" "Mozilla/5.0 (Linux; Android 6.0.1; SM-T375L) AppleWebKit/537.36 (KHTML, like Gecko) Chrome/75.0.3770.101 Safari/537.36"
::ffff:192.168.0.23 - - [22/Aug/2019:03:46:11 +0000] "POST /rosemary/zone1/cam1 HTTP/1.1" 201 - "http://192.168.0.27/slide0.html" "Mozilla/5.0 (Linux; Android 6.0.1; SM-T375L) AppleWebKit/537.36 (KHTML, like Gecko) Chrome/75.0.3770.101 Safari/537.36"
::ffff:192.168.0.23 - - [22/Aug/2019:03:46:14 +0000] "POST /rosemary/zone1/cam1 HTTP/1.1" 201 - "http://192.168.0.27/slide0.html" "Mozilla/5.0 (Linux; Android 6.0.1; SM-T375L) AppleWebKit/537.36 (KHTML, like Gecko) Chrome/75.0.3770.101 Safari/537.36"
::ffff:192.168.0.23 - - [22/Aug/2019:03:46:18 +0000] "OPTIONS /rosemary/zone1/cam1 HTTP/1.1" 200 2 "http://192.168.0.27/slide0.html" "Mozilla/5.0 (Linux; Android 6.0.1; SM-T375L) AppleWebKit/537.36 (KHTML, like Gecko) Chrome/75.0.3770.101 Safari/537.36"
::ffff:192.168.0.23 - - [22/Aug/2019:03:46:19 +0000] "POST /rosemary/zone1/cam1 HTTP/1.1" 201 - "http://192.168.0.27/slide0.html" "Mozilla/5.0 (Linux; Android 6.0.1; SM-T375L) AppleWebKit/537.36 (KHTML, like Gecko) Chrome/75.0.3770.101 Safari/537.36"
::ffff:192.168.0.23 - - [22/Aug/2019:03:46:23 +0000] "POST /rosemary/zone1/cam1 HTTP/1.1" 201 - "http://192.168.0.27/slide0.html" "Mozilla/5.0 (Linux; Android 6.0.1; SM-T375L) AppleWebKit/537.36 (KHTML, like Gecko) Chrome/75.0.3770.101 Safari/537.36"
::ffff:192.168.0.23 - - [22/Aug/2019:03:46:27 +0000] "OPTIONS /rosemary/zone1/cam1 HTTP/1.1" 200 2 "http://192.168.0.27/slide0.html" "Mozilla/5.0 (Linux; Android 6.0.1; SM-T375L) AppleWebKit/537.36 (KHTML, like Gecko) Chrome/75.0.3770.101 Safari/537.36"
::ffff:192.168.0.23 - - [22/Aug/2019:03:46:27 +0000] "POST /rosemary/zone1/cam1 HTTP/1.1" 201 - "http://192.168.0.27/slide0.html" "Mozilla/5.0 (Linux; Android 6.0.1; SM-T375L) AppleWebKit/537.36 (KHTML, like Gecko) Chrome/75.0.3770.101 Safari/537.36"
::ffff:192.168.0.1 - - [22/Aug/2019:03:46:30 +0000] "POST /rosemary/zone1/YFBG4I HTTP/1.1" 404 - "-" "-"
::ffff:192.168.0.23 - - [22/Aug/2019:03:46:35 +0000] "OPTIONS /rosemary/zone1/currentUser HTTP/1.1" 200 2 "http://192.168.0.27/slide0.html" "Mozilla/5.0 (Linux; Android 6.0.1; SM-T375L) AppleWebKit/537.36 (KHTML, like Gecko) Chrome/75.0.3770.101 Safari/537.36"
::ffff:192.168.0.23 - - [22/Aug/2019:03:46:35 +0000] "POST /rosemary/zone1/currentUser HTTP/1.1" 201 - "http://192.168.0.27/slide0.html" "Mozilla/5.0 (Linux; Android 6.0.1; SM-T375L) AppleWebKit/537.36 (KHTML, like Gecko) Chrome/75.0.3770.101 Safari/537.36"
::ffff:192.168.0.23 - - [22/Aug/2019:03:46:35 +0000] "OPTIONS /rosemary/zone1/state HTTP/1.1" 200 2 "http://192.168.0.27/slide0.html" "Mozilla/5.0 (Linux; Android 6.0.1; SM-T375L) AppleWebKit/537.36 (KHTML, like Gecko) Chrome/75.0.3770.101 Safari/537.36"
::ffff:192.168.0.23 - - [22/Aug/2019:03:46:35 +0000] "POST /rosemary/zone1/state HTTP/1.1" 201 - "http://192.168.0.27/slide0.html" "Mozilla/5.0 (Linux; Android 6.0.1; SM-T375L) AppleWebKit/537.36 (KHTML, like Gecko) Chrome/75.0.3770.101 Safari/537.36"
::ffff:192.168.0.2 - - [22/Aug/2019:03:46:58 +0000] "POST /KEic4o9TTc HTTP/1.1" 201 - "-" "-"
::ffff:192.168.0.1 - - [22/Aug/2019:03:47:03 +0000] "OPTIONS /rosemary/zone1/state/la HTTP/1.1" 200 2 "http://192.168.0.27/cam_kiosk.html" "Mozilla/5.0 (iPad; CPU OS 12_3_1 like Mac OS X) AppleWebKit/605.1.15 (KHTML, like Gecko) Version/12.1.1 Mobile/15E148 Safari/604.1"
::ffff:192.168.0.1 - - [22/Aug/2019:03:47:03 +0000] "GET /rosemary/zone1/state/la HTTP/1.1" 200 - "http://192.168.0.27/cam_kiosk.html" "Mozilla/5.0 (iPad; CPU OS 12_3_1 like Mac OS X) AppleWebKit/605.1.15 (KHTML, like Gecko) Version/12.1.1 Mobile/15E148 Safari/604.1"
::ffff:192.168.0.1 - - [22/Aug/2019:03:47:07 +0000] "GET /rosemary/zone1/state/la HTTP/1.1" 200 - "http://192.168.0.27/camera.html" "Mozilla/5.0 (iPad; CPU OS 12_3_1 like Mac OS X) AppleWebKit/605.1.15 (KHTML, like Gecko) Version/12.1.1 Mobile/15E148 Safari/604.1"
::ffff:192.168.0.28 - - [22/Aug/2019:03:47:11 +0000] "OPTIONS /rosemary/zone1/currentUser HTTP/1.1" 200 2 "http://192.168.0.27/slide0.html" "Mozilla/5.0 (iPad; CPU OS 12_3_1 like Mac OS X) AppleWebKit/605.1.15 (KHTML, like Gecko) Version/12.1.1 Mobile/15E148 Safari/604.1"
::ffff:192.168.0.28 - - [22/Aug/2019:03:47:11 +0000] "OPTIONS /rosemary/zone1/state HTTP/1.1" 200 2 "http://192.168.0.27/slide0.html" "Mozilla/5.0 (iPad; CPU OS 12_3_1 like Mac OS X) AppleWebKit/605.1.15 (KHTML, like Gecko) Version/12.1.1 Mobile/15E148 Safari/604.1"
::ffff:192.168.0.28 - - [22/Aug/2019:03:47:11 +0000] "POST /rosemary/zone1/state HTTP/1.1" 201 - "http://192.168.0.27/slide0.html" "Mozilla/5.0 (iPad; CPU OS 12_3_1 like Mac OS X) AppleWebKit/605.1.15 (KHTML, like Gecko) Version/12.1.1 Mobile/15E148 Safari/604.1"
::ffff:192.168.0.28 - - [22/Aug/2019:03:47:11 +0000] "POST /rosemary/zone1/currentUser HTTP/1.1" 201 - "http://192.168.0.27/slide0.html" "Mozilla/5.0 (iPad; CPU OS 12_3_1 like Mac OS X) AppleWebKit/605.1.15 (KHTML, like Gecko) Version/12.1.1 Mobile/15E148 Safari/604.1"
::ffff:192.168.0.28 - - [22/Aug/2019:03:47:30 +0000] "OPTIONS /rosemary/zone1/cam1 HTTP/1.1" 200 2 "http://192.168.0.27/slide0.html" "Mozilla/5.0 (iPad; CPU OS 12_3_1 like Mac OS X) AppleWebKit/605.1.15 (KHTML, like Gecko) Version/12.1.1 Mobile/15E148 Safari/604.1"
::ffff:192.168.0.28 - - [22/Aug/2019:03:47:31 +0000] "POST /rosemary/zone1/cam1 HTTP/1.1" 201 - "http://192.168.0.27/slide0.html" "Mozilla/5.0 (iPad; CPU OS 12_3_1 like Mac OS X) AppleWebKit/605.1.15 (KHTML, like Gecko) Version/12.1.1 Mobile/15E148 Safari/604.1"
::ffff:192.168.0.28 - - [22/Aug/2019:03:47:44 +0000] "OPTIONS /rosemary/zone1/cam1 HTTP/1.1" 200 2 "http://192.168.0.27/slide0.html" "Mozilla/5.0 (iPad; CPU OS 12_3_1 like Mac OS X) AppleWebKit/605.1.15 (KHTML, like Gecko) Version/12.1.1 Mobile/15E148 Safari/604.1"
::ffff:192.168.0.28 - - [22/Aug/2019:03:47:44 +0000] "POST /rosemary/zone1/cam1 HTTP/1.1" 201 - "http://192.168.0.27/slide0.html" "Mozilla/5.0 (iPad; CPU OS 12_3_1 like Mac OS X) AppleWebKit/605.1.15 (KHTML, like Gecko) Version/12.1.1 Mobile/15E148 Safari/604.1"
::ffff:192.168.0.28 - - [22/Aug/2019:03:47:50 +0000] "OPTIONS /rosemary/zone1/cam1 HTTP/1.1" 200 2 "http://192.168.0.27/slide0.html" "Mozilla/5.0 (iPad; CPU OS 12_3_1 like Mac OS X) AppleWebKit/605.1.15 (KHTML, like Gecko) Version/12.1.1 Mobile/15E148 Safari/604.1"
::ffff:192.168.0.28 - - [22/Aug/2019:03:47:50 +0000] "POST /rosemary/zone1/cam1 HTTP/1.1" 201 - "http://192.168.0.27/slide0.html" "Mozilla/5.0 (iPad; CPU OS 12_3_1 like Mac OS X) AppleWebKit/605.1.15 (KHTML, like Gecko) Version/12.1.1 Mobile/15E148 Safari/604.1"
::ffff:192.168.0.28 - - [22/Aug/2019:03:47:56 +0000] "OPTIONS /rosemary/zone1/cam1 HTTP/1.1" 200 2 "http://192.168.0.27/slide0.html" "Mozilla/5.0 (iPad; CPU OS 12_3_1 like Mac OS X) AppleWebKit/605.1.15 (KHTML, like Gecko) Version/12.1.1 Mobile/15E148 Safari/604.1"
::ffff:192.168.0.28 - - [22/Aug/2019:03:47:56 +0000] "POST /rosemary/zone1/cam1 HTTP/1.1" 201 - "http://192.168.0.27/slide0.html" "Mozilla/5.0 (iPad; CPU OS 12_3_1 like Mac OS X) AppleWebKit/605.1.15 (KHTML, like Gecko) Version/12.1.1 Mobile/15E148 Safari/604.1"
::ffff:192.168.0.28 - - [22/Aug/2019:03:48:01 +0000] "OPTIONS /rosemary/zone1/cam1 HTTP/1.1" 200 2 "http://192.168.0.27/slide0.html" "Mozilla/5.0 (iPad; CPU OS 12_3_1 like Mac OS X) AppleWebKit/605.1.15 (KHTML, like Gecko) Version/12.1.1 Mobile/15E148 Safari/604.1"
::ffff:192.168.0.28 - - [22/Aug/2019:03:48:01 +0000] "POST /rosemary/zone1/cam1 HTTP/1.1" 201 - "http://192.168.0.27/slide0.html" "Mozilla/5.0 (iPad; CPU OS 12_3_1 like Mac OS X) AppleWebKit/605.1.15 (KHTML, like Gecko) Version/12.1.1 Mobile/15E148 Safari/604.1"
::ffff:192.168.0.28 - - [22/Aug/2019:03:48:05 +0000] "POST /rosemary/zone1/cam1 HTTP/1.1" 201 - "http://192.168.0.27/slide0.html" "Mozilla/5.0 (iPad; CPU OS 12_3_1 like Mac OS X) AppleWebKit/605.1.15 (KHTML, like Gecko) Version/12.1.1 Mobile/15E148 Safari/604.1"
::ffff:192.168.0.28 - - [22/Aug/2019:03:48:12 +0000] "OPTIONS /rosemary/zone1/cam1 HTTP/1.1" 200 2 "http://192.168.0.27/slide0.html" "Mozilla/5.0 (iPad; CPU OS 12_3_1 like Mac OS X) AppleWebKit/605.1.15 (KHTML, like Gecko) Version/12.1.1 Mobile/15E148 Safari/604.1"
::ffff:192.168.0.28 - - [22/Aug/2019:03:48:12 +0000] "POST /rosemary/zone1/cam1 HTTP/1.1" 201 - "http://192.168.0.27/slide0.html" "Mozilla/5.0 (iPad; CPU OS 12_3_1 like Mac OS X) AppleWebKit/605.1.15 (KHTML, like Gecko) Version/12.1.1 Mobile/15E148 Safari/604.1"
