::ffff:192.168.0.33 - - [06/Oct/2019:12:50:00 +0000] "GET /rosemary/zone1/currentUser/la HTTP/1.1" 200 - "http://114.71.220.111:3030/app/slide0.html" "Mozilla/5.0 (Linux; Android 9; SM-T510) AppleWebKit/537.36 (KHTML, like Gecko) Chrome/77.0.3865.92 Safari/537.36"
::ffff:192.168.0.33 - - [06/Oct/2019:12:50:00 +0000] "OPTIONS /rosemary/zone1/YC3JLK?lim=10&rcn=4 HTTP/1.1" 200 2 "http://114.71.220.111:3030/app/slide0.html" "Mozilla/5.0 (Linux; Android 9; SM-T510) AppleWebKit/537.36 (KHTML, like Gecko) Chrome/77.0.3865.92 Safari/537.36"
::ffff:192.168.0.33 - - [06/Oct/2019:12:50:00 +0000] "GET /rosemary/zone1/YC3JLK?lim=10&rcn=4 HTTP/1.1" 200 - "http://114.71.220.111:3030/app/slide0.html" "Mozilla/5.0 (Linux; Android 9; SM-T510) AppleWebKit/537.36 (KHTML, like Gecko) Chrome/77.0.3865.92 Safari/537.36"
::ffff:192.168.0.2 - - [06/Oct/2019:12:50:01 +0000] "POST /rosemary/zone1/YC3JLK HTTP/1.1" 409 - "-" "-"
::ffff:192.168.0.2 - - [06/Oct/2019:12:50:01 +0000] "POST /rosemary/zone1/cam1 HTTP/1.1" 201 - "http://114.71.220.111:3030/app/slide0.html" "Mozilla/5.0 (Windows NT 10.0; Win64; x64) AppleWebKit/537.36 (KHTML, like Gecko) Chrome/77.0.3865.90 Safari/537.36"
::ffff:192.168.0.2 - - [06/Oct/2019:12:50:01 +0000] "DELETE /rosemary/zone1/YC3JLK/mobiususer02.MOBIUS.BROWSER.APP_sub HTTP/1.1" 200 - "-" "-"
::ffff:192.168.0.2 - - [06/Oct/2019:12:50:01 +0000] "POST /rosemary/zone1/YC3JLK HTTP/1.1" 201 - "-" "-"
::ffff:192.168.0.2 - - [06/Oct/2019:12:50:01 +0000] "POST /rosemary/zone1/YC3JLK HTTP/1.1" 409 - "-" "-"
::ffff:192.168.0.2 - - [06/Oct/2019:12:50:01 +0000] "DELETE /rosemary/zone1/YC3JLK/mobiususer02.MOBIUS.BROWSER.APP_sub HTTP/1.1" 200 - "-" "-"
::ffff:192.168.0.2 - - [06/Oct/2019:12:50:01 +0000] "POST /rosemary/zone1/YC3JLK HTTP/1.1" 201 - "-" "-"
::ffff:192.168.0.2 - - [06/Oct/2019:12:50:01 +0000] "POST /rosemary/zone1/YC3JLK HTTP/1.1" 409 - "-" "-"
::ffff:192.168.0.2 - - [06/Oct/2019:12:50:01 +0000] "DELETE /rosemary/zone1/YC3JLK/mobiususer02.MOBIUS.BROWSER.APP_sub HTTP/1.1" 200 - "-" "-"
::ffff:192.168.0.2 - - [06/Oct/2019:12:50:01 +0000] "POST /rosemary/zone1/YC3JLK HTTP/1.1" 201 - "-" "-"
::ffff:192.168.0.2 - - [06/Oct/2019:12:50:02 +0000] "POST /rosemary/zone1/YC3JLK HTTP/1.1" 409 - "-" "-"
::ffff:192.168.0.2 - - [06/Oct/2019:12:50:02 +0000] "DELETE /rosemary/zone1/YC3JLK/mobiususer02.MOBIUS.BROWSER.APP_sub HTTP/1.1" 200 - "-" "-"
::ffff:192.168.0.2 - - [06/Oct/2019:12:50:02 +0000] "POST /rosemary/zone1/YC3JLK HTTP/1.1" 201 - "-" "-"
::ffff:192.168.0.2 - - [06/Oct/2019:12:50:02 +0000] "POST /rosemary/zone1/cam1 HTTP/1.1" 201 - "http://114.71.220.111:3030/app/slide0.html" "Mozilla/5.0 (Windows NT 10.0; Win64; x64) AppleWebKit/537.36 (KHTML, like Gecko) Chrome/77.0.3865.90 Safari/537.36"
::ffff:192.168.0.2 - - [06/Oct/2019:12:50:03 +0000] "OPTIONS /rosemary/zone1/cam1 HTTP/1.1" 200 2 "http://114.71.220.111:3030/app/slide0.html" "Mozilla/5.0 (Windows NT 10.0; Win64; x64) AppleWebKit/537.36 (KHTML, like Gecko) Chrome/77.0.3865.90 Safari/537.36"
::ffff:192.168.0.2 - - [06/Oct/2019:12:50:03 +0000] "POST /rosemary/zone1/cam1 HTTP/1.1" 201 - "http://114.71.220.111:3030/app/slide0.html" "Mozilla/5.0 (Windows NT 10.0; Win64; x64) AppleWebKit/537.36 (KHTML, like Gecko) Chrome/77.0.3865.90 Safari/537.36"
::ffff:192.168.0.33 - - [06/Oct/2019:12:50:03 +0000] "OPTIONS /rosemary/zone1/cam1 HTTP/1.1" 200 2 "http://114.71.220.111:3030/app/slide0.html" "Mozilla/5.0 (Linux; Android 9; SM-T510) AppleWebKit/537.36 (KHTML, like Gecko) Chrome/77.0.3865.92 Safari/537.36"
::ffff:192.168.0.33 - - [06/Oct/2019:12:50:04 +0000] "POST /rosemary/zone1/cam1 HTTP/1.1" 201 - "http://114.71.220.111:3030/app/slide0.html" "Mozilla/5.0 (Linux; Android 9; SM-T510) AppleWebKit/537.36 (KHTML, like Gecko) Chrome/77.0.3865.92 Safari/537.36"
::ffff:192.168.0.2 - - [06/Oct/2019:12:50:04 +0000] "POST /rosemary/zone1/cam1 HTTP/1.1" 201 - "http://114.71.220.111:3030/app/slide0.html" "Mozilla/5.0 (Windows NT 10.0; Win64; x64) AppleWebKit/537.36 (KHTML, like Gecko) Chrome/77.0.3865.90 Safari/537.36"
::ffff:192.168.0.2 - - [06/Oct/2019:12:50:04 +0000] "POST /rosemary/zone1/cam1 HTTP/1.1" 201 - "http://114.71.220.111:3030/app/slide0.html" "Mozilla/5.0 (Windows NT 10.0; Win64; x64) AppleWebKit/537.36 (KHTML, like Gecko) Chrome/77.0.3865.90 Safari/537.36"
::ffff:192.168.0.33 - - [06/Oct/2019:12:50:04 +0000] "POST /rosemary/zone1/cam1 HTTP/1.1" 201 - "http://114.71.220.111:3030/app/slide0.html" "Mozilla/5.0 (Linux; Android 9; SM-T510) AppleWebKit/537.36 (KHTML, like Gecko) Chrome/77.0.3865.92 Safari/537.36"
::ffff:192.168.0.33 - - [06/Oct/2019:12:50:05 +0000] "GET /rosemary/zone1/currentUser/la HTTP/1.1" 200 - "http://114.71.220.111:3030/app/slide0.html" "Mozilla/5.0 (Linux; Android 9; SM-T510) AppleWebKit/537.36 (KHTML, like Gecko) Chrome/77.0.3865.92 Safari/537.36"
::ffff:192.168.0.33 - - [06/Oct/2019:12:50:05 +0000] "GET /rosemary/zone1/YC3JLK?lim=10&rcn=4 HTTP/1.1" 200 - "http://114.71.220.111:3030/app/slide0.html" "Mozilla/5.0 (Linux; Android 9; SM-T510) AppleWebKit/537.36 (KHTML, like Gecko) Chrome/77.0.3865.92 Safari/537.36"
::ffff:192.168.0.2 - - [06/Oct/2019:12:50:05 +0000] "POST /rosemary/zone1/cam1 HTTP/1.1" 201 - "http://114.71.220.111:3030/app/slide0.html" "Mozilla/5.0 (Windows NT 10.0; Win64; x64) AppleWebKit/537.36 (KHTML, like Gecko) Chrome/77.0.3865.90 Safari/537.36"
::ffff:192.168.0.2 - - [06/Oct/2019:12:50:06 +0000] "POST /rosemary/zone1/cam1 HTTP/1.1" 201 - "http://114.71.220.111:3030/app/slide0.html" "Mozilla/5.0 (Windows NT 10.0; Win64; x64) AppleWebKit/537.36 (KHTML, like Gecko) Chrome/77.0.3865.90 Safari/537.36"
::ffff:192.168.0.2 - - [06/Oct/2019:12:50:07 +0000] "POST /rosemary/zone1/cam1 HTTP/1.1" 201 - "http://114.71.220.111:3030/app/slide0.html" "Mozilla/5.0 (Windows NT 10.0; Win64; x64) AppleWebKit/537.36 (KHTML, like Gecko) Chrome/77.0.3865.90 Safari/537.36"
::ffff:192.168.0.1 - - [06/Oct/2019:12:50:07 +0000] "POST /rosemary/zone1/YC3JLK HTTP/1.1" 201 - "-" "-"
::ffff:192.168.0.33 - - [06/Oct/2019:12:50:08 +0000] "POST /rosemary/zone1/cam1 HTTP/1.1" 201 - "http://114.71.220.111:3030/app/slide0.html" "Mozilla/5.0 (Linux; Android 9; SM-T510) AppleWebKit/537.36 (KHTML, like Gecko) Chrome/77.0.3865.92 Safari/537.36"
::ffff:192.168.0.1 - - [06/Oct/2019:12:50:09 +0000] "POST /rosemary/zone1/YC3JLK HTTP/1.1" 201 - "-" "-"
::ffff:192.168.0.33 - - [06/Oct/2019:12:50:09 +0000] "OPTIONS /rosemary/zone1/currentUser/la HTTP/1.1" 200 2 "http://114.71.220.111:3030/app/slide0.html" "Mozilla/5.0 (Linux; Android 9; SM-T510) AppleWebKit/537.36 (KHTML, like Gecko) Chrome/77.0.3865.92 Safari/537.36"
::ffff:192.168.0.33 - - [06/Oct/2019:12:50:09 +0000] "GET /rosemary/zone1/currentUser/la HTTP/1.1" 200 - "http://114.71.220.111:3030/app/slide0.html" "Mozilla/5.0 (Linux; Android 9; SM-T510) AppleWebKit/537.36 (KHTML, like Gecko) Chrome/77.0.3865.92 Safari/537.36"
::ffff:192.168.0.33 - - [06/Oct/2019:12:50:09 +0000] "OPTIONS /rosemary/zone1/YC3JLK?lim=10&rcn=4 HTTP/1.1" 200 2 "http://114.71.220.111:3030/app/slide0.html" "Mozilla/5.0 (Linux; Android 9; SM-T510) AppleWebKit/537.36 (KHTML, like Gecko) Chrome/77.0.3865.92 Safari/537.36"
::ffff:192.168.0.33 - - [06/Oct/2019:12:50:09 +0000] "GET /rosemary/zone1/YC3JLK?lim=10&rcn=4 HTTP/1.1" 200 - "http://114.71.220.111:3030/app/slide0.html" "Mozilla/5.0 (Linux; Android 9; SM-T510) AppleWebKit/537.36 (KHTML, like Gecko) Chrome/77.0.3865.92 Safari/537.36"
::ffff:192.168.0.33 - - [06/Oct/2019:12:50:12 +0000] "OPTIONS /rosemary/zone1/cam1 HTTP/1.1" 200 2 "http://114.71.220.111:3030/app/slide0.html" "Mozilla/5.0 (Linux; Android 9; SM-T510) AppleWebKit/537.36 (KHTML, like Gecko) Chrome/77.0.3865.92 Safari/537.36"
::ffff:192.168.0.33 - - [06/Oct/2019:12:50:12 +0000] "POST /rosemary/zone1/cam1 HTTP/1.1" 201 - "http://114.71.220.111:3030/app/slide0.html" "Mozilla/5.0 (Linux; Android 9; SM-T510) AppleWebKit/537.36 (KHTML, like Gecko) Chrome/77.0.3865.92 Safari/537.36"
::ffff:192.168.0.1 - - [06/Oct/2019:12:50:12 +0000] "POST /rosemary/zone1/YC3JLK HTTP/1.1" 201 - "-" "-"
::ffff:192.168.0.33 - - [06/Oct/2019:12:50:13 +0000] "GET /rosemary/zone1/currentUser/la HTTP/1.1" 200 - "http://114.71.220.111:3030/app/slide0.html" "Mozilla/5.0 (Linux; Android 9; SM-T510) AppleWebKit/537.36 (KHTML, like Gecko) Chrome/77.0.3865.92 Safari/537.36"
::ffff:192.168.0.33 - - [06/Oct/2019:12:50:13 +0000] "GET /rosemary/zone1/YC3JLK?lim=10&rcn=4 HTTP/1.1" 200 - "http://114.71.220.111:3030/app/slide0.html" "Mozilla/5.0 (Linux; Android 9; SM-T510) AppleWebKit/537.36 (KHTML, like Gecko) Chrome/77.0.3865.92 Safari/537.36"
::ffff:192.168.0.33 - - [06/Oct/2019:12:50:15 +0000] "OPTIONS /rosemary/zone1/state HTTP/1.1" 200 2 "http://114.71.220.111:3030/app/gallery.html" "Mozilla/5.0 (Linux; Android 9; SM-T510) AppleWebKit/537.36 (KHTML, like Gecko) Chrome/77.0.3865.92 Safari/537.36"
::ffff:192.168.0.33 - - [06/Oct/2019:12:50:15 +0000] "OPTIONS /rosemary/zone1/currentUser/la HTTP/1.1" 200 2 "http://114.71.220.111:3030/app/gallery.html" "Mozilla/5.0 (Linux; Android 9; SM-T510) AppleWebKit/537.36 (KHTML, like Gecko) Chrome/77.0.3865.92 Safari/537.36"
::ffff:192.168.0.33 - - [06/Oct/2019:12:50:15 +0000] "GET /rosemary/zone1/currentUser/la HTTP/1.1" 200 - "http://114.71.220.111:3030/app/gallery.html" "Mozilla/5.0 (Linux; Android 9; SM-T510) AppleWebKit/537.36 (KHTML, like Gecko) Chrome/77.0.3865.92 Safari/537.36"
::ffff:192.168.0.33 - - [06/Oct/2019:12:50:16 +0000] "POST /rosemary/zone1/state HTTP/1.1" 201 - "http://114.71.220.111:3030/app/gallery.html" "Mozilla/5.0 (Linux; Android 9; SM-T510) AppleWebKit/537.36 (KHTML, like Gecko) Chrome/77.0.3865.92 Safari/537.36"
::ffff:192.168.0.33 - - [06/Oct/2019:12:50:23 +0000] "OPTIONS /rosemary/zone1/email HTTP/1.1" 200 2 "http://114.71.220.111:3030/app/gallery.html" "Mozilla/5.0 (Linux; Android 9; SM-T510) AppleWebKit/537.36 (KHTML, like Gecko) Chrome/77.0.3865.92 Safari/537.36"
::ffff:192.168.0.33 - - [06/Oct/2019:12:50:25 +0000] "POST /rosemary/zone1/email HTTP/1.1" 201 - "http://114.71.220.111:3030/app/gallery.html" "Mozilla/5.0 (Linux; Android 9; SM-T510) AppleWebKit/537.36 (KHTML, like Gecko) Chrome/77.0.3865.92 Safari/537.36"
::ffff:192.168.0.2 - - [06/Oct/2019:12:50:30 +0000] "OPTIONS /rosemary/zone1/state HTTP/1.1" 200 2 "http://114.71.220.111:3030/app/gallery.html" "Mozilla/5.0 (Windows NT 10.0; Win64; x64) AppleWebKit/537.36 (KHTML, like Gecko) Chrome/77.0.3865.90 Safari/537.36"
::ffff:192.168.0.2 - - [06/Oct/2019:12:50:30 +0000] "OPTIONS /rosemary/zone1/currentUser/la HTTP/1.1" 200 2 "http://114.71.220.111:3030/app/gallery.html" "Mozilla/5.0 (Windows NT 10.0; Win64; x64) AppleWebKit/537.36 (KHTML, like Gecko) Chrome/77.0.3865.90 Safari/537.36"
::ffff:192.168.0.2 - - [06/Oct/2019:12:50:30 +0000] "GET /rosemary/zone1/currentUser/la HTTP/1.1" 200 - "http://114.71.220.111:3030/app/gallery.html" "Mozilla/5.0 (Windows NT 10.0; Win64; x64) AppleWebKit/537.36 (KHTML, like Gecko) Chrome/77.0.3865.90 Safari/537.36"
::ffff:192.168.0.34 - - [06/Oct/2019:12:50:30 +0000] "POST /rosemary HTTP/1.1" 409 - "-" "-"
::ffff:192.168.0.3 - - [06/Oct/2019:12:50:31 +0000] "POST /rosemary HTTP/1.1" 409 - "-" "-"
::ffff:192.168.0.2 - - [06/Oct/2019:12:50:31 +0000] "POST /rosemary/zone1/state HTTP/1.1" 201 - "http://114.71.220.111:3030/app/gallery.html" "Mozilla/5.0 (Windows NT 10.0; Win64; x64) AppleWebKit/537.36 (KHTML, like Gecko) Chrome/77.0.3865.90 Safari/537.36"
::ffff:192.168.0.34 - - [06/Oct/2019:12:50:32 +0000] "GET /rosemary/zone1 HTTP/1.1" 200 - "-" "-"
::ffff:192.168.0.3 - - [06/Oct/2019:12:50:33 +0000] "GET /rosemary/zone1 HTTP/1.1" 200 - "-" "-"
::ffff:192.168.0.34 - - [06/Oct/2019:12:50:34 +0000] "POST /rosemary/zone1 HTTP/1.1" 409 - "-" "-"
::ffff:192.168.0.3 - - [06/Oct/2019:12:50:35 +0000] "POST /rosemary/zone1 HTTP/1.1" 409 - "-" "-"
::ffff:192.168.0.34 - - [06/Oct/2019:12:50:36 +0000] "POST /rosemary/zone1 HTTP/1.1" 409 - "-" "-"
::ffff:192.168.0.3 - - [06/Oct/2019:12:50:37 +0000] "POST /rosemary/zone1 HTTP/1.1" 409 - "-" "-"
::ffff:192.168.0.34 - - [06/Oct/2019:12:50:38 +0000] "POST /rosemary/zone1 HTTP/1.1" 409 - "-" "-"
::ffff:192.168.0.3 - - [06/Oct/2019:12:50:39 +0000] "POST /rosemary/zone1 HTTP/1.1" 409 - "-" "-"
::ffff:192.168.0.34 - - [06/Oct/2019:12:50:41 +0000] "DELETE /rosemary/zone1/cam2/sub HTTP/1.1" 200 - "-" "-"
::ffff:192.168.0.3 - - [06/Oct/2019:12:50:41 +0000] "DELETE /rosemary/zone1/cam1/sub HTTP/1.1" 200 - "-" "-"
::ffff:192.168.0.1 - - [06/Oct/2019:12:50:42 +0000] "OPTIONS /rosemary/zone1/state/la HTTP/1.1" 200 2 "http://114.71.220.111:3030/app/cam_kiosk.html" "Mozilla/5.0 (Windows NT 10.0; Win64; x64) AppleWebKit/537.36 (KHTML, like Gecko) Chrome/77.0.3865.90 Safari/537.36"
::ffff:192.168.0.1 - - [06/Oct/2019:12:50:42 +0000] "GET /rosemary/zone1/state/la HTTP/1.1" 200 - "http://114.71.220.111:3030/app/cam_kiosk.html" "Mozilla/5.0 (Windows NT 10.0; Win64; x64) AppleWebKit/537.36 (KHTML, like Gecko) Chrome/77.0.3865.90 Safari/537.36"
::ffff:192.168.0.1 - - [06/Oct/2019:12:50:42 +0000] "OPTIONS /rosemary/zone2/state/la HTTP/1.1" 200 2 "http://114.71.220.111:3030/app/cam_kiosk.html" "Mozilla/5.0 (Windows NT 10.0; Win64; x64) AppleWebKit/537.36 (KHTML, like Gecko) Chrome/77.0.3865.90 Safari/537.36"
::ffff:192.168.0.1 - - [06/Oct/2019:12:50:42 +0000] "GET /rosemary/zone2/state/la HTTP/1.1" 404 - "http://114.71.220.111:3030/app/cam_kiosk.html" "Mozilla/5.0 (Windows NT 10.0; Win64; x64) AppleWebKit/537.36 (KHTML, like Gecko) Chrome/77.0.3865.90 Safari/537.36"
::ffff:192.168.0.34 - - [06/Oct/2019:12:50:43 +0000] "DELETE /rosemary/zone1/state/sub HTTP/1.1" 200 - "-" "-"
::ffff:192.168.0.33 - - [06/Oct/2019:12:50:43 +0000] "OPTIONS /rosemary/zone1/state HTTP/1.1" 200 2 "http://114.71.220.111:3030/app/webserver/gallery_web.html?index=YC3JLK" "Mozilla/5.0 (Linux; Android 9; SM-T510) AppleWebKit/537.36 (KHTML, like Gecko) Chrome/77.0.3865.92 Safari/537.36"
::ffff:192.168.0.33 - - [06/Oct/2019:12:50:43 +0000] "OPTIONS /rosemary/zone1/currentUser/la HTTP/1.1" 200 2 "http://114.71.220.111:3030/app/webserver/gallery_web.html?index=YC3JLK" "Mozilla/5.0 (Linux; Android 9; SM-T510) AppleWebKit/537.36 (KHTML, like Gecko) Chrome/77.0.3865.92 Safari/537.36"
::ffff:192.168.0.33 - - [06/Oct/2019:12:50:43 +0000] "GET /rosemary/zone1/currentUser/la HTTP/1.1" 200 - "http://114.71.220.111:3030/app/webserver/gallery_web.html?index=YC3JLK" "Mozilla/5.0 (Linux; Android 9; SM-T510) AppleWebKit/537.36 (KHTML, like Gecko) Chrome/77.0.3865.92 Safari/537.36"
::ffff:192.168.0.3 - - [06/Oct/2019:12:50:43 +0000] "DELETE /rosemary/zone1/state/sub HTTP/1.1" 404 - "-" "-"
::ffff:192.168.0.33 - - [06/Oct/2019:12:50:43 +0000] "POST /rosemary/zone1/state HTTP/1.1" 201 - "http://114.71.220.111:3030/app/webserver/gallery_web.html?index=YC3JLK" "Mozilla/5.0 (Linux; Android 9; SM-T510) AppleWebKit/537.36 (KHTML, like Gecko) Chrome/77.0.3865.92 Safari/537.36"
::ffff:192.168.0.34 - - [06/Oct/2019:12:50:45 +0000] "DELETE /rosemary/zone1/currentUser/sub HTTP/1.1" 200 - "-" "-"
::ffff:192.168.0.3 - - [06/Oct/2019:12:50:45 +0000] "DELETE /rosemary/zone1/currentUser/sub HTTP/1.1" 404 - "-" "-"
::ffff:192.168.0.34 - - [06/Oct/2019:12:50:47 +0000] "POST /rosemary/zone1/cam2 HTTP/1.1" 201 - "-" "-"
::ffff:192.168.0.3 - - [06/Oct/2019:12:50:47 +0000] "POST /rosemary/zone1/cam1 HTTP/1.1" 201 - "-" "-"
::ffff:192.168.0.34 - - [06/Oct/2019:12:50:49 +0000] "POST /rosemary/zone1/state HTTP/1.1" 201 - "-" "-"
::ffff:192.168.0.3 - - [06/Oct/2019:12:50:49 +0000] "POST /rosemary/zone1/state HTTP/1.1" 409 - "-" "-"
::ffff:192.168.0.2 - - [06/Oct/2019:12:50:50 +0000] "OPTIONS /rosemary/zone1/currentUser HTTP/1.1" 200 2 "http://114.71.220.111:3030/app/camera.html" "Mozilla/5.0 (Windows NT 10.0; Win64; x64) AppleWebKit/537.36 (KHTML, like Gecko) Chrome/77.0.3865.90 Safari/537.36"
::ffff:192.168.0.2 - - [06/Oct/2019:12:50:50 +0000] "OPTIONS /rosemary/zone1 HTTP/1.1" 200 2 "http://114.71.220.111:3030/app/camera.html" "Mozilla/5.0 (Windows NT 10.0; Win64; x64) AppleWebKit/537.36 (KHTML, like Gecko) Chrome/77.0.3865.90 Safari/537.36"
::ffff:192.168.0.2 - - [06/Oct/2019:12:50:50 +0000] "OPTIONS /rosemary/zone1/state HTTP/1.1" 200 2 "http://114.71.220.111:3030/app/camera.html" "Mozilla/5.0 (Windows NT 10.0; Win64; x64) AppleWebKit/537.36 (KHTML, like Gecko) Chrome/77.0.3865.90 Safari/537.36"
::ffff:192.168.0.2 - - [06/Oct/2019:12:50:50 +0000] "POST /rosemary/zone1 HTTP/1.1" 201 - "http://114.71.220.111:3030/app/camera.html" "Mozilla/5.0 (Windows NT 10.0; Win64; x64) AppleWebKit/537.36 (KHTML, like Gecko) Chrome/77.0.3865.90 Safari/537.36"
::ffff:192.168.0.2 - - [06/Oct/2019:12:50:50 +0000] "POST /rosemary/zone1/state HTTP/1.1" 201 - "http://114.71.220.111:3030/app/camera.html" "Mozilla/5.0 (Windows NT 10.0; Win64; x64) AppleWebKit/537.36 (KHTML, like Gecko) Chrome/77.0.3865.90 Safari/537.36"
::ffff:192.168.0.2 - - [06/Oct/2019:12:50:50 +0000] "POST /rosemary/zone1/currentUser HTTP/1.1" 201 - "http://114.71.220.111:3030/app/camera.html" "Mozilla/5.0 (Windows NT 10.0; Win64; x64) AppleWebKit/537.36 (KHTML, like Gecko) Chrome/77.0.3865.90 Safari/537.36"
::ffff:192.168.0.6 - - [06/Oct/2019:12:50:50 +0000] "POST /rosemary/zone1/YCFELF HTTP/1.1" 201 - "-" "-"
::ffff:192.168.0.2 - - [06/Oct/2019:12:50:51 +0000] "POST /rosemary/zone1/YCFELF HTTP/1.1" 409 - "-" "-"
::ffff:192.168.0.2 - - [06/Oct/2019:12:50:51 +0000] "DELETE /rosemary/zone1/YCFELF/mobiususer02.MOBIUS.BROWSER.APP_sub HTTP/1.1" 200 - "-" "-"
::ffff:192.168.0.2 - - [06/Oct/2019:12:50:51 +0000] "POST /rosemary/zone1/YCFELF HTTP/1.1" 201 - "-" "-"
::ffff:192.168.0.34 - - [06/Oct/2019:12:50:51 +0000] "POST /rosemary/zone1/currentUser HTTP/1.1" 201 - "-" "-"
::ffff:192.168.0.2 - - [06/Oct/2019:12:50:51 +0000] "POST /rosemary/zone1/YCFELF HTTP/1.1" 409 - "-" "-"
::ffff:192.168.0.2 - - [06/Oct/2019:12:50:51 +0000] "DELETE /rosemary/zone1/YCFELF/mobiususer02.MOBIUS.BROWSER.APP_sub HTTP/1.1" 200 - "-" "-"
::ffff:192.168.0.2 - - [06/Oct/2019:12:50:51 +0000] "POST /rosemary/zone1/YCFELF HTTP/1.1" 201 - "-" "-"
::ffff:192.168.0.2 - - [06/Oct/2019:12:50:51 +0000] "POST /rosemary/zone1/YCFELF HTTP/1.1" 409 - "-" "-"
::ffff:192.168.0.3 - - [06/Oct/2019:12:50:51 +0000] "POST /rosemary/zone1/currentUser HTTP/1.1" 409 - "-" "-"
::ffff:192.168.0.2 - - [06/Oct/2019:12:50:51 +0000] "DELETE /rosemary/zone1/YCFELF/mobiususer02.MOBIUS.BROWSER.APP_sub HTTP/1.1" 200 - "-" "-"
::ffff:192.168.0.2 - - [06/Oct/2019:12:50:51 +0000] "OPTIONS /rosemary/zone1/currentUser/la HTTP/1.1" 200 2 "http://114.71.220.111:3030/app/slide0.html" "Mozilla/5.0 (Windows NT 10.0; Win64; x64) AppleWebKit/537.36 (KHTML, like Gecko) Chrome/77.0.3865.90 Safari/537.36"
::ffff:192.168.0.2 - - [06/Oct/2019:12:50:51 +0000] "POST /rosemary/zone1/YCFELF HTTP/1.1" 201 - "-" "-"
::ffff:192.168.0.2 - - [06/Oct/2019:12:50:51 +0000] "GET /rosemary/zone1/currentUser/la HTTP/1.1" 200 - "http://114.71.220.111:3030/app/slide0.html" "Mozilla/5.0 (Windows NT 10.0; Win64; x64) AppleWebKit/537.36 (KHTML, like Gecko) Chrome/77.0.3865.90 Safari/537.36"
::ffff:192.168.0.2 - - [06/Oct/2019:12:50:51 +0000] "POST /rosemary/zone1/YCFELF HTTP/1.1" 409 - "-" "-"
::ffff:192.168.0.2 - - [06/Oct/2019:12:50:51 +0000] "OPTIONS /rosemary/zone1/YCFELF?lim=10&rcn=4 HTTP/1.1" 200 2 "http://114.71.220.111:3030/app/slide0.html" "Mozilla/5.0 (Windows NT 10.0; Win64; x64) AppleWebKit/537.36 (KHTML, like Gecko) Chrome/77.0.3865.90 Safari/537.36"
::ffff:192.168.0.2 - - [06/Oct/2019:12:50:51 +0000] "GET /rosemary/zone1/YCFELF?lim=10&rcn=4 HTTP/1.1" 200 - "http://114.71.220.111:3030/app/slide0.html" "Mozilla/5.0 (Windows NT 10.0; Win64; x64) AppleWebKit/537.36 (KHTML, like Gecko) Chrome/77.0.3865.90 Safari/537.36"
::ffff:192.168.0.2 - - [06/Oct/2019:12:50:51 +0000] "DELETE /rosemary/zone1/YCFELF/mobiususer02.MOBIUS.BROWSER.APP_sub HTTP/1.1" 200 - "-" "-"
::ffff:192.168.0.2 - - [06/Oct/2019:12:50:51 +0000] "POST /rosemary/zone1/YCFELF HTTP/1.1" 201 - "-" "-"
::ffff:192.168.0.2 - - [06/Oct/2019:12:50:51 +0000] "POST /rosemary/zone1/YCFELF HTTP/1.1" 409 - "-" "-"
::ffff:192.168.0.2 - - [06/Oct/2019:12:50:51 +0000] "DELETE /rosemary/zone1/YCFELF/mobiususer02.MOBIUS.BROWSER.APP_sub HTTP/1.1" 200 - "-" "-"
::ffff:192.168.0.2 - - [06/Oct/2019:12:50:52 +0000] "POST /rosemary/zone1/YCFELF HTTP/1.1" 201 - "-" "-"
::ffff:192.168.0.2 - - [06/Oct/2019:12:50:54 +0000] "OPTIONS /rosemary/zone1/cam1 HTTP/1.1" 200 2 "http://114.71.220.111:3030/app/slide0.html" "Mozilla/5.0 (Windows NT 10.0; Win64; x64) AppleWebKit/537.36 (KHTML, like Gecko) Chrome/77.0.3865.90 Safari/537.36"
::ffff:192.168.0.2 - - [06/Oct/2019:12:50:54 +0000] "POST /rosemary/zone1/cam1 HTTP/1.1" 201 - "http://114.71.220.111:3030/app/slide0.html" "Mozilla/5.0 (Windows NT 10.0; Win64; x64) AppleWebKit/537.36 (KHTML, like Gecko) Chrome/77.0.3865.90 Safari/537.36"
::ffff:192.168.0.2 - - [06/Oct/2019:12:50:56 +0000] "POST /rosemary/zone1/cam1 HTTP/1.1" 201 - "http://114.71.220.111:3030/app/slide0.html" "Mozilla/5.0 (Windows NT 10.0; Win64; x64) AppleWebKit/537.36 (KHTML, like Gecko) Chrome/77.0.3865.90 Safari/537.36"
::ffff:192.168.0.2 - - [06/Oct/2019:12:50:57 +0000] "POST /rosemary/zone1/cam1 HTTP/1.1" 201 - "http://114.71.220.111:3030/app/slide0.html" "Mozilla/5.0 (Windows NT 10.0; Win64; x64) AppleWebKit/537.36 (KHTML, like Gecko) Chrome/77.0.3865.90 Safari/537.36"
::ffff:192.168.0.2 - - [06/Oct/2019:12:50:58 +0000] "POST /rosemary/zone1/cam1 HTTP/1.1" 201 - "http://114.71.220.111:3030/app/slide0.html" "Mozilla/5.0 (Windows NT 10.0; Win64; x64) AppleWebKit/537.36 (KHTML, like Gecko) Chrome/77.0.3865.90 Safari/537.36"
::ffff:192.168.0.2 - - [06/Oct/2019:12:50:59 +0000] "POST /rosemary/zone1/cam1 HTTP/1.1" 201 - "http://114.71.220.111:3030/app/slide0.html" "Mozilla/5.0 (Windows NT 10.0; Win64; x64) AppleWebKit/537.36 (KHTML, like Gecko) Chrome/77.0.3865.90 Safari/537.36"
::ffff:192.168.0.2 - - [06/Oct/2019:12:51:00 +0000] "OPTIONS /rosemary/zone1/cam1 HTTP/1.1" 200 2 "http://114.71.220.111:3030/app/slide0.html" "Mozilla/5.0 (Windows NT 10.0; Win64; x64) AppleWebKit/537.36 (KHTML, like Gecko) Chrome/77.0.3865.90 Safari/537.36"
::ffff:192.168.0.2 - - [06/Oct/2019:12:51:00 +0000] "POST /rosemary/zone1/cam1 HTTP/1.1" 201 - "http://114.71.220.111:3030/app/slide0.html" "Mozilla/5.0 (Windows NT 10.0; Win64; x64) AppleWebKit/537.36 (KHTML, like Gecko) Chrome/77.0.3865.90 Safari/537.36"
::ffff:192.168.0.2 - - [06/Oct/2019:12:51:01 +0000] "POST /rosemary/zone1/cam1 HTTP/1.1" 201 - "http://114.71.220.111:3030/app/slide0.html" "Mozilla/5.0 (Windows NT 10.0; Win64; x64) AppleWebKit/537.36 (KHTML, like Gecko) Chrome/77.0.3865.90 Safari/537.36"
::ffff:192.168.0.2 - - [06/Oct/2019:12:51:02 +0000] "POST /rosemary/zone1/cam1 HTTP/1.1" 201 - "http://114.71.220.111:3030/app/slide0.html" "Mozilla/5.0 (Windows NT 10.0; Win64; x64) AppleWebKit/537.36 (KHTML, like Gecko) Chrome/77.0.3865.90 Safari/537.36"
::ffff:192.168.0.2 - - [06/Oct/2019:12:51:04 +0000] "POST /rosemary/zone1/cam1 HTTP/1.1" 201 - "http://114.71.220.111:3030/app/slide0.html" "Mozilla/5.0 (Windows NT 10.0; Win64; x64) AppleWebKit/537.36 (KHTML, like Gecko) Chrome/77.0.3865.90 Safari/537.36"
::ffff:192.168.0.2 - - [06/Oct/2019:12:51:05 +0000] "POST /rosemary/zone1/cam1 HTTP/1.1" 201 - "http://114.71.220.111:3030/app/slide0.html" "Mozilla/5.0 (Windows NT 10.0; Win64; x64) AppleWebKit/537.36 (KHTML, like Gecko) Chrome/77.0.3865.90 Safari/537.36"
::ffff:192.168.0.2 - - [06/Oct/2019:12:51:06 +0000] "OPTIONS /rosemary/zone1/cam1 HTTP/1.1" 200 2 "http://114.71.220.111:3030/app/slide0.html" "Mozilla/5.0 (Windows NT 10.0; Win64; x64) AppleWebKit/537.36 (KHTML, like Gecko) Chrome/77.0.3865.90 Safari/537.36"
::ffff:192.168.0.2 - - [06/Oct/2019:12:51:07 +0000] "POST /rosemary/zone1/cam1 HTTP/1.1" 201 - "http://114.71.220.111:3030/app/slide0.html" "Mozilla/5.0 (Windows NT 10.0; Win64; x64) AppleWebKit/537.36 (KHTML, like Gecko) Chrome/77.0.3865.90 Safari/537.36"
::ffff:192.168.0.2 - - [06/Oct/2019:12:51:14 +0000] "OPTIONS /rosemary/zone1/cam1 HTTP/1.1" 200 2 "http://114.71.220.111:3030/app/slide0.html" "Mozilla/5.0 (Windows NT 10.0; Win64; x64) AppleWebKit/537.36 (KHTML, like Gecko) Chrome/77.0.3865.90 Safari/537.36"
::ffff:192.168.0.2 - - [06/Oct/2019:12:51:14 +0000] "POST /rosemary/zone1/cam1 HTTP/1.1" 201 - "http://114.71.220.111:3030/app/slide0.html" "Mozilla/5.0 (Windows NT 10.0; Win64; x64) AppleWebKit/537.36 (KHTML, like Gecko) Chrome/77.0.3865.90 Safari/537.36"
::ffff:192.168.0.2 - - [06/Oct/2019:12:51:15 +0000] "POST /rosemary/zone1/cam1 HTTP/1.1" 201 - "http://114.71.220.111:3030/app/slide0.html" "Mozilla/5.0 (Windows NT 10.0; Win64; x64) AppleWebKit/537.36 (KHTML, like Gecko) Chrome/77.0.3865.90 Safari/537.36"
::ffff:192.168.0.2 - - [06/Oct/2019:12:51:16 +0000] "POST /rosemary/zone1/cam1 HTTP/1.1" 201 - "http://114.71.220.111:3030/app/slide0.html" "Mozilla/5.0 (Windows NT 10.0; Win64; x64) AppleWebKit/537.36 (KHTML, like Gecko) Chrome/77.0.3865.90 Safari/537.36"
::ffff:192.168.0.2 - - [06/Oct/2019:12:51:17 +0000] "POST /rosemary/zone1/cam1 HTTP/1.1" 201 - "http://114.71.220.111:3030/app/slide0.html" "Mozilla/5.0 (Windows NT 10.0; Win64; x64) AppleWebKit/537.36 (KHTML, like Gecko) Chrome/77.0.3865.90 Safari/537.36"
::ffff:192.168.0.2 - - [06/Oct/2019:12:51:18 +0000] "OPTIONS /rosemary/zone1/state HTTP/1.1" 200 2 "http://114.71.220.111:3030/app/slide1.html" "Mozilla/5.0 (Windows NT 10.0; Win64; x64) AppleWebKit/537.36 (KHTML, like Gecko) Chrome/77.0.3865.90 Safari/537.36"
::ffff:192.168.0.2 - - [06/Oct/2019:12:51:18 +0000] "OPTIONS /rosemary/zone1/currentUser/la HTTP/1.1" 200 2 "http://114.71.220.111:3030/app/slide1.html" "Mozilla/5.0 (Windows NT 10.0; Win64; x64) AppleWebKit/537.36 (KHTML, like Gecko) Chrome/77.0.3865.90 Safari/537.36"
::ffff:192.168.0.2 - - [06/Oct/2019:12:51:18 +0000] "GET /rosemary/zone1/currentUser/la HTTP/1.1" 200 - "http://114.71.220.111:3030/app/slide1.html" "Mozilla/5.0 (Windows NT 10.0; Win64; x64) AppleWebKit/537.36 (KHTML, like Gecko) Chrome/77.0.3865.90 Safari/537.36"
::ffff:192.168.0.2 - - [06/Oct/2019:12:51:19 +0000] "POST /rosemary/zone1/state HTTP/1.1" 201 - "http://114.71.220.111:3030/app/slide1.html" "Mozilla/5.0 (Windows NT 10.0; Win64; x64) AppleWebKit/537.36 (KHTML, like Gecko) Chrome/77.0.3865.90 Safari/537.36"
::ffff:192.168.0.12 - - [06/Oct/2019:13:43:18 +0000] "OPTIONS /rosemary/zone1/cam1 HTTP/1.1" 200 2 "-" "Mozilla/5.0 (iPad; CPU OS 11_0 like Mac OS X) AppleWebKit/604.1.34 (KHTML, like Gecko) Version/11.0 Mobile/15A5341f Safari/604.1"
::ffff:192.168.0.12 - - [06/Oct/2019:13:43:19 +0000] "POST /rosemary/zone1/cam1 HTTP/1.1" 201 - "-" "Mozilla/5.0 (iPad; CPU OS 11_0 like Mac OS X) AppleWebKit/604.1.34 (KHTML, like Gecko) Version/11.0 Mobile/15A5341f Safari/604.1"
::ffff:192.168.0.1 - - [06/Oct/2019:13:43:20 +0000] "POST /rosemary/zone1/YC3JLK HTTP/1.1" 201 - "-" "-"
::ffff:192.168.0.33 - - [06/Oct/2019:13:46:07 +0000] "OPTIONS /rosemary/zone1/state HTTP/1.1" 200 2 "http://114.71.220.111:3030/app/webserver/gallery_web.html?index=YC3JLK" "Mozilla/5.0 (Linux; Android 9; SM-T510) AppleWebKit/537.36 (KHTML, like Gecko) Chrome/77.0.3865.92 Safari/537.36"
::ffff:192.168.0.33 - - [06/Oct/2019:13:46:07 +0000] "OPTIONS /rosemary/zone1/currentUser/la HTTP/1.1" 200 2 "http://114.71.220.111:3030/app/webserver/gallery_web.html?index=YC3JLK" "Mozilla/5.0 (Linux; Android 9; SM-T510) AppleWebKit/537.36 (KHTML, like Gecko) Chrome/77.0.3865.92 Safari/537.36"
::ffff:192.168.0.33 - - [06/Oct/2019:13:46:07 +0000] "POST /rosemary/zone1/state HTTP/1.1" 201 - "http://114.71.220.111:3030/app/webserver/gallery_web.html?index=YC3JLK" "Mozilla/5.0 (Linux; Android 9; SM-T510) AppleWebKit/537.36 (KHTML, like Gecko) Chrome/77.0.3865.92 Safari/537.36"
::ffff:192.168.0.33 - - [06/Oct/2019:13:46:29 +0000] "OPTIONS /rosemary/zone1/currentUser/la HTTP/1.1" 200 2 "http://114.71.220.111:3030/app/gallery.html" "Mozilla/5.0 (Linux; Android 9; SM-T510) AppleWebKit/537.36 (KHTML, like Gecko) Chrome/77.0.3865.92 Safari/537.36"
::ffff:192.168.0.33 - - [06/Oct/2019:13:46:29 +0000] "OPTIONS /rosemary/zone1/state HTTP/1.1" 200 2 "http://114.71.220.111:3030/app/gallery.html" "Mozilla/5.0 (Linux; Android 9; SM-T510) AppleWebKit/537.36 (KHTML, like Gecko) Chrome/77.0.3865.92 Safari/537.36"
::ffff:192.168.0.33 - - [06/Oct/2019:13:46:29 +0000] "POST /rosemary/zone1/state HTTP/1.1" 201 - "http://114.71.220.111:3030/app/gallery.html" "Mozilla/5.0 (Linux; Android 9; SM-T510) AppleWebKit/537.36 (KHTML, like Gecko) Chrome/77.0.3865.92 Safari/537.36"
::ffff:192.168.0.33 - - [06/Oct/2019:13:46:32 +0000] "OPTIONS /rosemary/zone1/email HTTP/1.1" 200 2 "http://114.71.220.111:3030/app/gallery.html" "Mozilla/5.0 (Linux; Android 9; SM-T510) AppleWebKit/537.36 (KHTML, like Gecko) Chrome/77.0.3865.92 Safari/537.36"
::ffff:192.168.0.33 - - [06/Oct/2019:13:46:33 +0000] "POST /rosemary/zone1/email HTTP/1.1" 201 - "http://114.71.220.111:3030/app/gallery.html" "Mozilla/5.0 (Linux; Android 9; SM-T510) AppleWebKit/537.36 (KHTML, like Gecko) Chrome/77.0.3865.92 Safari/537.36"
::ffff:192.168.0.12 - - [06/Oct/2019:13:55:46 +0000] "OPTIONS /rosemary/zone1/currentUser/la HTTP/1.1" 200 2 "-" "Mozilla/5.0 (Windows NT 10.0; Win64; x64) AppleWebKit/537.36 (KHTML, like Gecko) Chrome/77.0.3865.90 Safari/537.36"
::ffff:192.168.0.12 - - [06/Oct/2019:13:55:46 +0000] "GET /rosemary/zone1/currentUser/la HTTP/1.1" 200 - "-" "Mozilla/5.0 (Windows NT 10.0; Win64; x64) AppleWebKit/537.36 (KHTML, like Gecko) Chrome/77.0.3865.90 Safari/537.36"
::ffff:192.168.0.1 - - [06/Oct/2019:13:59:11 +0000] "OPTIONS /rosemary/zone1/state/la HTTP/1.1" 200 2 "http://114.71.220.111:3030/app/cam_kiosk.html" "Mozilla/5.0 (Linux; Android 9; SM-T510) AppleWebKit/537.36 (KHTML, like Gecko) Chrome/77.0.3865.92 Safari/537.36"
::ffff:192.168.0.1 - - [06/Oct/2019:13:59:11 +0000] "GET /rosemary/zone1/state/la HTTP/1.1" 200 - "http://114.71.220.111:3030/app/cam_kiosk.html" "Mozilla/5.0 (Linux; Android 9; SM-T510) AppleWebKit/537.36 (KHTML, like Gecko) Chrome/77.0.3865.92 Safari/537.36"
::ffff:192.168.0.1 - - [06/Oct/2019:13:59:12 +0000] "OPTIONS /rosemary/zone2/state/la HTTP/1.1" 200 2 "http://114.71.220.111:3030/app/cam_kiosk.html" "Mozilla/5.0 (Linux; Android 9; SM-T510) AppleWebKit/537.36 (KHTML, like Gecko) Chrome/77.0.3865.92 Safari/537.36"
::ffff:192.168.0.1 - - [06/Oct/2019:13:59:12 +0000] "GET /rosemary/zone2/state/la HTTP/1.1" 404 - "http://114.71.220.111:3030/app/cam_kiosk.html" "Mozilla/5.0 (Linux; Android 9; SM-T510) AppleWebKit/537.36 (KHTML, like Gecko) Chrome/77.0.3865.92 Safari/537.36"
::ffff:192.168.0.33 - - [06/Oct/2019:13:59:14 +0000] "OPTIONS /rosemary/zone1/currentUser HTTP/1.1" 200 2 "http://114.71.220.111:3030/app/camera.html" "Mozilla/5.0 (Linux; Android 9; SM-T510) AppleWebKit/537.36 (KHTML, like Gecko) Chrome/77.0.3865.92 Safari/537.36"
::ffff:192.168.0.33 - - [06/Oct/2019:13:59:14 +0000] "OPTIONS /rosemary/zone1 HTTP/1.1" 200 2 "http://114.71.220.111:3030/app/camera.html" "Mozilla/5.0 (Linux; Android 9; SM-T510) AppleWebKit/537.36 (KHTML, like Gecko) Chrome/77.0.3865.92 Safari/537.36"
::ffff:192.168.0.33 - - [06/Oct/2019:13:59:14 +0000] "OPTIONS /rosemary/zone1/state HTTP/1.1" 200 2 "http://114.71.220.111:3030/app/camera.html" "Mozilla/5.0 (Linux; Android 9; SM-T510) AppleWebKit/537.36 (KHTML, like Gecko) Chrome/77.0.3865.92 Safari/537.36"
::ffff:192.168.0.33 - - [06/Oct/2019:13:59:14 +0000] "POST /rosemary/zone1 HTTP/1.1" 201 - "http://114.71.220.111:3030/app/camera.html" "Mozilla/5.0 (Linux; Android 9; SM-T510) AppleWebKit/537.36 (KHTML, like Gecko) Chrome/77.0.3865.92 Safari/537.36"
::ffff:192.168.0.33 - - [06/Oct/2019:13:59:14 +0000] "POST /rosemary/zone1/state HTTP/1.1" 201 - "http://114.71.220.111:3030/app/camera.html" "Mozilla/5.0 (Linux; Android 9; SM-T510) AppleWebKit/537.36 (KHTML, like Gecko) Chrome/77.0.3865.92 Safari/537.36"
::ffff:192.168.0.33 - - [06/Oct/2019:13:59:14 +0000] "POST /rosemary/zone1/currentUser HTTP/1.1" 201 - "http://114.71.220.111:3030/app/camera.html" "Mozilla/5.0 (Linux; Android 9; SM-T510) AppleWebKit/537.36 (KHTML, like Gecko) Chrome/77.0.3865.92 Safari/537.36"
::ffff:192.168.0.6 - - [06/Oct/2019:13:59:15 +0000] "POST /rosemary/zone1/YMF2LM HTTP/1.1" 201 - "-" "-"
::ffff:192.168.0.2 - - [06/Oct/2019:13:59:15 +0000] "POST /rosemary/zone1/YMF2LM HTTP/1.1" 409 - "-" "-"
::ffff:192.168.0.2 - - [06/Oct/2019:13:59:15 +0000] "DELETE /rosemary/zone1/YMF2LM/mobiususer02.MOBIUS.BROWSER.APP_sub HTTP/1.1" 200 - "-" "-"
::ffff:192.168.0.2 - - [06/Oct/2019:13:59:15 +0000] "POST /rosemary/zone1/YMF2LM HTTP/1.1" 201 - "-" "-"
::ffff:192.168.0.2 - - [06/Oct/2019:13:59:15 +0000] "POST /rosemary/zone1/YMF2LM HTTP/1.1" 409 - "-" "-"
::ffff:192.168.0.2 - - [06/Oct/2019:13:59:15 +0000] "DELETE /rosemary/zone1/YMF2LM/mobiususer02.MOBIUS.BROWSER.APP_sub HTTP/1.1" 200 - "-" "-"
::ffff:192.168.0.2 - - [06/Oct/2019:13:59:15 +0000] "POST /rosemary/zone1/YMF2LM HTTP/1.1" 201 - "-" "-"
::ffff:192.168.0.2 - - [06/Oct/2019:13:59:15 +0000] "POST /rosemary/zone1/YMF2LM HTTP/1.1" 409 - "-" "-"
::ffff:192.168.0.2 - - [06/Oct/2019:13:59:15 +0000] "DELETE /rosemary/zone1/YMF2LM/mobiususer02.MOBIUS.BROWSER.APP_sub HTTP/1.1" 200 - "-" "-"
::ffff:192.168.0.2 - - [06/Oct/2019:13:59:16 +0000] "POST /rosemary/zone1/YMF2LM HTTP/1.1" 201 - "-" "-"
::ffff:192.168.0.2 - - [06/Oct/2019:13:59:16 +0000] "POST /rosemary/zone1/YMF2LM HTTP/1.1" 409 - "-" "-"
::ffff:192.168.0.2 - - [06/Oct/2019:13:59:16 +0000] "DELETE /rosemary/zone1/YMF2LM/mobiususer02.MOBIUS.BROWSER.APP_sub HTTP/1.1" 200 - "-" "-"
::ffff:192.168.0.2 - - [06/Oct/2019:13:59:16 +0000] "POST /rosemary/zone1/YMF2LM HTTP/1.1" 201 - "-" "-"
::ffff:192.168.0.2 - - [06/Oct/2019:13:59:16 +0000] "POST /rosemary/zone1/YMF2LM HTTP/1.1" 409 - "-" "-"
::ffff:192.168.0.2 - - [06/Oct/2019:13:59:16 +0000] "DELETE /rosemary/zone1/YMF2LM/mobiususer02.MOBIUS.BROWSER.APP_sub HTTP/1.1" 200 - "-" "-"
::ffff:192.168.0.2 - - [06/Oct/2019:13:59:16 +0000] "POST /rosemary/zone1/YMF2LM HTTP/1.1" 201 - "-" "-"
::ffff:192.168.0.33 - - [06/Oct/2019:13:59:18 +0000] "OPTIONS /rosemary/zone1/currentUser/la HTTP/1.1" 200 2 "http://114.71.220.111:3030/app/slide0.html" "Mozilla/5.0 (Linux; Android 9; SM-T510) AppleWebKit/537.36 (KHTML, like Gecko) Chrome/77.0.3865.92 Safari/537.36"
::ffff:192.168.0.33 - - [06/Oct/2019:13:59:19 +0000] "GET /rosemary/zone1/currentUser/la HTTP/1.1" 200 - "http://114.71.220.111:3030/app/slide0.html" "Mozilla/5.0 (Linux; Android 9; SM-T510) AppleWebKit/537.36 (KHTML, like Gecko) Chrome/77.0.3865.92 Safari/537.36"
::ffff:192.168.0.33 - - [06/Oct/2019:13:59:19 +0000] "OPTIONS /rosemary/zone1/YMF2LM?lim=10&rcn=4 HTTP/1.1" 200 2 "http://114.71.220.111:3030/app/slide0.html" "Mozilla/5.0 (Linux; Android 9; SM-T510) AppleWebKit/537.36 (KHTML, like Gecko) Chrome/77.0.3865.92 Safari/537.36"
::ffff:192.168.0.33 - - [06/Oct/2019:13:59:19 +0000] "GET /rosemary/zone1/YMF2LM?lim=10&rcn=4 HTTP/1.1" 200 - "http://114.71.220.111:3030/app/slide0.html" "Mozilla/5.0 (Linux; Android 9; SM-T510) AppleWebKit/537.36 (KHTML, like Gecko) Chrome/77.0.3865.92 Safari/537.36"
::ffff:192.168.0.33 - - [06/Oct/2019:13:59:22 +0000] "OPTIONS /rosemary/zone1/cam1 HTTP/1.1" 200 2 "http://114.71.220.111:3030/app/slide0.html" "Mozilla/5.0 (Linux; Android 9; SM-T510) AppleWebKit/537.36 (KHTML, like Gecko) Chrome/77.0.3865.92 Safari/537.36"
::ffff:192.168.0.33 - - [06/Oct/2019:13:59:22 +0000] "POST /rosemary/zone1/cam1 HTTP/1.1" 201 - "http://114.71.220.111:3030/app/slide0.html" "Mozilla/5.0 (Linux; Android 9; SM-T510) AppleWebKit/537.36 (KHTML, like Gecko) Chrome/77.0.3865.92 Safari/537.36"
::ffff:192.168.0.1 - - [06/Oct/2019:13:59:22 +0000] "POST /rosemary/zone1/YMF2LM HTTP/1.1" 201 - "-" "-"
::ffff:192.168.0.33 - - [06/Oct/2019:13:59:23 +0000] "GET /rosemary/zone1/currentUser/la HTTP/1.1" 200 - "http://114.71.220.111:3030/app/slide0.html" "Mozilla/5.0 (Linux; Android 9; SM-T510) AppleWebKit/537.36 (KHTML, like Gecko) Chrome/77.0.3865.92 Safari/537.36"
::ffff:192.168.0.33 - - [06/Oct/2019:13:59:23 +0000] "GET /rosemary/zone1/YMF2LM?lim=10&rcn=4 HTTP/1.1" 200 - "http://114.71.220.111:3030/app/slide0.html" "Mozilla/5.0 (Linux; Android 9; SM-T510) AppleWebKit/537.36 (KHTML, like Gecko) Chrome/77.0.3865.92 Safari/537.36"
::ffff:192.168.0.33 - - [06/Oct/2019:13:59:24 +0000] "POST /rosemary/zone1/cam1 HTTP/1.1" 201 - "http://114.71.220.111:3030/app/slide0.html" "Mozilla/5.0 (Linux; Android 9; SM-T510) AppleWebKit/537.36 (KHTML, like Gecko) Chrome/77.0.3865.92 Safari/537.36"
::ffff:192.168.0.1 - - [06/Oct/2019:13:59:24 +0000] "POST /rosemary/zone1/YMF2LM HTTP/1.1" 201 - "-" "-"
::ffff:192.168.0.33 - - [06/Oct/2019:13:59:24 +0000] "POST /rosemary/zone1/cam1 HTTP/1.1" 201 - "http://114.71.220.111:3030/app/slide0.html" "Mozilla/5.0 (Linux; Android 9; SM-T510) AppleWebKit/537.36 (KHTML, like Gecko) Chrome/77.0.3865.92 Safari/537.36"
::ffff:192.168.0.1 - - [06/Oct/2019:13:59:25 +0000] "POST /rosemary/zone1/YMF2LM HTTP/1.1" 201 - "-" "-"
::ffff:192.168.0.33 - - [06/Oct/2019:13:59:25 +0000] "POST /rosemary/zone1/cam1 HTTP/1.1" 201 - "http://114.71.220.111:3030/app/slide0.html" "Mozilla/5.0 (Linux; Android 9; SM-T510) AppleWebKit/537.36 (KHTML, like Gecko) Chrome/77.0.3865.92 Safari/537.36"
::ffff:192.168.0.33 - - [06/Oct/2019:13:59:25 +0000] "POST /rosemary/zone1/cam1 HTTP/1.1" 201 - "http://114.71.220.111:3030/app/slide0.html" "Mozilla/5.0 (Linux; Android 9; SM-T510) AppleWebKit/537.36 (KHTML, like Gecko) Chrome/77.0.3865.92 Safari/537.36"
::ffff:192.168.0.1 - - [06/Oct/2019:13:59:25 +0000] "POST /rosemary/zone1/YMF2LM HTTP/1.1" 201 - "-" "-"
::ffff:192.168.0.33 - - [06/Oct/2019:13:59:25 +0000] "OPTIONS /rosemary/zone1/currentUser/la HTTP/1.1" 200 2 "http://114.71.220.111:3030/app/slide0.html" "Mozilla/5.0 (Linux; Android 9; SM-T510) AppleWebKit/537.36 (KHTML, like Gecko) Chrome/77.0.3865.92 Safari/537.36"
::ffff:192.168.0.33 - - [06/Oct/2019:13:59:25 +0000] "GET /rosemary/zone1/currentUser/la HTTP/1.1" 200 - "http://114.71.220.111:3030/app/slide0.html" "Mozilla/5.0 (Linux; Android 9; SM-T510) AppleWebKit/537.36 (KHTML, like Gecko) Chrome/77.0.3865.92 Safari/537.36"
::ffff:192.168.0.33 - - [06/Oct/2019:13:59:25 +0000] "OPTIONS /rosemary/zone1/YMF2LM?lim=10&rcn=4 HTTP/1.1" 200 2 "http://114.71.220.111:3030/app/slide0.html" "Mozilla/5.0 (Linux; Android 9; SM-T510) AppleWebKit/537.36 (KHTML, like Gecko) Chrome/77.0.3865.92 Safari/537.36"
::ffff:192.168.0.33 - - [06/Oct/2019:13:59:25 +0000] "GET /rosemary/zone1/YMF2LM?lim=10&rcn=4 HTTP/1.1" 200 - "http://114.71.220.111:3030/app/slide0.html" "Mozilla/5.0 (Linux; Android 9; SM-T510) AppleWebKit/537.36 (KHTML, like Gecko) Chrome/77.0.3865.92 Safari/537.36"
::ffff:192.168.0.1 - - [06/Oct/2019:13:59:25 +0000] "POST /rosemary/zone1/YMF2LM HTTP/1.1" 201 - "-" "-"
::ffff:192.168.0.33 - - [06/Oct/2019:13:59:30 +0000] "OPTIONS /rosemary/zone1/state HTTP/1.1" 200 2 "http://114.71.220.111:3030/app/gallery.html" "Mozilla/5.0 (Linux; Android 9; SM-T510) AppleWebKit/537.36 (KHTML, like Gecko) Chrome/77.0.3865.92 Safari/537.36"
::ffff:192.168.0.33 - - [06/Oct/2019:13:59:30 +0000] "GET /rosemary/zone1/currentUser/la HTTP/1.1" 200 - "http://114.71.220.111:3030/app/gallery.html" "Mozilla/5.0 (Linux; Android 9; SM-T510) AppleWebKit/537.36 (KHTML, like Gecko) Chrome/77.0.3865.92 Safari/537.36"
::ffff:192.168.0.33 - - [06/Oct/2019:13:59:31 +0000] "POST /rosemary/zone1/state HTTP/1.1" 201 - "http://114.71.220.111:3030/app/gallery.html" "Mozilla/5.0 (Linux; Android 9; SM-T510) AppleWebKit/537.36 (KHTML, like Gecko) Chrome/77.0.3865.92 Safari/537.36"
::ffff:192.168.0.33 - - [06/Oct/2019:13:59:40 +0000] "OPTIONS /rosemary/zone1/email HTTP/1.1" 200 2 "http://114.71.220.111:3030/app/gallery.html" "Mozilla/5.0 (Linux; Android 9; SM-T510) AppleWebKit/537.36 (KHTML, like Gecko) Chrome/77.0.3865.92 Safari/537.36"
::ffff:192.168.0.33 - - [06/Oct/2019:13:59:41 +0000] "POST /rosemary/zone1/email HTTP/1.1" 201 - "http://114.71.220.111:3030/app/gallery.html" "Mozilla/5.0 (Linux; Android 9; SM-T510) AppleWebKit/537.36 (KHTML, like Gecko) Chrome/77.0.3865.92 Safari/537.36"
::ffff:192.168.0.33 - - [06/Oct/2019:13:59:54 +0000] "OPTIONS /rosemary/zone1/state HTTP/1.1" 200 2 "http://114.71.220.111:3030/app/gallery.html" "Mozilla/5.0 (Linux; Android 9; SM-T510) AppleWebKit/537.36 (KHTML, like Gecko) Chrome/77.0.3865.92 Safari/537.36"
::ffff:192.168.0.33 - - [06/Oct/2019:13:59:54 +0000] "OPTIONS /rosemary/zone1/currentUser/la HTTP/1.1" 200 2 "http://114.71.220.111:3030/app/gallery.html" "Mozilla/5.0 (Linux; Android 9; SM-T510) AppleWebKit/537.36 (KHTML, like Gecko) Chrome/77.0.3865.92 Safari/537.36"
::ffff:192.168.0.33 - - [06/Oct/2019:13:59:54 +0000] "POST /rosemary/zone1/state HTTP/1.1" 201 - "http://114.71.220.111:3030/app/gallery.html" "Mozilla/5.0 (Linux; Android 9; SM-T510) AppleWebKit/537.36 (KHTML, like Gecko) Chrome/77.0.3865.92 Safari/537.36"
::ffff:192.168.0.33 - - [06/Oct/2019:13:59:56 +0000] "OPTIONS /rosemary/zone1/email HTTP/1.1" 200 2 "http://114.71.220.111:3030/app/gallery.html" "Mozilla/5.0 (Linux; Android 9; SM-T510) AppleWebKit/537.36 (KHTML, like Gecko) Chrome/77.0.3865.92 Safari/537.36"
::ffff:192.168.0.33 - - [06/Oct/2019:13:59:57 +0000] "POST /rosemary/zone1/email HTTP/1.1" 201 - "http://114.71.220.111:3030/app/gallery.html" "Mozilla/5.0 (Linux; Android 9; SM-T510) AppleWebKit/537.36 (KHTML, like Gecko) Chrome/77.0.3865.92 Safari/537.36"
::ffff:192.168.0.33 - - [06/Oct/2019:14:00:56 +0000] "OPTIONS /rosemary/zone2/currentUser/la HTTP/1.1" 200 2 "http://114.71.220.111:3030/app/webserver/gallery_web.html?index=YMF2LM" "Mozilla/5.0 (Linux; Android 9; SM-T510) AppleWebKit/537.36 (KHTML, like Gecko) Chrome/77.0.3865.92 Safari/537.36"
::ffff:192.168.0.33 - - [06/Oct/2019:14:00:57 +0000] "GET /rosemary/zone2/currentUser/la HTTP/1.1" 200 - "http://114.71.220.111:3030/app/webserver/gallery_web.html?index=YMF2LM" "Mozilla/5.0 (Linux; Android 9; SM-T510) AppleWebKit/537.36 (KHTML, like Gecko) Chrome/77.0.3865.92 Safari/537.36"
::ffff:192.168.0.33 - - [06/Oct/2019:14:00:59 +0000] "GET /rosemary/zone2/currentUser/la HTTP/1.1" 200 - "http://114.71.220.111:3030/app/webserver/gallery_web.html?index=YMF2LM" "Mozilla/5.0 (Linux; Android 9; SM-T510) AppleWebKit/537.36 (KHTML, like Gecko) Chrome/77.0.3865.92 Safari/537.36"
::ffff:192.168.0.33 - - [06/Oct/2019:14:01:03 +0000] "OPTIONS /rosemary/zone2/currentUser/la HTTP/1.1" 200 2 "http://114.71.220.111:3030/app/webserver/gallery_web.html?index=YMF2LM" "Mozilla/5.0 (Linux; Android 9; SM-T510) AppleWebKit/537.36 (KHTML, like Gecko) Chrome/77.0.3865.92 Safari/537.36"
::ffff:192.168.0.33 - - [06/Oct/2019:14:01:04 +0000] "GET /rosemary/zone2/currentUser/la HTTP/1.1" 200 - "http://114.71.220.111:3030/app/webserver/gallery_web.html?index=YMF2LM" "Mozilla/5.0 (Linux; Android 9; SM-T510) AppleWebKit/537.36 (KHTML, like Gecko) Chrome/77.0.3865.92 Safari/537.36"
::ffff:192.168.0.33 - - [06/Oct/2019:14:01:31 +0000] "OPTIONS /rosemary/zone2/currentUser/la HTTP/1.1" 200 2 "http://114.71.220.111:3030/app/webserver/gallery_web.html?index=YMF2LM" "Mozilla/5.0 (Linux; Android 9; SM-T510) AppleWebKit/537.36 (KHTML, like Gecko) Chrome/77.0.3865.92 Safari/537.36"
::ffff:192.168.0.33 - - [06/Oct/2019:14:01:31 +0000] "GET /rosemary/zone2/currentUser/la HTTP/1.1" 200 - "http://114.71.220.111:3030/app/webserver/gallery_web.html?index=YMF2LM" "Mozilla/5.0 (Linux; Android 9; SM-T510) AppleWebKit/537.36 (KHTML, like Gecko) Chrome/77.0.3865.92 Safari/537.36"
::ffff:192.168.0.33 - - [06/Oct/2019:14:01:33 +0000] "GET /rosemary/zone2/currentUser/la HTTP/1.1" 200 - "http://114.71.220.111:3030/app/webserver/gallery_web.html?index=YMF2LM" "Mozilla/5.0 (Linux; Android 9; SM-T510) AppleWebKit/537.36 (KHTML, like Gecko) Chrome/77.0.3865.92 Safari/537.36"
::ffff:192.168.0.33 - - [06/Oct/2019:14:02:17 +0000] "OPTIONS /rosemary/zone2/currentUser/la HTTP/1.1" 200 2 "http://114.71.220.111:3030/app/webserver/gallery_web.html?index=YMF2LM" "Mozilla/5.0 (Linux; Android 9; SM-T510) AppleWebKit/537.36 (KHTML, like Gecko) Chrome/77.0.3865.92 Safari/537.36"
::ffff:192.168.0.33 - - [06/Oct/2019:14:02:17 +0000] "GET /rosemary/zone2/currentUser/la HTTP/1.1" 200 - "http://114.71.220.111:3030/app/webserver/gallery_web.html?index=YMF2LM" "Mozilla/5.0 (Linux; Android 9; SM-T510) AppleWebKit/537.36 (KHTML, like Gecko) Chrome/77.0.3865.92 Safari/537.36"
::ffff:192.168.0.33 - - [06/Oct/2019:14:02:21 +0000] "GET /rosemary/zone2/currentUser/la HTTP/1.1" 200 - "http://114.71.220.111:3030/app/webserver/gallery_web.html?index=YMF2LM" "Mozilla/5.0 (Linux; Android 9; SM-T510) AppleWebKit/537.36 (KHTML, like Gecko) Chrome/77.0.3865.92 Safari/537.36"
::ffff:192.168.0.33 - - [06/Oct/2019:14:02:23 +0000] "OPTIONS /rosemary/zone2/currentUser/la HTTP/1.1" 200 2 "http://114.71.220.111:3030/app/webserver/gallery_web.html?index=YMF2LM" "Mozilla/5.0 (Linux; Android 9; SM-T510) AppleWebKit/537.36 (KHTML, like Gecko) Chrome/77.0.3865.92 Safari/537.36"
::ffff:192.168.0.33 - - [06/Oct/2019:14:02:23 +0000] "GET /rosemary/zone2/currentUser/la HTTP/1.1" 200 - "http://114.71.220.111:3030/app/webserver/gallery_web.html?index=YMF2LM" "Mozilla/5.0 (Linux; Android 9; SM-T510) AppleWebKit/537.36 (KHTML, like Gecko) Chrome/77.0.3865.92 Safari/537.36"
::ffff:192.168.0.33 - - [06/Oct/2019:14:02:33 +0000] "OPTIONS /rosemary/zone1/state HTTP/1.1" 200 2 "http://114.71.220.111:3030/app/webserver/gallery_web.html?index=YMF2LM" "Mozilla/5.0 (Linux; Android 9; SM-T510) AppleWebKit/537.36 (KHTML, like Gecko) Chrome/77.0.3865.92 Safari/537.36"
::ffff:192.168.0.33 - - [06/Oct/2019:14:02:33 +0000] "OPTIONS /rosemary/zone1/currentUser/la HTTP/1.1" 200 2 "http://114.71.220.111:3030/app/webserver/gallery_web.html?index=YMF2LM" "Mozilla/5.0 (Linux; Android 9; SM-T510) AppleWebKit/537.36 (KHTML, like Gecko) Chrome/77.0.3865.92 Safari/537.36"
::ffff:192.168.0.33 - - [06/Oct/2019:14:02:33 +0000] "GET /rosemary/zone1/currentUser/la HTTP/1.1" 200 - "http://114.71.220.111:3030/app/webserver/gallery_web.html?index=YMF2LM" "Mozilla/5.0 (Linux; Android 9; SM-T510) AppleWebKit/537.36 (KHTML, like Gecko) Chrome/77.0.3865.92 Safari/537.36"
::ffff:192.168.0.33 - - [06/Oct/2019:14:02:34 +0000] "POST /rosemary/zone1/state HTTP/1.1" 201 - "http://114.71.220.111:3030/app/webserver/gallery_web.html?index=YMF2LM" "Mozilla/5.0 (Linux; Android 9; SM-T510) AppleWebKit/537.36 (KHTML, like Gecko) Chrome/77.0.3865.92 Safari/537.36"
