::ffff:192.168.0.33 - - [22/Sep/2019:13:43:25 +0000] "OPTIONS /rosemary/zone1/currentUser/la HTTP/1.1" 200 2 "http://192.168.0.11/test/slide0.html" "Mozilla/5.0 (Linux; Android 9; SM-T510) AppleWebKit/537.36 (KHTML, like Gecko) Chrome/76.0.3809.132 Safari/537.36"
::ffff:192.168.0.33 - - [22/Sep/2019:13:43:25 +0000] "GET /rosemary/zone1/currentUser/la HTTP/1.1" 200 - "http://192.168.0.11/test/slide0.html" "Mozilla/5.0 (Linux; Android 9; SM-T510) AppleWebKit/537.36 (KHTML, like Gecko) Chrome/76.0.3809.132 Safari/537.36"
::ffff:192.168.0.33 - - [22/Sep/2019:13:43:25 +0000] "OPTIONS /rosemary/zone1/1234?lim=10&rcn=4 HTTP/1.1" 200 2 "http://192.168.0.11/test/slide0.html" "Mozilla/5.0 (Linux; Android 9; SM-T510) AppleWebKit/537.36 (KHTML, like Gecko) Chrome/76.0.3809.132 Safari/537.36"
::ffff:192.168.0.33 - - [22/Sep/2019:13:43:25 +0000] "GET /rosemary/zone1/1234?lim=10&rcn=4 HTTP/1.1" 200 - "http://192.168.0.11/test/slide0.html" "Mozilla/5.0 (Linux; Android 9; SM-T510) AppleWebKit/537.36 (KHTML, like Gecko) Chrome/76.0.3809.132 Safari/537.36"
::ffff:192.168.0.33 - - [22/Sep/2019:13:43:26 +0000] "OPTIONS /rosemary/zone1/currentUser HTTP/1.1" 200 2 "http://192.168.0.11/test/slide0.html" "Mozilla/5.0 (Linux; Android 9; SM-T510) AppleWebKit/537.36 (KHTML, like Gecko) Chrome/76.0.3809.132 Safari/537.36"
::ffff:192.168.0.33 - - [22/Sep/2019:13:43:26 +0000] "OPTIONS /rosemary/zone1 HTTP/1.1" 200 2 "http://192.168.0.11/test/slide0.html" "Mozilla/5.0 (Linux; Android 9; SM-T510) AppleWebKit/537.36 (KHTML, like Gecko) Chrome/76.0.3809.132 Safari/537.36"
::ffff:192.168.0.33 - - [22/Sep/2019:13:43:26 +0000] "OPTIONS /rosemary/zone1/state HTTP/1.1" 200 2 "http://192.168.0.11/test/slide0.html" "Mozilla/5.0 (Linux; Android 9; SM-T510) AppleWebKit/537.36 (KHTML, like Gecko) Chrome/76.0.3809.132 Safari/537.36"
::ffff:192.168.0.33 - - [22/Sep/2019:13:43:26 +0000] "POST /rosemary/zone1/currentUser HTTP/1.1" 201 - "http://192.168.0.11/test/slide0.html" "Mozilla/5.0 (Linux; Android 9; SM-T510) AppleWebKit/537.36 (KHTML, like Gecko) Chrome/76.0.3809.132 Safari/537.36"
::ffff:192.168.0.33 - - [22/Sep/2019:13:43:26 +0000] "POST /rosemary/zone1 HTTP/1.1" 409 - "http://192.168.0.11/test/slide0.html" "Mozilla/5.0 (Linux; Android 9; SM-T510) AppleWebKit/537.36 (KHTML, like Gecko) Chrome/76.0.3809.132 Safari/537.36"
::ffff:192.168.0.33 - - [22/Sep/2019:13:43:26 +0000] "POST /rosemary/zone1/state HTTP/1.1" 201 - "http://192.168.0.11/test/slide0.html" "Mozilla/5.0 (Linux; Android 9; SM-T510) AppleWebKit/537.36 (KHTML, like Gecko) Chrome/76.0.3809.132 Safari/537.36"
::ffff:192.168.0.33 - - [22/Sep/2019:13:43:28 +0000] "OPTIONS /rosemary/zone1/cam1 HTTP/1.1" 200 2 "http://192.168.0.11/test/slide0.html" "Mozilla/5.0 (Linux; Android 9; SM-T510) AppleWebKit/537.36 (KHTML, like Gecko) Chrome/76.0.3809.132 Safari/537.36"
::ffff:192.168.0.33 - - [22/Sep/2019:13:43:29 +0000] "POST /rosemary/zone1/cam1 HTTP/1.1" 201 - "http://192.168.0.11/test/slide0.html" "Mozilla/5.0 (Linux; Android 9; SM-T510) AppleWebKit/537.36 (KHTML, like Gecko) Chrome/76.0.3809.132 Safari/537.36"
::ffff:192.168.0.1 - - [22/Sep/2019:13:43:29 +0000] "POST /rosemary/zone1/1234 HTTP/1.1" 201 - "-" "-"
::ffff:192.168.0.33 - - [22/Sep/2019:13:43:30 +0000] "GET /rosemary/zone1/currentUser/la HTTP/1.1" 200 - "http://192.168.0.11/test/slide0.html" "Mozilla/5.0 (Linux; Android 9; SM-T510) AppleWebKit/537.36 (KHTML, like Gecko) Chrome/76.0.3809.132 Safari/537.36"
::ffff:192.168.0.33 - - [22/Sep/2019:13:43:30 +0000] "GET /rosemary/zone1/1234?lim=10&rcn=4 HTTP/1.1" 200 - "http://192.168.0.11/test/slide0.html" "Mozilla/5.0 (Linux; Android 9; SM-T510) AppleWebKit/537.36 (KHTML, like Gecko) Chrome/76.0.3809.132 Safari/537.36"
::ffff:192.168.0.33 - - [22/Sep/2019:13:43:32 +0000] "OPTIONS /rosemary/zone1/currentUser HTTP/1.1" 200 2 "http://192.168.0.11/test/slide0.html" "Mozilla/5.0 (Linux; Android 9; SM-T510) AppleWebKit/537.36 (KHTML, like Gecko) Chrome/76.0.3809.132 Safari/537.36"
::ffff:192.168.0.33 - - [22/Sep/2019:13:43:32 +0000] "OPTIONS /rosemary/zone1 HTTP/1.1" 200 2 "http://192.168.0.11/test/slide0.html" "Mozilla/5.0 (Linux; Android 9; SM-T510) AppleWebKit/537.36 (KHTML, like Gecko) Chrome/76.0.3809.132 Safari/537.36"
::ffff:192.168.0.33 - - [22/Sep/2019:13:43:32 +0000] "OPTIONS /rosemary/zone1/state HTTP/1.1" 200 2 "http://192.168.0.11/test/slide0.html" "Mozilla/5.0 (Linux; Android 9; SM-T510) AppleWebKit/537.36 (KHTML, like Gecko) Chrome/76.0.3809.132 Safari/537.36"
::ffff:192.168.0.33 - - [22/Sep/2019:13:43:32 +0000] "POST /rosemary/zone1 HTTP/1.1" 409 - "http://192.168.0.11/test/slide0.html" "Mozilla/5.0 (Linux; Android 9; SM-T510) AppleWebKit/537.36 (KHTML, like Gecko) Chrome/76.0.3809.132 Safari/537.36"
::ffff:192.168.0.33 - - [22/Sep/2019:13:43:32 +0000] "POST /rosemary/zone1/currentUser HTTP/1.1" 201 - "http://192.168.0.11/test/slide0.html" "Mozilla/5.0 (Linux; Android 9; SM-T510) AppleWebKit/537.36 (KHTML, like Gecko) Chrome/76.0.3809.132 Safari/537.36"
::ffff:192.168.0.33 - - [22/Sep/2019:13:43:32 +0000] "POST /rosemary/zone1/state HTTP/1.1" 201 - "http://192.168.0.11/test/slide0.html" "Mozilla/5.0 (Linux; Android 9; SM-T510) AppleWebKit/537.36 (KHTML, like Gecko) Chrome/76.0.3809.132 Safari/537.36"
::ffff:192.168.0.33 - - [22/Sep/2019:13:43:34 +0000] "OPTIONS /rosemary/zone1/cam1 HTTP/1.1" 200 2 "http://192.168.0.11/test/slide0.html" "Mozilla/5.0 (Linux; Android 9; SM-T510) AppleWebKit/537.36 (KHTML, like Gecko) Chrome/76.0.3809.132 Safari/537.36"
::ffff:192.168.0.33 - - [22/Sep/2019:13:43:34 +0000] "POST /rosemary/zone1/cam1 HTTP/1.1" 201 - "http://192.168.0.11/test/slide0.html" "Mozilla/5.0 (Linux; Android 9; SM-T510) AppleWebKit/537.36 (KHTML, like Gecko) Chrome/76.0.3809.132 Safari/537.36"
::ffff:192.168.0.33 - - [22/Sep/2019:13:43:36 +0000] "POST /rosemary/zone1/cam1 HTTP/1.1" 201 - "http://192.168.0.11/test/slide0.html" "Mozilla/5.0 (Linux; Android 9; SM-T510) AppleWebKit/537.36 (KHTML, like Gecko) Chrome/76.0.3809.132 Safari/537.36"
::ffff:192.168.0.33 - - [22/Sep/2019:13:43:39 +0000] "POST /rosemary/zone1/cam1 HTTP/1.1" 201 - "http://192.168.0.11/test/slide0.html" "Mozilla/5.0 (Linux; Android 9; SM-T510) AppleWebKit/537.36 (KHTML, like Gecko) Chrome/76.0.3809.132 Safari/537.36"
::ffff:192.168.0.1 - - [22/Sep/2019:13:43:39 +0000] "POST /rosemary/zone1/1234 HTTP/1.1" 201 - "-" "-"
::ffff:192.168.0.33 - - [22/Sep/2019:13:43:40 +0000] "OPTIONS /rosemary/zone1/currentUser/la HTTP/1.1" 200 2 "http://192.168.0.11/test/slide0.html" "Mozilla/5.0 (Linux; Android 9; SM-T510) AppleWebKit/537.36 (KHTML, like Gecko) Chrome/76.0.3809.132 Safari/537.36"
::ffff:192.168.0.33 - - [22/Sep/2019:13:43:40 +0000] "GET /rosemary/zone1/currentUser/la HTTP/1.1" 200 - "http://192.168.0.11/test/slide0.html" "Mozilla/5.0 (Linux; Android 9; SM-T510) AppleWebKit/537.36 (KHTML, like Gecko) Chrome/76.0.3809.132 Safari/537.36"
::ffff:192.168.0.33 - - [22/Sep/2019:13:43:40 +0000] "OPTIONS /rosemary/zone1/1234?lim=10&rcn=4 HTTP/1.1" 200 2 "http://192.168.0.11/test/slide0.html" "Mozilla/5.0 (Linux; Android 9; SM-T510) AppleWebKit/537.36 (KHTML, like Gecko) Chrome/76.0.3809.132 Safari/537.36"
::ffff:192.168.0.33 - - [22/Sep/2019:13:43:40 +0000] "GET /rosemary/zone1/1234?lim=10&rcn=4 HTTP/1.1" 200 - "http://192.168.0.11/test/slide0.html" "Mozilla/5.0 (Linux; Android 9; SM-T510) AppleWebKit/537.36 (KHTML, like Gecko) Chrome/76.0.3809.132 Safari/537.36"
::ffff:192.168.0.33 - - [22/Sep/2019:13:43:41 +0000] "OPTIONS /rosemary/zone1/currentUser HTTP/1.1" 200 2 "http://192.168.0.11/test/slide0.html" "Mozilla/5.0 (Linux; Android 9; SM-T510) AppleWebKit/537.36 (KHTML, like Gecko) Chrome/76.0.3809.132 Safari/537.36"
::ffff:192.168.0.33 - - [22/Sep/2019:13:43:41 +0000] "OPTIONS /rosemary/zone1 HTTP/1.1" 200 2 "http://192.168.0.11/test/slide0.html" "Mozilla/5.0 (Linux; Android 9; SM-T510) AppleWebKit/537.36 (KHTML, like Gecko) Chrome/76.0.3809.132 Safari/537.36"
::ffff:192.168.0.33 - - [22/Sep/2019:13:43:41 +0000] "OPTIONS /rosemary/zone1/state HTTP/1.1" 200 2 "http://192.168.0.11/test/slide0.html" "Mozilla/5.0 (Linux; Android 9; SM-T510) AppleWebKit/537.36 (KHTML, like Gecko) Chrome/76.0.3809.132 Safari/537.36"
::ffff:192.168.0.33 - - [22/Sep/2019:13:43:41 +0000] "POST /rosemary/zone1 HTTP/1.1" 409 - "http://192.168.0.11/test/slide0.html" "Mozilla/5.0 (Linux; Android 9; SM-T510) AppleWebKit/537.36 (KHTML, like Gecko) Chrome/76.0.3809.132 Safari/537.36"
::ffff:192.168.0.33 - - [22/Sep/2019:13:43:41 +0000] "POST /rosemary/zone1/currentUser HTTP/1.1" 201 - "http://192.168.0.11/test/slide0.html" "Mozilla/5.0 (Linux; Android 9; SM-T510) AppleWebKit/537.36 (KHTML, like Gecko) Chrome/76.0.3809.132 Safari/537.36"
::ffff:192.168.0.33 - - [22/Sep/2019:13:43:41 +0000] "POST /rosemary/zone1/state HTTP/1.1" 201 - "http://192.168.0.11/test/slide0.html" "Mozilla/5.0 (Linux; Android 9; SM-T510) AppleWebKit/537.36 (KHTML, like Gecko) Chrome/76.0.3809.132 Safari/537.36"
::ffff:192.168.0.33 - - [22/Sep/2019:13:43:44 +0000] "GET /rosemary/zone1/currentUser/la HTTP/1.1" 200 - "http://192.168.0.11/dfs/gallery_web.html" "Mozilla/5.0 (Linux; Android 9; SM-T510) AppleWebKit/537.36 (KHTML, like Gecko) Chrome/76.0.3809.132 Safari/537.36"
::ffff:192.168.0.33 - - [22/Sep/2019:13:43:44 +0000] "POST /rosemary/zone1/state HTTP/1.1" 201 - "http://192.168.0.11/dfs/gallery_web.html" "Mozilla/5.0 (Linux; Android 9; SM-T510) AppleWebKit/537.36 (KHTML, like Gecko) Chrome/76.0.3809.132 Safari/537.36"
::ffff:192.168.0.1 - - [22/Sep/2019:13:45:35 +0000] "OPTIONS /rosemary/zone1/state/la HTTP/1.1" 200 2 "http://114.71.220.111:3030/app/cam_kiosk.html" "Mozilla/5.0 (Linux; Android 9; SM-T510) AppleWebKit/537.36 (KHTML, like Gecko) Chrome/76.0.3809.132 Safari/537.36"
::ffff:192.168.0.1 - - [22/Sep/2019:13:45:35 +0000] "GET /rosemary/zone1/state/la HTTP/1.1" 200 - "http://114.71.220.111:3030/app/cam_kiosk.html" "Mozilla/5.0 (Linux; Android 9; SM-T510) AppleWebKit/537.36 (KHTML, like Gecko) Chrome/76.0.3809.132 Safari/537.36"
::ffff:192.168.0.1 - - [22/Sep/2019:13:45:46 +0000] "OPTIONS /rosemary/zone1/state/la HTTP/1.1" 200 2 "http://114.71.220.111:3030/app/camera.html" "Mozilla/5.0 (Linux; Android 9; SM-T510) AppleWebKit/537.36 (KHTML, like Gecko) Chrome/76.0.3809.132 Safari/537.36"
::ffff:192.168.0.1 - - [22/Sep/2019:13:45:46 +0000] "GET /rosemary/zone1/state/la HTTP/1.1" 200 - "http://114.71.220.111:3030/app/camera.html" "Mozilla/5.0 (Linux; Android 9; SM-T510) AppleWebKit/537.36 (KHTML, like Gecko) Chrome/76.0.3809.132 Safari/537.36"
::ffff:192.168.0.33 - - [22/Sep/2019:13:45:47 +0000] "OPTIONS /rosemary/zone1/currentUser/la HTTP/1.1" 200 2 "http://114.71.220.111:3030/app/slide0.html" "Mozilla/5.0 (Linux; Android 9; SM-T510) AppleWebKit/537.36 (KHTML, like Gecko) Chrome/76.0.3809.132 Safari/537.36"
::ffff:192.168.0.33 - - [22/Sep/2019:13:45:47 +0000] "GET /rosemary/zone1/currentUser/la HTTP/1.1" 200 - "http://114.71.220.111:3030/app/slide0.html" "Mozilla/5.0 (Linux; Android 9; SM-T510) AppleWebKit/537.36 (KHTML, like Gecko) Chrome/76.0.3809.132 Safari/537.36"
::ffff:192.168.0.33 - - [22/Sep/2019:13:45:48 +0000] "OPTIONS /rosemary/zone1/currentUser HTTP/1.1" 200 2 "http://114.71.220.111:3030/app/slide0.html" "Mozilla/5.0 (Linux; Android 9; SM-T510) AppleWebKit/537.36 (KHTML, like Gecko) Chrome/76.0.3809.132 Safari/537.36"
::ffff:192.168.0.33 - - [22/Sep/2019:13:45:48 +0000] "OPTIONS /rosemary/zone1/state HTTP/1.1" 200 2 "http://114.71.220.111:3030/app/slide0.html" "Mozilla/5.0 (Linux; Android 9; SM-T510) AppleWebKit/537.36 (KHTML, like Gecko) Chrome/76.0.3809.132 Safari/537.36"
::ffff:192.168.0.33 - - [22/Sep/2019:13:45:49 +0000] "POST /rosemary/zone1/currentUser HTTP/1.1" 201 - "http://114.71.220.111:3030/app/slide0.html" "Mozilla/5.0 (Linux; Android 9; SM-T510) AppleWebKit/537.36 (KHTML, like Gecko) Chrome/76.0.3809.132 Safari/537.36"
::ffff:192.168.0.33 - - [22/Sep/2019:13:45:49 +0000] "POST /rosemary/zone1/state HTTP/1.1" 201 - "http://114.71.220.111:3030/app/slide0.html" "Mozilla/5.0 (Linux; Android 9; SM-T510) AppleWebKit/537.36 (KHTML, like Gecko) Chrome/76.0.3809.132 Safari/537.36"
::ffff:192.168.0.33 - - [22/Sep/2019:13:45:58 +0000] "OPTIONS /rosemary/zone1/currentUser/la HTTP/1.1" 200 2 "http://114.71.220.111:3030/app/slide0.html" "Mozilla/5.0 (Linux; Android 9; SM-T510) AppleWebKit/537.36 (KHTML, like Gecko) Chrome/76.0.3809.132 Safari/537.36"
::ffff:192.168.0.33 - - [22/Sep/2019:13:45:59 +0000] "OPTIONS /rosemary/zone1/currentUser HTTP/1.1" 200 2 "http://114.71.220.111:3030/app/slide0.html" "Mozilla/5.0 (Linux; Android 9; SM-T510) AppleWebKit/537.36 (KHTML, like Gecko) Chrome/76.0.3809.132 Safari/537.36"
::ffff:192.168.0.33 - - [22/Sep/2019:13:45:59 +0000] "OPTIONS /rosemary/zone1/state HTTP/1.1" 200 2 "http://114.71.220.111:3030/app/slide0.html" "Mozilla/5.0 (Linux; Android 9; SM-T510) AppleWebKit/537.36 (KHTML, like Gecko) Chrome/76.0.3809.132 Safari/537.36"
::ffff:192.168.0.33 - - [22/Sep/2019:13:45:59 +0000] "POST /rosemary/zone1/currentUser HTTP/1.1" 201 - "http://114.71.220.111:3030/app/slide0.html" "Mozilla/5.0 (Linux; Android 9; SM-T510) AppleWebKit/537.36 (KHTML, like Gecko) Chrome/76.0.3809.132 Safari/537.36"
::ffff:192.168.0.33 - - [22/Sep/2019:13:45:59 +0000] "OPTIONS /rosemary/zone1/cam1 HTTP/1.1" 200 2 "http://114.71.220.111:3030/app/slide0.html" "Mozilla/5.0 (Linux; Android 9; SM-T510) AppleWebKit/537.36 (KHTML, like Gecko) Chrome/76.0.3809.132 Safari/537.36"
::ffff:192.168.0.33 - - [22/Sep/2019:13:45:59 +0000] "POST /rosemary/zone1/state HTTP/1.1" 201 - "http://114.71.220.111:3030/app/slide0.html" "Mozilla/5.0 (Linux; Android 9; SM-T510) AppleWebKit/537.36 (KHTML, like Gecko) Chrome/76.0.3809.132 Safari/537.36"
::ffff:192.168.0.33 - - [22/Sep/2019:13:46:00 +0000] "POST /rosemary/zone1/cam1 HTTP/1.1" 201 - "http://114.71.220.111:3030/app/slide0.html" "Mozilla/5.0 (Linux; Android 9; SM-T510) AppleWebKit/537.36 (KHTML, like Gecko) Chrome/76.0.3809.132 Safari/537.36"
::ffff:192.168.0.1 - - [22/Sep/2019:13:46:01 +0000] "POST /rosemary/zone1/YL61G9 HTTP/1.1" 404 - "-" "-"
::ffff:192.168.0.33 - - [22/Sep/2019:13:46:04 +0000] "POST /rosemary/zone1/cam1 HTTP/1.1" 201 - "http://114.71.220.111:3030/app/slide0.html" "Mozilla/5.0 (Linux; Android 9; SM-T510) AppleWebKit/537.36 (KHTML, like Gecko) Chrome/76.0.3809.132 Safari/537.36"
::ffff:192.168.0.1 - - [22/Sep/2019:13:46:04 +0000] "POST /rosemary/zone1/YL61G9 HTTP/1.1" 404 - "-" "-"
::ffff:192.168.0.33 - - [22/Sep/2019:13:46:14 +0000] "OPTIONS /rosemary/zone1/currentUser/la HTTP/1.1" 200 2 "http://114.71.220.111:3030/app/slide0.html" "Mozilla/5.0 (Linux; Android 9; SM-T510) AppleWebKit/537.36 (KHTML, like Gecko) Chrome/76.0.3809.132 Safari/537.36"
::ffff:192.168.0.33 - - [22/Sep/2019:13:46:15 +0000] "OPTIONS /rosemary/zone1/currentUser HTTP/1.1" 200 2 "http://114.71.220.111:3030/app/slide0.html" "Mozilla/5.0 (Linux; Android 9; SM-T510) AppleWebKit/537.36 (KHTML, like Gecko) Chrome/76.0.3809.132 Safari/537.36"
::ffff:192.168.0.33 - - [22/Sep/2019:13:46:15 +0000] "OPTIONS /rosemary/zone1/state HTTP/1.1" 200 2 "http://114.71.220.111:3030/app/slide0.html" "Mozilla/5.0 (Linux; Android 9; SM-T510) AppleWebKit/537.36 (KHTML, like Gecko) Chrome/76.0.3809.132 Safari/537.36"
::ffff:192.168.0.33 - - [22/Sep/2019:13:46:15 +0000] "POST /rosemary/zone1/currentUser HTTP/1.1" 201 - "http://114.71.220.111:3030/app/slide0.html" "Mozilla/5.0 (Linux; Android 9; SM-T510) AppleWebKit/537.36 (KHTML, like Gecko) Chrome/76.0.3809.132 Safari/537.36"
::ffff:192.168.0.33 - - [22/Sep/2019:13:46:15 +0000] "POST /rosemary/zone1/state HTTP/1.1" 201 - "http://114.71.220.111:3030/app/slide0.html" "Mozilla/5.0 (Linux; Android 9; SM-T510) AppleWebKit/537.36 (KHTML, like Gecko) Chrome/76.0.3809.132 Safari/537.36"
::ffff:192.168.0.1 - - [22/Sep/2019:13:47:03 +0000] "OPTIONS /rosemary/zone1/state/la HTTP/1.1" 200 2 "http://114.71.220.111:3030/app/cam_kiosk.html" "Mozilla/5.0 (Linux; Android 9; SM-T510) AppleWebKit/537.36 (KHTML, like Gecko) Chrome/76.0.3809.132 Safari/537.36"
::ffff:192.168.0.1 - - [22/Sep/2019:13:47:03 +0000] "GET /rosemary/zone1/state/la HTTP/1.1" 200 - "http://114.71.220.111:3030/app/cam_kiosk.html" "Mozilla/5.0 (Linux; Android 9; SM-T510) AppleWebKit/537.36 (KHTML, like Gecko) Chrome/76.0.3809.132 Safari/537.36"
::ffff:192.168.0.1 - - [22/Sep/2019:13:47:06 +0000] "GET /rosemary/zone1/state/la HTTP/1.1" 200 - "http://114.71.220.111:3030/app/camera.html" "Mozilla/5.0 (Linux; Android 9; SM-T510) AppleWebKit/537.36 (KHTML, like Gecko) Chrome/76.0.3809.132 Safari/537.36"
::ffff:192.168.0.1 - - [22/Sep/2019:13:47:16 +0000] "OPTIONS /rosemary/zone1/state/la HTTP/1.1" 200 2 "http://114.71.220.111:3030/app/camera.html" "Mozilla/5.0 (Linux; Android 9; SM-T510) AppleWebKit/537.36 (KHTML, like Gecko) Chrome/76.0.3809.132 Safari/537.36"
::ffff:192.168.0.1 - - [22/Sep/2019:13:47:16 +0000] "GET /rosemary/zone1/state/la HTTP/1.1" 200 - "http://114.71.220.111:3030/app/camera.html" "Mozilla/5.0 (Linux; Android 9; SM-T510) AppleWebKit/537.36 (KHTML, like Gecko) Chrome/76.0.3809.132 Safari/537.36"
::ffff:192.168.0.33 - - [22/Sep/2019:13:47:43 +0000] "OPTIONS /rosemary/zone1/currentUser/la HTTP/1.1" 200 2 "http://114.71.220.111:3030/app/slide0.html" "Mozilla/5.0 (Linux; Android 9; SM-T510) AppleWebKit/537.36 (KHTML, like Gecko) Chrome/76.0.3809.132 Safari/537.36"
::ffff:192.168.0.33 - - [22/Sep/2019:13:47:43 +0000] "GET /rosemary/zone1/currentUser/la HTTP/1.1" 200 - "http://114.71.220.111:3030/app/slide0.html" "Mozilla/5.0 (Linux; Android 9; SM-T510) AppleWebKit/537.36 (KHTML, like Gecko) Chrome/76.0.3809.132 Safari/537.36"
::ffff:192.168.0.33 - - [22/Sep/2019:13:47:44 +0000] "OPTIONS /rosemary/zone1/currentUser HTTP/1.1" 200 2 "http://114.71.220.111:3030/app/slide0.html" "Mozilla/5.0 (Linux; Android 9; SM-T510) AppleWebKit/537.36 (KHTML, like Gecko) Chrome/76.0.3809.132 Safari/537.36"
::ffff:192.168.0.33 - - [22/Sep/2019:13:47:44 +0000] "OPTIONS /rosemary/zone1/state HTTP/1.1" 200 2 "http://114.71.220.111:3030/app/slide0.html" "Mozilla/5.0 (Linux; Android 9; SM-T510) AppleWebKit/537.36 (KHTML, like Gecko) Chrome/76.0.3809.132 Safari/537.36"
::ffff:192.168.0.33 - - [22/Sep/2019:13:47:44 +0000] "POST /rosemary/zone1/currentUser HTTP/1.1" 201 - "http://114.71.220.111:3030/app/slide0.html" "Mozilla/5.0 (Linux; Android 9; SM-T510) AppleWebKit/537.36 (KHTML, like Gecko) Chrome/76.0.3809.132 Safari/537.36"
::ffff:192.168.0.33 - - [22/Sep/2019:13:47:44 +0000] "POST /rosemary/zone1/state HTTP/1.1" 201 - "http://114.71.220.111:3030/app/slide0.html" "Mozilla/5.0 (Linux; Android 9; SM-T510) AppleWebKit/537.36 (KHTML, like Gecko) Chrome/76.0.3809.132 Safari/537.36"
::ffff:192.168.0.33 - - [22/Sep/2019:13:47:48 +0000] "OPTIONS /rosemary/zone1/cam1 HTTP/1.1" 200 2 "http://114.71.220.111:3030/app/slide0.html" "Mozilla/5.0 (Linux; Android 9; SM-T510) AppleWebKit/537.36 (KHTML, like Gecko) Chrome/76.0.3809.132 Safari/537.36"
::ffff:192.168.0.33 - - [22/Sep/2019:13:47:49 +0000] "POST /rosemary/zone1/cam1 HTTP/1.1" 201 - "http://114.71.220.111:3030/app/slide0.html" "Mozilla/5.0 (Linux; Android 9; SM-T510) AppleWebKit/537.36 (KHTML, like Gecko) Chrome/76.0.3809.132 Safari/537.36"
::ffff:192.168.0.1 - - [22/Sep/2019:13:47:50 +0000] "POST /rosemary/zone1/YIKEO7 HTTP/1.1" 404 - "-" "-"
::ffff:192.168.0.33 - - [22/Sep/2019:13:47:52 +0000] "POST /rosemary/zone1/cam1 HTTP/1.1" 201 - "http://114.71.220.111:3030/app/slide0.html" "Mozilla/5.0 (Linux; Android 9; SM-T510) AppleWebKit/537.36 (KHTML, like Gecko) Chrome/76.0.3809.132 Safari/537.36"
::ffff:192.168.0.1 - - [22/Sep/2019:13:47:52 +0000] "POST /rosemary/zone1/YIKEO7 HTTP/1.1" 404 - "-" "-"
::ffff:192.168.0.33 - - [22/Sep/2019:13:48:00 +0000] "OPTIONS /rosemary/zone1/currentUser/la HTTP/1.1" 200 2 "http://114.71.220.111:3030/app/gallery.html" "Mozilla/5.0 (Linux; Android 9; SM-T510) AppleWebKit/537.36 (KHTML, like Gecko) Chrome/76.0.3809.132 Safari/537.36"
::ffff:192.168.0.33 - - [22/Sep/2019:13:48:00 +0000] "GET /rosemary/zone1/currentUser/la HTTP/1.1" 200 - "http://114.71.220.111:3030/app/gallery.html" "Mozilla/5.0 (Linux; Android 9; SM-T510) AppleWebKit/537.36 (KHTML, like Gecko) Chrome/76.0.3809.132 Safari/537.36"
::ffff:192.168.0.33 - - [22/Sep/2019:13:48:46 +0000] "OPTIONS /rosemary/zone1/currentUser/la HTTP/1.1" 200 2 "http://114.71.220.111:3030/app/slide0.html" "Mozilla/5.0 (Linux; Android 9; SM-T510) AppleWebKit/537.36 (KHTML, like Gecko) Chrome/76.0.3809.132 Safari/537.36"
::ffff:192.168.0.33 - - [22/Sep/2019:13:48:46 +0000] "OPTIONS /rosemary/zone1/currentUser HTTP/1.1" 200 2 "http://114.71.220.111:3030/app/slide0.html" "Mozilla/5.0 (Linux; Android 9; SM-T510) AppleWebKit/537.36 (KHTML, like Gecko) Chrome/76.0.3809.132 Safari/537.36"
::ffff:192.168.0.33 - - [22/Sep/2019:13:48:46 +0000] "OPTIONS /rosemary/zone1/state HTTP/1.1" 200 2 "http://114.71.220.111:3030/app/slide0.html" "Mozilla/5.0 (Linux; Android 9; SM-T510) AppleWebKit/537.36 (KHTML, like Gecko) Chrome/76.0.3809.132 Safari/537.36"
::ffff:192.168.0.33 - - [22/Sep/2019:13:48:46 +0000] "POST /rosemary/zone1/currentUser HTTP/1.1" 201 - "http://114.71.220.111:3030/app/slide0.html" "Mozilla/5.0 (Linux; Android 9; SM-T510) AppleWebKit/537.36 (KHTML, like Gecko) Chrome/76.0.3809.132 Safari/537.36"
::ffff:192.168.0.33 - - [22/Sep/2019:13:48:46 +0000] "POST /rosemary/zone1/state HTTP/1.1" 201 - "http://114.71.220.111:3030/app/slide0.html" "Mozilla/5.0 (Linux; Android 9; SM-T510) AppleWebKit/537.36 (KHTML, like Gecko) Chrome/76.0.3809.132 Safari/537.36"
::ffff:192.168.0.33 - - [22/Sep/2019:13:49:01 +0000] "OPTIONS /rosemary/zone1/cam1 HTTP/1.1" 200 2 "http://114.71.220.111:3030/app/slide0.html" "Mozilla/5.0 (Linux; Android 9; SM-T510) AppleWebKit/537.36 (KHTML, like Gecko) Chrome/76.0.3809.132 Safari/537.36"
::ffff:192.168.0.33 - - [22/Sep/2019:13:49:02 +0000] "POST /rosemary/zone1/cam1 HTTP/1.1" 201 - "http://114.71.220.111:3030/app/slide0.html" "Mozilla/5.0 (Linux; Android 9; SM-T510) AppleWebKit/537.36 (KHTML, like Gecko) Chrome/76.0.3809.132 Safari/537.36"
::ffff:192.168.0.1 - - [22/Sep/2019:13:49:03 +0000] "POST /rosemary/zone1/YLFGF6 HTTP/1.1" 404 - "-" "-"
::ffff:192.168.0.33 - - [22/Sep/2019:13:49:04 +0000] "POST /rosemary/zone1/cam1 HTTP/1.1" 201 - "http://114.71.220.111:3030/app/slide0.html" "Mozilla/5.0 (Linux; Android 9; SM-T510) AppleWebKit/537.36 (KHTML, like Gecko) Chrome/76.0.3809.132 Safari/537.36"
::ffff:192.168.0.1 - - [22/Sep/2019:13:49:05 +0000] "POST /rosemary/zone1/YLFGF6 HTTP/1.1" 404 - "-" "-"
::ffff:192.168.0.33 - - [22/Sep/2019:13:49:09 +0000] "OPTIONS /rosemary/zone1/currentUser/la HTTP/1.1" 200 2 "http://114.71.220.111:3030/app/slide0.html" "Mozilla/5.0 (Linux; Android 9; SM-T510) AppleWebKit/537.36 (KHTML, like Gecko) Chrome/76.0.3809.132 Safari/537.36"
::ffff:192.168.0.33 - - [22/Sep/2019:13:49:09 +0000] "OPTIONS /rosemary/zone1/currentUser HTTP/1.1" 200 2 "http://114.71.220.111:3030/app/slide0.html" "Mozilla/5.0 (Linux; Android 9; SM-T510) AppleWebKit/537.36 (KHTML, like Gecko) Chrome/76.0.3809.132 Safari/537.36"
::ffff:192.168.0.33 - - [22/Sep/2019:13:49:09 +0000] "OPTIONS /rosemary/zone1/state HTTP/1.1" 200 2 "http://114.71.220.111:3030/app/slide0.html" "Mozilla/5.0 (Linux; Android 9; SM-T510) AppleWebKit/537.36 (KHTML, like Gecko) Chrome/76.0.3809.132 Safari/537.36"
::ffff:192.168.0.33 - - [22/Sep/2019:13:49:09 +0000] "POST /rosemary/zone1/currentUser HTTP/1.1" 201 - "http://114.71.220.111:3030/app/slide0.html" "Mozilla/5.0 (Linux; Android 9; SM-T510) AppleWebKit/537.36 (KHTML, like Gecko) Chrome/76.0.3809.132 Safari/537.36"
::ffff:192.168.0.33 - - [22/Sep/2019:13:49:09 +0000] "POST /rosemary/zone1/state HTTP/1.1" 201 - "http://114.71.220.111:3030/app/slide0.html" "Mozilla/5.0 (Linux; Android 9; SM-T510) AppleWebKit/537.36 (KHTML, like Gecko) Chrome/76.0.3809.132 Safari/537.36"
::ffff:192.168.0.33 - - [22/Sep/2019:13:49:14 +0000] "POST /rosemary/zone1/currentUser HTTP/1.1" 201 - "http://114.71.220.111:3030/app/slide0.html" "Mozilla/5.0 (Linux; Android 9; SM-T510) AppleWebKit/537.36 (KHTML, like Gecko) Chrome/76.0.3809.132 Safari/537.36"
::ffff:192.168.0.33 - - [22/Sep/2019:13:49:14 +0000] "POST /rosemary/zone1/state HTTP/1.1" 201 - "http://114.71.220.111:3030/app/slide0.html" "Mozilla/5.0 (Linux; Android 9; SM-T510) AppleWebKit/537.36 (KHTML, like Gecko) Chrome/76.0.3809.132 Safari/537.36"
::ffff:192.168.0.33 - - [22/Sep/2019:13:49:16 +0000] "OPTIONS /rosemary/zone1/cam1 HTTP/1.1" 200 2 "http://114.71.220.111:3030/app/slide0.html" "Mozilla/5.0 (Linux; Android 9; SM-T510) AppleWebKit/537.36 (KHTML, like Gecko) Chrome/76.0.3809.132 Safari/537.36"
::ffff:192.168.0.33 - - [22/Sep/2019:13:49:16 +0000] "POST /rosemary/zone1/cam1 HTTP/1.1" 201 - "http://114.71.220.111:3030/app/slide0.html" "Mozilla/5.0 (Linux; Android 9; SM-T510) AppleWebKit/537.36 (KHTML, like Gecko) Chrome/76.0.3809.132 Safari/537.36"
::ffff:192.168.0.1 - - [22/Sep/2019:13:49:17 +0000] "POST /rosemary/zone1/YI9OFM HTTP/1.1" 404 - "-" "-"
::ffff:192.168.0.33 - - [22/Sep/2019:13:49:20 +0000] "OPTIONS /rosemary/zone1/currentUser/la HTTP/1.1" 200 2 "http://114.71.220.111:3030/app/slide0.html" "Mozilla/5.0 (Linux; Android 9; SM-T510) AppleWebKit/537.36 (KHTML, like Gecko) Chrome/76.0.3809.132 Safari/537.36"
::ffff:192.168.0.33 - - [22/Sep/2019:13:49:20 +0000] "GET /rosemary/zone1/currentUser/la HTTP/1.1" 200 - "http://114.71.220.111:3030/app/slide0.html" "Mozilla/5.0 (Linux; Android 9; SM-T510) AppleWebKit/537.36 (KHTML, like Gecko) Chrome/76.0.3809.132 Safari/537.36"
::ffff:192.168.0.33 - - [22/Sep/2019:13:49:21 +0000] "OPTIONS /rosemary/zone1/currentUser HTTP/1.1" 200 2 "http://114.71.220.111:3030/app/slide0.html" "Mozilla/5.0 (Linux; Android 9; SM-T510) AppleWebKit/537.36 (KHTML, like Gecko) Chrome/76.0.3809.132 Safari/537.36"
::ffff:192.168.0.33 - - [22/Sep/2019:13:49:21 +0000] "OPTIONS /rosemary/zone1/state HTTP/1.1" 200 2 "http://114.71.220.111:3030/app/slide0.html" "Mozilla/5.0 (Linux; Android 9; SM-T510) AppleWebKit/537.36 (KHTML, like Gecko) Chrome/76.0.3809.132 Safari/537.36"
::ffff:192.168.0.33 - - [22/Sep/2019:13:49:21 +0000] "POST /rosemary/zone1/currentUser HTTP/1.1" 201 - "http://114.71.220.111:3030/app/slide0.html" "Mozilla/5.0 (Linux; Android 9; SM-T510) AppleWebKit/537.36 (KHTML, like Gecko) Chrome/76.0.3809.132 Safari/537.36"
::ffff:192.168.0.33 - - [22/Sep/2019:13:49:21 +0000] "POST /rosemary/zone1/state HTTP/1.1" 201 - "http://114.71.220.111:3030/app/slide0.html" "Mozilla/5.0 (Linux; Android 9; SM-T510) AppleWebKit/537.36 (KHTML, like Gecko) Chrome/76.0.3809.132 Safari/537.36"
::ffff:192.168.0.33 - - [22/Sep/2019:13:49:26 +0000] "OPTIONS /rosemary/zone1/cam1 HTTP/1.1" 200 2 "http://114.71.220.111:3030/app/slide0.html" "Mozilla/5.0 (Linux; Android 9; SM-T510) AppleWebKit/537.36 (KHTML, like Gecko) Chrome/76.0.3809.132 Safari/537.36"
::ffff:192.168.0.33 - - [22/Sep/2019:13:49:27 +0000] "POST /rosemary/zone1/cam1 HTTP/1.1" 201 - "http://114.71.220.111:3030/app/slide0.html" "Mozilla/5.0 (Linux; Android 9; SM-T510) AppleWebKit/537.36 (KHTML, like Gecko) Chrome/76.0.3809.132 Safari/537.36"
::ffff:192.168.0.1 - - [22/Sep/2019:13:49:28 +0000] "POST /rosemary/zone1/YNL7HD HTTP/1.1" 404 - "-" "-"
::ffff:192.168.0.33 - - [22/Sep/2019:13:49:50 +0000] "OPTIONS /rosemary/zone1/currentUser/la HTTP/1.1" 200 2 "http://114.71.220.111:3030/app/slide0.html" "Mozilla/5.0 (Linux; Android 9; SM-T510) AppleWebKit/537.36 (KHTML, like Gecko) Chrome/76.0.3809.132 Safari/537.36"
::ffff:192.168.0.33 - - [22/Sep/2019:13:49:51 +0000] "OPTIONS /rosemary/zone1/currentUser HTTP/1.1" 200 2 "http://114.71.220.111:3030/app/slide0.html" "Mozilla/5.0 (Linux; Android 9; SM-T510) AppleWebKit/537.36 (KHTML, like Gecko) Chrome/76.0.3809.132 Safari/537.36"
::ffff:192.168.0.33 - - [22/Sep/2019:13:49:51 +0000] "OPTIONS /rosemary/zone1/state HTTP/1.1" 200 2 "http://114.71.220.111:3030/app/slide0.html" "Mozilla/5.0 (Linux; Android 9; SM-T510) AppleWebKit/537.36 (KHTML, like Gecko) Chrome/76.0.3809.132 Safari/537.36"
::ffff:192.168.0.33 - - [22/Sep/2019:13:49:51 +0000] "POST /rosemary/zone1/currentUser HTTP/1.1" 201 - "http://114.71.220.111:3030/app/slide0.html" "Mozilla/5.0 (Linux; Android 9; SM-T510) AppleWebKit/537.36 (KHTML, like Gecko) Chrome/76.0.3809.132 Safari/537.36"
::ffff:192.168.0.33 - - [22/Sep/2019:13:49:51 +0000] "POST /rosemary/zone1/state HTTP/1.1" 201 - "http://114.71.220.111:3030/app/slide0.html" "Mozilla/5.0 (Linux; Android 9; SM-T510) AppleWebKit/537.36 (KHTML, like Gecko) Chrome/76.0.3809.132 Safari/537.36"
::ffff:192.168.0.33 - - [22/Sep/2019:13:50:05 +0000] "OPTIONS /rosemary/zone1/currentUser/la HTTP/1.1" 200 2 "http://114.71.220.111:3030/app/slide0.html" "Mozilla/5.0 (Linux; Android 9; SM-T510) AppleWebKit/537.36 (KHTML, like Gecko) Chrome/76.0.3809.132 Safari/537.36"
::ffff:192.168.0.33 - - [22/Sep/2019:13:50:05 +0000] "GET /rosemary/zone1/currentUser/la HTTP/1.1" 200 - "http://114.71.220.111:3030/app/slide0.html" "Mozilla/5.0 (Linux; Android 9; SM-T510) AppleWebKit/537.36 (KHTML, like Gecko) Chrome/76.0.3809.132 Safari/537.36"
::ffff:192.168.0.33 - - [22/Sep/2019:13:50:05 +0000] "OPTIONS /rosemary/zone1/currentUser HTTP/1.1" 200 2 "http://114.71.220.111:3030/app/slide0.html" "Mozilla/5.0 (Linux; Android 9; SM-T510) AppleWebKit/537.36 (KHTML, like Gecko) Chrome/76.0.3809.132 Safari/537.36"
::ffff:192.168.0.33 - - [22/Sep/2019:13:50:05 +0000] "OPTIONS /rosemary/zone1/state HTTP/1.1" 200 2 "http://114.71.220.111:3030/app/slide0.html" "Mozilla/5.0 (Linux; Android 9; SM-T510) AppleWebKit/537.36 (KHTML, like Gecko) Chrome/76.0.3809.132 Safari/537.36"
::ffff:192.168.0.33 - - [22/Sep/2019:13:50:05 +0000] "POST /rosemary/zone1/currentUser HTTP/1.1" 201 - "http://114.71.220.111:3030/app/slide0.html" "Mozilla/5.0 (Linux; Android 9; SM-T510) AppleWebKit/537.36 (KHTML, like Gecko) Chrome/76.0.3809.132 Safari/537.36"
::ffff:192.168.0.33 - - [22/Sep/2019:13:50:05 +0000] "OPTIONS /rosemary/zone1/cam1 HTTP/1.1" 200 2 "http://114.71.220.111:3030/app/slide0.html" "Mozilla/5.0 (Linux; Android 9; SM-T510) AppleWebKit/537.36 (KHTML, like Gecko) Chrome/76.0.3809.132 Safari/537.36"
::ffff:192.168.0.33 - - [22/Sep/2019:13:50:06 +0000] "POST /rosemary/zone1/state HTTP/1.1" 201 - "http://114.71.220.111:3030/app/slide0.html" "Mozilla/5.0 (Linux; Android 9; SM-T510) AppleWebKit/537.36 (KHTML, like Gecko) Chrome/76.0.3809.132 Safari/537.36"
::ffff:192.168.0.33 - - [22/Sep/2019:13:50:06 +0000] "POST /rosemary/zone1/cam1 HTTP/1.1" 201 - "http://114.71.220.111:3030/app/slide0.html" "Mozilla/5.0 (Linux; Android 9; SM-T510) AppleWebKit/537.36 (KHTML, like Gecko) Chrome/76.0.3809.132 Safari/537.36"
::ffff:192.168.0.1 - - [22/Sep/2019:13:50:06 +0000] "POST /rosemary/zone1/Y956N3 HTTP/1.1" 404 - "-" "-"
::ffff:192.168.0.33 - - [22/Sep/2019:13:50:07 +0000] "POST /rosemary/zone1/cam1 HTTP/1.1" 201 - "http://114.71.220.111:3030/app/slide0.html" "Mozilla/5.0 (Linux; Android 9; SM-T510) AppleWebKit/537.36 (KHTML, like Gecko) Chrome/76.0.3809.132 Safari/537.36"
::ffff:192.168.0.1 - - [22/Sep/2019:13:50:07 +0000] "POST /rosemary/zone1/Y956N3 HTTP/1.1" 404 - "-" "-"
::ffff:192.168.0.33 - - [22/Sep/2019:13:50:10 +0000] "POST /rosemary/zone1/cam1 HTTP/1.1" 201 - "http://114.71.220.111:3030/app/slide0.html" "Mozilla/5.0 (Linux; Android 9; SM-T510) AppleWebKit/537.36 (KHTML, like Gecko) Chrome/76.0.3809.132 Safari/537.36"
::ffff:192.168.0.1 - - [22/Sep/2019:13:50:10 +0000] "POST /rosemary/zone1/Y956N3 HTTP/1.1" 404 - "-" "-"
::ffff:192.168.0.33 - - [22/Sep/2019:13:50:15 +0000] "OPTIONS /rosemary/zone1/currentUser/la HTTP/1.1" 200 2 "http://114.71.220.111:3030/app/gallery.html" "Mozilla/5.0 (Linux; Android 9; SM-T510) AppleWebKit/537.36 (KHTML, like Gecko) Chrome/76.0.3809.132 Safari/537.36"
::ffff:192.168.0.33 - - [22/Sep/2019:13:50:15 +0000] "GET /rosemary/zone1/currentUser/la HTTP/1.1" 200 - "http://114.71.220.111:3030/app/gallery.html" "Mozilla/5.0 (Linux; Android 9; SM-T510) AppleWebKit/537.36 (KHTML, like Gecko) Chrome/76.0.3809.132 Safari/537.36"
::ffff:192.168.0.33 - - [22/Sep/2019:13:50:33 +0000] "OPTIONS /rosemary/zone1/currentUser/la HTTP/1.1" 200 2 "http://114.71.220.111:3030/app/gallery.html" "Mozilla/5.0 (Linux; Android 9; SM-T510) AppleWebKit/537.36 (KHTML, like Gecko) Chrome/76.0.3809.132 Safari/537.36"
::ffff:192.168.0.33 - - [22/Sep/2019:13:50:37 +0000] "GET /rosemary/zone1/currentUser/la HTTP/1.1" 200 - "http://114.71.220.111:3030/app/gallery.html" "Mozilla/5.0 (Linux; Android 9; SM-T510) AppleWebKit/537.36 (KHTML, like Gecko) Chrome/76.0.3809.132 Safari/537.36"
::ffff:192.168.0.1 - - [22/Sep/2019:13:50:53 +0000] "OPTIONS /rosemary/zone1/state/la HTTP/1.1" 200 2 "http://114.71.220.111:3030/app/cam_kiosk.html" "Mozilla/5.0 (Linux; Android 9; SM-T510) AppleWebKit/537.36 (KHTML, like Gecko) Chrome/76.0.3809.132 Safari/537.36"
::ffff:192.168.0.1 - - [22/Sep/2019:13:50:53 +0000] "GET /rosemary/zone1/state/la HTTP/1.1" 200 - "http://114.71.220.111:3030/app/cam_kiosk.html" "Mozilla/5.0 (Linux; Android 9; SM-T510) AppleWebKit/537.36 (KHTML, like Gecko) Chrome/76.0.3809.132 Safari/537.36"
::ffff:192.168.0.1 - - [22/Sep/2019:13:50:56 +0000] "GET /rosemary/zone1/state/la HTTP/1.1" 200 - "http://114.71.220.111:3030/app/camera.html" "Mozilla/5.0 (Linux; Android 9; SM-T510) AppleWebKit/537.36 (KHTML, like Gecko) Chrome/76.0.3809.132 Safari/537.36"
::ffff:192.168.0.1 - - [22/Sep/2019:13:50:59 +0000] "OPTIONS /rosemary/zone1/state/la HTTP/1.1" 200 2 "http://114.71.220.111:3030/app/cam_kiosk.html" "Mozilla/5.0 (Linux; Android 9; SM-T510) AppleWebKit/537.36 (KHTML, like Gecko) Chrome/76.0.3809.132 Safari/537.36"
::ffff:192.168.0.1 - - [22/Sep/2019:13:51:04 +0000] "GET /rosemary/zone1/state/la HTTP/1.1" 200 - "http://114.71.220.111:3030/app/camera.html" "Mozilla/5.0 (Linux; Android 9; SM-T510) AppleWebKit/537.36 (KHTML, like Gecko) Chrome/76.0.3809.132 Safari/537.36"
::ffff:192.168.0.1 - - [22/Sep/2019:13:51:05 +0000] "OPTIONS /rosemary/zone1/state/la HTTP/1.1" 200 2 "http://114.71.220.111:3030/app/cam_kiosk.html" "Mozilla/5.0 (Linux; Android 9; SM-T510) AppleWebKit/537.36 (KHTML, like Gecko) Chrome/76.0.3809.132 Safari/537.36"
::ffff:192.168.0.33 - - [22/Sep/2019:13:51:20 +0000] "OPTIONS /rosemary/zone1/currentUser/la HTTP/1.1" 200 2 "http://114.71.220.111:3030/app/slide0.html" "Mozilla/5.0 (Linux; Android 9; SM-T510) AppleWebKit/537.36 (KHTML, like Gecko) Chrome/76.0.3809.132 Safari/537.36"
::ffff:192.168.0.33 - - [22/Sep/2019:13:51:20 +0000] "GET /rosemary/zone1/currentUser/la HTTP/1.1" 200 - "http://114.71.220.111:3030/app/slide0.html" "Mozilla/5.0 (Linux; Android 9; SM-T510) AppleWebKit/537.36 (KHTML, like Gecko) Chrome/76.0.3809.132 Safari/537.36"
::ffff:192.168.0.33 - - [22/Sep/2019:13:51:21 +0000] "OPTIONS /rosemary/zone1/currentUser HTTP/1.1" 200 2 "http://114.71.220.111:3030/app/slide0.html" "Mozilla/5.0 (Linux; Android 9; SM-T510) AppleWebKit/537.36 (KHTML, like Gecko) Chrome/76.0.3809.132 Safari/537.36"
::ffff:192.168.0.33 - - [22/Sep/2019:13:51:21 +0000] "OPTIONS /rosemary/zone1/state HTTP/1.1" 200 2 "http://114.71.220.111:3030/app/slide0.html" "Mozilla/5.0 (Linux; Android 9; SM-T510) AppleWebKit/537.36 (KHTML, like Gecko) Chrome/76.0.3809.132 Safari/537.36"
::ffff:192.168.0.33 - - [22/Sep/2019:13:51:21 +0000] "POST /rosemary/zone1/currentUser HTTP/1.1" 201 - "http://114.71.220.111:3030/app/slide0.html" "Mozilla/5.0 (Linux; Android 9; SM-T510) AppleWebKit/537.36 (KHTML, like Gecko) Chrome/76.0.3809.132 Safari/537.36"
::ffff:192.168.0.33 - - [22/Sep/2019:13:51:21 +0000] "POST /rosemary/zone1/state HTTP/1.1" 201 - "http://114.71.220.111:3030/app/slide0.html" "Mozilla/5.0 (Linux; Android 9; SM-T510) AppleWebKit/537.36 (KHTML, like Gecko) Chrome/76.0.3809.132 Safari/537.36"
::ffff:192.168.0.33 - - [22/Sep/2019:13:51:23 +0000] "OPTIONS /rosemary/zone1/cam1 HTTP/1.1" 200 2 "http://114.71.220.111:3030/app/slide0.html" "Mozilla/5.0 (Linux; Android 9; SM-T510) AppleWebKit/537.36 (KHTML, like Gecko) Chrome/76.0.3809.132 Safari/537.36"
::ffff:192.168.0.33 - - [22/Sep/2019:13:51:25 +0000] "POST /rosemary/zone1/cam1 HTTP/1.1" 201 - "http://114.71.220.111:3030/app/slide0.html" "Mozilla/5.0 (Linux; Android 9; SM-T510) AppleWebKit/537.36 (KHTML, like Gecko) Chrome/76.0.3809.132 Safari/537.36"
::ffff:192.168.0.1 - - [22/Sep/2019:13:51:26 +0000] "POST /rosemary/zone1/YHA6QF HTTP/1.1" 404 - "-" "-"
::ffff:192.168.0.33 - - [22/Sep/2019:13:51:26 +0000] "POST /rosemary/zone1/cam1 HTTP/1.1" 201 - "http://114.71.220.111:3030/app/slide0.html" "Mozilla/5.0 (Linux; Android 9; SM-T510) AppleWebKit/537.36 (KHTML, like Gecko) Chrome/76.0.3809.132 Safari/537.36"
::ffff:192.168.0.1 - - [22/Sep/2019:13:51:26 +0000] "POST /rosemary/zone1/YHA6QF HTTP/1.1" 404 - "-" "-"
::ffff:192.168.0.33 - - [22/Sep/2019:13:51:44 +0000] "OPTIONS /rosemary/zone1/currentUser/la HTTP/1.1" 200 2 "http://114.71.220.111:3030/app/slide0.html" "Mozilla/5.0 (Linux; Android 9; SM-T510) AppleWebKit/537.36 (KHTML, like Gecko) Chrome/76.0.3809.132 Safari/537.36"
::ffff:192.168.0.33 - - [22/Sep/2019:13:51:44 +0000] "OPTIONS /rosemary/zone1/currentUser HTTP/1.1" 200 2 "http://114.71.220.111:3030/app/slide0.html" "Mozilla/5.0 (Linux; Android 9; SM-T510) AppleWebKit/537.36 (KHTML, like Gecko) Chrome/76.0.3809.132 Safari/537.36"
::ffff:192.168.0.33 - - [22/Sep/2019:13:51:44 +0000] "OPTIONS /rosemary/zone1/state HTTP/1.1" 200 2 "http://114.71.220.111:3030/app/slide0.html" "Mozilla/5.0 (Linux; Android 9; SM-T510) AppleWebKit/537.36 (KHTML, like Gecko) Chrome/76.0.3809.132 Safari/537.36"
::ffff:192.168.0.33 - - [22/Sep/2019:13:51:44 +0000] "POST /rosemary/zone1/currentUser HTTP/1.1" 201 - "http://114.71.220.111:3030/app/slide0.html" "Mozilla/5.0 (Linux; Android 9; SM-T510) AppleWebKit/537.36 (KHTML, like Gecko) Chrome/76.0.3809.132 Safari/537.36"
::ffff:192.168.0.33 - - [22/Sep/2019:13:51:44 +0000] "POST /rosemary/zone1/state HTTP/1.1" 201 - "http://114.71.220.111:3030/app/slide0.html" "Mozilla/5.0 (Linux; Android 9; SM-T510) AppleWebKit/537.36 (KHTML, like Gecko) Chrome/76.0.3809.132 Safari/537.36"
::ffff:192.168.0.12 - - [22/Sep/2019:13:51:57 +0000] "OPTIONS /rosemary/zone1/currentUser/la HTTP/1.1" 200 2 "-" "Mozilla/5.0 (Windows NT 10.0; Win64; x64) AppleWebKit/537.36 (KHTML, like Gecko) Chrome/77.0.3865.90 Safari/537.36"
::ffff:192.168.0.12 - - [22/Sep/2019:13:51:57 +0000] "OPTIONS /rosemary/zone1/currentUser HTTP/1.1" 200 2 "-" "Mozilla/5.0 (Windows NT 10.0; Win64; x64) AppleWebKit/537.36 (KHTML, like Gecko) Chrome/77.0.3865.90 Safari/537.36"
::ffff:192.168.0.12 - - [22/Sep/2019:13:51:57 +0000] "OPTIONS /rosemary/zone1/state HTTP/1.1" 200 2 "-" "Mozilla/5.0 (Windows NT 10.0; Win64; x64) AppleWebKit/537.36 (KHTML, like Gecko) Chrome/77.0.3865.90 Safari/537.36"
::ffff:192.168.0.12 - - [22/Sep/2019:13:51:57 +0000] "POST /rosemary/zone1/currentUser HTTP/1.1" 201 - "-" "Mozilla/5.0 (Windows NT 10.0; Win64; x64) AppleWebKit/537.36 (KHTML, like Gecko) Chrome/77.0.3865.90 Safari/537.36"
::ffff:192.168.0.12 - - [22/Sep/2019:13:51:57 +0000] "POST /rosemary/zone1/state HTTP/1.1" 201 - "-" "Mozilla/5.0 (Windows NT 10.0; Win64; x64) AppleWebKit/537.36 (KHTML, like Gecko) Chrome/77.0.3865.90 Safari/537.36"
::ffff:192.168.0.12 - - [22/Sep/2019:13:52:00 +0000] "OPTIONS /rosemary/zone1/currentUser/la HTTP/1.1" 200 2 "-" "Mozilla/5.0 (Windows NT 10.0; Win64; x64) AppleWebKit/537.36 (KHTML, like Gecko) Chrome/77.0.3865.90 Safari/537.36"
::ffff:192.168.0.12 - - [22/Sep/2019:13:52:00 +0000] "OPTIONS /rosemary/zone1/currentUser HTTP/1.1" 200 2 "-" "Mozilla/5.0 (Windows NT 10.0; Win64; x64) AppleWebKit/537.36 (KHTML, like Gecko) Chrome/77.0.3865.90 Safari/537.36"
::ffff:192.168.0.12 - - [22/Sep/2019:13:52:00 +0000] "OPTIONS /rosemary/zone1/state HTTP/1.1" 200 2 "-" "Mozilla/5.0 (Windows NT 10.0; Win64; x64) AppleWebKit/537.36 (KHTML, like Gecko) Chrome/77.0.3865.90 Safari/537.36"
::ffff:192.168.0.12 - - [22/Sep/2019:13:52:00 +0000] "POST /rosemary/zone1/currentUser HTTP/1.1" 201 - "-" "Mozilla/5.0 (Windows NT 10.0; Win64; x64) AppleWebKit/537.36 (KHTML, like Gecko) Chrome/77.0.3865.90 Safari/537.36"
::ffff:192.168.0.12 - - [22/Sep/2019:13:52:00 +0000] "POST /rosemary/zone1/state HTTP/1.1" 201 - "-" "Mozilla/5.0 (Windows NT 10.0; Win64; x64) AppleWebKit/537.36 (KHTML, like Gecko) Chrome/77.0.3865.90 Safari/537.36"
::ffff:192.168.0.12 - - [22/Sep/2019:13:52:00 +0000] "OPTIONS /rosemary/zone1/cam1 HTTP/1.1" 200 2 "-" "Mozilla/5.0 (Windows NT 10.0; Win64; x64) AppleWebKit/537.36 (KHTML, like Gecko) Chrome/77.0.3865.90 Safari/537.36"
::ffff:192.168.0.12 - - [22/Sep/2019:13:52:01 +0000] "POST /rosemary/zone1/cam1 HTTP/1.1" 201 - "-" "Mozilla/5.0 (Windows NT 10.0; Win64; x64) AppleWebKit/537.36 (KHTML, like Gecko) Chrome/77.0.3865.90 Safari/537.36"
::ffff:192.168.0.1 - - [22/Sep/2019:13:52:02 +0000] "POST /rosemary/zone1/YQ3IOE HTTP/1.1" 404 - "-" "-"
::ffff:192.168.0.12 - - [22/Sep/2019:13:52:02 +0000] "POST /rosemary/zone1/cam1 HTTP/1.1" 201 - "-" "Mozilla/5.0 (Windows NT 10.0; Win64; x64) AppleWebKit/537.36 (KHTML, like Gecko) Chrome/77.0.3865.90 Safari/537.36"
::ffff:192.168.0.1 - - [22/Sep/2019:13:52:02 +0000] "POST /rosemary/zone1/YQ3IOE HTTP/1.1" 404 - "-" "-"
::ffff:192.168.0.12 - - [22/Sep/2019:13:52:06 +0000] "OPTIONS /rosemary/zone1/currentUser/la HTTP/1.1" 200 2 "-" "Mozilla/5.0 (Windows NT 10.0; Win64; x64) AppleWebKit/537.36 (KHTML, like Gecko) Chrome/77.0.3865.90 Safari/537.36"
::ffff:192.168.0.12 - - [22/Sep/2019:13:52:06 +0000] "OPTIONS /rosemary/zone1/currentUser HTTP/1.1" 200 2 "-" "Mozilla/5.0 (Windows NT 10.0; Win64; x64) AppleWebKit/537.36 (KHTML, like Gecko) Chrome/77.0.3865.90 Safari/537.36"
::ffff:192.168.0.12 - - [22/Sep/2019:13:52:06 +0000] "OPTIONS /rosemary/zone1/state HTTP/1.1" 200 2 "-" "Mozilla/5.0 (Windows NT 10.0; Win64; x64) AppleWebKit/537.36 (KHTML, like Gecko) Chrome/77.0.3865.90 Safari/537.36"
::ffff:192.168.0.12 - - [22/Sep/2019:13:52:06 +0000] "POST /rosemary/zone1/state HTTP/1.1" 201 - "-" "Mozilla/5.0 (Windows NT 10.0; Win64; x64) AppleWebKit/537.36 (KHTML, like Gecko) Chrome/77.0.3865.90 Safari/537.36"
::ffff:192.168.0.12 - - [22/Sep/2019:13:52:06 +0000] "POST /rosemary/zone1/currentUser HTTP/1.1" 201 - "-" "Mozilla/5.0 (Windows NT 10.0; Win64; x64) AppleWebKit/537.36 (KHTML, like Gecko) Chrome/77.0.3865.90 Safari/537.36"
::ffff:192.168.0.33 - - [22/Sep/2019:13:55:10 +0000] "OPTIONS /rosemary/zone1/currentUser/la HTTP/1.1" 200 2 "http://114.71.220.111:3030/app/slide0.html" "Mozilla/5.0 (Linux; Android 9; SM-T510) AppleWebKit/537.36 (KHTML, like Gecko) Chrome/76.0.3809.132 Safari/537.36"
::ffff:192.168.0.33 - - [22/Sep/2019:13:55:10 +0000] "GET /rosemary/zone1/currentUser/la HTTP/1.1" 200 - "http://114.71.220.111:3030/app/slide0.html" "Mozilla/5.0 (Linux; Android 9; SM-T510) AppleWebKit/537.36 (KHTML, like Gecko) Chrome/76.0.3809.132 Safari/537.36"
::ffff:192.168.0.33 - - [22/Sep/2019:13:55:10 +0000] "OPTIONS /rosemary/zone1/currentUser HTTP/1.1" 200 2 "http://114.71.220.111:3030/app/slide0.html" "Mozilla/5.0 (Linux; Android 9; SM-T510) AppleWebKit/537.36 (KHTML, like Gecko) Chrome/76.0.3809.132 Safari/537.36"
::ffff:192.168.0.33 - - [22/Sep/2019:13:55:10 +0000] "OPTIONS /rosemary/zone1/state HTTP/1.1" 200 2 "http://114.71.220.111:3030/app/slide0.html" "Mozilla/5.0 (Linux; Android 9; SM-T510) AppleWebKit/537.36 (KHTML, like Gecko) Chrome/76.0.3809.132 Safari/537.36"
::ffff:192.168.0.33 - - [22/Sep/2019:13:55:10 +0000] "POST /rosemary/zone1/currentUser HTTP/1.1" 201 - "http://114.71.220.111:3030/app/slide0.html" "Mozilla/5.0 (Linux; Android 9; SM-T510) AppleWebKit/537.36 (KHTML, like Gecko) Chrome/76.0.3809.132 Safari/537.36"
::ffff:192.168.0.33 - - [22/Sep/2019:13:55:10 +0000] "POST /rosemary/zone1/state HTTP/1.1" 201 - "http://114.71.220.111:3030/app/slide0.html" "Mozilla/5.0 (Linux; Android 9; SM-T510) AppleWebKit/537.36 (KHTML, like Gecko) Chrome/76.0.3809.132 Safari/537.36"
::ffff:192.168.0.33 - - [22/Sep/2019:13:55:14 +0000] "OPTIONS /rosemary/zone1/cam1 HTTP/1.1" 200 2 "http://114.71.220.111:3030/app/slide0.html" "Mozilla/5.0 (Linux; Android 9; SM-T510) AppleWebKit/537.36 (KHTML, like Gecko) Chrome/76.0.3809.132 Safari/537.36"
::ffff:192.168.0.33 - - [22/Sep/2019:13:55:15 +0000] "POST /rosemary/zone1/cam1 HTTP/1.1" 201 - "http://114.71.220.111:3030/app/slide0.html" "Mozilla/5.0 (Linux; Android 9; SM-T510) AppleWebKit/537.36 (KHTML, like Gecko) Chrome/76.0.3809.132 Safari/537.36"
::ffff:192.168.0.1 - - [22/Sep/2019:13:55:16 +0000] "POST /rosemary/zone1/YKNLDP HTTP/1.1" 404 - "-" "-"
::ffff:192.168.0.33 - - [22/Sep/2019:13:55:17 +0000] "POST /rosemary/zone1/cam1 HTTP/1.1" 201 - "http://114.71.220.111:3030/app/slide0.html" "Mozilla/5.0 (Linux; Android 9; SM-T510) AppleWebKit/537.36 (KHTML, like Gecko) Chrome/76.0.3809.132 Safari/537.36"
::ffff:192.168.0.1 - - [22/Sep/2019:13:55:17 +0000] "POST /rosemary/zone1/YKNLDP HTTP/1.1" 404 - "-" "-"
::ffff:192.168.0.33 - - [22/Sep/2019:13:55:19 +0000] "POST /rosemary/zone1/cam1 HTTP/1.1" 201 - "http://114.71.220.111:3030/app/slide0.html" "Mozilla/5.0 (Linux; Android 9; SM-T510) AppleWebKit/537.36 (KHTML, like Gecko) Chrome/76.0.3809.132 Safari/537.36"
::ffff:192.168.0.1 - - [22/Sep/2019:13:55:19 +0000] "POST /rosemary/zone1/YKNLDP HTTP/1.1" 404 - "-" "-"
::ffff:192.168.0.33 - - [22/Sep/2019:13:55:22 +0000] "OPTIONS /rosemary/zone1/currentUser/la HTTP/1.1" 200 2 "http://114.71.220.111:3030/app/gallery.html" "Mozilla/5.0 (Linux; Android 9; SM-T510) AppleWebKit/537.36 (KHTML, like Gecko) Chrome/76.0.3809.132 Safari/537.36"
::ffff:192.168.0.33 - - [22/Sep/2019:13:55:22 +0000] "GET /rosemary/zone1/currentUser/la HTTP/1.1" 200 - "http://114.71.220.111:3030/app/gallery.html" "Mozilla/5.0 (Linux; Android 9; SM-T510) AppleWebKit/537.36 (KHTML, like Gecko) Chrome/76.0.3809.132 Safari/537.36"
::ffff:192.168.0.33 - - [22/Sep/2019:13:55:31 +0000] "OPTIONS /rosemary/zone1/currentUser/la HTTP/1.1" 200 2 "http://114.71.220.111:3030/app/slide0.html" "Mozilla/5.0 (Linux; Android 9; SM-T510) AppleWebKit/537.36 (KHTML, like Gecko) Chrome/76.0.3809.132 Safari/537.36"
::ffff:192.168.0.33 - - [22/Sep/2019:13:55:31 +0000] "OPTIONS /rosemary/zone1/currentUser HTTP/1.1" 200 2 "http://114.71.220.111:3030/app/slide0.html" "Mozilla/5.0 (Linux; Android 9; SM-T510) AppleWebKit/537.36 (KHTML, like Gecko) Chrome/76.0.3809.132 Safari/537.36"
::ffff:192.168.0.33 - - [22/Sep/2019:13:55:31 +0000] "OPTIONS /rosemary/zone1/state HTTP/1.1" 200 2 "http://114.71.220.111:3030/app/slide0.html" "Mozilla/5.0 (Linux; Android 9; SM-T510) AppleWebKit/537.36 (KHTML, like Gecko) Chrome/76.0.3809.132 Safari/537.36"
::ffff:192.168.0.33 - - [22/Sep/2019:13:55:31 +0000] "POST /rosemary/zone1/currentUser HTTP/1.1" 201 - "http://114.71.220.111:3030/app/slide0.html" "Mozilla/5.0 (Linux; Android 9; SM-T510) AppleWebKit/537.36 (KHTML, like Gecko) Chrome/76.0.3809.132 Safari/537.36"
::ffff:192.168.0.33 - - [22/Sep/2019:13:55:31 +0000] "POST /rosemary/zone1/state HTTP/1.1" 201 - "http://114.71.220.111:3030/app/slide0.html" "Mozilla/5.0 (Linux; Android 9; SM-T510) AppleWebKit/537.36 (KHTML, like Gecko) Chrome/76.0.3809.132 Safari/537.36"
::ffff:192.168.0.33 - - [22/Sep/2019:13:55:32 +0000] "GET /rosemary/zone1/currentUser/la HTTP/1.1" 200 - "http://114.71.220.111:3030/app/slide0.html" "Mozilla/5.0 (Linux; Android 9; SM-T510) AppleWebKit/537.36 (KHTML, like Gecko) Chrome/76.0.3809.132 Safari/537.36"
::ffff:192.168.0.33 - - [22/Sep/2019:13:55:32 +0000] "POST /rosemary/zone1/state HTTP/1.1" 201 - "http://114.71.220.111:3030/app/slide0.html" "Mozilla/5.0 (Linux; Android 9; SM-T510) AppleWebKit/537.36 (KHTML, like Gecko) Chrome/76.0.3809.132 Safari/537.36"
::ffff:192.168.0.33 - - [22/Sep/2019:13:55:32 +0000] "POST /rosemary/zone1/currentUser HTTP/1.1" 201 - "http://114.71.220.111:3030/app/slide0.html" "Mozilla/5.0 (Linux; Android 9; SM-T510) AppleWebKit/537.36 (KHTML, like Gecko) Chrome/76.0.3809.132 Safari/537.36"
::ffff:192.168.0.33 - - [22/Sep/2019:13:55:35 +0000] "GET /rosemary/zone1/currentUser/la HTTP/1.1" 200 - "http://114.71.220.111:3030/app/gallery.html" "Mozilla/5.0 (Linux; Android 9; SM-T510) AppleWebKit/537.36 (KHTML, like Gecko) Chrome/76.0.3809.132 Safari/537.36"
::ffff:192.168.0.1 - - [22/Sep/2019:13:59:07 +0000] "OPTIONS /rosemary/zone1/state/la HTTP/1.1" 200 2 "-" "Mozilla/5.0 (Windows NT 10.0; Win64; x64) AppleWebKit/537.36 (KHTML, like Gecko) Chrome/77.0.3865.90 Safari/537.36"
::ffff:192.168.0.1 - - [22/Sep/2019:13:59:07 +0000] "GET /rosemary/zone1/state/la HTTP/1.1" 200 - "-" "Mozilla/5.0 (Windows NT 10.0; Win64; x64) AppleWebKit/537.36 (KHTML, like Gecko) Chrome/77.0.3865.90 Safari/537.36"
::ffff:192.168.0.1 - - [22/Sep/2019:13:59:26 +0000] "OPTIONS /rosemary/zone1/state/la HTTP/1.1" 200 2 "-" "Mozilla/5.0 (Windows NT 10.0; Win64; x64) AppleWebKit/537.36 (KHTML, like Gecko) Chrome/70.0.3538.102 Safari/537.36 Edge/18.18362"
::ffff:192.168.0.1 - - [22/Sep/2019:13:59:26 +0000] "GET /rosemary/zone1/state/la HTTP/1.1" 200 - "-" "Mozilla/5.0 (Windows NT 10.0; Win64; x64) AppleWebKit/537.36 (KHTML, like Gecko) Chrome/70.0.3538.102 Safari/537.36 Edge/18.18362"
::ffff:192.168.0.1 - - [22/Sep/2019:13:59:52 +0000] "OPTIONS /rosemary/zone1/state/la HTTP/1.1" 200 2 "-" "Mozilla/5.0 (Windows NT 10.0; Win64; x64) AppleWebKit/537.36 (KHTML, like Gecko) Chrome/77.0.3865.90 Safari/537.36"
::ffff:192.168.0.1 - - [22/Sep/2019:13:59:53 +0000] "GET /rosemary/zone1/state/la HTTP/1.1" 200 - "-" "Mozilla/5.0 (Windows NT 10.0; Win64; x64) AppleWebKit/537.36 (KHTML, like Gecko) Chrome/77.0.3865.90 Safari/537.36"
::ffff:192.168.0.17 - - [22/Sep/2019:14:10:04 +0000] "OPTIONS /rosemary/zone1/currentUser HTTP/1.1" 200 2 "-" "Mozilla/5.0 (Windows NT 10.0; Win64; x64) AppleWebKit/537.36 (KHTML, like Gecko) Chrome/76.0.3809.132 Safari/537.36"
::ffff:192.168.0.17 - - [22/Sep/2019:14:10:04 +0000] "OPTIONS /rosemary/zone1 HTTP/1.1" 200 2 "-" "Mozilla/5.0 (Windows NT 10.0; Win64; x64) AppleWebKit/537.36 (KHTML, like Gecko) Chrome/76.0.3809.132 Safari/537.36"
::ffff:192.168.0.1 - - [22/Sep/2019:14:10:04 +0000] "OPTIONS /rosemary/zone1/state/la HTTP/1.1" 200 2 "-" "Mozilla/5.0 (Windows NT 10.0; Win64; x64) AppleWebKit/537.36 (KHTML, like Gecko) Chrome/76.0.3809.132 Safari/537.36"
