::ffff:192.168.0.13 - - [19/Aug/2019:04:29:05 +0000] "POST /rosemary/zone1/cam1 HTTP/1.1" 201 - "http://192.168.0.27/slide0.html" "Mozilla/5.0 (Linux; Android 8.1.0; SM-P580) AppleWebKit/537.36 (KHTML, like Gecko) Chrome/76.0.3809.111 Safari/537.36"
::ffff:192.168.0.13 - - [19/Aug/2019:04:29:10 +0000] "POST /rosemary/zone1/cam1 HTTP/1.1" 201 - "http://192.168.0.27/slide0.html" "Mozilla/5.0 (Linux; Android 8.1.0; SM-P580) AppleWebKit/537.36 (KHTML, like Gecko) Chrome/76.0.3809.111 Safari/537.36"
::ffff:192.168.0.13 - - [19/Aug/2019:04:29:38 +0000] "OPTIONS /rosemary/zone1/cam1 HTTP/1.1" 200 2 "http://192.168.0.27/slide0.html" "Mozilla/5.0 (Linux; Android 8.1.0; SM-P580) AppleWebKit/537.36 (KHTML, like Gecko) Chrome/76.0.3809.111 Safari/537.36"
::ffff:192.168.0.13 - - [19/Aug/2019:04:29:43 +0000] "POST /rosemary/zone1/cam1 HTTP/1.1" 201 - "http://192.168.0.27/slide0.html" "Mozilla/5.0 (Linux; Android 8.1.0; SM-P580) AppleWebKit/537.36 (KHTML, like Gecko) Chrome/76.0.3809.111 Safari/537.36"
::ffff:192.168.0.1 - - [19/Aug/2019:04:29:46 +0000] "POST /rosemary/zone1/YKCOC7 HTTP/1.1" 404 - "-" "-"
::ffff:192.168.0.13 - - [19/Aug/2019:04:31:45 +0000] "OPTIONS /rosemary/zone1/cam1 HTTP/1.1" 200 2 "http://192.168.0.27/slide0.html" "Mozilla/5.0 (Linux; Android 8.1.0; SM-P580) AppleWebKit/537.36 (KHTML, like Gecko) Chrome/76.0.3809.111 Safari/537.36"
::ffff:192.168.0.13 - - [19/Aug/2019:04:31:46 +0000] "POST /rosemary/zone1/cam1 HTTP/1.1" 201 - "http://192.168.0.27/slide0.html" "Mozilla/5.0 (Linux; Android 8.1.0; SM-P580) AppleWebKit/537.36 (KHTML, like Gecko) Chrome/76.0.3809.111 Safari/537.36"
::ffff:192.168.0.1 - - [19/Aug/2019:04:31:49 +0000] "POST /rosemary/zone1/YKCOC7 HTTP/1.1" 404 - "-" "-"
::ffff:192.168.0.13 - - [19/Aug/2019:04:33:19 +0000] "OPTIONS /rosemary/zone1/cam1 HTTP/1.1" 200 2 "http://192.168.0.27/slide0.html" "Mozilla/5.0 (Linux; Android 8.1.0; SM-P580) AppleWebKit/537.36 (KHTML, like Gecko) Chrome/76.0.3809.111 Safari/537.36"
::ffff:192.168.0.13 - - [19/Aug/2019:04:33:20 +0000] "POST /rosemary/zone1/cam1 HTTP/1.1" 201 - "http://192.168.0.27/slide0.html" "Mozilla/5.0 (Linux; Android 8.1.0; SM-P580) AppleWebKit/537.36 (KHTML, like Gecko) Chrome/76.0.3809.111 Safari/537.36"
::ffff:192.168.0.1 - - [19/Aug/2019:04:33:23 +0000] "POST /rosemary/zone1/YKCOC7 HTTP/1.1" 404 - "-" "-"
::ffff:192.168.0.13 - - [19/Aug/2019:04:34:26 +0000] "OPTIONS /rosemary/zone1/currentUser/la HTTP/1.1" 200 2 "http://192.168.0.27/gallery.html" "Mozilla/5.0 (Linux; Android 8.1.0; SM-P580) AppleWebKit/537.36 (KHTML, like Gecko) Chrome/76.0.3809.111 Safari/537.36"
::ffff:192.168.0.13 - - [19/Aug/2019:04:34:26 +0000] "OPTIONS /rosemary/zone1/state HTTP/1.1" 200 2 "http://192.168.0.27/gallery.html" "Mozilla/5.0 (Linux; Android 8.1.0; SM-P580) AppleWebKit/537.36 (KHTML, like Gecko) Chrome/76.0.3809.111 Safari/537.36"
::ffff:192.168.0.13 - - [19/Aug/2019:04:34:26 +0000] "GET /rosemary/zone1/currentUser/la HTTP/1.1" 200 - "http://192.168.0.27/gallery.html" "Mozilla/5.0 (Linux; Android 8.1.0; SM-P580) AppleWebKit/537.36 (KHTML, like Gecko) Chrome/76.0.3809.111 Safari/537.36"
::ffff:192.168.0.13 - - [19/Aug/2019:04:34:26 +0000] "POST /rosemary/zone1/state HTTP/1.1" 201 - "http://192.168.0.27/gallery.html" "Mozilla/5.0 (Linux; Android 8.1.0; SM-P580) AppleWebKit/537.36 (KHTML, like Gecko) Chrome/76.0.3809.111 Safari/537.36"
::ffff:192.168.0.13 - - [19/Aug/2019:04:37:16 +0000] "OPTIONS /rosemary/zone1/currentUser/la HTTP/1.1" 200 2 "http://192.168.0.27/gallery.html" "Mozilla/5.0 (Linux; Android 8.1.0; SM-P580) AppleWebKit/537.36 (KHTML, like Gecko) Chrome/76.0.3809.111 Safari/537.36"
::ffff:192.168.0.13 - - [19/Aug/2019:04:37:16 +0000] "OPTIONS /rosemary/zone1/state HTTP/1.1" 200 2 "http://192.168.0.27/gallery.html" "Mozilla/5.0 (Linux; Android 8.1.0; SM-P580) AppleWebKit/537.36 (KHTML, like Gecko) Chrome/76.0.3809.111 Safari/537.36"
::ffff:192.168.0.13 - - [19/Aug/2019:04:37:18 +0000] "POST /rosemary/zone1/state HTTP/1.1" 201 - "http://192.168.0.27/gallery.html" "Mozilla/5.0 (Linux; Android 8.1.0; SM-P580) AppleWebKit/537.36 (KHTML, like Gecko) Chrome/76.0.3809.111 Safari/537.36"
::ffff:192.168.0.1 - - [19/Aug/2019:04:39:07 +0000] "OPTIONS /rosemary/zone1/state/la HTTP/1.1" 200 2 "-" "Mozilla/5.0 (Linux; Android 8.0.0; SAMSUNG SM-A600N/KSU1ARJ3 Build/R16NW) AppleWebKit/537.36 (KHTML, like Gecko) SamsungBrowser/9.4 Chrome/67.0.3396.87 Mobile Safari/537.36"
::ffff:192.168.0.1 - - [19/Aug/2019:04:39:09 +0000] "GET /rosemary/zone1/state/la HTTP/1.1" 200 - "http://192.168.0.27/cam_kiosk.html" "Mozilla/5.0 (Linux; Android 8.0.0; SAMSUNG SM-A600N/KSU1ARJ3 Build/R16NW) AppleWebKit/537.36 (KHTML, like Gecko) SamsungBrowser/9.4 Chrome/67.0.3396.87 Mobile Safari/537.36"
::ffff:192.168.0.1 - - [19/Aug/2019:04:39:56 +0000] "OPTIONS /rosemary/zone1/state/la HTTP/1.1" 200 2 "-" "Mozilla/5.0 (Linux; Android 8.0.0; SAMSUNG SM-A600N/KSU1ARJ3 Build/R16NW) AppleWebKit/537.36 (KHTML, like Gecko) SamsungBrowser/9.4 Chrome/67.0.3396.87 Mobile Safari/537.36"
::ffff:192.168.0.1 - - [19/Aug/2019:04:39:57 +0000] "GET /rosemary/zone1/state/la HTTP/1.1" 200 - "http://192.168.0.27/camera.html" "Mozilla/5.0 (Linux; Android 8.0.0; SAMSUNG SM-A600N/KSU1ARJ3 Build/R16NW) AppleWebKit/537.36 (KHTML, like Gecko) SamsungBrowser/9.4 Chrome/67.0.3396.87 Mobile Safari/537.36"
::ffff:192.168.0.25 - - [19/Aug/2019:04:40:06 +0000] "OPTIONS /rosemary/zone1/currentUser HTTP/1.1" 200 2 "-" "Mozilla/5.0 (Linux; Android 8.0.0; SAMSUNG SM-A600N/KSU1ARJ3 Build/R16NW) AppleWebKit/537.36 (KHTML, like Gecko) SamsungBrowser/9.4 Chrome/67.0.3396.87 Mobile Safari/537.36"
::ffff:192.168.0.25 - - [19/Aug/2019:04:40:06 +0000] "OPTIONS /rosemary/zone1/state HTTP/1.1" 200 2 "-" "Mozilla/5.0 (Linux; Android 8.0.0; SAMSUNG SM-A600N/KSU1ARJ3 Build/R16NW) AppleWebKit/537.36 (KHTML, like Gecko) SamsungBrowser/9.4 Chrome/67.0.3396.87 Mobile Safari/537.36"
::ffff:192.168.0.25 - - [19/Aug/2019:04:40:07 +0000] "POST /rosemary/zone1/state HTTP/1.1" 201 - "http://192.168.0.27/slide0.html" "Mozilla/5.0 (Linux; Android 8.0.0; SAMSUNG SM-A600N/KSU1ARJ3 Build/R16NW) AppleWebKit/537.36 (KHTML, like Gecko) SamsungBrowser/9.4 Chrome/67.0.3396.87 Mobile Safari/537.36"
::ffff:192.168.0.25 - - [19/Aug/2019:04:40:07 +0000] "POST /rosemary/zone1/currentUser HTTP/1.1" 201 - "http://192.168.0.27/slide0.html" "Mozilla/5.0 (Linux; Android 8.0.0; SAMSUNG SM-A600N/KSU1ARJ3 Build/R16NW) AppleWebKit/537.36 (KHTML, like Gecko) SamsungBrowser/9.4 Chrome/67.0.3396.87 Mobile Safari/537.36"
::ffff:192.168.0.1 - - [19/Aug/2019:04:40:41 +0000] "OPTIONS /rosemary/zone1/state/la HTTP/1.1" 200 2 "-" "Mozilla/5.0 (Linux; Android 8.0.0; SAMSUNG SM-A600N/KSU1ARJ3 Build/R16NW) AppleWebKit/537.36 (KHTML, like Gecko) SamsungBrowser/9.4 Chrome/67.0.3396.87 Mobile Safari/537.36"
::ffff:192.168.0.25 - - [19/Aug/2019:04:40:51 +0000] "OPTIONS /rosemary/zone1/currentUser HTTP/1.1" 200 2 "-" "Mozilla/5.0 (Linux; Android 8.0.0; SAMSUNG SM-A600N/KSU1ARJ3 Build/R16NW) AppleWebKit/537.36 (KHTML, like Gecko) SamsungBrowser/9.4 Chrome/67.0.3396.87 Mobile Safari/537.36"
::ffff:192.168.0.25 - - [19/Aug/2019:04:40:51 +0000] "OPTIONS /rosemary/zone1/state HTTP/1.1" 200 2 "-" "Mozilla/5.0 (Linux; Android 8.0.0; SAMSUNG SM-A600N/KSU1ARJ3 Build/R16NW) AppleWebKit/537.36 (KHTML, like Gecko) SamsungBrowser/9.4 Chrome/67.0.3396.87 Mobile Safari/537.36"
::ffff:192.168.0.25 - - [19/Aug/2019:04:40:52 +0000] "POST /rosemary/zone1/currentUser HTTP/1.1" 201 - "http://192.168.0.27/slide0.html" "Mozilla/5.0 (Linux; Android 8.0.0; SAMSUNG SM-A600N/KSU1ARJ3 Build/R16NW) AppleWebKit/537.36 (KHTML, like Gecko) SamsungBrowser/9.4 Chrome/67.0.3396.87 Mobile Safari/537.36"
::ffff:192.168.0.25 - - [19/Aug/2019:04:40:52 +0000] "POST /rosemary/zone1/state HTTP/1.1" 201 - "http://192.168.0.27/slide0.html" "Mozilla/5.0 (Linux; Android 8.0.0; SAMSUNG SM-A600N/KSU1ARJ3 Build/R16NW) AppleWebKit/537.36 (KHTML, like Gecko) SamsungBrowser/9.4 Chrome/67.0.3396.87 Mobile Safari/537.36"
::ffff:192.168.0.25 - - [19/Aug/2019:04:41:38 +0000] "OPTIONS /rosemary/zone1/cam1 HTTP/1.1" 200 2 "-" "Mozilla/5.0 (Linux; Android 8.0.0; SAMSUNG SM-A600N/KSU1ARJ3 Build/R16NW) AppleWebKit/537.36 (KHTML, like Gecko) SamsungBrowser/9.4 Chrome/67.0.3396.87 Mobile Safari/537.36"
::ffff:192.168.0.25 - - [19/Aug/2019:04:41:39 +0000] "POST /rosemary/zone1/cam1 HTTP/1.1" 201 - "http://192.168.0.27/slide0.html" "Mozilla/5.0 (Linux; Android 8.0.0; SAMSUNG SM-A600N/KSU1ARJ3 Build/R16NW) AppleWebKit/537.36 (KHTML, like Gecko) SamsungBrowser/9.4 Chrome/67.0.3396.87 Mobile Safari/537.36"
::ffff:192.168.0.1 - - [19/Aug/2019:04:41:42 +0000] "POST /rosemary/zone1/YLQOEQ HTTP/1.1" 404 - "-" "-"
::ffff:192.168.0.25 - - [19/Aug/2019:04:42:11 +0000] "OPTIONS /rosemary/zone1/cam1 HTTP/1.1" 200 2 "-" "Mozilla/5.0 (Linux; Android 8.0.0; SAMSUNG SM-A600N/KSU1ARJ3 Build/R16NW) AppleWebKit/537.36 (KHTML, like Gecko) SamsungBrowser/9.4 Chrome/67.0.3396.87 Mobile Safari/537.36"
::ffff:192.168.0.25 - - [19/Aug/2019:04:42:12 +0000] "POST /rosemary/zone1/cam1 HTTP/1.1" 201 - "http://192.168.0.27/slide0.html" "Mozilla/5.0 (Linux; Android 8.0.0; SAMSUNG SM-A600N/KSU1ARJ3 Build/R16NW) AppleWebKit/537.36 (KHTML, like Gecko) SamsungBrowser/9.4 Chrome/67.0.3396.87 Mobile Safari/537.36"
::ffff:192.168.0.1 - - [19/Aug/2019:04:42:15 +0000] "POST /rosemary/zone1/YLQOEQ HTTP/1.1" 404 - "-" "-"
::ffff:192.168.0.6 - - [19/Aug/2019:04:42:38 +0000] "OPTIONS /rosemary/zone1/email HTTP/1.1" 200 2 "-" "Mozilla/5.0 (Windows NT 10.0; Win64; x64) AppleWebKit/537.36 (KHTML, like Gecko) Chrome/76.0.3809.100 Safari/537.36"
::ffff:192.168.0.6 - - [19/Aug/2019:04:42:38 +0000] "POST /rosemary/zone1/email HTTP/1.1" 201 - "-" "Mozilla/5.0 (Windows NT 10.0; Win64; x64) AppleWebKit/537.36 (KHTML, like Gecko) Chrome/76.0.3809.100 Safari/537.36"
::ffff:192.168.0.1 - - [19/Aug/2019:05:00:12 +0000] "OPTIONS /rosemary/zone1/state/la HTTP/1.1" 200 2 "-" "Mozilla/5.0 (Linux; Android 8.0.0; SAMSUNG SM-A600N/KSU1ARJ3 Build/R16NW) AppleWebKit/537.36 (KHTML, like Gecko) SamsungBrowser/9.4 Chrome/67.0.3396.87 Mobile Safari/537.36"
::ffff:192.168.0.1 - - [19/Aug/2019:05:00:16 +0000] "GET /rosemary/zone1/state/la HTTP/1.1" 200 - "http://192.168.0.27/cam_kiosk.html" "Mozilla/5.0 (Linux; Android 8.0.0; SAMSUNG SM-A600N/KSU1ARJ3 Build/R16NW) AppleWebKit/537.36 (KHTML, like Gecko) SamsungBrowser/9.4 Chrome/67.0.3396.87 Mobile Safari/537.36"
::ffff:192.168.0.13 - - [19/Aug/2019:05:04:10 +0000] "OPTIONS /rosemary/zone1/currentUser/la HTTP/1.1" 200 2 "http://192.168.0.27/gallery.html" "Mozilla/5.0 (Linux; Android 8.1.0; SM-P580) AppleWebKit/537.36 (KHTML, like Gecko) Chrome/76.0.3809.111 Safari/537.36"
::ffff:192.168.0.13 - - [19/Aug/2019:05:04:10 +0000] "OPTIONS /rosemary/zone1/state HTTP/1.1" 200 2 "http://192.168.0.27/gallery.html" "Mozilla/5.0 (Linux; Android 8.1.0; SM-P580) AppleWebKit/537.36 (KHTML, like Gecko) Chrome/76.0.3809.111 Safari/537.36"
::ffff:192.168.0.13 - - [19/Aug/2019:05:04:10 +0000] "GET /rosemary/zone1/currentUser/la HTTP/1.1" 200 - "http://192.168.0.27/gallery.html" "Mozilla/5.0 (Linux; Android 8.1.0; SM-P580) AppleWebKit/537.36 (KHTML, like Gecko) Chrome/76.0.3809.111 Safari/537.36"
::ffff:192.168.0.13 - - [19/Aug/2019:05:04:10 +0000] "POST /rosemary/zone1/state HTTP/1.1" 201 - "http://192.168.0.27/gallery.html" "Mozilla/5.0 (Linux; Android 8.1.0; SM-P580) AppleWebKit/537.36 (KHTML, like Gecko) Chrome/76.0.3809.111 Safari/537.36"
