::ffff:192.168.0.13 - - [25/Aug/2019:11:45:36 +0000] "POST /rosemary/zone1/currentUser HTTP/1.1" 201 - "http://192.168.0.14/slide0.html" "Mozilla/5.0 (Linux; Android 8.1.0; SM-P580) AppleWebKit/537.36 (KHTML, like Gecko) Chrome/76.0.3809.111 Safari/537.36"
::ffff:192.168.0.13 - - [25/Aug/2019:11:45:36 +0000] "POST /rosemary/zone1/state HTTP/1.1" 201 - "http://192.168.0.14/slide0.html" "Mozilla/5.0 (Linux; Android 8.1.0; SM-P580) AppleWebKit/537.36 (KHTML, like Gecko) Chrome/76.0.3809.111 Safari/537.36"
::ffff:192.168.0.13 - - [25/Aug/2019:11:45:38 +0000] "OPTIONS /rosemary/zone1/cam1 HTTP/1.1" 200 2 "http://192.168.0.14/slide0.html" "Mozilla/5.0 (Linux; Android 8.1.0; SM-P580) AppleWebKit/537.36 (KHTML, like Gecko) Chrome/76.0.3809.111 Safari/537.36"
::ffff:192.168.0.13 - - [25/Aug/2019:11:45:38 +0000] "POST /rosemary/zone1/cam1 HTTP/1.1" 201 - "http://192.168.0.14/slide0.html" "Mozilla/5.0 (Linux; Android 8.1.0; SM-P580) AppleWebKit/537.36 (KHTML, like Gecko) Chrome/76.0.3809.111 Safari/537.36"
::ffff:192.168.0.1 - - [25/Aug/2019:11:45:42 +0000] "POST /rosemary/zone1/YI5JMB HTTP/1.1" 404 - "-" "-"
::ffff:192.168.0.13 - - [25/Aug/2019:11:45:48 +0000] "OPTIONS /rosemary/zone1/cam1 HTTP/1.1" 200 2 "http://192.168.0.14/slide0.html" "Mozilla/5.0 (Linux; Android 8.1.0; SM-P580) AppleWebKit/537.36 (KHTML, like Gecko) Chrome/76.0.3809.111 Safari/537.36"
::ffff:192.168.0.13 - - [25/Aug/2019:11:45:48 +0000] "POST /rosemary/zone1/cam1 HTTP/1.1" 201 - "http://192.168.0.14/slide0.html" "Mozilla/5.0 (Linux; Android 8.1.0; SM-P580) AppleWebKit/537.36 (KHTML, like Gecko) Chrome/76.0.3809.111 Safari/537.36"
::ffff:192.168.0.1 - - [25/Aug/2019:11:45:51 +0000] "POST /rosemary/zone1/YI5JMB HTTP/1.1" 404 - "-" "-"
::ffff:192.168.0.13 - - [25/Aug/2019:11:46:02 +0000] "OPTIONS /rosemary/zone1/currentUser/la HTTP/1.1" 200 2 "http://192.168.0.14/gallery.html" "Mozilla/5.0 (Linux; Android 8.1.0; SM-P580) AppleWebKit/537.36 (KHTML, like Gecko) Chrome/76.0.3809.111 Safari/537.36"
::ffff:192.168.0.13 - - [25/Aug/2019:11:46:02 +0000] "OPTIONS /rosemary/zone1/state HTTP/1.1" 200 2 "http://192.168.0.14/gallery.html" "Mozilla/5.0 (Linux; Android 8.1.0; SM-P580) AppleWebKit/537.36 (KHTML, like Gecko) Chrome/76.0.3809.111 Safari/537.36"
::ffff:192.168.0.13 - - [25/Aug/2019:11:46:02 +0000] "GET /rosemary/zone1/currentUser/la HTTP/1.1" 200 - "http://192.168.0.14/gallery.html" "Mozilla/5.0 (Linux; Android 8.1.0; SM-P580) AppleWebKit/537.36 (KHTML, like Gecko) Chrome/76.0.3809.111 Safari/537.36"
::ffff:192.168.0.13 - - [25/Aug/2019:11:46:03 +0000] "POST /rosemary/zone1/state HTTP/1.1" 201 - "http://192.168.0.14/gallery.html" "Mozilla/5.0 (Linux; Android 8.1.0; SM-P580) AppleWebKit/537.36 (KHTML, like Gecko) Chrome/76.0.3809.111 Safari/537.36"
::ffff:192.168.0.13 - - [25/Aug/2019:11:46:52 +0000] "OPTIONS /rosemary/zone1/state HTTP/1.1" 200 2 "http://192.168.0.14/gallery.html" "Mozilla/5.0 (Linux; Android 8.1.0; SM-P580) AppleWebKit/537.36 (KHTML, like Gecko) Chrome/76.0.3809.111 Safari/537.36"
::ffff:192.168.0.13 - - [25/Aug/2019:11:46:52 +0000] "OPTIONS /rosemary/zone1/currentUser/la HTTP/1.1" 200 2 "http://192.168.0.14/gallery.html" "Mozilla/5.0 (Linux; Android 8.1.0; SM-P580) AppleWebKit/537.36 (KHTML, like Gecko) Chrome/76.0.3809.111 Safari/537.36"
::ffff:192.168.0.13 - - [25/Aug/2019:11:46:52 +0000] "POST /rosemary/zone1/state HTTP/1.1" 201 - "http://192.168.0.14/gallery.html" "Mozilla/5.0 (Linux; Android 8.1.0; SM-P580) AppleWebKit/537.36 (KHTML, like Gecko) Chrome/76.0.3809.111 Safari/537.36"
::ffff:192.168.0.13 - - [25/Aug/2019:11:48:29 +0000] "OPTIONS /rosemary/zone1/currentUser/la HTTP/1.1" 200 2 "http://192.168.0.14/gallery.html" "Mozilla/5.0 (Linux; Android 8.1.0; SM-P580) AppleWebKit/537.36 (KHTML, like Gecko) Chrome/76.0.3809.111 Safari/537.36"
::ffff:192.168.0.13 - - [25/Aug/2019:11:48:29 +0000] "OPTIONS /rosemary/zone1/state HTTP/1.1" 200 2 "http://192.168.0.14/gallery.html" "Mozilla/5.0 (Linux; Android 8.1.0; SM-P580) AppleWebKit/537.36 (KHTML, like Gecko) Chrome/76.0.3809.111 Safari/537.36"
::ffff:192.168.0.13 - - [25/Aug/2019:11:48:29 +0000] "GET /rosemary/zone1/currentUser/la HTTP/1.1" 200 - "http://192.168.0.14/gallery.html" "Mozilla/5.0 (Linux; Android 8.1.0; SM-P580) AppleWebKit/537.36 (KHTML, like Gecko) Chrome/76.0.3809.111 Safari/537.36"
::ffff:192.168.0.13 - - [25/Aug/2019:11:48:29 +0000] "POST /rosemary/zone1/state HTTP/1.1" 201 - "http://192.168.0.14/gallery.html" "Mozilla/5.0 (Linux; Android 8.1.0; SM-P580) AppleWebKit/537.36 (KHTML, like Gecko) Chrome/76.0.3809.111 Safari/537.36"
::ffff:192.168.0.13 - - [25/Aug/2019:11:50:24 +0000] "OPTIONS /rosemary/zone1/currentUser/la HTTP/1.1" 200 2 "http://192.168.0.14/gallery.html" "Mozilla/5.0 (Linux; Android 8.1.0; SM-P580) AppleWebKit/537.36 (KHTML, like Gecko) Chrome/76.0.3809.111 Safari/537.36"
::ffff:192.168.0.13 - - [25/Aug/2019:11:50:24 +0000] "OPTIONS /rosemary/zone1/state HTTP/1.1" 200 2 "http://192.168.0.14/gallery.html" "Mozilla/5.0 (Linux; Android 8.1.0; SM-P580) AppleWebKit/537.36 (KHTML, like Gecko) Chrome/76.0.3809.111 Safari/537.36"
::ffff:192.168.0.13 - - [25/Aug/2019:11:50:24 +0000] "GET /rosemary/zone1/currentUser/la HTTP/1.1" 200 - "http://192.168.0.14/gallery.html" "Mozilla/5.0 (Linux; Android 8.1.0; SM-P580) AppleWebKit/537.36 (KHTML, like Gecko) Chrome/76.0.3809.111 Safari/537.36"
::ffff:192.168.0.13 - - [25/Aug/2019:11:50:24 +0000] "POST /rosemary/zone1/state HTTP/1.1" 201 - "http://192.168.0.14/gallery.html" "Mozilla/5.0 (Linux; Android 8.1.0; SM-P580) AppleWebKit/537.36 (KHTML, like Gecko) Chrome/76.0.3809.111 Safari/537.36"
::ffff:192.168.0.12 - - [25/Aug/2019:11:50:24 +0000] "OPTIONS /rosemary/zone1/currentUser HTTP/1.1" 200 2 "http://192.168.0.14/slide0.html" "Mozilla/5.0 (Windows NT 10.0; Win64; x64) AppleWebKit/537.36 (KHTML, like Gecko) Chrome/76.0.3809.100 Safari/537.36"
::ffff:192.168.0.12 - - [25/Aug/2019:11:50:24 +0000] "OPTIONS /rosemary/zone1/state HTTP/1.1" 200 2 "http://192.168.0.14/slide0.html" "Mozilla/5.0 (Windows NT 10.0; Win64; x64) AppleWebKit/537.36 (KHTML, like Gecko) Chrome/76.0.3809.100 Safari/537.36"
::ffff:192.168.0.12 - - [25/Aug/2019:11:50:24 +0000] "POST /rosemary/zone1/currentUser HTTP/1.1" 201 - "http://192.168.0.14/slide0.html" "Mozilla/5.0 (Windows NT 10.0; Win64; x64) AppleWebKit/537.36 (KHTML, like Gecko) Chrome/76.0.3809.100 Safari/537.36"
::ffff:192.168.0.12 - - [25/Aug/2019:11:50:24 +0000] "POST /rosemary/zone1/state HTTP/1.1" 201 - "http://192.168.0.14/slide0.html" "Mozilla/5.0 (Windows NT 10.0; Win64; x64) AppleWebKit/537.36 (KHTML, like Gecko) Chrome/76.0.3809.100 Safari/537.36"
::ffff:192.168.0.12 - - [25/Aug/2019:11:50:25 +0000] "OPTIONS /rosemary/zone1/cam1 HTTP/1.1" 200 2 "http://192.168.0.14/slide0.html" "Mozilla/5.0 (Windows NT 10.0; Win64; x64) AppleWebKit/537.36 (KHTML, like Gecko) Chrome/76.0.3809.100 Safari/537.36"
::ffff:192.168.0.12 - - [25/Aug/2019:11:50:25 +0000] "POST /rosemary/zone1/cam1 HTTP/1.1" 201 - "http://192.168.0.14/slide0.html" "Mozilla/5.0 (Windows NT 10.0; Win64; x64) AppleWebKit/537.36 (KHTML, like Gecko) Chrome/76.0.3809.100 Safari/537.36"
::ffff:192.168.0.1 - - [25/Aug/2019:11:50:29 +0000] "POST /rosemary/zone1/YIQ566 HTTP/1.1" 404 - "-" "-"
::ffff:192.168.0.12 - - [25/Aug/2019:11:50:30 +0000] "OPTIONS /rosemary/zone1/cam1 HTTP/1.1" 200 2 "http://192.168.0.14/slide0.html" "Mozilla/5.0 (Windows NT 10.0; Win64; x64) AppleWebKit/537.36 (KHTML, like Gecko) Chrome/76.0.3809.100 Safari/537.36"
::ffff:192.168.0.12 - - [25/Aug/2019:11:50:30 +0000] "POST /rosemary/zone1/cam1 HTTP/1.1" 201 - "http://192.168.0.14/slide0.html" "Mozilla/5.0 (Windows NT 10.0; Win64; x64) AppleWebKit/537.36 (KHTML, like Gecko) Chrome/76.0.3809.100 Safari/537.36"
::ffff:192.168.0.1 - - [25/Aug/2019:11:50:33 +0000] "POST /rosemary/zone1/YIQ566 HTTP/1.1" 404 - "-" "-"
::ffff:192.168.0.12 - - [25/Aug/2019:11:50:36 +0000] "OPTIONS /rosemary/zone1/state HTTP/1.1" 200 2 "http://192.168.0.14/gallery.html" "Mozilla/5.0 (Windows NT 10.0; Win64; x64) AppleWebKit/537.36 (KHTML, like Gecko) Chrome/76.0.3809.100 Safari/537.36"
::ffff:192.168.0.12 - - [25/Aug/2019:11:50:36 +0000] "OPTIONS /rosemary/zone1/currentUser/la HTTP/1.1" 200 2 "http://192.168.0.14/gallery.html" "Mozilla/5.0 (Windows NT 10.0; Win64; x64) AppleWebKit/537.36 (KHTML, like Gecko) Chrome/76.0.3809.100 Safari/537.36"
::ffff:192.168.0.12 - - [25/Aug/2019:11:50:36 +0000] "GET /rosemary/zone1/currentUser/la HTTP/1.1" 200 - "http://192.168.0.14/gallery.html" "Mozilla/5.0 (Windows NT 10.0; Win64; x64) AppleWebKit/537.36 (KHTML, like Gecko) Chrome/76.0.3809.100 Safari/537.36"
::ffff:192.168.0.12 - - [25/Aug/2019:11:50:36 +0000] "POST /rosemary/zone1/state HTTP/1.1" 201 - "http://192.168.0.14/gallery.html" "Mozilla/5.0 (Windows NT 10.0; Win64; x64) AppleWebKit/537.36 (KHTML, like Gecko) Chrome/76.0.3809.100 Safari/537.36"
::ffff:192.168.0.13 - - [25/Aug/2019:11:51:32 +0000] "OPTIONS /rosemary/zone1/currentUser/la HTTP/1.1" 200 2 "http://192.168.0.14/gallery.html" "Mozilla/5.0 (Linux; Android 8.1.0; SM-P580) AppleWebKit/537.36 (KHTML, like Gecko) Chrome/76.0.3809.111 Safari/537.36"
::ffff:192.168.0.13 - - [25/Aug/2019:11:51:32 +0000] "OPTIONS /rosemary/zone1/state HTTP/1.1" 200 2 "http://192.168.0.14/gallery.html" "Mozilla/5.0 (Linux; Android 8.1.0; SM-P580) AppleWebKit/537.36 (KHTML, like Gecko) Chrome/76.0.3809.111 Safari/537.36"
::ffff:192.168.0.13 - - [25/Aug/2019:11:51:32 +0000] "GET /rosemary/zone1/currentUser/la HTTP/1.1" 200 - "http://192.168.0.14/gallery.html" "Mozilla/5.0 (Linux; Android 8.1.0; SM-P580) AppleWebKit/537.36 (KHTML, like Gecko) Chrome/76.0.3809.111 Safari/537.36"
::ffff:192.168.0.13 - - [25/Aug/2019:11:51:32 +0000] "POST /rosemary/zone1/state HTTP/1.1" 201 - "http://192.168.0.14/gallery.html" "Mozilla/5.0 (Linux; Android 8.1.0; SM-P580) AppleWebKit/537.36 (KHTML, like Gecko) Chrome/76.0.3809.111 Safari/537.36"
::ffff:192.168.0.13 - - [25/Aug/2019:11:51:44 +0000] "OPTIONS /rosemary/zone1/currentUser/la HTTP/1.1" 200 2 "http://192.168.0.14/gallery.html" "Mozilla/5.0 (Linux; Android 8.1.0; SM-P580) AppleWebKit/537.36 (KHTML, like Gecko) Chrome/76.0.3809.111 Safari/537.36"
::ffff:192.168.0.13 - - [25/Aug/2019:11:51:44 +0000] "OPTIONS /rosemary/zone1/state HTTP/1.1" 200 2 "http://192.168.0.14/gallery.html" "Mozilla/5.0 (Linux; Android 8.1.0; SM-P580) AppleWebKit/537.36 (KHTML, like Gecko) Chrome/76.0.3809.111 Safari/537.36"
::ffff:192.168.0.13 - - [25/Aug/2019:11:51:44 +0000] "GET /rosemary/zone1/currentUser/la HTTP/1.1" 200 - "http://192.168.0.14/gallery.html" "Mozilla/5.0 (Linux; Android 8.1.0; SM-P580) AppleWebKit/537.36 (KHTML, like Gecko) Chrome/76.0.3809.111 Safari/537.36"
::ffff:192.168.0.13 - - [25/Aug/2019:11:51:44 +0000] "POST /rosemary/zone1/state HTTP/1.1" 201 - "http://192.168.0.14/gallery.html" "Mozilla/5.0 (Linux; Android 8.1.0; SM-P580) AppleWebKit/537.36 (KHTML, like Gecko) Chrome/76.0.3809.111 Safari/537.36"
::ffff:192.168.0.13 - - [25/Aug/2019:11:52:19 +0000] "OPTIONS /rosemary/zone1/state HTTP/1.1" 200 2 "http://192.168.0.14/gallery.html" "Mozilla/5.0 (Linux; Android 8.1.0; SM-P580) AppleWebKit/537.36 (KHTML, like Gecko) Chrome/76.0.3809.111 Safari/537.36"
::ffff:192.168.0.13 - - [25/Aug/2019:11:52:19 +0000] "OPTIONS /rosemary/zone1/currentUser/la HTTP/1.1" 200 2 "http://192.168.0.14/gallery.html" "Mozilla/5.0 (Linux; Android 8.1.0; SM-P580) AppleWebKit/537.36 (KHTML, like Gecko) Chrome/76.0.3809.111 Safari/537.36"
::ffff:192.168.0.13 - - [25/Aug/2019:11:52:19 +0000] "GET /rosemary/zone1/currentUser/la HTTP/1.1" 200 - "http://192.168.0.14/gallery.html" "Mozilla/5.0 (Linux; Android 8.1.0; SM-P580) AppleWebKit/537.36 (KHTML, like Gecko) Chrome/76.0.3809.111 Safari/537.36"
::ffff:192.168.0.13 - - [25/Aug/2019:11:52:19 +0000] "POST /rosemary/zone1/state HTTP/1.1" 201 - "http://192.168.0.14/gallery.html" "Mozilla/5.0 (Linux; Android 8.1.0; SM-P580) AppleWebKit/537.36 (KHTML, like Gecko) Chrome/76.0.3809.111 Safari/537.36"
::ffff:192.168.0.12 - - [25/Aug/2019:11:54:10 +0000] "OPTIONS /rosemary/zone1/currentUser/la HTTP/1.1" 200 2 "http://192.168.0.14/gallery.html" "Mozilla/5.0 (Windows NT 10.0; Win64; x64) AppleWebKit/537.36 (KHTML, like Gecko) Chrome/76.0.3809.100 Safari/537.36"
::ffff:192.168.0.12 - - [25/Aug/2019:11:54:10 +0000] "OPTIONS /rosemary/zone1/state HTTP/1.1" 200 2 "http://192.168.0.14/gallery.html" "Mozilla/5.0 (Windows NT 10.0; Win64; x64) AppleWebKit/537.36 (KHTML, like Gecko) Chrome/76.0.3809.100 Safari/537.36"
::ffff:192.168.0.12 - - [25/Aug/2019:11:54:10 +0000] "GET /rosemary/zone1/currentUser/la HTTP/1.1" 200 - "http://192.168.0.14/gallery.html" "Mozilla/5.0 (Windows NT 10.0; Win64; x64) AppleWebKit/537.36 (KHTML, like Gecko) Chrome/76.0.3809.100 Safari/537.36"
::ffff:192.168.0.12 - - [25/Aug/2019:11:54:10 +0000] "POST /rosemary/zone1/state HTTP/1.1" 201 - "http://192.168.0.14/gallery.html" "Mozilla/5.0 (Windows NT 10.0; Win64; x64) AppleWebKit/537.36 (KHTML, like Gecko) Chrome/76.0.3809.100 Safari/537.36"
::ffff:192.168.0.13 - - [25/Aug/2019:11:54:22 +0000] "OPTIONS /rosemary/zone1/currentUser/la HTTP/1.1" 200 2 "http://192.168.0.14/gallery.html" "Mozilla/5.0 (Linux; Android 8.1.0; SM-P580) AppleWebKit/537.36 (KHTML, like Gecko) Chrome/76.0.3809.111 Safari/537.36"
::ffff:192.168.0.13 - - [25/Aug/2019:11:54:22 +0000] "OPTIONS /rosemary/zone1/state HTTP/1.1" 200 2 "http://192.168.0.14/gallery.html" "Mozilla/5.0 (Linux; Android 8.1.0; SM-P580) AppleWebKit/537.36 (KHTML, like Gecko) Chrome/76.0.3809.111 Safari/537.36"
::ffff:192.168.0.13 - - [25/Aug/2019:11:54:22 +0000] "GET /rosemary/zone1/currentUser/la HTTP/1.1" 200 - "http://192.168.0.14/gallery.html" "Mozilla/5.0 (Linux; Android 8.1.0; SM-P580) AppleWebKit/537.36 (KHTML, like Gecko) Chrome/76.0.3809.111 Safari/537.36"
::ffff:192.168.0.13 - - [25/Aug/2019:11:54:22 +0000] "POST /rosemary/zone1/state HTTP/1.1" 201 - "http://192.168.0.14/gallery.html" "Mozilla/5.0 (Linux; Android 8.1.0; SM-P580) AppleWebKit/537.36 (KHTML, like Gecko) Chrome/76.0.3809.111 Safari/537.36"
::ffff:192.168.0.13 - - [25/Aug/2019:11:55:16 +0000] "OPTIONS /rosemary/zone1/state HTTP/1.1" 200 2 "http://192.168.0.14/gallery.html" "Mozilla/5.0 (Linux; Android 8.1.0; SM-P580) AppleWebKit/537.36 (KHTML, like Gecko) Chrome/76.0.3809.111 Safari/537.36"
::ffff:192.168.0.13 - - [25/Aug/2019:11:55:17 +0000] "OPTIONS /rosemary/zone1/currentUser/la HTTP/1.1" 200 2 "http://192.168.0.14/gallery.html" "Mozilla/5.0 (Linux; Android 8.1.0; SM-P580) AppleWebKit/537.36 (KHTML, like Gecko) Chrome/76.0.3809.111 Safari/537.36"
::ffff:192.168.0.13 - - [25/Aug/2019:11:55:17 +0000] "POST /rosemary/zone1/state HTTP/1.1" 201 - "http://192.168.0.14/gallery.html" "Mozilla/5.0 (Linux; Android 8.1.0; SM-P580) AppleWebKit/537.36 (KHTML, like Gecko) Chrome/76.0.3809.111 Safari/537.36"
::ffff:192.168.0.12 - - [25/Aug/2019:11:55:28 +0000] "OPTIONS /rosemary/zone1/state HTTP/1.1" 200 2 "http://192.168.0.14/gallery.html" "Mozilla/5.0 (Windows NT 10.0; Win64; x64) AppleWebKit/537.36 (KHTML, like Gecko) Chrome/76.0.3809.100 Safari/537.36"
::ffff:192.168.0.12 - - [25/Aug/2019:11:55:28 +0000] "OPTIONS /rosemary/zone1/currentUser/la HTTP/1.1" 200 2 "http://192.168.0.14/gallery.html" "Mozilla/5.0 (Windows NT 10.0; Win64; x64) AppleWebKit/537.36 (KHTML, like Gecko) Chrome/76.0.3809.100 Safari/537.36"
::ffff:192.168.0.12 - - [25/Aug/2019:11:55:29 +0000] "GET /rosemary/zone1/currentUser/la HTTP/1.1" 200 - "http://192.168.0.14/gallery.html" "Mozilla/5.0 (Windows NT 10.0; Win64; x64) AppleWebKit/537.36 (KHTML, like Gecko) Chrome/76.0.3809.100 Safari/537.36"
::ffff:192.168.0.12 - - [25/Aug/2019:11:55:29 +0000] "POST /rosemary/zone1/state HTTP/1.1" 201 - "http://192.168.0.14/gallery.html" "Mozilla/5.0 (Windows NT 10.0; Win64; x64) AppleWebKit/537.36 (KHTML, like Gecko) Chrome/76.0.3809.100 Safari/537.36"
::ffff:192.168.0.13 - - [25/Aug/2019:11:56:11 +0000] "OPTIONS /rosemary/zone1/state HTTP/1.1" 200 2 "http://192.168.0.14/gallery.html" "Mozilla/5.0 (Linux; Android 8.1.0; SM-P580) AppleWebKit/537.36 (KHTML, like Gecko) Chrome/76.0.3809.111 Safari/537.36"
::ffff:192.168.0.13 - - [25/Aug/2019:11:56:11 +0000] "OPTIONS /rosemary/zone1/currentUser/la HTTP/1.1" 200 2 "http://192.168.0.14/gallery.html" "Mozilla/5.0 (Linux; Android 8.1.0; SM-P580) AppleWebKit/537.36 (KHTML, like Gecko) Chrome/76.0.3809.111 Safari/537.36"
::ffff:192.168.0.13 - - [25/Aug/2019:11:56:11 +0000] "POST /rosemary/zone1/state HTTP/1.1" 201 - "http://192.168.0.14/gallery.html" "Mozilla/5.0 (Linux; Android 8.1.0; SM-P580) AppleWebKit/537.36 (KHTML, like Gecko) Chrome/76.0.3809.111 Safari/537.36"
::ffff:192.168.0.13 - - [25/Aug/2019:11:56:15 +0000] "POST /rosemary/zone1/state HTTP/1.1" 201 - "http://192.168.0.14/gallery.html" "Mozilla/5.0 (Linux; Android 8.1.0; SM-P580) AppleWebKit/537.36 (KHTML, like Gecko) Chrome/76.0.3809.111 Safari/537.36"
::ffff:192.168.0.13 - - [25/Aug/2019:12:00:40 +0000] "OPTIONS /rosemary/zone1/currentUser/la HTTP/1.1" 200 2 "http://192.168.0.14/gallery.html" "Mozilla/5.0 (Linux; Android 8.1.0; SM-P580) AppleWebKit/537.36 (KHTML, like Gecko) Chrome/76.0.3809.111 Safari/537.36"
::ffff:192.168.0.13 - - [25/Aug/2019:12:00:40 +0000] "OPTIONS /rosemary/zone1/state HTTP/1.1" 200 2 "http://192.168.0.14/gallery.html" "Mozilla/5.0 (Linux; Android 8.1.0; SM-P580) AppleWebKit/537.36 (KHTML, like Gecko) Chrome/76.0.3809.111 Safari/537.36"
::ffff:192.168.0.13 - - [25/Aug/2019:12:00:40 +0000] "GET /rosemary/zone1/currentUser/la HTTP/1.1" 200 - "http://192.168.0.14/gallery.html" "Mozilla/5.0 (Linux; Android 8.1.0; SM-P580) AppleWebKit/537.36 (KHTML, like Gecko) Chrome/76.0.3809.111 Safari/537.36"
::ffff:192.168.0.13 - - [25/Aug/2019:12:00:40 +0000] "POST /rosemary/zone1/state HTTP/1.1" 201 - "http://192.168.0.14/gallery.html" "Mozilla/5.0 (Linux; Android 8.1.0; SM-P580) AppleWebKit/537.36 (KHTML, like Gecko) Chrome/76.0.3809.111 Safari/537.36"
::ffff:192.168.0.13 - - [25/Aug/2019:12:00:51 +0000] "OPTIONS /rosemary/zone1/currentUser HTTP/1.1" 200 2 "http://192.168.0.14/slide0.html" "Mozilla/5.0 (Linux; Android 8.1.0; SM-P580) AppleWebKit/537.36 (KHTML, like Gecko) Chrome/76.0.3809.111 Safari/537.36"
::ffff:192.168.0.13 - - [25/Aug/2019:12:00:51 +0000] "OPTIONS /rosemary/zone1/state HTTP/1.1" 200 2 "http://192.168.0.14/slide0.html" "Mozilla/5.0 (Linux; Android 8.1.0; SM-P580) AppleWebKit/537.36 (KHTML, like Gecko) Chrome/76.0.3809.111 Safari/537.36"
::ffff:192.168.0.13 - - [25/Aug/2019:12:00:51 +0000] "POST /rosemary/zone1/currentUser HTTP/1.1" 201 - "http://192.168.0.14/slide0.html" "Mozilla/5.0 (Linux; Android 8.1.0; SM-P580) AppleWebKit/537.36 (KHTML, like Gecko) Chrome/76.0.3809.111 Safari/537.36"
::ffff:192.168.0.13 - - [25/Aug/2019:12:00:51 +0000] "POST /rosemary/zone1/state HTTP/1.1" 201 - "http://192.168.0.14/slide0.html" "Mozilla/5.0 (Linux; Android 8.1.0; SM-P580) AppleWebKit/537.36 (KHTML, like Gecko) Chrome/76.0.3809.111 Safari/537.36"
::ffff:192.168.0.13 - - [25/Aug/2019:12:00:53 +0000] "OPTIONS /rosemary/zone1/currentUser/la HTTP/1.1" 200 2 "http://192.168.0.14/gallery.html" "Mozilla/5.0 (Linux; Android 8.1.0; SM-P580) AppleWebKit/537.36 (KHTML, like Gecko) Chrome/76.0.3809.111 Safari/537.36"
::ffff:192.168.0.13 - - [25/Aug/2019:12:00:54 +0000] "POST /rosemary/zone1/state HTTP/1.1" 201 - "http://192.168.0.14/gallery.html" "Mozilla/5.0 (Linux; Android 8.1.0; SM-P580) AppleWebKit/537.36 (KHTML, like Gecko) Chrome/76.0.3809.111 Safari/537.36"
::ffff:192.168.0.13 - - [25/Aug/2019:12:02:09 +0000] "OPTIONS /rosemary/zone1/currentUser/la HTTP/1.1" 200 2 "http://192.168.0.14/gallery.html" "Mozilla/5.0 (Linux; Android 8.1.0; SM-P580) AppleWebKit/537.36 (KHTML, like Gecko) Chrome/76.0.3809.111 Safari/537.36"
::ffff:192.168.0.13 - - [25/Aug/2019:12:02:09 +0000] "OPTIONS /rosemary/zone1/state HTTP/1.1" 200 2 "http://192.168.0.14/gallery.html" "Mozilla/5.0 (Linux; Android 8.1.0; SM-P580) AppleWebKit/537.36 (KHTML, like Gecko) Chrome/76.0.3809.111 Safari/537.36"
::ffff:192.168.0.13 - - [25/Aug/2019:12:02:10 +0000] "GET /rosemary/zone1/currentUser/la HTTP/1.1" 200 - "http://192.168.0.14/gallery.html" "Mozilla/5.0 (Linux; Android 8.1.0; SM-P580) AppleWebKit/537.36 (KHTML, like Gecko) Chrome/76.0.3809.111 Safari/537.36"
::ffff:192.168.0.13 - - [25/Aug/2019:12:02:10 +0000] "POST /rosemary/zone1/state HTTP/1.1" 201 - "http://192.168.0.14/gallery.html" "Mozilla/5.0 (Linux; Android 8.1.0; SM-P580) AppleWebKit/537.36 (KHTML, like Gecko) Chrome/76.0.3809.111 Safari/537.36"
::ffff:192.168.0.13 - - [25/Aug/2019:12:03:46 +0000] "OPTIONS /rosemary/zone1/currentUser/la HTTP/1.1" 200 2 "http://192.168.0.14/gallery.html" "Mozilla/5.0 (Linux; Android 8.1.0; SM-P580) AppleWebKit/537.36 (KHTML, like Gecko) Chrome/76.0.3809.111 Safari/537.36"
::ffff:192.168.0.13 - - [25/Aug/2019:12:03:46 +0000] "OPTIONS /rosemary/zone1/state HTTP/1.1" 200 2 "http://192.168.0.14/gallery.html" "Mozilla/5.0 (Linux; Android 8.1.0; SM-P580) AppleWebKit/537.36 (KHTML, like Gecko) Chrome/76.0.3809.111 Safari/537.36"
::ffff:192.168.0.13 - - [25/Aug/2019:12:03:46 +0000] "GET /rosemary/zone1/currentUser/la HTTP/1.1" 200 - "http://192.168.0.14/gallery.html" "Mozilla/5.0 (Linux; Android 8.1.0; SM-P580) AppleWebKit/537.36 (KHTML, like Gecko) Chrome/76.0.3809.111 Safari/537.36"
::ffff:192.168.0.13 - - [25/Aug/2019:12:03:46 +0000] "POST /rosemary/zone1/state HTTP/1.1" 201 - "http://192.168.0.14/gallery.html" "Mozilla/5.0 (Linux; Android 8.1.0; SM-P580) AppleWebKit/537.36 (KHTML, like Gecko) Chrome/76.0.3809.111 Safari/537.36"
::ffff:192.168.0.13 - - [25/Aug/2019:12:03:50 +0000] "GET /rosemary/zone1/currentUser/la HTTP/1.1" 200 - "http://192.168.0.14/gallery.html" "Mozilla/5.0 (Linux; Android 8.1.0; SM-P580) AppleWebKit/537.36 (KHTML, like Gecko) Chrome/76.0.3809.111 Safari/537.36"
::ffff:192.168.0.13 - - [25/Aug/2019:12:03:50 +0000] "POST /rosemary/zone1/state HTTP/1.1" 201 - "http://192.168.0.14/gallery.html" "Mozilla/5.0 (Linux; Android 8.1.0; SM-P580) AppleWebKit/537.36 (KHTML, like Gecko) Chrome/76.0.3809.111 Safari/537.36"
::ffff:192.168.0.13 - - [25/Aug/2019:12:05:00 +0000] "OPTIONS /rosemary/zone1/currentUser/la HTTP/1.1" 200 2 "http://192.168.0.14/gallery.html" "Mozilla/5.0 (Linux; Android 8.1.0; SM-P580) AppleWebKit/537.36 (KHTML, like Gecko) Chrome/76.0.3809.111 Safari/537.36"
::ffff:192.168.0.13 - - [25/Aug/2019:12:05:00 +0000] "OPTIONS /rosemary/zone1/state HTTP/1.1" 200 2 "http://192.168.0.14/gallery.html" "Mozilla/5.0 (Linux; Android 8.1.0; SM-P580) AppleWebKit/537.36 (KHTML, like Gecko) Chrome/76.0.3809.111 Safari/537.36"
::ffff:192.168.0.13 - - [25/Aug/2019:12:05:00 +0000] "GET /rosemary/zone1/currentUser/la HTTP/1.1" 200 - "http://192.168.0.14/gallery.html" "Mozilla/5.0 (Linux; Android 8.1.0; SM-P580) AppleWebKit/537.36 (KHTML, like Gecko) Chrome/76.0.3809.111 Safari/537.36"
::ffff:192.168.0.13 - - [25/Aug/2019:12:05:00 +0000] "POST /rosemary/zone1/state HTTP/1.1" 201 - "http://192.168.0.14/gallery.html" "Mozilla/5.0 (Linux; Android 8.1.0; SM-P580) AppleWebKit/537.36 (KHTML, like Gecko) Chrome/76.0.3809.111 Safari/537.36"
::ffff:192.168.0.13 - - [25/Aug/2019:12:07:01 +0000] "OPTIONS /rosemary/zone1/state HTTP/1.1" 200 2 "http://192.168.0.14/gallery.html" "Mozilla/5.0 (Linux; Android 8.1.0; SM-P580) AppleWebKit/537.36 (KHTML, like Gecko) Chrome/76.0.3809.111 Safari/537.36"
::ffff:192.168.0.13 - - [25/Aug/2019:12:07:01 +0000] "OPTIONS /rosemary/zone1/currentUser/la HTTP/1.1" 200 2 "http://192.168.0.14/gallery.html" "Mozilla/5.0 (Linux; Android 8.1.0; SM-P580) AppleWebKit/537.36 (KHTML, like Gecko) Chrome/76.0.3809.111 Safari/537.36"
::ffff:192.168.0.13 - - [25/Aug/2019:12:07:01 +0000] "GET /rosemary/zone1/currentUser/la HTTP/1.1" 200 - "http://192.168.0.14/gallery.html" "Mozilla/5.0 (Linux; Android 8.1.0; SM-P580) AppleWebKit/537.36 (KHTML, like Gecko) Chrome/76.0.3809.111 Safari/537.36"
::ffff:192.168.0.13 - - [25/Aug/2019:12:07:01 +0000] "POST /rosemary/zone1/state HTTP/1.1" 201 - "http://192.168.0.14/gallery.html" "Mozilla/5.0 (Linux; Android 8.1.0; SM-P580) AppleWebKit/537.36 (KHTML, like Gecko) Chrome/76.0.3809.111 Safari/537.36"
::ffff:192.168.0.13 - - [25/Aug/2019:12:07:23 +0000] "OPTIONS /rosemary/zone1/currentUser HTTP/1.1" 200 2 "http://192.168.0.14/slide0.html" "Mozilla/5.0 (Linux; Android 8.1.0; SM-P580) AppleWebKit/537.36 (KHTML, like Gecko) Chrome/76.0.3809.111 Safari/537.36"
::ffff:192.168.0.13 - - [25/Aug/2019:12:07:24 +0000] "OPTIONS /rosemary/zone1/state HTTP/1.1" 200 2 "http://192.168.0.14/slide0.html" "Mozilla/5.0 (Linux; Android 8.1.0; SM-P580) AppleWebKit/537.36 (KHTML, like Gecko) Chrome/76.0.3809.111 Safari/537.36"
::ffff:192.168.0.13 - - [25/Aug/2019:12:07:24 +0000] "POST /rosemary/zone1/currentUser HTTP/1.1" 201 - "http://192.168.0.14/slide0.html" "Mozilla/5.0 (Linux; Android 8.1.0; SM-P580) AppleWebKit/537.36 (KHTML, like Gecko) Chrome/76.0.3809.111 Safari/537.36"
::ffff:192.168.0.13 - - [25/Aug/2019:12:07:24 +0000] "POST /rosemary/zone1/state HTTP/1.1" 201 - "http://192.168.0.14/slide0.html" "Mozilla/5.0 (Linux; Android 8.1.0; SM-P580) AppleWebKit/537.36 (KHTML, like Gecko) Chrome/76.0.3809.111 Safari/537.36"
::ffff:192.168.0.13 - - [25/Aug/2019:12:08:45 +0000] "OPTIONS /rosemary/zone1/currentUser HTTP/1.1" 200 2 "http://192.168.0.14/slide0.html" "Mozilla/5.0 (Linux; Android 8.1.0; SM-P580) AppleWebKit/537.36 (KHTML, like Gecko) Chrome/76.0.3809.111 Safari/537.36"
::ffff:192.168.0.13 - - [25/Aug/2019:12:08:45 +0000] "OPTIONS /rosemary/zone1/state HTTP/1.1" 200 2 "http://192.168.0.14/slide0.html" "Mozilla/5.0 (Linux; Android 8.1.0; SM-P580) AppleWebKit/537.36 (KHTML, like Gecko) Chrome/76.0.3809.111 Safari/537.36"
::ffff:192.168.0.13 - - [25/Aug/2019:12:08:45 +0000] "POST /rosemary/zone1/state HTTP/1.1" 201 - "http://192.168.0.14/slide0.html" "Mozilla/5.0 (Linux; Android 8.1.0; SM-P580) AppleWebKit/537.36 (KHTML, like Gecko) Chrome/76.0.3809.111 Safari/537.36"
::ffff:192.168.0.13 - - [25/Aug/2019:12:08:45 +0000] "POST /rosemary/zone1/currentUser HTTP/1.1" 201 - "http://192.168.0.14/slide0.html" "Mozilla/5.0 (Linux; Android 8.1.0; SM-P580) AppleWebKit/537.36 (KHTML, like Gecko) Chrome/76.0.3809.111 Safari/537.36"
::ffff:192.168.0.13 - - [25/Aug/2019:12:08:54 +0000] "OPTIONS /rosemary/zone1/currentUser HTTP/1.1" 200 2 "http://192.168.0.14/slide0.html" "Mozilla/5.0 (Linux; Android 8.1.0; SM-P580) AppleWebKit/537.36 (KHTML, like Gecko) Chrome/76.0.3809.111 Safari/537.36"
::ffff:192.168.0.13 - - [25/Aug/2019:12:08:54 +0000] "OPTIONS /rosemary/zone1/state HTTP/1.1" 200 2 "http://192.168.0.14/slide0.html" "Mozilla/5.0 (Linux; Android 8.1.0; SM-P580) AppleWebKit/537.36 (KHTML, like Gecko) Chrome/76.0.3809.111 Safari/537.36"
::ffff:192.168.0.13 - - [25/Aug/2019:12:08:54 +0000] "POST /rosemary/zone1/currentUser HTTP/1.1" 201 - "http://192.168.0.14/slide0.html" "Mozilla/5.0 (Linux; Android 8.1.0; SM-P580) AppleWebKit/537.36 (KHTML, like Gecko) Chrome/76.0.3809.111 Safari/537.36"
::ffff:192.168.0.13 - - [25/Aug/2019:12:08:54 +0000] "POST /rosemary/zone1/state HTTP/1.1" 201 - "http://192.168.0.14/slide0.html" "Mozilla/5.0 (Linux; Android 8.1.0; SM-P580) AppleWebKit/537.36 (KHTML, like Gecko) Chrome/76.0.3809.111 Safari/537.36"
::ffff:192.168.0.13 - - [25/Aug/2019:12:09:06 +0000] "OPTIONS /rosemary/zone1/currentUser HTTP/1.1" 200 2 "http://192.168.0.14/slide0.html" "Mozilla/5.0 (Linux; Android 8.1.0; SM-P580) AppleWebKit/537.36 (KHTML, like Gecko) Chrome/76.0.3809.111 Safari/537.36"
::ffff:192.168.0.13 - - [25/Aug/2019:12:09:06 +0000] "OPTIONS /rosemary/zone1/state HTTP/1.1" 200 2 "http://192.168.0.14/slide0.html" "Mozilla/5.0 (Linux; Android 8.1.0; SM-P580) AppleWebKit/537.36 (KHTML, like Gecko) Chrome/76.0.3809.111 Safari/537.36"
::ffff:192.168.0.13 - - [25/Aug/2019:12:09:06 +0000] "POST /rosemary/zone1/state HTTP/1.1" 201 - "http://192.168.0.14/slide0.html" "Mozilla/5.0 (Linux; Android 8.1.0; SM-P580) AppleWebKit/537.36 (KHTML, like Gecko) Chrome/76.0.3809.111 Safari/537.36"
::ffff:192.168.0.13 - - [25/Aug/2019:12:09:06 +0000] "POST /rosemary/zone1/currentUser HTTP/1.1" 201 - "http://192.168.0.14/slide0.html" "Mozilla/5.0 (Linux; Android 8.1.0; SM-P580) AppleWebKit/537.36 (KHTML, like Gecko) Chrome/76.0.3809.111 Safari/537.36"
::ffff:192.168.0.13 - - [25/Aug/2019:12:10:10 +0000] "OPTIONS /rosemary/zone1/currentUser HTTP/1.1" 200 2 "http://192.168.0.14/slide0.html" "Mozilla/5.0 (Linux; Android 8.1.0; SM-P580) AppleWebKit/537.36 (KHTML, like Gecko) Chrome/76.0.3809.111 Safari/537.36"
::ffff:192.168.0.13 - - [25/Aug/2019:12:10:10 +0000] "OPTIONS /rosemary/zone1/state HTTP/1.1" 200 2 "http://192.168.0.14/slide0.html" "Mozilla/5.0 (Linux; Android 8.1.0; SM-P580) AppleWebKit/537.36 (KHTML, like Gecko) Chrome/76.0.3809.111 Safari/537.36"
::ffff:192.168.0.13 - - [25/Aug/2019:12:10:10 +0000] "POST /rosemary/zone1/currentUser HTTP/1.1" 201 - "http://192.168.0.14/slide0.html" "Mozilla/5.0 (Linux; Android 8.1.0; SM-P580) AppleWebKit/537.36 (KHTML, like Gecko) Chrome/76.0.3809.111 Safari/537.36"
::ffff:192.168.0.13 - - [25/Aug/2019:12:10:10 +0000] "POST /rosemary/zone1/state HTTP/1.1" 201 - "http://192.168.0.14/slide0.html" "Mozilla/5.0 (Linux; Android 8.1.0; SM-P580) AppleWebKit/537.36 (KHTML, like Gecko) Chrome/76.0.3809.111 Safari/537.36"
::ffff:192.168.0.13 - - [25/Aug/2019:12:11:35 +0000] "OPTIONS /rosemary/zone1/currentUser HTTP/1.1" 200 2 "http://192.168.0.14/slide0.html" "Mozilla/5.0 (Linux; Android 8.1.0; SM-P580) AppleWebKit/537.36 (KHTML, like Gecko) Chrome/76.0.3809.111 Safari/537.36"
::ffff:192.168.0.13 - - [25/Aug/2019:12:11:35 +0000] "OPTIONS /rosemary/zone1/state HTTP/1.1" 200 2 "http://192.168.0.14/slide0.html" "Mozilla/5.0 (Linux; Android 8.1.0; SM-P580) AppleWebKit/537.36 (KHTML, like Gecko) Chrome/76.0.3809.111 Safari/537.36"
::ffff:192.168.0.13 - - [25/Aug/2019:12:11:36 +0000] "POST /rosemary/zone1/currentUser HTTP/1.1" 201 - "http://192.168.0.14/slide0.html" "Mozilla/5.0 (Linux; Android 8.1.0; SM-P580) AppleWebKit/537.36 (KHTML, like Gecko) Chrome/76.0.3809.111 Safari/537.36"
::ffff:192.168.0.13 - - [25/Aug/2019:12:11:36 +0000] "POST /rosemary/zone1/state HTTP/1.1" 201 - "http://192.168.0.14/slide0.html" "Mozilla/5.0 (Linux; Android 8.1.0; SM-P580) AppleWebKit/537.36 (KHTML, like Gecko) Chrome/76.0.3809.111 Safari/537.36"
::ffff:192.168.0.13 - - [25/Aug/2019:12:11:37 +0000] "OPTIONS /rosemary/zone1/cam1 HTTP/1.1" 200 2 "http://192.168.0.14/slide0.html" "Mozilla/5.0 (Linux; Android 8.1.0; SM-P580) AppleWebKit/537.36 (KHTML, like Gecko) Chrome/76.0.3809.111 Safari/537.36"
::ffff:192.168.0.13 - - [25/Aug/2019:12:11:37 +0000] "POST /rosemary/zone1/cam1 HTTP/1.1" 201 - "http://192.168.0.14/slide0.html" "Mozilla/5.0 (Linux; Android 8.1.0; SM-P580) AppleWebKit/537.36 (KHTML, like Gecko) Chrome/76.0.3809.111 Safari/537.36"
::ffff:192.168.0.1 - - [25/Aug/2019:12:11:41 +0000] "POST /rosemary/zone1/YJACDH HTTP/1.1" 404 - "-" "-"
::ffff:192.168.0.13 - - [25/Aug/2019:12:11:49 +0000] "OPTIONS /rosemary/zone1/state HTTP/1.1" 200 2 "http://192.168.0.14/gallery.html" "Mozilla/5.0 (Linux; Android 8.1.0; SM-P580) AppleWebKit/537.36 (KHTML, like Gecko) Chrome/76.0.3809.111 Safari/537.36"
::ffff:192.168.0.13 - - [25/Aug/2019:12:11:49 +0000] "OPTIONS /rosemary/zone1/currentUser/la HTTP/1.1" 200 2 "http://192.168.0.14/gallery.html" "Mozilla/5.0 (Linux; Android 8.1.0; SM-P580) AppleWebKit/537.36 (KHTML, like Gecko) Chrome/76.0.3809.111 Safari/537.36"
::ffff:192.168.0.13 - - [25/Aug/2019:12:11:49 +0000] "GET /rosemary/zone1/currentUser/la HTTP/1.1" 200 - "http://192.168.0.14/gallery.html" "Mozilla/5.0 (Linux; Android 8.1.0; SM-P580) AppleWebKit/537.36 (KHTML, like Gecko) Chrome/76.0.3809.111 Safari/537.36"
::ffff:192.168.0.13 - - [25/Aug/2019:12:11:49 +0000] "POST /rosemary/zone1/state HTTP/1.1" 201 - "http://192.168.0.14/gallery.html" "Mozilla/5.0 (Linux; Android 8.1.0; SM-P580) AppleWebKit/537.36 (KHTML, like Gecko) Chrome/76.0.3809.111 Safari/537.36"
::ffff:192.168.0.13 - - [25/Aug/2019:12:11:54 +0000] "OPTIONS /rosemary/zone1/currentUser HTTP/1.1" 200 2 "http://192.168.0.14/slide0.html" "Mozilla/5.0 (Linux; Android 8.1.0; SM-P580) AppleWebKit/537.36 (KHTML, like Gecko) Chrome/76.0.3809.111 Safari/537.36"
::ffff:192.168.0.13 - - [25/Aug/2019:12:11:54 +0000] "OPTIONS /rosemary/zone1/state HTTP/1.1" 200 2 "http://192.168.0.14/slide0.html" "Mozilla/5.0 (Linux; Android 8.1.0; SM-P580) AppleWebKit/537.36 (KHTML, like Gecko) Chrome/76.0.3809.111 Safari/537.36"
::ffff:192.168.0.13 - - [25/Aug/2019:12:11:54 +0000] "POST /rosemary/zone1/currentUser HTTP/1.1" 201 - "http://192.168.0.14/slide0.html" "Mozilla/5.0 (Linux; Android 8.1.0; SM-P580) AppleWebKit/537.36 (KHTML, like Gecko) Chrome/76.0.3809.111 Safari/537.36"
::ffff:192.168.0.13 - - [25/Aug/2019:12:11:54 +0000] "POST /rosemary/zone1/state HTTP/1.1" 201 - "http://192.168.0.14/slide0.html" "Mozilla/5.0 (Linux; Android 8.1.0; SM-P580) AppleWebKit/537.36 (KHTML, like Gecko) Chrome/76.0.3809.111 Safari/537.36"
::ffff:192.168.0.12 - - [25/Aug/2019:12:12:51 +0000] "OPTIONS /rosemary/zone1/state HTTP/1.1" 200 2 "http://192.168.0.14/gallery.html" "Mozilla/5.0 (Windows NT 10.0; Win64; x64) AppleWebKit/537.36 (KHTML, like Gecko) Chrome/76.0.3809.100 Safari/537.36"
::ffff:192.168.0.12 - - [25/Aug/2019:12:12:51 +0000] "OPTIONS /rosemary/zone1/currentUser/la HTTP/1.1" 200 2 "http://192.168.0.14/gallery.html" "Mozilla/5.0 (Windows NT 10.0; Win64; x64) AppleWebKit/537.36 (KHTML, like Gecko) Chrome/76.0.3809.100 Safari/537.36"
::ffff:192.168.0.12 - - [25/Aug/2019:12:12:51 +0000] "GET /rosemary/zone1/currentUser/la HTTP/1.1" 200 - "http://192.168.0.14/gallery.html" "Mozilla/5.0 (Windows NT 10.0; Win64; x64) AppleWebKit/537.36 (KHTML, like Gecko) Chrome/76.0.3809.100 Safari/537.36"
::ffff:192.168.0.12 - - [25/Aug/2019:12:12:51 +0000] "POST /rosemary/zone1/state HTTP/1.1" 201 - "http://192.168.0.14/gallery.html" "Mozilla/5.0 (Windows NT 10.0; Win64; x64) AppleWebKit/537.36 (KHTML, like Gecko) Chrome/76.0.3809.100 Safari/537.36"
::ffff:192.168.0.13 - - [25/Aug/2019:12:12:52 +0000] "OPTIONS /rosemary/zone1/currentUser/la HTTP/1.1" 200 2 "http://192.168.0.14/gallery.html" "Mozilla/5.0 (Linux; Android 8.1.0; SM-P580) AppleWebKit/537.36 (KHTML, like Gecko) Chrome/76.0.3809.111 Safari/537.36"
::ffff:192.168.0.13 - - [25/Aug/2019:12:12:52 +0000] "OPTIONS /rosemary/zone1/state HTTP/1.1" 200 2 "http://192.168.0.14/gallery.html" "Mozilla/5.0 (Linux; Android 8.1.0; SM-P580) AppleWebKit/537.36 (KHTML, like Gecko) Chrome/76.0.3809.111 Safari/537.36"
::ffff:192.168.0.13 - - [25/Aug/2019:12:12:52 +0000] "GET /rosemary/zone1/currentUser/la HTTP/1.1" 200 - "http://192.168.0.14/gallery.html" "Mozilla/5.0 (Linux; Android 8.1.0; SM-P580) AppleWebKit/537.36 (KHTML, like Gecko) Chrome/76.0.3809.111 Safari/537.36"
::ffff:192.168.0.13 - - [25/Aug/2019:12:12:52 +0000] "POST /rosemary/zone1/state HTTP/1.1" 201 - "http://192.168.0.14/gallery.html" "Mozilla/5.0 (Linux; Android 8.1.0; SM-P580) AppleWebKit/537.36 (KHTML, like Gecko) Chrome/76.0.3809.111 Safari/537.36"
::ffff:192.168.0.12 - - [25/Aug/2019:12:12:56 +0000] "POST /rosemary/zone1/state HTTP/1.1" 201 - "http://192.168.0.14/gallery.html" "Mozilla/5.0 (Windows NT 10.0; Win64; x64) AppleWebKit/537.36 (KHTML, like Gecko) Chrome/76.0.3809.100 Safari/537.36"
::ffff:192.168.0.12 - - [25/Aug/2019:12:13:01 +0000] "OPTIONS /rosemary/zone1/state HTTP/1.1" 200 2 "http://192.168.0.14/gallery.html" "Mozilla/5.0 (Windows NT 10.0; Win64; x64) AppleWebKit/537.36 (KHTML, like Gecko) Chrome/76.0.3809.100 Safari/537.36"
::ffff:192.168.0.12 - - [25/Aug/2019:12:13:01 +0000] "OPTIONS /rosemary/zone1/currentUser/la HTTP/1.1" 200 2 "http://192.168.0.14/gallery.html" "Mozilla/5.0 (Windows NT 10.0; Win64; x64) AppleWebKit/537.36 (KHTML, like Gecko) Chrome/76.0.3809.100 Safari/537.36"
::ffff:192.168.0.12 - - [25/Aug/2019:12:13:01 +0000] "GET /rosemary/zone1/currentUser/la HTTP/1.1" 200 - "http://192.168.0.14/gallery.html" "Mozilla/5.0 (Windows NT 10.0; Win64; x64) AppleWebKit/537.36 (KHTML, like Gecko) Chrome/76.0.3809.100 Safari/537.36"
::ffff:192.168.0.12 - - [25/Aug/2019:12:13:01 +0000] "POST /rosemary/zone1/state HTTP/1.1" 201 - "http://192.168.0.14/gallery.html" "Mozilla/5.0 (Windows NT 10.0; Win64; x64) AppleWebKit/537.36 (KHTML, like Gecko) Chrome/76.0.3809.100 Safari/537.36"
::ffff:192.168.0.12 - - [25/Aug/2019:12:17:28 +0000] "OPTIONS /rosemary/zone1/state HTTP/1.1" 200 2 "http://192.168.0.14/gallery.html" "Mozilla/5.0 (Windows NT 10.0; Win64; x64) AppleWebKit/537.36 (KHTML, like Gecko) Chrome/76.0.3809.100 Safari/537.36"
::ffff:192.168.0.12 - - [25/Aug/2019:12:17:28 +0000] "OPTIONS /rosemary/zone1/currentUser/la HTTP/1.1" 200 2 "http://192.168.0.14/gallery.html" "Mozilla/5.0 (Windows NT 10.0; Win64; x64) AppleWebKit/537.36 (KHTML, like Gecko) Chrome/76.0.3809.100 Safari/537.36"
::ffff:192.168.0.12 - - [25/Aug/2019:12:17:28 +0000] "GET /rosemary/zone1/currentUser/la HTTP/1.1" 200 - "http://192.168.0.14/gallery.html" "Mozilla/5.0 (Windows NT 10.0; Win64; x64) AppleWebKit/537.36 (KHTML, like Gecko) Chrome/76.0.3809.100 Safari/537.36"
::ffff:192.168.0.12 - - [25/Aug/2019:12:17:28 +0000] "POST /rosemary/zone1/state HTTP/1.1" 201 - "http://192.168.0.14/gallery.html" "Mozilla/5.0 (Windows NT 10.0; Win64; x64) AppleWebKit/537.36 (KHTML, like Gecko) Chrome/76.0.3809.100 Safari/537.36"
::ffff:192.168.0.17 - - [25/Aug/2019:12:17:33 +0000] "OPTIONS /rosemary/zone1/currentUser HTTP/1.1" 200 2 "-" "Mozilla/5.0 (Windows NT 10.0; Win64; x64) AppleWebKit/537.36 (KHTML, like Gecko) Chrome/76.0.3809.100 Safari/537.36"
::ffff:192.168.0.17 - - [25/Aug/2019:12:17:33 +0000] "OPTIONS /rosemary/zone1/state HTTP/1.1" 200 2 "-" "Mozilla/5.0 (Windows NT 10.0; Win64; x64) AppleWebKit/537.36 (KHTML, like Gecko) Chrome/76.0.3809.100 Safari/537.36"
::ffff:192.168.0.17 - - [25/Aug/2019:12:17:33 +0000] "POST /rosemary/zone1/currentUser HTTP/1.1" 201 - "-" "Mozilla/5.0 (Windows NT 10.0; Win64; x64) AppleWebKit/537.36 (KHTML, like Gecko) Chrome/76.0.3809.100 Safari/537.36"
::ffff:192.168.0.17 - - [25/Aug/2019:12:17:33 +0000] "POST /rosemary/zone1/state HTTP/1.1" 201 - "-" "Mozilla/5.0 (Windows NT 10.0; Win64; x64) AppleWebKit/537.36 (KHTML, like Gecko) Chrome/76.0.3809.100 Safari/537.36"
::ffff:192.168.0.13 - - [25/Aug/2019:12:17:43 +0000] "OPTIONS /rosemary/zone1/currentUser HTTP/1.1" 200 2 "http://192.168.0.14/slide0.html" "Mozilla/5.0 (Linux; Android 8.1.0; SM-P580) AppleWebKit/537.36 (KHTML, like Gecko) Chrome/76.0.3809.111 Safari/537.36"
::ffff:192.168.0.13 - - [25/Aug/2019:12:17:43 +0000] "OPTIONS /rosemary/zone1/state HTTP/1.1" 200 2 "http://192.168.0.14/slide0.html" "Mozilla/5.0 (Linux; Android 8.1.0; SM-P580) AppleWebKit/537.36 (KHTML, like Gecko) Chrome/76.0.3809.111 Safari/537.36"
::ffff:192.168.0.13 - - [25/Aug/2019:12:17:44 +0000] "POST /rosemary/zone1/currentUser HTTP/1.1" 201 - "http://192.168.0.14/slide0.html" "Mozilla/5.0 (Linux; Android 8.1.0; SM-P580) AppleWebKit/537.36 (KHTML, like Gecko) Chrome/76.0.3809.111 Safari/537.36"
::ffff:192.168.0.13 - - [25/Aug/2019:12:17:44 +0000] "POST /rosemary/zone1/state HTTP/1.1" 201 - "http://192.168.0.14/slide0.html" "Mozilla/5.0 (Linux; Android 8.1.0; SM-P580) AppleWebKit/537.36 (KHTML, like Gecko) Chrome/76.0.3809.111 Safari/537.36"
::ffff:192.168.0.12 - - [25/Aug/2019:12:18:38 +0000] "OPTIONS /rosemary/zone1/currentUser/la HTTP/1.1" 200 2 "http://192.168.0.14/gallery.html" "Mozilla/5.0 (Windows NT 10.0; Win64; x64) AppleWebKit/537.36 (KHTML, like Gecko) Chrome/76.0.3809.100 Safari/537.36"
::ffff:192.168.0.12 - - [25/Aug/2019:12:18:38 +0000] "OPTIONS /rosemary/zone1/state HTTP/1.1" 200 2 "http://192.168.0.14/gallery.html" "Mozilla/5.0 (Windows NT 10.0; Win64; x64) AppleWebKit/537.36 (KHTML, like Gecko) Chrome/76.0.3809.100 Safari/537.36"
::ffff:192.168.0.12 - - [25/Aug/2019:12:18:38 +0000] "GET /rosemary/zone1/currentUser/la HTTP/1.1" 200 - "http://192.168.0.14/gallery.html" "Mozilla/5.0 (Windows NT 10.0; Win64; x64) AppleWebKit/537.36 (KHTML, like Gecko) Chrome/76.0.3809.100 Safari/537.36"
::ffff:192.168.0.12 - - [25/Aug/2019:12:18:38 +0000] "POST /rosemary/zone1/state HTTP/1.1" 201 - "http://192.168.0.14/gallery.html" "Mozilla/5.0 (Windows NT 10.0; Win64; x64) AppleWebKit/537.36 (KHTML, like Gecko) Chrome/76.0.3809.100 Safari/537.36"
::ffff:192.168.0.12 - - [25/Aug/2019:12:18:45 +0000] "OPTIONS /rosemary/zone1/currentUser/la HTTP/1.1" 200 2 "http://192.168.0.14/gallery.html" "Mozilla/5.0 (Windows NT 10.0; Win64; x64) AppleWebKit/537.36 (KHTML, like Gecko) Chrome/76.0.3809.100 Safari/537.36"
::ffff:192.168.0.12 - - [25/Aug/2019:12:18:45 +0000] "OPTIONS /rosemary/zone1/state HTTP/1.1" 200 2 "http://192.168.0.14/gallery.html" "Mozilla/5.0 (Windows NT 10.0; Win64; x64) AppleWebKit/537.36 (KHTML, like Gecko) Chrome/76.0.3809.100 Safari/537.36"
::ffff:192.168.0.12 - - [25/Aug/2019:12:18:45 +0000] "POST /rosemary/zone1/state HTTP/1.1" 201 - "http://192.168.0.14/gallery.html" "Mozilla/5.0 (Windows NT 10.0; Win64; x64) AppleWebKit/537.36 (KHTML, like Gecko) Chrome/76.0.3809.100 Safari/537.36"
::ffff:192.168.0.12 - - [25/Aug/2019:12:19:08 +0000] "OPTIONS /rosemary/zone1/currentUser/la HTTP/1.1" 200 2 "http://192.168.0.14/gallery.html" "Mozilla/5.0 (Windows NT 10.0; Win64; x64) AppleWebKit/537.36 (KHTML, like Gecko) Chrome/76.0.3809.100 Safari/537.36"
::ffff:192.168.0.12 - - [25/Aug/2019:12:19:08 +0000] "OPTIONS /rosemary/zone1/state HTTP/1.1" 200 2 "http://192.168.0.14/gallery.html" "Mozilla/5.0 (Windows NT 10.0; Win64; x64) AppleWebKit/537.36 (KHTML, like Gecko) Chrome/76.0.3809.100 Safari/537.36"
::ffff:192.168.0.12 - - [25/Aug/2019:12:19:08 +0000] "GET /rosemary/zone1/currentUser/la HTTP/1.1" 200 - "http://192.168.0.14/gallery.html" "Mozilla/5.0 (Windows NT 10.0; Win64; x64) AppleWebKit/537.36 (KHTML, like Gecko) Chrome/76.0.3809.100 Safari/537.36"
::ffff:192.168.0.12 - - [25/Aug/2019:12:19:08 +0000] "POST /rosemary/zone1/state HTTP/1.1" 201 - "http://192.168.0.14/gallery.html" "Mozilla/5.0 (Windows NT 10.0; Win64; x64) AppleWebKit/537.36 (KHTML, like Gecko) Chrome/76.0.3809.100 Safari/537.36"
::ffff:192.168.0.12 - - [25/Aug/2019:12:20:10 +0000] "OPTIONS /rosemary/zone1/currentUser HTTP/1.1" 200 2 "http://192.168.0.14/slide0.html" "Mozilla/5.0 (Windows NT 10.0; Win64; x64) AppleWebKit/537.36 (KHTML, like Gecko) Chrome/76.0.3809.100 Safari/537.36"
::ffff:192.168.0.12 - - [25/Aug/2019:12:20:10 +0000] "OPTIONS /rosemary/zone1/state HTTP/1.1" 200 2 "http://192.168.0.14/slide0.html" "Mozilla/5.0 (Windows NT 10.0; Win64; x64) AppleWebKit/537.36 (KHTML, like Gecko) Chrome/76.0.3809.100 Safari/537.36"
::ffff:192.168.0.12 - - [25/Aug/2019:12:20:10 +0000] "POST /rosemary/zone1/currentUser HTTP/1.1" 201 - "http://192.168.0.14/slide0.html" "Mozilla/5.0 (Windows NT 10.0; Win64; x64) AppleWebKit/537.36 (KHTML, like Gecko) Chrome/76.0.3809.100 Safari/537.36"
::ffff:192.168.0.12 - - [25/Aug/2019:12:20:10 +0000] "POST /rosemary/zone1/state HTTP/1.1" 201 - "http://192.168.0.14/slide0.html" "Mozilla/5.0 (Windows NT 10.0; Win64; x64) AppleWebKit/537.36 (KHTML, like Gecko) Chrome/76.0.3809.100 Safari/537.36"
::ffff:192.168.0.12 - - [25/Aug/2019:12:20:15 +0000] "OPTIONS /rosemary/zone1/cam1 HTTP/1.1" 200 2 "http://192.168.0.14/slide0.html" "Mozilla/5.0 (Windows NT 10.0; Win64; x64) AppleWebKit/537.36 (KHTML, like Gecko) Chrome/76.0.3809.100 Safari/537.36"
::ffff:192.168.0.12 - - [25/Aug/2019:12:20:15 +0000] "POST /rosemary/zone1/cam1 HTTP/1.1" 201 - "http://192.168.0.14/slide0.html" "Mozilla/5.0 (Windows NT 10.0; Win64; x64) AppleWebKit/537.36 (KHTML, like Gecko) Chrome/76.0.3809.100 Safari/537.36"
::ffff:192.168.0.1 - - [25/Aug/2019:12:20:20 +0000] "POST /rosemary/zone1/Y6QG5H HTTP/1.1" 404 - "-" "-"
::ffff:192.168.0.12 - - [25/Aug/2019:12:20:20 +0000] "POST /rosemary/zone1/cam1 HTTP/1.1" 201 - "http://192.168.0.14/slide0.html" "Mozilla/5.0 (Windows NT 10.0; Win64; x64) AppleWebKit/537.36 (KHTML, like Gecko) Chrome/76.0.3809.100 Safari/537.36"
::ffff:192.168.0.1 - - [25/Aug/2019:12:20:23 +0000] "POST /rosemary/zone1/Y6QG5H HTTP/1.1" 404 - "-" "-"
::ffff:192.168.0.12 - - [25/Aug/2019:12:20:33 +0000] "OPTIONS /rosemary/zone1/cam1 HTTP/1.1" 200 2 "http://192.168.0.14/slide0.html" "Mozilla/5.0 (Windows NT 10.0; Win64; x64) AppleWebKit/537.36 (KHTML, like Gecko) Chrome/76.0.3809.100 Safari/537.36"
::ffff:192.168.0.12 - - [25/Aug/2019:12:20:33 +0000] "POST /rosemary/zone1/cam1 HTTP/1.1" 201 - "http://192.168.0.14/slide0.html" "Mozilla/5.0 (Windows NT 10.0; Win64; x64) AppleWebKit/537.36 (KHTML, like Gecko) Chrome/76.0.3809.100 Safari/537.36"
::ffff:192.168.0.1 - - [25/Aug/2019:12:20:36 +0000] "POST /rosemary/zone1/Y6QG5H HTTP/1.1" 404 - "-" "-"
::ffff:192.168.0.12 - - [25/Aug/2019:12:20:40 +0000] "OPTIONS /rosemary/zone1/state HTTP/1.1" 200 2 "http://192.168.0.14/gallery.html" "Mozilla/5.0 (Windows NT 10.0; Win64; x64) AppleWebKit/537.36 (KHTML, like Gecko) Chrome/76.0.3809.100 Safari/537.36"
::ffff:192.168.0.12 - - [25/Aug/2019:12:20:40 +0000] "OPTIONS /rosemary/zone1/currentUser/la HTTP/1.1" 200 2 "http://192.168.0.14/gallery.html" "Mozilla/5.0 (Windows NT 10.0; Win64; x64) AppleWebKit/537.36 (KHTML, like Gecko) Chrome/76.0.3809.100 Safari/537.36"
::ffff:192.168.0.12 - - [25/Aug/2019:12:20:40 +0000] "GET /rosemary/zone1/currentUser/la HTTP/1.1" 200 - "http://192.168.0.14/gallery.html" "Mozilla/5.0 (Windows NT 10.0; Win64; x64) AppleWebKit/537.36 (KHTML, like Gecko) Chrome/76.0.3809.100 Safari/537.36"
::ffff:192.168.0.12 - - [25/Aug/2019:12:20:40 +0000] "POST /rosemary/zone1/state HTTP/1.1" 201 - "http://192.168.0.14/gallery.html" "Mozilla/5.0 (Windows NT 10.0; Win64; x64) AppleWebKit/537.36 (KHTML, like Gecko) Chrome/76.0.3809.100 Safari/537.36"
::ffff:192.168.0.13 - - [25/Aug/2019:12:21:00 +0000] "OPTIONS /rosemary/zone1/currentUser HTTP/1.1" 200 2 "http://192.168.0.14/slide0.html" "Mozilla/5.0 (Linux; Android 8.1.0; SM-P580) AppleWebKit/537.36 (KHTML, like Gecko) Chrome/76.0.3809.111 Safari/537.36"
::ffff:192.168.0.13 - - [25/Aug/2019:12:21:00 +0000] "OPTIONS /rosemary/zone1/state HTTP/1.1" 200 2 "http://192.168.0.14/slide0.html" "Mozilla/5.0 (Linux; Android 8.1.0; SM-P580) AppleWebKit/537.36 (KHTML, like Gecko) Chrome/76.0.3809.111 Safari/537.36"
::ffff:192.168.0.13 - - [25/Aug/2019:12:21:00 +0000] "POST /rosemary/zone1/currentUser HTTP/1.1" 201 - "http://192.168.0.14/slide0.html" "Mozilla/5.0 (Linux; Android 8.1.0; SM-P580) AppleWebKit/537.36 (KHTML, like Gecko) Chrome/76.0.3809.111 Safari/537.36"
::ffff:192.168.0.13 - - [25/Aug/2019:12:21:00 +0000] "POST /rosemary/zone1/state HTTP/1.1" 201 - "http://192.168.0.14/slide0.html" "Mozilla/5.0 (Linux; Android 8.1.0; SM-P580) AppleWebKit/537.36 (KHTML, like Gecko) Chrome/76.0.3809.111 Safari/537.36"
::ffff:192.168.0.13 - - [25/Aug/2019:12:21:18 +0000] "OPTIONS /rosemary/zone1/cam1 HTTP/1.1" 200 2 "http://192.168.0.14/slide0.html" "Mozilla/5.0 (Linux; Android 8.1.0; SM-P580) AppleWebKit/537.36 (KHTML, like Gecko) Chrome/76.0.3809.111 Safari/537.36"
::ffff:192.168.0.13 - - [25/Aug/2019:12:21:19 +0000] "POST /rosemary/zone1/cam1 HTTP/1.1" 201 - "http://192.168.0.14/slide0.html" "Mozilla/5.0 (Linux; Android 8.1.0; SM-P580) AppleWebKit/537.36 (KHTML, like Gecko) Chrome/76.0.3809.111 Safari/537.36"
::ffff:192.168.0.1 - - [25/Aug/2019:12:21:22 +0000] "POST /rosemary/zone1/YG27C4 HTTP/1.1" 404 - "-" "-"
::ffff:192.168.0.13 - - [25/Aug/2019:12:21:41 +0000] "OPTIONS /rosemary/zone1/cam1 HTTP/1.1" 200 2 "http://192.168.0.14/slide0.html" "Mozilla/5.0 (Linux; Android 8.1.0; SM-P580) AppleWebKit/537.36 (KHTML, like Gecko) Chrome/76.0.3809.111 Safari/537.36"
::ffff:192.168.0.13 - - [25/Aug/2019:12:21:41 +0000] "POST /rosemary/zone1/cam1 HTTP/1.1" 201 - "http://192.168.0.14/slide0.html" "Mozilla/5.0 (Linux; Android 8.1.0; SM-P580) AppleWebKit/537.36 (KHTML, like Gecko) Chrome/76.0.3809.111 Safari/537.36"
::ffff:192.168.0.1 - - [25/Aug/2019:12:21:44 +0000] "POST /rosemary/zone1/YG27C4 HTTP/1.1" 404 - "-" "-"
::ffff:192.168.0.13 - - [25/Aug/2019:12:21:55 +0000] "OPTIONS /rosemary/zone1/cam1 HTTP/1.1" 200 2 "http://192.168.0.14/slide0.html" "Mozilla/5.0 (Linux; Android 8.1.0; SM-P580) AppleWebKit/537.36 (KHTML, like Gecko) Chrome/76.0.3809.111 Safari/537.36"
::ffff:192.168.0.13 - - [25/Aug/2019:12:21:55 +0000] "POST /rosemary/zone1/cam1 HTTP/1.1" 201 - "http://192.168.0.14/slide0.html" "Mozilla/5.0 (Linux; Android 8.1.0; SM-P580) AppleWebKit/537.36 (KHTML, like Gecko) Chrome/76.0.3809.111 Safari/537.36"
::ffff:192.168.0.1 - - [25/Aug/2019:12:21:58 +0000] "POST /rosemary/zone1/YG27C4 HTTP/1.1" 404 - "-" "-"
::ffff:192.168.0.13 - - [25/Aug/2019:12:22:07 +0000] "OPTIONS /rosemary/zone1/currentUser/la HTTP/1.1" 200 2 "http://192.168.0.14/gallery.html" "Mozilla/5.0 (Linux; Android 8.1.0; SM-P580) AppleWebKit/537.36 (KHTML, like Gecko) Chrome/76.0.3809.111 Safari/537.36"
::ffff:192.168.0.13 - - [25/Aug/2019:12:22:08 +0000] "OPTIONS /rosemary/zone1/state HTTP/1.1" 200 2 "http://192.168.0.14/gallery.html" "Mozilla/5.0 (Linux; Android 8.1.0; SM-P580) AppleWebKit/537.36 (KHTML, like Gecko) Chrome/76.0.3809.111 Safari/537.36"
::ffff:192.168.0.13 - - [25/Aug/2019:12:22:08 +0000] "GET /rosemary/zone1/currentUser/la HTTP/1.1" 200 - "http://192.168.0.14/gallery.html" "Mozilla/5.0 (Linux; Android 8.1.0; SM-P580) AppleWebKit/537.36 (KHTML, like Gecko) Chrome/76.0.3809.111 Safari/537.36"
::ffff:192.168.0.13 - - [25/Aug/2019:12:22:08 +0000] "POST /rosemary/zone1/state HTTP/1.1" 201 - "http://192.168.0.14/gallery.html" "Mozilla/5.0 (Linux; Android 8.1.0; SM-P580) AppleWebKit/537.36 (KHTML, like Gecko) Chrome/76.0.3809.111 Safari/537.36"
::ffff:192.168.0.13 - - [25/Aug/2019:12:22:41 +0000] "OPTIONS /rosemary/zone1/state HTTP/1.1" 200 2 "http://192.168.0.14/gallery.html" "Mozilla/5.0 (Linux; Android 8.1.0; SM-P580) AppleWebKit/537.36 (KHTML, like Gecko) Chrome/76.0.3809.111 Safari/537.36"
::ffff:192.168.0.13 - - [25/Aug/2019:12:22:41 +0000] "OPTIONS /rosemary/zone1/currentUser/la HTTP/1.1" 200 2 "http://192.168.0.14/gallery.html" "Mozilla/5.0 (Linux; Android 8.1.0; SM-P580) AppleWebKit/537.36 (KHTML, like Gecko) Chrome/76.0.3809.111 Safari/537.36"
